stm32h7xx_hal_fdcan.c:6134:13:FDCAN_CopyMessageToRAM	16	static
stm32h7xx_hal_fdcan.c:639:13:HAL_FDCAN_MspInit	0	static
stm32h7xx_hal_fdcan.c:288:19:HAL_FDCAN_Init	136	static
stm32h7xx_hal_fdcan.c:654:13:HAL_FDCAN_MspDeInit	0	static
stm32h7xx_hal_fdcan.c:669:19:HAL_FDCAN_EnterPowerDownMode	16	static
stm32h7xx_hal_fdcan.c:704:19:HAL_FDCAN_ExitPowerDownMode	16	static
stm32h7xx_hal_fdcan.c:1659:19:HAL_FDCAN_ConfigClockCalibration	8	static
stm32h7xx_hal_fdcan.c:1727:10:HAL_FDCAN_GetClockCalibrationState	0	static
stm32h7xx_hal_fdcan.c:1741:19:HAL_FDCAN_ResetClockCalibrationState	0	static
stm32h7xx_hal_fdcan.c:1777:10:HAL_FDCAN_GetClockCalibrationCounter	0	static
stm32h7xx_hal_fdcan.c:1808:19:HAL_FDCAN_ConfigFilter	12	static
stm32h7xx_hal_fdcan.c:1920:19:HAL_FDCAN_ConfigGlobalFilter	8	static
stm32h7xx_hal_fdcan.c:1960:19:HAL_FDCAN_ConfigExtendedIdMask	0	static
stm32h7xx_hal_fdcan.c:1994:19:HAL_FDCAN_ConfigRxFifoOverwrite	0	static
stm32h7xx_hal_fdcan.c:2037:19:HAL_FDCAN_ConfigFifoWatermark	0	static
stm32h7xx_hal_fdcan.c:2087:19:HAL_FDCAN_ConfigRamWatchdog	0	static
stm32h7xx_hal_fdcan.c:2117:19:HAL_FDCAN_ConfigTimestampCounter	0	static
stm32h7xx_hal_fdcan.c:2147:19:HAL_FDCAN_EnableTimestampCounter	0	static
stm32h7xx_hal_fdcan.c:2175:19:HAL_FDCAN_DisableTimestampCounter	0	static
stm32h7xx_hal_fdcan.c:2200:10:HAL_FDCAN_GetTimestampCounter	0	static
stm32h7xx_hal_fdcan.c:2211:19:HAL_FDCAN_ResetTimestampCounter	0	static
stm32h7xx_hal_fdcan.c:2242:19:HAL_FDCAN_ConfigTimeoutCounter	0	static
stm32h7xx_hal_fdcan.c:2271:19:HAL_FDCAN_EnableTimeoutCounter	0	static
stm32h7xx_hal_fdcan.c:2296:19:HAL_FDCAN_DisableTimeoutCounter	0	static
stm32h7xx_hal_fdcan.c:2321:10:HAL_FDCAN_GetTimeoutCounter	0	static
stm32h7xx_hal_fdcan.c:2332:19:HAL_FDCAN_ResetTimeoutCounter	0	static
stm32h7xx_hal_fdcan.c:2362:19:HAL_FDCAN_ConfigTxDelayCompensation	0	static
stm32h7xx_hal_fdcan.c:2391:19:HAL_FDCAN_EnableTxDelayCompensation	0	static
stm32h7xx_hal_fdcan.c:2416:19:HAL_FDCAN_DisableTxDelayCompensation	0	static
stm32h7xx_hal_fdcan.c:2442:19:HAL_FDCAN_EnableISOMode	0	static
stm32h7xx_hal_fdcan.c:2468:19:HAL_FDCAN_DisableISOMode	0	static
stm32h7xx_hal_fdcan.c:2494:19:HAL_FDCAN_EnableEdgeFiltering	0	static
stm32h7xx_hal_fdcan.c:2520:19:HAL_FDCAN_DisableEdgeFiltering	0	static
stm32h7xx_hal_fdcan.c:2580:19:HAL_FDCAN_Start	0	static
stm32h7xx_hal_fdcan.c:2611:19:HAL_FDCAN_Stop	0	static
stm32h7xx_hal_fdcan.c:593:19:HAL_FDCAN_DeInit	8	static
stm32h7xx_hal_fdcan.c:2693:19:HAL_FDCAN_AddMessageToTxFifoQ	16	static
stm32h7xx_hal_fdcan.c:2771:19:HAL_FDCAN_AddMessageToTxBuffer	24	static,ignoring_inline_asm
stm32h7xx_hal_fdcan.c:2839:19:HAL_FDCAN_EnableTxBufferRequest	0	static
stm32h7xx_hal_fdcan.c:2866:10:HAL_FDCAN_GetLatestTxFifoQRequestBuffer	0	static
stm32h7xx_hal_fdcan.c:2880:19:HAL_FDCAN_AbortTxRequest	0	static
stm32h7xx_hal_fdcan.c:2909:19:HAL_FDCAN_GetRxMessage	20	static
stm32h7xx_hal_fdcan.c:3104:19:HAL_FDCAN_GetTxEvent	16	static
stm32h7xx_hal_fdcan.c:3199:19:HAL_FDCAN_GetHighPriorityMessageStatus	0	static
stm32h7xx_hal_fdcan.c:3217:19:HAL_FDCAN_GetProtocolStatus	0	static
stm32h7xx_hal_fdcan.c:3248:19:HAL_FDCAN_GetErrorCounters	0	static
stm32h7xx_hal_fdcan.c:3275:10:HAL_FDCAN_IsRxBufferMessageAvailable	0	static
stm32h7xx_hal_fdcan.c:3312:10:HAL_FDCAN_IsTxBufferMessagePending	0	static
stm32h7xx_hal_fdcan.c:3332:10:HAL_FDCAN_GetRxFifoFillLevel	0	static
stm32h7xx_hal_fdcan.c:3359:10:HAL_FDCAN_GetTxFifoFreeLevel	0	static
stm32h7xx_hal_fdcan.c:3377:10:HAL_FDCAN_IsRestrictedOperationMode	0	static
stm32h7xx_hal_fdcan.c:3393:19:HAL_FDCAN_ExitRestrictedOperationMode	0	static
stm32h7xx_hal_fdcan.c:3459:19:HAL_FDCAN_TT_ConfigOperation	24	static
stm32h7xx_hal_fdcan.c:3637:19:HAL_FDCAN_TT_ConfigReferenceMessage	8	static
stm32h7xx_hal_fdcan.c:3685:19:HAL_FDCAN_TT_ConfigTrigger	12	static,ignoring_inline_asm
stm32h7xx_hal_fdcan.c:3795:19:HAL_FDCAN_TT_SetGlobalTime	0	static
stm32h7xx_hal_fdcan.c:3869:19:HAL_FDCAN_TT_SetClockSynchronization	0	static
stm32h7xx_hal_fdcan.c:3945:19:HAL_FDCAN_TT_ConfigStopWatch	12	static
stm32h7xx_hal_fdcan.c:4006:19:HAL_FDCAN_TT_ConfigRegisterTimeMark	16	static
stm32h7xx_hal_fdcan.c:4127:19:HAL_FDCAN_TT_EnableRegisterTimeMarkPulse	0	static
stm32h7xx_hal_fdcan.c:4177:19:HAL_FDCAN_TT_DisableRegisterTimeMarkPulse	0	static
stm32h7xx_hal_fdcan.c:4227:19:HAL_FDCAN_TT_EnableTriggerTimeMarkPulse	0	static
stm32h7xx_hal_fdcan.c:4288:19:HAL_FDCAN_TT_DisableTriggerTimeMarkPulse	0	static
stm32h7xx_hal_fdcan.c:4349:19:HAL_FDCAN_TT_EnableHardwareGapControl	0	static
stm32h7xx_hal_fdcan.c:4410:19:HAL_FDCAN_TT_DisableHardwareGapControl	0	static
stm32h7xx_hal_fdcan.c:4473:19:HAL_FDCAN_TT_EnableTimeMarkGapControl	0	static
stm32h7xx_hal_fdcan.c:4534:19:HAL_FDCAN_TT_DisableTimeMarkGapControl	0	static
stm32h7xx_hal_fdcan.c:4595:19:HAL_FDCAN_TT_SetNextIsGap	0	static
stm32h7xx_hal_fdcan.c:4665:19:HAL_FDCAN_TT_SetEndOfGap	0	static
stm32h7xx_hal_fdcan.c:4739:19:HAL_FDCAN_TT_ConfigExternalSyncPhase	8	static
stm32h7xx_hal_fdcan.c:4780:19:HAL_FDCAN_TT_EnableExternalSynchronization	0	static
stm32h7xx_hal_fdcan.c:4830:19:HAL_FDCAN_TT_DisableExternalSynchronization	0	static
stm32h7xx_hal_fdcan.c:4881:19:HAL_FDCAN_TT_GetOperationStatus	0	static
stm32h7xx_hal_fdcan.c:4945:19:HAL_FDCAN_ConfigInterruptLines	0	static
stm32h7xx_hal_fdcan.c:4987:19:HAL_FDCAN_TT_ConfigInterruptLines	0	static
stm32h7xx_hal_fdcan.c:5033:19:HAL_FDCAN_ActivateNotification	0	static
stm32h7xx_hal_fdcan.c:5096:19:HAL_FDCAN_DeactivateNotification	0	static
stm32h7xx_hal_fdcan.c:5155:19:HAL_FDCAN_TT_ActivateNotification	8	static
stm32h7xx_hal_fdcan.c:5205:19:HAL_FDCAN_TT_DeactivateNotification	8	static
stm32h7xx_hal_fdcan.c:5673:13:HAL_FDCAN_ClockCalibrationCallback	0	static
stm32h7xx_hal_fdcan.c:5692:13:HAL_FDCAN_TxEventFifoCallback	0	static
stm32h7xx_hal_fdcan.c:5711:13:HAL_FDCAN_RxFifo0Callback	0	static
stm32h7xx_hal_fdcan.c:5730:13:HAL_FDCAN_RxFifo1Callback	0	static
stm32h7xx_hal_fdcan.c:5747:13:HAL_FDCAN_TxFifoEmptyCallback	0	static
stm32h7xx_hal_fdcan.c:5765:13:HAL_FDCAN_TxBufferCompleteCallback	0	static
stm32h7xx_hal_fdcan.c:5784:13:HAL_FDCAN_TxBufferAbortCallback	0	static
stm32h7xx_hal_fdcan.c:5801:13:HAL_FDCAN_RxBufferNewMessageCallback	0	static
stm32h7xx_hal_fdcan.c:5817:13:HAL_FDCAN_TimestampWraparoundCallback	0	static
stm32h7xx_hal_fdcan.c:5833:13:HAL_FDCAN_TimeoutOccurredCallback	0	static
stm32h7xx_hal_fdcan.c:5849:13:HAL_FDCAN_HighPriorityMessageCallback	0	static
stm32h7xx_hal_fdcan.c:5865:13:HAL_FDCAN_ErrorCallback	0	static
stm32h7xx_hal_fdcan.c:5883:13:HAL_FDCAN_ErrorStatusCallback	0	static
stm32h7xx_hal_fdcan.c:5902:13:HAL_FDCAN_TT_ScheduleSyncCallback	0	static
stm32h7xx_hal_fdcan.c:5921:13:HAL_FDCAN_TT_TimeMarkCallback	0	static
stm32h7xx_hal_fdcan.c:5943:13:HAL_FDCAN_TT_StopWatchCallback	0	static
stm32h7xx_hal_fdcan.c:5963:13:HAL_FDCAN_TT_GlobalTimeCallback	0	static
stm32h7xx_hal_fdcan.c:5251:6:HAL_FDCAN_IRQHandler	32	static
stm32h7xx_hal_fdcan.c:5999:24:HAL_FDCAN_GetState	0	static
stm32h7xx_hal_fdcan.c:6011:10:HAL_FDCAN_GetError	0	static
