stm32h7xx_hal_qspi.c:306:19:HAL_QSPI_Init	32	static
stm32h7xx_hal_qspi.c:400:19:HAL_QSPI_DeInit	16	static
stm32h7xx_hal_qspi.c:438:13:HAL_QSPI_MspInit	16	static
stm32h7xx_hal_qspi.c:453:13:HAL_QSPI_MspDeInit	16	static
stm32h7xx_hal_qspi.c:492:6:HAL_QSPI_IRQHandler	32	static
stm32h7xx_hal_qspi.c:781:19:HAL_QSPI_Command	40	static
stm32h7xx_hal_qspi.c:870:19:HAL_QSPI_Command_IT	32	static
stm32h7xx_hal_qspi.c:971:19:HAL_QSPI_Transmit	48	static
stm32h7xx_hal_qspi.c:1054:19:HAL_QSPI_Receive	48	static
stm32h7xx_hal_qspi.c:1139:19:HAL_QSPI_Transmit_IT	24	static
stm32h7xx_hal_qspi.c:1199:19:HAL_QSPI_Receive_IT	24	static
stm32h7xx_hal_qspi.c:1263:19:HAL_QSPI_Transmit_DMA	40	static
stm32h7xx_hal_qspi.c:1375:19:HAL_QSPI_Receive_DMA	48	static
stm32h7xx_hal_qspi.c:1491:19:HAL_QSPI_AutoPolling	40	static
stm32h7xx_hal_qspi.c:1591:19:HAL_QSPI_AutoPolling_IT	40	static
stm32h7xx_hal_qspi.c:1695:19:HAL_QSPI_MemoryMapped	40	static
stm32h7xx_hal_qspi.c:1781:13:HAL_QSPI_ErrorCallback	16	static
stm32h7xx_hal_qspi.c:1796:13:HAL_QSPI_AbortCpltCallback	16	static
stm32h7xx_hal_qspi.c:1811:13:HAL_QSPI_CmdCpltCallback	16	static
stm32h7xx_hal_qspi.c:1826:13:HAL_QSPI_RxCpltCallback	16	static
stm32h7xx_hal_qspi.c:1841:13:HAL_QSPI_TxCpltCallback	16	static
stm32h7xx_hal_qspi.c:1857:13:HAL_QSPI_FifoThresholdCallback	16	static
stm32h7xx_hal_qspi.c:1872:13:HAL_QSPI_StatusMatchCallback	16	static
stm32h7xx_hal_qspi.c:1887:13:HAL_QSPI_TimeOutCallback	16	static
stm32h7xx_hal_qspi.c:2129:23:HAL_QSPI_GetState	16	static
stm32h7xx_hal_qspi.c:2140:10:HAL_QSPI_GetError	16	static
stm32h7xx_hal_qspi.c:2150:19:HAL_QSPI_Abort	32	static
stm32h7xx_hal_qspi.c:2206:19:HAL_QSPI_Abort_IT	24	static
stm32h7xx_hal_qspi.c:2262:6:HAL_QSPI_SetTimeout	16	static
stm32h7xx_hal_qspi.c:2272:19:HAL_QSPI_SetFifoThreshold	24	static
stm32h7xx_hal_qspi.c:2304:10:HAL_QSPI_GetFifoThreshold	16	static
stm32h7xx_hal_qspi.c:2316:19:HAL_QSPI_SetFlashID	24	static
stm32h7xx_hal_qspi.c:2363:13:QSPI_DMARxCplt	24	static
stm32h7xx_hal_qspi.c:2377:13:QSPI_DMATxCplt	24	static
stm32h7xx_hal_qspi.c:2391:13:QSPI_DMAError	24	static
stm32h7xx_hal_qspi.c:2412:13:QSPI_DMAAbortCplt	24	static
stm32h7xx_hal_qspi.c:2455:26:QSPI_WaitFlagStateUntilTimeout	24	static
stm32h7xx_hal_qspi.c:2488:13:QSPI_Config	24	static
