../Drivers/ADC1115/Core/Src/ADS1113.cpp:12:6:void ads_delay(int)	16	static
../Drivers/ADC1115/Core/Src/ADS1113.cpp:25:6:bool ADS1113::writeRegister(int8_t, uint16_t)	40	static
../Drivers/ADC1115/Core/Src/ADS1113.cpp:39:10:uint16_t ADS1113::readRegister(uint8_t)	32	static
../Drivers/ADC1115/Core/Src/ADS1113.cpp:52:6:bool ADS1113::ADSbegin()	24	static
../Drivers/ADC1115/Core/Src/ADS1113.cpp:62:1:ADS1113::ADS1113(I2C_HandleTypeDef*, uint8_t)	24	static
../Drivers/ADC1115/Core/Src/ADS1113.cpp:71:6:bool ADS1113::ADS1113_init()	16	static
../Drivers/ADC1115/Core/Src/ADS1113.cpp:134:6:void ADS1113::ADSsetGain(adsGain_t)	16	static
../Drivers/ADC1115/Core/Src/ADS1113.cpp:159:11:adsGain_t ADS1113::ADSgetGain()	16	static
../Drivers/ADC1115/Core/Src/ADS1113.cpp:164:10:uint16_t ADS1113::ADSreadADC_SingleEnded(uint8_t)	24	static
../Drivers/ADC1115/Core/Src/ADS1113.cpp:210:9:int16_t ADS1113::ADSreadADC_Differential_0_1()	24	static
../Drivers/ADC1115/Core/Src/ADS1113.cpp:251:7:float ADS1113::ADSreadADC_Voltage()	24	static
../Drivers/ADC1115/Core/Src/ADS1113.cpp:262:6:void ADS1113::ADSstartComparator_SingleEnded(uint8_t, int16_t)	24	static
../Drivers/ADC1115/Core/Src/ADS1113.cpp:304:9:int16_t ADS1113::ADSgetLastConversionResults()	24	static
