../Drivers/U087/Core/Src/U087.c:20:19:i2cReadBytes	40	static
../Drivers/U087/Core/Src/U087.c:30:19:i2cWriteBytes	40	static
../Drivers/U087/Core/Src/U087.c:41:19:i2cReadU16	24	static
../Drivers/U087/Core/Src/U087.c:48:19:i2cWriteU16	24	static
../Drivers/U087/Core/Src/U087.c:100:19:setMode	24	static
../Drivers/U087/Core/Src/U087.c:119:19:isInConversion	16	static
../Drivers/U087/Core/Src/U087.c:130:19:startSingleConversion	16	static
../Drivers/U087/Core/Src/U087.c:158:19:getAdcRaw	16	static
../Drivers/U087/Core/Src/U087.c:165:19:getConversion	16	static
../Drivers/U087/Core/Src/U087.c:145:19:getVoltage	8	static
../Drivers/U087/Core/Src/U087.c:180:19:EEPROMWrite	16	static
../Drivers/U087/Core/Src/U087.c:184:19:EEPROMRead	16	static
../Drivers/U087/Core/Src/U087.c:210:9:getPGAEEEPROMAddr	0	static
../Drivers/U087/Core/Src/U087.c:188:19:saveCalibration2EEPROM	24	static
../Drivers/U087/Core/Src/U087.c:229:10:getCoverTime	0	static
../Drivers/U087/Core/Src/U087.c:80:19:setRate	24	static
../Drivers/U087/Core/Src/U087.c:252:7:getResolution	0	static
../Drivers/U087/Core/Src/U087.c:271:19:readCalibrationFromEEPROM	32	static
../Drivers/U087/Core/Src/U087.c:55:19:setGain	24	static
../Drivers/U087/Core/Src/U087.c:4:6:voltmeter_init	8	static
