../System/Modbus_Lib/Src/Modbus.c:123:6:RingAdd	16	static
../System/Modbus_Lib/Src/Modbus.c:142:9:RingGetAllBytes	16	static
../System/Modbus_Lib/Src/Modbus.c:148:9:RingGetNBytes	32	static
../System/Modbus_Lib/Src/Modbus.c:166:9:RingCountBytes	16	static
../System/Modbus_Lib/Src/Modbus.c:171:6:RingClear	16	static
../System/Modbus_Lib/Src/Modbus.c:204:6:ModbusInit	24	static
../System/Modbus_Lib/Src/Modbus.c:322:6:ModbusStart	16	static
../System/Modbus_Lib/Src/Modbus.c:449:6:vTimerCallbackT35	32	static
../System/Modbus_Lib/Src/Modbus.c:468:6:vTimerCallbackTimeout	24	static
../System/Modbus_Lib/Src/Modbus.c:632:6:StartTaskModbusSlave	24	static
../System/Modbus_Lib/Src/Modbus.c:772:6:ModbusQuery	16	static
../System/Modbus_Lib/Src/Modbus.c:787:6:ModbusQueryInject	16	static
../System/Modbus_Lib/Src/Modbus.c:836:8:SendQuery	24	static
../System/Modbus_Lib/Src/Modbus.c:1046:6:StartTaskModbusMaster	56	static
../System/Modbus_Lib/Src/Modbus.c:1194:6:get_FC1	32	static
../System/Modbus_Lib/Src/Modbus.c:1219:6:get_FC3	32	static
../System/Modbus_Lib/Src/Modbus.c:1240:9:validateAnswer	24	static
../System/Modbus_Lib/Src/Modbus.c:1295:9:getRxBuffer	24	static
../System/Modbus_Lib/Src/Modbus.c:1336:9:validateRequest	24	static
../System/Modbus_Lib/Src/Modbus.c:1441:10:word	24	static
../System/Modbus_Lib/Src/Modbus.c:1459:10:calcCRC	32	static
../System/Modbus_Lib/Src/Modbus.c:1492:6:buildException	24	static
../System/Modbus_Lib/Src/Modbus.c:1518:13:sendTxBuffer	40	static
../System/Modbus_Lib/Src/Modbus.c:1680:8:process_FC1	32	static
../System/Modbus_Lib/Src/Modbus.c:1736:8:process_FC3	24	static
../System/Modbus_Lib/Src/Modbus.c:1768:8:process_FC5	24	static
../System/Modbus_Lib/Src/Modbus.c:1802:8:process_FC6	24	static
../System/Modbus_Lib/Src/Modbus.c:1828:8:process_FC15	32	static
../System/Modbus_Lib/Src/Modbus.c:1885:8:process_FC16	32	static
