Thread.h:22:10:Thread::~Thread()	16	static
Thread.h:22:10:virtual Thread::~Thread()	16	static
WatchdogThread.h:15:2:WatchdogThread::WatchdogThread(IWDG_HandleTypeDef*)	16	static
Prober.h:16:2:ProberThread::ProberThread(I2C_HandleTypeDef*)	16	static
gthr-default.h:229:1:int __gthread_key_delete(__gthread_key_t)	16	static
System.cpp:26:40:void __tcf_0()	8	static
System.cpp:27:39:void __tcf_1()	8	static
System.cpp:29:36:void __tcf_2()	8	static
System.cpp:30:36:void __tcf_3()	8	static
System.cpp:31:36:void __tcf_4()	8	static
System.cpp:25:6:void initCortexM4()	8	static
System.cpp:52:6:void vApplicationStackOverflowHook()	4	static
WatchdogThread.h:13:7:WatchdogThread::~WatchdogThread()	16	static
WatchdogThread.h:13:7:virtual WatchdogThread::~WatchdogThread()	16	static
Shell.h:26:7:Shell::~Shell()	16	static
Shell.h:26:7:virtual Shell::~Shell()	16	static
Prober.h:14:7:ProberThread::~ProberThread()	16	static
Prober.h:14:7:virtual ProberThread::~ProberThread()	16	static
