Thread.h:22:2:Thread::~Thread()	16	static
WatchdogThread.h:15:2:WatchdogThread::WatchdogThread(IWDG_HandleTypeDef*)	16	static
Barometer.h:19:2:BarometerThread::BarometerThread(I2C_HandleTypeDef*)	16	static
IMU.h:20:2:IMUThread::IMUThread(I2C_HandleTypeDef*)	16	static
gthr-default.h:229:1:int __gthread_key_delete(__gthread_key_t)	16	static
WatchdogThread.h:13:7:WatchdogThread::~WatchdogThread()	16	static
System.cpp:29:40:void __tcf_0()	8	static
Shell.h:26:7:Shell::~Shell()	16	static
System.cpp:30:39:void __tcf_1()	8	static
IMU.h:18:7:IMUThread::~IMUThread()	16	static
System.cpp:31:29:void __tcf_2()	8	static
Barometer.h:17:7:BarometerThread::~BarometerThread()	16	static
System.cpp:32:41:void __tcf_3()	8	static
ADC24.h:17:7:ADC24Thread::~ADC24Thread()	16	static
System.cpp:33:65:void __tcf_4()	8	static
ADC16.h:18:7:ADC16Thread::~ADC16Thread()	16	static
System.cpp:34:41:void __tcf_5()	8	static
System.cpp:28:6:void initCortexM4()	16	static
System.cpp:54:6:void vApplicationStackOverflowHook()	4	static
