stm32h7xx_it.c:91:6:NMI_Handler	4	static
stm32h7xx_it.c:106:6:HardFault_Handler	4	static
stm32h7xx_it.c:121:6:MemManage_Handler	4	static
stm32h7xx_it.c:136:6:BusFault_Handler	4	static
stm32h7xx_it.c:151:6:UsageFault_Handler	4	static
stm32h7xx_it.c:166:6:DebugMon_Handler	4	static
stm32h7xx_it.c:186:6:DMA1_Stream2_IRQHandler	8	static
stm32h7xx_it.c:200:6:DMA1_Stream3_IRQHandler	8	static
stm32h7xx_it.c:214:6:DMA1_Stream4_IRQHandler	8	static
stm32h7xx_it.c:228:6:DMA1_Stream5_IRQHandler	8	static
stm32h7xx_it.c:242:6:DMA1_Stream6_IRQHandler	8	static
stm32h7xx_it.c:256:6:SPI2_IRQHandler	8	static
stm32h7xx_it.c:270:6:DMA1_Stream7_IRQHandler	8	static
stm32h7xx_it.c:284:6:SPI3_IRQHandler	8	static
stm32h7xx_it.c:298:6:TIM7_IRQHandler	8	static
stm32h7xx_it.c:312:6:DMA2_Stream0_IRQHandler	8	static
stm32h7xx_it.c:326:6:DMA2_Stream1_IRQHandler	8	static
stm32h7xx_it.c:340:6:DMA2_Stream4_IRQHandler	8	static
stm32h7xx_it.c:354:6:ETH_IRQHandler	8	static
stm32h7xx_it.c:368:6:DMA2_Stream5_IRQHandler	8	static
stm32h7xx_it.c:382:6:DMA2_Stream6_IRQHandler	8	static
stm32h7xx_it.c:396:6:DMA2_Stream7_IRQHandler	8	static
stm32h7xx_it.c:410:6:SPI4_IRQHandler	8	static
