Archive member included to satisfy reference by file (symbol)

/opt/st/stm32cubeide_1.16.1/plugins/com.st.stm32cube.ide.mcu.externaltools.gnu-tools-for-stm32.12.3.rel1.linux64_1.0.200.202406132123/tools/bin/../lib/gcc/arm-none-eabi/12.3.1/../../../../arm-none-eabi/lib/thumb/v7e-m+dp/hard/libc_nano.a(libc_a-exit.o)
                              /opt/st/stm32cubeide_1.16.1/plugins/com.st.stm32cube.ide.mcu.externaltools.gnu-tools-for-stm32.12.3.rel1.linux64_1.0.200.202406132123/tools/bin/../lib/gcc/arm-none-eabi/12.3.1/../../../../arm-none-eabi/lib/thumb/v7e-m+dp/hard/crt0.o (exit)
/opt/st/stm32cubeide_1.16.1/plugins/com.st.stm32cube.ide.mcu.externaltools.gnu-tools-for-stm32.12.3.rel1.linux64_1.0.200.202406132123/tools/bin/../lib/gcc/arm-none-eabi/12.3.1/../../../../arm-none-eabi/lib/thumb/v7e-m+dp/hard/libc_nano.a(libc_a-findfp.o)
                              /opt/st/stm32cubeide_1.16.1/plugins/com.st.stm32cube.ide.mcu.externaltools.gnu-tools-for-stm32.12.3.rel1.linux64_1.0.200.202406132123/tools/bin/../lib/gcc/arm-none-eabi/12.3.1/../../../../arm-none-eabi/lib/thumb/v7e-m+dp/hard/libc_nano.a(libc_a-exit.o) (__stdio_exit_handler)
/opt/st/stm32cubeide_1.16.1/plugins/com.st.stm32cube.ide.mcu.externaltools.gnu-tools-for-stm32.12.3.rel1.linux64_1.0.200.202406132123/tools/bin/../lib/gcc/arm-none-eabi/12.3.1/../../../../arm-none-eabi/lib/thumb/v7e-m+dp/hard/libc_nano.a(libc_a-fwalk.o)
                              /opt/st/stm32cubeide_1.16.1/plugins/com.st.stm32cube.ide.mcu.externaltools.gnu-tools-for-stm32.12.3.rel1.linux64_1.0.200.202406132123/tools/bin/../lib/gcc/arm-none-eabi/12.3.1/../../../../arm-none-eabi/lib/thumb/v7e-m+dp/hard/libc_nano.a(libc_a-findfp.o) (_fwalk_sglue)
/opt/st/stm32cubeide_1.16.1/plugins/com.st.stm32cube.ide.mcu.externaltools.gnu-tools-for-stm32.12.3.rel1.linux64_1.0.200.202406132123/tools/bin/../lib/gcc/arm-none-eabi/12.3.1/../../../../arm-none-eabi/lib/thumb/v7e-m+dp/hard/libc_nano.a(libc_a-stdio.o)
                              /opt/st/stm32cubeide_1.16.1/plugins/com.st.stm32cube.ide.mcu.externaltools.gnu-tools-for-stm32.12.3.rel1.linux64_1.0.200.202406132123/tools/bin/../lib/gcc/arm-none-eabi/12.3.1/../../../../arm-none-eabi/lib/thumb/v7e-m+dp/hard/libc_nano.a(libc_a-findfp.o) (__sread)
/opt/st/stm32cubeide_1.16.1/plugins/com.st.stm32cube.ide.mcu.externaltools.gnu-tools-for-stm32.12.3.rel1.linux64_1.0.200.202406132123/tools/bin/../lib/gcc/arm-none-eabi/12.3.1/../../../../arm-none-eabi/lib/thumb/v7e-m+dp/hard/libc_nano.a(libc_a-memset.o)
                              /opt/st/stm32cubeide_1.16.1/plugins/com.st.stm32cube.ide.mcu.externaltools.gnu-tools-for-stm32.12.3.rel1.linux64_1.0.200.202406132123/tools/bin/../lib/gcc/arm-none-eabi/12.3.1/../../../../arm-none-eabi/lib/thumb/v7e-m+dp/hard/crt0.o (memset)
/opt/st/stm32cubeide_1.16.1/plugins/com.st.stm32cube.ide.mcu.externaltools.gnu-tools-for-stm32.12.3.rel1.linux64_1.0.200.202406132123/tools/bin/../lib/gcc/arm-none-eabi/12.3.1/../../../../arm-none-eabi/lib/thumb/v7e-m+dp/hard/libc_nano.a(libc_a-closer.o)
                              /opt/st/stm32cubeide_1.16.1/plugins/com.st.stm32cube.ide.mcu.externaltools.gnu-tools-for-stm32.12.3.rel1.linux64_1.0.200.202406132123/tools/bin/../lib/gcc/arm-none-eabi/12.3.1/../../../../arm-none-eabi/lib/thumb/v7e-m+dp/hard/libc_nano.a(libc_a-stdio.o) (_close_r)
/opt/st/stm32cubeide_1.16.1/plugins/com.st.stm32cube.ide.mcu.externaltools.gnu-tools-for-stm32.12.3.rel1.linux64_1.0.200.202406132123/tools/bin/../lib/gcc/arm-none-eabi/12.3.1/../../../../arm-none-eabi/lib/thumb/v7e-m+dp/hard/libc_nano.a(libc_a-reent.o)
                              /opt/st/stm32cubeide_1.16.1/plugins/com.st.stm32cube.ide.mcu.externaltools.gnu-tools-for-stm32.12.3.rel1.linux64_1.0.200.202406132123/tools/bin/../lib/gcc/arm-none-eabi/12.3.1/../../../../arm-none-eabi/lib/thumb/v7e-m+dp/hard/libc_nano.a(libc_a-closer.o) (errno)
/opt/st/stm32cubeide_1.16.1/plugins/com.st.stm32cube.ide.mcu.externaltools.gnu-tools-for-stm32.12.3.rel1.linux64_1.0.200.202406132123/tools/bin/../lib/gcc/arm-none-eabi/12.3.1/../../../../arm-none-eabi/lib/thumb/v7e-m+dp/hard/libc_nano.a(libc_a-impure.o)
                              /opt/st/stm32cubeide_1.16.1/plugins/com.st.stm32cube.ide.mcu.externaltools.gnu-tools-for-stm32.12.3.rel1.linux64_1.0.200.202406132123/tools/bin/../lib/gcc/arm-none-eabi/12.3.1/../../../../arm-none-eabi/lib/thumb/v7e-m+dp/hard/libc_nano.a(libc_a-reent.o) (_impure_ptr)
/opt/st/stm32cubeide_1.16.1/plugins/com.st.stm32cube.ide.mcu.externaltools.gnu-tools-for-stm32.12.3.rel1.linux64_1.0.200.202406132123/tools/bin/../lib/gcc/arm-none-eabi/12.3.1/../../../../arm-none-eabi/lib/thumb/v7e-m+dp/hard/libc_nano.a(libc_a-lseekr.o)
                              /opt/st/stm32cubeide_1.16.1/plugins/com.st.stm32cube.ide.mcu.externaltools.gnu-tools-for-stm32.12.3.rel1.linux64_1.0.200.202406132123/tools/bin/../lib/gcc/arm-none-eabi/12.3.1/../../../../arm-none-eabi/lib/thumb/v7e-m+dp/hard/libc_nano.a(libc_a-stdio.o) (_lseek_r)
[...]
Memory Configuration

Name             Origin             Length             Attributes
FLASH            0x08000000         0x00020000         xr
DTCMRAM          0x20000000         0x00020000         xrw
RAM_D1           0x24000000         0x00080000         xrw
RAM_D2           0x30000000         0x00048000         xrw
RAM_D3           0x38000000         0x00010000         xrw
ITCMRAM          0x00000000         0x00010000         xrw
*default*        0x00000000         0xffffffff

Linker script and memory map

LOAD /opt/st/stm32cubeide_1.16.1/plugins/com.st.stm32cube.ide.mcu.externaltools.gnu-tools-for-stm32.12.3.rel1.linux64_1.0.200.202406132123/tools/bin/../lib/gcc/arm-none-eabi/12.3.1/thumb/v7e-m+dp/hard/crti.o
LOAD /opt/st/stm32cubeide_1.16.1/plugins/com.st.stm32cube.ide.mcu.externaltools.gnu-tools-for-stm32.12.3.rel1.linux64_1.0.200.202406132123/tools/bin/../lib/gcc/arm-none-eabi/12.3.1/thumb/v7e-m+dp/hard/crtbegin.o
LOAD /opt/st/stm32cubeide_1.16.1/plugins/com.st.stm32cube.ide.mcu.externaltools.gnu-tools-for-stm32.12.3.rel1.linux64_1.0.200.202406132123/tools/bin/../lib/gcc/arm-none-eabi/12.3.1/../../../../arm-none-eabi/lib/thumb/v7e-m+dp/hard/crt0.o
LOAD ./Core/Src/gpio.o
LOAD ./Core/Src/main.o
LOAD ./Core/Src/quadspi.o
LOAD ./Core/Src/stm32h7xx_hal_msp.o
LOAD ./Core/Src/stm32h7xx_it.o
LOAD ./Core/Src/syscalls.o
LOAD ./Core/Src/sysmem.o
LOAD ./Core/Src/system_stm32h7xx.o
LOAD ./Core/Startup/startup_stm32h750vbtx.o
LOAD ./Drivers/STM32H7xx_HAL_Driver/Src/stm32h7xx_hal.o
LOAD ./Drivers/STM32H7xx_HAL_Driver/Src/stm32h7xx_hal_cortex.o
LOAD ./Drivers/STM32H7xx_HAL_Driver/Src/stm32h7xx_hal_dma.o
LOAD ./Drivers/STM32H7xx_HAL_Driver/Src/stm32h7xx_hal_dma_ex.o
LOAD ./Drivers/STM32H7xx_HAL_Driver/Src/stm32h7xx_hal_exti.o
LOAD ./Drivers/STM32H7xx_HAL_Driver/Src/stm32h7xx_hal_flash.o
LOAD ./Drivers/STM32H7xx_HAL_Driver/Src/stm32h7xx_hal_flash_ex.o
LOAD ./Drivers/STM32H7xx_HAL_Driver/Src/stm32h7xx_hal_gpio.o
LOAD ./Drivers/STM32H7xx_HAL_Driver/Src/stm32h7xx_hal_hsem.o
LOAD ./Drivers/STM32H7xx_HAL_Driver/Src/stm32h7xx_hal_i2c.o
LOAD ./Drivers/STM32H7xx_HAL_Driver/Src/stm32h7xx_hal_i2c_ex.o
LOAD ./Drivers/STM32H7xx_HAL_Driver/Src/stm32h7xx_hal_mdma.o
LOAD ./Drivers/STM32H7xx_HAL_Driver/Src/stm32h7xx_hal_pwr.o
LOAD ./Drivers/STM32H7xx_HAL_Driver/Src/stm32h7xx_hal_pwr_ex.o
LOAD ./Drivers/STM32H7xx_HAL_Driver/Src/stm32h7xx_hal_qspi.o
LOAD ./Drivers/STM32H7xx_HAL_Driver/Src/stm32h7xx_hal_rcc.o
LOAD ./Drivers/STM32H7xx_HAL_Driver/Src/stm32h7xx_hal_rcc_ex.o
LOAD ./Drivers/STM32H7xx_HAL_Driver/Src/stm32h7xx_hal_tim.o
LOAD ./Drivers/STM32H7xx_HAL_Driver/Src/stm32h7xx_hal_tim_ex.o
START GROUP
LOAD /opt/st/stm32cubeide_1.16.1/plugins/com.st.stm32cube.ide.mcu.externaltools.gnu-tools-for-stm32.12.3.rel1.linux64_1.0.200.202406132123/tools/bin/../lib/gcc/arm-none-eabi/12.3.1/../../../../arm-none-eabi/lib/thumb/v7e-m+dp/hard/libc_nano.a
LOAD /opt/st/stm32cubeide_1.16.1/plugins/com.st.stm32cube.ide.mcu.externaltools.gnu-tools-for-stm32.12.3.rel1.linux64_1.0.200.202406132123/tools/bin/../lib/gcc/arm-none-eabi/12.3.1/../../../../arm-none-eabi/lib/thumb/v7e-m+dp/hard/libm.a
END GROUP
START GROUP
LOAD /opt/st/stm32cubeide_1.16.1/plugins/com.st.stm32cube.ide.mcu.externaltools.gnu-tools-for-stm32.12.3.rel1.linux64_1.0.200.202406132123/tools/bin/../lib/gcc/arm-none-eabi/12.3.1/thumb/v7e-m+dp/hard/libgcc.a
LOAD /opt/st/stm32cubeide_1.16.1/plugins/com.st.stm32cube.ide.mcu.externaltools.gnu-tools-for-stm32.12.3.rel1.linux64_1.0.200.202406132123/tools/bin/../lib/gcc/arm-none-eabi/12.3.1/../../../../arm-none-eabi/lib/thumb/v7e-m+dp/hard/libc_nano.a
END GROUP
START GROUP
LOAD /opt/st/stm32cubeide_1.16.1/plugins/com.st.stm32cube.ide.mcu.externaltools.gnu-tools-for-stm32.12.3.rel1.linux64_1.0.200.202406132123/tools/bin/../lib/gcc/arm-none-eabi/12.3.1/thumb/v7e-m+dp/hard/libgcc.a
LOAD /opt/st/stm32cubeide_1.16.1/plugins/com.st.stm32cube.ide.mcu.externaltools.gnu-tools-for-stm32.12.3.rel1.linux64_1.0.200.202406132123/tools/bin/../lib/gcc/arm-none-eabi/12.3.1/../../../../arm-none-eabi/lib/thumb/v7e-m+dp/hard/libc_nano.a
LOAD /opt/st/stm32cubeide_1.16.1/plugins/com.st.stm32cube.ide.mcu.externaltools.gnu-tools-for-stm32.12.3.rel1.linux64_1.0.200.202406132123/tools/bin/../lib/gcc/arm-none-eabi/12.3.1/../../../../arm-none-eabi/lib/thumb/v7e-m+dp/hard/libnosys.a
END GROUP
START GROUP
LOAD /opt/st/stm32cubeide_1.16.1/plugins/com.st.stm32cube.ide.mcu.externaltools.gnu-tools-for-stm32.12.3.rel1.linux64_1.0.200.202406132123/tools/bin/../lib/gcc/arm-none-eabi/12.3.1/thumb/v7e-m+dp/hard/libgcc.a
LOAD /opt/st/stm32cubeide_1.16.1/plugins/com.st.stm32cube.ide.mcu.externaltools.gnu-tools-for-stm32.12.3.rel1.linux64_1.0.200.202406132123/tools/bin/../lib/gcc/arm-none-eabi/12.3.1/../../../../arm-none-eabi/lib/thumb/v7e-m+dp/hard/libc_nano.a
LOAD /opt/st/stm32cubeide_1.16.1/plugins/com.st.stm32cube.ide.mcu.externaltools.gnu-tools-for-stm32.12.3.rel1.linux64_1.0.200.202406132123/tools/bin/../lib/gcc/arm-none-eabi/12.3.1/../../../../arm-none-eabi/lib/thumb/v7e-m+dp/hard/libnosys.a
END GROUP
LOAD /opt/st/stm32cubeide_1.16.1/plugins/com.st.stm32cube.ide.mcu.externaltools.gnu-tools-for-stm32.12.3.rel1.linux64_1.0.200.202406132123/tools/bin/../lib/gcc/arm-none-eabi/12.3.1/thumb/v7e-m+dp/hard/crtend.o
LOAD /opt/st/stm32cubeide_1.16.1/plugins/com.st.stm32cube.ide.mcu.externaltools.gnu-tools-for-stm32.12.3.rel1.linux64_1.0.200.202406132123/tools/bin/../lib/gcc/arm-none-eabi/12.3.1/thumb/v7e-m+dp/hard/crtn.o
                0x24080000                        _estack = (ORIGIN (RAM_D1) + LENGTH (RAM_D1))
                0x00000200                        _Min_Heap_Size = 0x200
                0x00000400                        _Min_Stack_Size = 0x400

.isr_vector     0x08000000      0x298
                0x08000000                        . = ALIGN (0x4)
 *(.isr_vector)
 .isr_vector    0x08000000      0x298 ./Core/Startup/startup_stm32h750vbtx.o
                0x08000000                g_pfnVectors
                0x08000298                        . = ALIGN (0x4)

.text           0x08000298     0x46c4
                0x08000298                        . = ALIGN (0x4)
 *(.text)
 .text          0x08000298       0x40 /opt/st/stm32cubeide_1.16.1/plugins/com.st.stm32cube.ide.mcu.externaltools.gnu-tools-for-stm32.12.3.rel1.linux64_1.0.200.202406132123/tools/bin/../lib/gcc/arm-none-eabi/12.3.1/thumb/v7e-m+dp/hard/crtbegin.o
 *(.text*)
 .text.MX_GPIO_Init
                0x080002d8       0x90 ./Core/Src/gpio.o
                0x080002d8                MX_GPIO_Init
 .text.main     0x08000368      0x1d4 ./Core/Src/main.o
                0x08000368                main
 .text.SystemClock_Config
                0x0800053c      0x15c ./Core/Src/main.o
                0x0800053c                SystemClock_Config
 .text.Error_Handler
                0x08000698        0xc ./Core/Src/main.o
                0x08000698                Error_Handler
 .text.MX_QUADSPI_Init
                0x080006a4       0x58 ./Core/Src/quadspi.o
                0x080006a4                MX_QUADSPI_Init
 .text.HAL_QSPI_MspInit
                0x080006fc      0x178 ./Core/Src/quadspi.o
                0x080006fc                HAL_QSPI_MspInit
 .text.HAL_QSPI_MspDeInit
                0x08000874       0x60 ./Core/Src/quadspi.o
                0x08000874                HAL_QSPI_MspDeInit
 .text.CSP_QUADSPI_Init
                0x080008d4       0x70 ./Core/Src/quadspi.o
                0x080008d4                CSP_QUADSPI_Init
 .text.QSPI_AutoPollingMemReady
                0x08000944       0x70 ./Core/Src/quadspi.o
 .text.QSPI_WriteEnable
                0x080009b4       0x98 ./Core/Src/quadspi.o
 .text.QSPI_Configuration
                0x08000a4c      0x1d4 ./Core/Src/quadspi.o
 .text.CSP_QSPI_EnableMemoryMappedMode
                0x08000c20       0x68 ./Core/Src/quadspi.o
                0x08000c20                CSP_QSPI_EnableMemoryMappedMode
 .text.QSPI_ResetChip
                0x08000c88      0x204 ./Core/Src/quadspi.o
 .text.HAL_MspInit
                0x08000e8c       0x34 ./Core/Src/stm32h7xx_hal_msp.o
                0x08000e8c                HAL_MspInit
 .text.NMI_Handler
                0x08000ec0        0x8 ./Core/Src/stm32h7xx_it.o
                0x08000ec0                NMI_Handler
 .text.HardFault_Handler
                0x08000ec8        0x8 ./Core/Src/stm32h7xx_it.o
                0x08000ec8                HardFault_Handler
 .text.MemManage_Handler
                0x08000ed0        0x8 ./Core/Src/stm32h7xx_it.o
                0x08000ed0                MemManage_Handler
 .text.BusFault_Handler
                0x08000ed8        0x8 ./Core/Src/stm32h7xx_it.o
                0x08000ed8                BusFault_Handler
 .text.UsageFault_Handler
                0x08000ee0        0x8 ./Core/Src/stm32h7xx_it.o
                0x08000ee0                UsageFault_Handler
 .text.SVC_Handler
                0x08000ee8        0xe ./Core/Src/stm32h7xx_it.o
                0x08000ee8                SVC_Handler
 .text.DebugMon_Handler
                0x08000ef6        0xe ./Core/Src/stm32h7xx_it.o
                0x08000ef6                DebugMon_Handler
 .text.PendSV_Handler
                0x08000f04        0xe ./Core/Src/stm32h7xx_it.o
                0x08000f04                PendSV_Handler
 .text.SysTick_Handler
                0x08000f12        0xc ./Core/Src/stm32h7xx_it.o
                0x08000f12                SysTick_Handler
 *fill*         0x08000f1e        0x2 
 .text.QUADSPI_IRQHandler
                0x08000f20       0x14 ./Core/Src/stm32h7xx_it.o
                0x08000f20                QUADSPI_IRQHandler
 .text.SystemInit
                0x08000f34      0x110 ./Core/Src/system_stm32h7xx.o
                0x08000f34                SystemInit
 .text.Reset_Handler
                0x08001044       0x50 ./Core/Startup/startup_stm32h750vbtx.o
                0x08001044                Reset_Handler
 .text.Default_Handler
                0x08001094        0x2 ./Core/Startup/startup_stm32h750vbtx.o
                0x08001094                RTC_Alarm_IRQHandler
                0x08001094                HASH_RNG_IRQHandler
                0x08001094                EXTI2_IRQHandler
                0x08001094                TIM8_CC_IRQHandler
                0x08001094                HRTIM1_Master_IRQHandler
                0x08001094                UART8_IRQHandler
                0x08001094                SPI4_IRQHandler
                0x08001094                TIM1_CC_IRQHandler
                0x08001094                BDMA_Channel6_IRQHandler
                0x08001094                DMA2_Stream5_IRQHandler
                0x08001094                HRTIM1_FLT_IRQHandler
                0x08001094                JPEG_IRQHandler
                0x08001094                DMA1_Stream5_IRQHandler
                0x08001094                BDMA_Channel1_IRQHandler
                0x08001094                HRTIM1_TIMD_IRQHandler
                0x08001094                TAMP_STAMP_IRQHandler
                0x08001094                EXTI3_IRQHandler
                0x08001094                LPTIM4_IRQHandler
                0x08001094                TIM8_TRG_COM_TIM14_IRQHandler
                0x08001094                LPTIM2_IRQHandler
                0x08001094                DFSDM1_FLT1_IRQHandler
                0x08001094                DMAMUX2_OVR_IRQHandler
                0x08001094                TIM8_UP_TIM13_IRQHandler
                0x08001094                I2C3_ER_IRQHandler
                0x08001094                DFSDM1_FLT2_IRQHandler
                0x08001094                MDMA_IRQHandler
                0x08001094                LPTIM3_IRQHandler
                0x08001094                HSEM1_IRQHandler
                0x08001094                EXTI0_IRQHandler
                0x08001094                I2C2_EV_IRQHandler
                0x08001094                DMA1_Stream2_IRQHandler
                0x08001094                FPU_IRQHandler
                0x08001094                OTG_HS_WKUP_IRQHandler
                0x08001094                FDCAN1_IT1_IRQHandler
                0x08001094                LTDC_ER_IRQHandler
                0x08001094                DMA2_Stream2_IRQHandler
                0x08001094                HRTIM1_TIME_IRQHandler
                0x08001094                SPI1_IRQHandler
                0x08001094                TIM6_DAC_IRQHandler
                0x08001094                DCMI_IRQHandler
                0x08001094                HRTIM1_TIMC_IRQHandler
                0x08001094                DMA2_Stream3_IRQHandler
                0x08001094                SAI2_IRQHandler
                0x08001094                DFSDM1_FLT3_IRQHandler
                0x08001094                USART6_IRQHandler
                0x08001094                TIM17_IRQHandler
                0x08001094                USART3_IRQHandler
                0x08001094                BDMA_Channel7_IRQHandler
                0x08001094                CRYP_IRQHandler
                0x08001094                LPTIM5_IRQHandler
                0x08001094                UART5_IRQHandler
                0x08001094                ADC3_IRQHandler
                0x08001094                DMA2_Stream0_IRQHandler
                0x08001094                TIM4_IRQHandler
                0x08001094                BDMA_Channel2_IRQHandler
                0x08001094                I2C1_EV_IRQHandler
                0x08001094                DMA1_Stream6_IRQHandler
                0x08001094                DMAMUX1_OVR_IRQHandler
                0x08001094                DMA1_Stream1_IRQHandler
                0x08001094                TIM16_IRQHandler
                0x08001094                UART4_IRQHandler
                0x08001094                BDMA_Channel5_IRQHandler
                0x08001094                TIM3_IRQHandler
                0x08001094                RCC_IRQHandler
                0x08001094                TIM8_BRK_TIM12_IRQHandler
                0x08001094                TIM1_TRG_COM_IRQHandler
                0x08001094                Default_Handler
                0x08001094                ECC_IRQHandler
                0x08001094                CEC_IRQHandler
                0x08001094                EXTI15_10_IRQHandler
                0x08001094                BDMA_Channel0_IRQHandler
                0x08001094                ADC_IRQHandler
                0x08001094                DMA1_Stream7_IRQHandler
                0x08001094                HRTIM1_TIMA_IRQHandler
                0x08001094                SPI5_IRQHandler
                0x08001094                TIM7_IRQHandler
                0x08001094                SDMMC1_IRQHandler
                0x08001094                TIM5_IRQHandler
                0x08001094                DMA2_Stream7_IRQHandler
                0x08001094                TIM15_IRQHandler
                0x08001094                PVD_AVD_IRQHandler
                0x08001094                I2C3_EV_IRQHandler
                0x08001094                EXTI9_5_IRQHandler
                0x08001094                RTC_WKUP_IRQHandler
                0x08001094                LTDC_IRQHandler
                0x08001094                SAI3_IRQHandler
                0x08001094                ETH_WKUP_IRQHandler
                0x08001094                SPDIF_RX_IRQHandler
                0x08001094                SPI2_IRQHandler
                0x08001094                OTG_HS_EP1_IN_IRQHandler
                0x08001094                DMA1_Stream0_IRQHandler
                0x08001094                CRS_IRQHandler
                0x08001094                EXTI4_IRQHandler
                0x08001094                HRTIM1_TIMB_IRQHandler
                0x08001094                FDCAN2_IT1_IRQHandler
                0x08001094                ETH_IRQHandler
                0x08001094                TIM1_UP_IRQHandler
                0x08001094                BDMA_Channel4_IRQHandler
                0x08001094                OTG_HS_EP1_OUT_IRQHandler
                0x08001094                WWDG_IRQHandler
                0x08001094                SPI6_IRQHandler
                0x08001094                MDIOS_IRQHandler
                0x08001094                I2C4_EV_IRQHandler
                0x08001094                FDCAN2_IT0_IRQHandler
                0x08001094                LPUART1_IRQHandler
                0x08001094                FDCAN1_IT0_IRQHandler
                0x08001094                TIM2_IRQHandler
                0x08001094                OTG_FS_WKUP_IRQHandler
                0x08001094                OTG_HS_IRQHandler
                0x08001094                DMA2D_IRQHandler
                0x08001094                TIM1_BRK_IRQHandler
                0x08001094                EXTI1_IRQHandler
                0x08001094                SDMMC2_IRQHandler
                0x08001094                OTG_FS_EP1_OUT_IRQHandler
                0x08001094                BDMA_Channel3_IRQHandler
                0x08001094                UART7_IRQHandler
                0x08001094                MDIOS_WKUP_IRQHandler
                0x08001094                USART2_IRQHandler
                0x08001094                DFSDM1_FLT0_IRQHandler
                0x08001094                SAI4_IRQHandler
                0x08001094                I2C2_ER_IRQHandler
                0x08001094                DMA2_Stream1_IRQHandler
                0x08001094                FLASH_IRQHandler
                0x08001094                DMA2_Stream4_IRQHandler
                0x08001094                USART1_IRQHandler
                0x08001094                OTG_FS_IRQHandler
                0x08001094                SPI3_IRQHandler
                0x08001094                WAKEUP_PIN_IRQHandler
                0x08001094                DMA1_Stream4_IRQHandler
                0x08001094                OTG_FS_EP1_IN_IRQHandler
                0x08001094                I2C1_ER_IRQHandler
                0x08001094                FMC_IRQHandler
                0x08001094                FDCAN_CAL_IRQHandler
                0x08001094                SWPMI1_IRQHandler
                0x08001094                COMP1_IRQHandler
                0x08001094                LPTIM1_IRQHandler
                0x08001094                I2C4_ER_IRQHandler
                0x08001094                DMA2_Stream6_IRQHandler
                0x08001094                SAI1_IRQHandler
                0x08001094                DMA1_Stream3_IRQHandler
 *fill*         0x08001096        0x2 
 .text.HAL_Init
                0x08001098       0x78 ./Drivers/STM32H7xx_HAL_Driver/Src/stm32h7xx_hal.o
                0x08001098                HAL_Init
 .text.HAL_InitTick
                0x08001110       0x6c ./Drivers/STM32H7xx_HAL_Driver/Src/stm32h7xx_hal.o
                0x08001110                HAL_InitTick
 .text.HAL_IncTick
                0x0800117c       0x28 ./Drivers/STM32H7xx_HAL_Driver/Src/stm32h7xx_hal.o
                0x0800117c                HAL_IncTick
 .text.HAL_GetTick
                0x080011a4       0x18 ./Drivers/STM32H7xx_HAL_Driver/Src/stm32h7xx_hal.o
                0x080011a4                HAL_GetTick
 .text.HAL_Delay
                0x080011bc       0x48 ./Drivers/STM32H7xx_HAL_Driver/Src/stm32h7xx_hal.o
                0x080011bc                HAL_Delay
 .text.HAL_GetREVID
                0x08001204       0x18 ./Drivers/STM32H7xx_HAL_Driver/Src/stm32h7xx_hal.o
                0x08001204                HAL_GetREVID
 .text.__NVIC_SetPriorityGrouping
                0x0800121c       0x48 ./Drivers/STM32H7xx_HAL_Driver/Src/stm32h7xx_hal_cortex.o
 .text.__NVIC_GetPriorityGrouping
                0x08001264       0x1c ./Drivers/STM32H7xx_HAL_Driver/Src/stm32h7xx_hal_cortex.o
 .text.__NVIC_EnableIRQ
                0x08001280       0x3c ./Drivers/STM32H7xx_HAL_Driver/Src/stm32h7xx_hal_cortex.o
 .text.__NVIC_DisableIRQ
                0x080012bc       0x48 ./Drivers/STM32H7xx_HAL_Driver/Src/stm32h7xx_hal_cortex.o
 .text.__NVIC_SetPriority
                0x08001304       0x54 ./Drivers/STM32H7xx_HAL_Driver/Src/stm32h7xx_hal_cortex.o
 .text.NVIC_EncodePriority
                0x08001358       0x66 ./Drivers/STM32H7xx_HAL_Driver/Src/stm32h7xx_hal_cortex.o
 *fill*         0x080013be        0x2 
 .text.SysTick_Config
                0x080013c0       0x44 ./Drivers/STM32H7xx_HAL_Driver/Src/stm32h7xx_hal_cortex.o
 .text.HAL_NVIC_SetPriorityGrouping
                0x08001404       0x16 ./Drivers/STM32H7xx_HAL_Driver/Src/stm32h7xx_hal_cortex.o
                0x08001404                HAL_NVIC_SetPriorityGrouping
 .text.HAL_NVIC_SetPriority
                0x0800141a       0x34 ./Drivers/STM32H7xx_HAL_Driver/Src/stm32h7xx_hal_cortex.o
                0x0800141a                HAL_NVIC_SetPriority
 .text.HAL_NVIC_EnableIRQ
                0x0800144e       0x1c ./Drivers/STM32H7xx_HAL_Driver/Src/stm32h7xx_hal_cortex.o
                0x0800144e                HAL_NVIC_EnableIRQ
 .text.HAL_NVIC_DisableIRQ
                0x0800146a       0x1c ./Drivers/STM32H7xx_HAL_Driver/Src/stm32h7xx_hal_cortex.o
                0x0800146a                HAL_NVIC_DisableIRQ
 .text.HAL_SYSTICK_Config
                0x08001486       0x18 ./Drivers/STM32H7xx_HAL_Driver/Src/stm32h7xx_hal_cortex.o
                0x08001486                HAL_SYSTICK_Config
 *fill*         0x0800149e        0x2 
 .text.HAL_GPIO_Init
                0x080014a0      0x360 ./Drivers/STM32H7xx_HAL_Driver/Src/stm32h7xx_hal_gpio.o
                0x080014a0                HAL_GPIO_Init
 .text.HAL_GPIO_DeInit
                0x08001800      0x214 ./Drivers/STM32H7xx_HAL_Driver/Src/stm32h7xx_hal_gpio.o
                0x08001800                HAL_GPIO_DeInit
 .text.HAL_MDMA_Abort_IT
                0x08001a14       0x4e ./Drivers/STM32H7xx_HAL_Driver/Src/stm32h7xx_hal_mdma.o
                0x08001a14                HAL_MDMA_Abort_IT
 *fill*         0x08001a62        0x2 
 .text.HAL_PWREx_ConfigSupply
                0x08001a64       0x74 ./Drivers/STM32H7xx_HAL_Driver/Src/stm32h7xx_hal_pwr_ex.o
                0x08001a64                HAL_PWREx_ConfigSupply
 .text.HAL_QSPI_Init
                0x08001ad8       0xe8 ./Drivers/STM32H7xx_HAL_Driver/Src/stm32h7xx_hal_qspi.o
                0x08001ad8                HAL_QSPI_Init
 .text.HAL_QSPI_DeInit
                0x08001bc0       0x40 ./Drivers/STM32H7xx_HAL_Driver/Src/stm32h7xx_hal_qspi.o
                0x08001bc0                HAL_QSPI_DeInit
 .text.HAL_QSPI_IRQHandler
                0x08001c00      0x374 ./Drivers/STM32H7xx_HAL_Driver/Src/stm32h7xx_hal_qspi.o
                0x08001c00                HAL_QSPI_IRQHandler
 .text.HAL_QSPI_Command
                0x08001f74       0xbc ./Drivers/STM32H7xx_HAL_Driver/Src/stm32h7xx_hal_qspi.o
                0x08001f74                HAL_QSPI_Command
 .text.HAL_QSPI_Transmit
                0x08002030      0x124 ./Drivers/STM32H7xx_HAL_Driver/Src/stm32h7xx_hal_qspi.o
                0x08002030                HAL_QSPI_Transmit
 .text.HAL_QSPI_Receive
                0x08002154      0x13a ./Drivers/STM32H7xx_HAL_Driver/Src/stm32h7xx_hal_qspi.o
                0x08002154                HAL_QSPI_Receive
 .text.HAL_QSPI_AutoPolling
                0x0800228e       0xee ./Drivers/STM32H7xx_HAL_Driver/Src/stm32h7xx_hal_qspi.o
                0x0800228e                HAL_QSPI_AutoPolling
 .text.HAL_QSPI_MemoryMapped
                0x0800237c       0xc4 ./Drivers/STM32H7xx_HAL_Driver/Src/stm32h7xx_hal_qspi.o
                0x0800237c                HAL_QSPI_MemoryMapped
 .text.HAL_QSPI_ErrorCallback
                0x08002440       0x14 ./Drivers/STM32H7xx_HAL_Driver/Src/stm32h7xx_hal_qspi.o
                0x08002440                HAL_QSPI_ErrorCallback
 .text.HAL_QSPI_AbortCpltCallback
                0x08002454       0x14 ./Drivers/STM32H7xx_HAL_Driver/Src/stm32h7xx_hal_qspi.o
                0x08002454                HAL_QSPI_AbortCpltCallback
 .text.HAL_QSPI_CmdCpltCallback
                0x08002468       0x14 ./Drivers/STM32H7xx_HAL_Driver/Src/stm32h7xx_hal_qspi.o
                0x08002468                HAL_QSPI_CmdCpltCallback
 .text.HAL_QSPI_RxCpltCallback
                0x0800247c       0x14 ./Drivers/STM32H7xx_HAL_Driver/Src/stm32h7xx_hal_qspi.o
                0x0800247c                HAL_QSPI_RxCpltCallback
 .text.HAL_QSPI_TxCpltCallback
                0x08002490       0x14 ./Drivers/STM32H7xx_HAL_Driver/Src/stm32h7xx_hal_qspi.o
                0x08002490                HAL_QSPI_TxCpltCallback
 .text.HAL_QSPI_FifoThresholdCallback
                0x080024a4       0x14 ./Drivers/STM32H7xx_HAL_Driver/Src/stm32h7xx_hal_qspi.o
                0x080024a4                HAL_QSPI_FifoThresholdCallback
 .text.HAL_QSPI_StatusMatchCallback
                0x080024b8       0x14 ./Drivers/STM32H7xx_HAL_Driver/Src/stm32h7xx_hal_qspi.o
                0x080024b8                HAL_QSPI_StatusMatchCallback
 .text.HAL_QSPI_TimeOutCallback
                0x080024cc       0x14 ./Drivers/STM32H7xx_HAL_Driver/Src/stm32h7xx_hal_qspi.o
                0x080024cc                HAL_QSPI_TimeOutCallback
 .text.HAL_QSPI_SetTimeout
                0x080024e0       0x1c ./Drivers/STM32H7xx_HAL_Driver/Src/stm32h7xx_hal_qspi.o
                0x080024e0                HAL_QSPI_SetTimeout
 .text.QSPI_DMAAbortCplt
                0x080024fc       0x66 ./Drivers/STM32H7xx_HAL_Driver/Src/stm32h7xx_hal_qspi.o
 .text.QSPI_WaitFlagStateUntilTimeout
                0x08002562       0x6e ./Drivers/STM32H7xx_HAL_Driver/Src/stm32h7xx_hal_qspi.o
 .text.QSPI_Config
                0x080025d0      0x30c ./Drivers/STM32H7xx_HAL_Driver/Src/stm32h7xx_hal_qspi.o
 .text.HAL_RCC_OscConfig
                0x080028dc      0x85c ./Drivers/STM32H7xx_HAL_Driver/Src/stm32h7xx_hal_rcc.o
                0x080028dc                HAL_RCC_OscConfig
 .text.HAL_RCC_ClockConfig
                0x08003138      0x36c ./Drivers/STM32H7xx_HAL_Driver/Src/stm32h7xx_hal_rcc.o
                0x08003138                HAL_RCC_ClockConfig
 .text.HAL_RCC_GetSysClockFreq
                0x080034a4      0x2f4 ./Drivers/STM32H7xx_HAL_Driver/Src/stm32h7xx_hal_rcc.o
                0x080034a4                HAL_RCC_GetSysClockFreq
 .text.HAL_RCCEx_PeriphCLKConfig
                0x08003798      0xe8c ./Drivers/STM32H7xx_HAL_Driver/Src/stm32h7xx_hal_rcc_ex.o
                0x08003798                HAL_RCCEx_PeriphCLKConfig
 .text.RCCEx_PLL2_Config
                0x08004624      0x164 ./Drivers/STM32H7xx_HAL_Driver/Src/stm32h7xx_hal_rcc_ex.o
 .text.RCCEx_PLL3_Config
                0x08004788      0x164 ./Drivers/STM32H7xx_HAL_Driver/Src/stm32h7xx_hal_rcc_ex.o
 .text.memset   0x080048ec       0x10 /opt/st/stm32cubeide_1.16.1/plugins/com.st.stm32cube.ide.mcu.externaltools.gnu-tools-for-stm32.12.3.rel1.linux64_1.0.200.202406132123/tools/bin/../lib/gcc/arm-none-eabi/12.3.1/../../../../arm-none-eabi/lib/thumb/v7e-m+dp/hard/libc_nano.a(libc_a-memset.o)
                0x080048ec                memset
 .text.__libc_init_array
                0x080048fc       0x48 /opt/st/stm32cubeide_1.16.1/plugins/com.st.stm32cube.ide.mcu.externaltools.gnu-tools-for-stm32.12.3.rel1.linux64_1.0.200.202406132123/tools/bin/../lib/gcc/arm-none-eabi/12.3.1/../../../../arm-none-eabi/lib/thumb/v7e-m+dp/hard/libc_nano.a(libc_a-init.o)
                0x080048fc                __libc_init_array
 *(.glue_7)
 .glue_7        0x08004944        0x0 linker stubs
 *(.glue_7t)
 .glue_7t       0x08004944        0x0 linker stubs
 *(.eh_frame)
 .eh_frame      0x08004944        0x0 /opt/st/stm32cubeide_1.16.1/plugins/com.st.stm32cube.ide.mcu.externaltools.gnu-tools-for-stm32.12.3.rel1.linux64_1.0.200.202406132123/tools/bin/../lib/gcc/arm-none-eabi/12.3.1/thumb/v7e-m+dp/hard/crtbegin.o
 *(.init)
 .init          0x08004944        0x4 /opt/st/stm32cubeide_1.16.1/plugins/com.st.stm32cube.ide.mcu.externaltools.gnu-tools-for-stm32.12.3.rel1.linux64_1.0.200.202406132123/tools/bin/../lib/gcc/arm-none-eabi/12.3.1/thumb/v7e-m+dp/hard/crti.o
                0x08004944                _init
 .init          0x08004948        0x8 /opt/st/stm32cubeide_1.16.1/plugins/com.st.stm32cube.ide.mcu.externaltools.gnu-tools-for-stm32.12.3.rel1.linux64_1.0.200.202406132123/tools/bin/../lib/gcc/arm-none-eabi/12.3.1/thumb/v7e-m+dp/hard/crtn.o
 *(.fini)
 .fini          0x08004950        0x4 /opt/st/stm32cubeide_1.16.1/plugins/com.st.stm32cube.ide.mcu.externaltools.gnu-tools-for-stm32.12.3.rel1.linux64_1.0.200.202406132123/tools/bin/../lib/gcc/arm-none-eabi/12.3.1/thumb/v7e-m+dp/hard/crti.o
                0x08004950                _fini
 .fini          0x08004954        0x8 /opt/st/stm32cubeide_1.16.1/plugins/com.st.stm32cube.ide.mcu.externaltools.gnu-tools-for-stm32.12.3.rel1.linux64_1.0.200.202406132123/tools/bin/../lib/gcc/arm-none-eabi/12.3.1/thumb/v7e-m+dp/hard/crtn.o
                0x0800495c                        . = ALIGN (0x4)
                0x0800495c                        _etext = .

.vfp11_veneer   0x0800495c        0x0
 .vfp11_veneer  0x0800495c        0x0 linker stubs

.v4_bx          0x0800495c        0x0
 .v4_bx         0x0800495c        0x0 linker stubs

.iplt           0x0800495c        0x0
 .iplt          0x0800495c        0x0 /opt/st/stm32cubeide_1.16.1/plugins/com.st.stm32cube.ide.mcu.externaltools.gnu-tools-for-stm32.12.3.rel1.linux64_1.0.200.202406132123/tools/bin/../lib/gcc/arm-none-eabi/12.3.1/thumb/v7e-m+dp/hard/crtbegin.o

.rodata         0x0800495c       0x10
                0x0800495c                        . = ALIGN (0x4)
 *(.rodata)
 *(.rodata*)
 .rodata.D1CorePrescTable
                0x0800495c       0x10 ./Core/Src/system_stm32h7xx.o
                0x0800495c                D1CorePrescTable
                0x0800496c                        . = ALIGN (0x4)

.rel.dyn        0x0800496c        0x0
 .rel.iplt      0x0800496c        0x0 /opt/st/stm32cubeide_1.16.1/plugins/com.st.stm32cube.ide.mcu.externaltools.gnu-tools-for-stm32.12.3.rel1.linux64_1.0.200.202406132123/tools/bin/../lib/gcc/arm-none-eabi/12.3.1/thumb/v7e-m+dp/hard/crtbegin.o

.ARM.extab
 *(.ARM.extab* .gnu.linkonce.armextab.*)

.ARM            0x0800496c        0x0
                0x0800496c                        __exidx_start = .
 *(.ARM.exidx*)
                0x0800496c                        __exidx_end = .

.preinit_array  0x0800496c        0x0
                0x0800496c                        PROVIDE (__preinit_array_start = .)
 *(.preinit_array*)
                0x0800496c                        PROVIDE (__preinit_array_end = .)

.init_array     0x0800496c        0x4
                0x0800496c                        PROVIDE (__init_array_start = .)
 *(SORT_BY_NAME(.init_array.*))
 *(.init_array*)
 .init_array    0x0800496c        0x4 /opt/st/stm32cubeide_1.16.1/plugins/com.st.stm32cube.ide.mcu.externaltools.gnu-tools-for-stm32.12.3.rel1.linux64_1.0.200.202406132123/tools/bin/../lib/gcc/arm-none-eabi/12.3.1/thumb/v7e-m+dp/hard/crtbegin.o
                0x08004970                        PROVIDE (__init_array_end = .)

.fini_array     0x08004970        0x4
                [!provide]                        PROVIDE (__fini_array_start = .)
 *(SORT_BY_NAME(.fini_array.*))
 *(.fini_array*)
 .fini_array    0x08004970        0x4 /opt/st/stm32cubeide_1.16.1/plugins/com.st.stm32cube.ide.mcu.externaltools.gnu-tools-for-stm32.12.3.rel1.linux64_1.0.200.202406132123/tools/bin/../lib/gcc/arm-none-eabi/12.3.1/thumb/v7e-m+dp/hard/crtbegin.o
                [!provide]                        PROVIDE (__fini_array_end = .)
                0x08004974                        _sidata = LOADADDR (.data)

.data           0x24000000       0x10 load address 0x08004974
                0x24000000                        . = ALIGN (0x4)
                0x24000000                        _sdata = .
 *(.data)
 *(.data*)
 .data.SystemCoreClock
                0x24000000        0x4 ./Core/Src/system_stm32h7xx.o
                0x24000000                SystemCoreClock
 .data.SystemD2Clock
                0x24000004        0x4 ./Core/Src/system_stm32h7xx.o
                0x24000004                SystemD2Clock
 .data.uwTickPrio
                0x24000008        0x4 ./Drivers/STM32H7xx_HAL_Driver/Src/stm32h7xx_hal.o
                0x24000008                uwTickPrio
 .data.uwTickFreq
                0x2400000c        0x1 ./Drivers/STM32H7xx_HAL_Driver/Src/stm32h7xx_hal.o
                0x2400000c                uwTickFreq
 *(.RamFunc)
 *(.RamFunc*)
                0x24000010                        . = ALIGN (0x4)
 *fill*         0x2400000d        0x3 
                0x24000010                        _edata = .

.igot.plt       0x24000010        0x0 load address 0x08004984
 .igot.plt      0x24000010        0x0 /opt/st/stm32cubeide_1.16.1/plugins/com.st.stm32cube.ide.mcu.externaltools.gnu-tools-for-stm32.12.3.rel1.linux64_1.0.200.202406132123/tools/bin/../lib/gcc/arm-none-eabi/12.3.1/thumb/v7e-m+dp/hard/crtbegin.o
                0x24000010                        . = ALIGN (0x4)

.bss            0x24000010       0x70 load address 0x08004984
                0x24000010                        _sbss = .
                0x24000010                        __bss_start__ = _sbss
 *(.bss)
 .bss           0x24000010       0x1c /opt/st/stm32cubeide_1.16.1/plugins/com.st.stm32cube.ide.mcu.externaltools.gnu-tools-for-stm32.12.3.rel1.linux64_1.0.200.202406132123/tools/bin/../lib/gcc/arm-none-eabi/12.3.1/thumb/v7e-m+dp/hard/crtbegin.o
 *(.bss*)
 .bss.JumpToApplication
                0x2400002c        0x4 ./Core/Src/main.o
                0x2400002c                JumpToApplication
 .bss.hqspi     0x24000030       0x4c ./Core/Src/quadspi.o
                0x24000030                hqspi
 .bss.uwTick    0x2400007c        0x4 ./Drivers/STM32H7xx_HAL_Driver/Src/stm32h7xx_hal.o
                0x2400007c                uwTick
 *(COMMON)
                0x24000080                        . = ALIGN (0x4)
                0x24000080                        _ebss = .
                0x24000080                        __bss_end__ = _ebss

._user_heap_stack
                0x24000080      0x600 load address 0x08004984
                0x24000080                        . = ALIGN (0x8)
                [!provide]                        PROVIDE (end = .)
                0x24000080                        PROVIDE (_end = .)
                0x24000280                        . = (. + _Min_Heap_Size)
 *fill*         0x24000080      0x200 
                0x24000680                        . = (. + _Min_Stack_Size)
 *fill*         0x24000280      0x400 
                0x24000680                        . = ALIGN (0x8)

/DISCARD/
 libc.a(*)
 libm.a(*)
 libgcc.a(*)

.ARM.attributes
                0x00000000       0x2e
 *(.ARM.attributes)
 .ARM.attributes
                0x00000000       0x20 /opt/st/stm32cubeide_1.16.1/plugins/com.st.stm32cube.ide.mcu.externaltools.gnu-tools-for-stm32.12.3.rel1.linux64_1.0.200.202406132123/tools/bin/../lib/gcc/arm-none-eabi/12.3.1/thumb/v7e-m+dp/hard/crti.o
 .ARM.attributes
                0x00000020       0x32 /opt/st/stm32cubeide_1.16.1/plugins/com.st.stm32cube.ide.mcu.externaltools.gnu-tools-for-stm32.12.3.rel1.linux64_1.0.200.202406132123/tools/bin/../lib/gcc/arm-none-eabi/12.3.1/thumb/v7e-m+dp/hard/crtbegin.o
 .ARM.attributes
                0x00000052       0x32 ./Core/Src/gpio.o
 .ARM.attributes
                0x00000084       0x32 ./Core/Src/main.o
 .ARM.attributes
                0x000000b6       0x32 ./Core/Src/quadspi.o
 .ARM.attributes
                0x000000e8       0x32 ./Core/Src/stm32h7xx_hal_msp.o
 .ARM.attributes
                0x0000011a       0x32 ./Core/Src/stm32h7xx_it.o
 .ARM.attributes
                0x0000014c       0x32 ./Core/Src/system_stm32h7xx.o
 .ARM.attributes
                0x0000017e       0x21 ./Core/Startup/startup_stm32h750vbtx.o
 .ARM.attributes
                0x0000019f       0x32 ./Drivers/STM32H7xx_HAL_Driver/Src/stm32h7xx_hal.o
 .ARM.attributes
                0x000001d1       0x32 ./Drivers/STM32H7xx_HAL_Driver/Src/stm32h7xx_hal_cortex.o
 .ARM.attributes
                0x00000203       0x32 ./Drivers/STM32H7xx_HAL_Driver/Src/stm32h7xx_hal_gpio.o
 .ARM.attributes
                0x00000235       0x32 ./Drivers/STM32H7xx_HAL_Driver/Src/stm32h7xx_hal_mdma.o
 .ARM.attributes
                0x00000267       0x32 ./Drivers/STM32H7xx_HAL_Driver/Src/stm32h7xx_hal_pwr_ex.o
 .ARM.attributes
                0x00000299       0x32 ./Drivers/STM32H7xx_HAL_Driver/Src/stm32h7xx_hal_qspi.o
 .ARM.attributes
                0x000002cb       0x32 ./Drivers/STM32H7xx_HAL_Driver/Src/stm32h7xx_hal_rcc.o
 .ARM.attributes
                0x000002fd       0x32 ./Drivers/STM32H7xx_HAL_Driver/Src/stm32h7xx_hal_rcc_ex.o
 .ARM.attributes
                0x0000032f       0x32 /opt/st/stm32cubeide_1.16.1/plugins/com.st.stm32cube.ide.mcu.externaltools.gnu-tools-for-stm32.12.3.rel1.linux64_1.0.200.202406132123/tools/bin/../lib/gcc/arm-none-eabi/12.3.1/../../../../arm-none-eabi/lib/thumb/v7e-m+dp/hard/libc_nano.a(libc_a-memset.o)
 .ARM.attributes
                0x00000361       0x32 /opt/st/stm32cubeide_1.16.1/plugins/com.st.stm32cube.ide.mcu.externaltools.gnu-tools-for-stm32.12.3.rel1.linux64_1.0.200.202406132123/tools/bin/../lib/gcc/arm-none-eabi/12.3.1/../../../../arm-none-eabi/lib/thumb/v7e-m+dp/hard/libc_nano.a(libc_a-init.o)
 .ARM.attributes
                0x00000393       0x20 /opt/st/stm32cubeide_1.16.1/plugins/com.st.stm32cube.ide.mcu.externaltools.gnu-tools-for-stm32.12.3.rel1.linux64_1.0.200.202406132123/tools/bin/../lib/gcc/arm-none-eabi/12.3.1/thumb/v7e-m+dp/hard/crtn.o
OUTPUT(Orion_Boot.elf elf32-littlearm)
LOAD linker stubs
LOAD /opt/st/stm32cubeide_1.16.1/plugins/com.st.stm32cube.ide.mcu.externaltools.gnu-tools-for-stm32.12.3.rel1.linux64_1.0.200.202406132123/tools/bin/../lib/gcc/arm-none-eabi/12.3.1/../../../../arm-none-eabi/lib/thumb/v7e-m+dp/hard/libc.a
LOAD /opt/st/stm32cubeide_1.16.1/plugins/com.st.stm32cube.ide.mcu.externaltools.gnu-tools-for-stm32.12.3.rel1.linux64_1.0.200.202406132123/tools/bin/../lib/gcc/arm-none-eabi/12.3.1/../../../../arm-none-eabi/lib/thumb/v7e-m+dp/hard/libm.a
LOAD /opt/st/stm32cubeide_1.16.1/plugins/com.st.stm32cube.ide.mcu.externaltools.gnu-tools-for-stm32.12.3.rel1.linux64_1.0.200.202406132123/tools/bin/../lib/gcc/arm-none-eabi/12.3.1/thumb/v7e-m+dp/hard/libgcc.a

.debug_info     0x00000000     0xc790
 .debug_info    0x00000000      0x4b3 ./Core/Src/gpio.o
 .debug_info    0x000004b3     0x1085 ./Core/Src/main.o
 .debug_info    0x00001538     0x1876 ./Core/Src/quadspi.o
 .debug_info    0x00002dae      0x464 ./Core/Src/stm32h7xx_hal_msp.o
 .debug_info    0x00003212      0x78d ./Core/Src/stm32h7xx_it.o
 .debug_info    0x0000399f      0xcef ./Core/Src/system_stm32h7xx.o
 .debug_info    0x0000468e       0x30 ./Core/Startup/startup_stm32h750vbtx.o
 .debug_info    0x000046be     0x1541 ./Drivers/STM32H7xx_HAL_Driver/Src/stm32h7xx_hal.o
 .debug_info    0x00005bff     0x1066 ./Drivers/STM32H7xx_HAL_Driver/Src/stm32h7xx_hal_cortex.o
 .debug_info    0x00006c65      0xc4b ./Drivers/STM32H7xx_HAL_Driver/Src/stm32h7xx_hal_gpio.o
 .debug_info    0x000078b0      0xbbe ./Drivers/STM32H7xx_HAL_Driver/Src/stm32h7xx_hal_mdma.o
 .debug_info    0x0000846e     0x1008 ./Drivers/STM32H7xx_HAL_Driver/Src/stm32h7xx_hal_pwr_ex.o
 .debug_info    0x00009476     0x12ae ./Drivers/STM32H7xx_HAL_Driver/Src/stm32h7xx_hal_qspi.o
 .debug_info    0x0000a724      0xe7a ./Drivers/STM32H7xx_HAL_Driver/Src/stm32h7xx_hal_rcc.o
 .debug_info    0x0000b59e     0x11f2 ./Drivers/STM32H7xx_HAL_Driver/Src/stm32h7xx_hal_rcc_ex.o

.debug_abbrev   0x00000000     0x1e28
 .debug_abbrev  0x00000000       0xe8 ./Core/Src/gpio.o
 .debug_abbrev  0x000000e8      0x2d2 ./Core/Src/main.o
 .debug_abbrev  0x000003ba      0x2d8 ./Core/Src/quadspi.o
 .debug_abbrev  0x00000692       0xdb ./Core/Src/stm32h7xx_hal_msp.o
 .debug_abbrev  0x0000076d      0x16a ./Core/Src/stm32h7xx_it.o
 .debug_abbrev  0x000008d7      0x14c ./Core/Src/system_stm32h7xx.o
 .debug_abbrev  0x00000a23       0x24 ./Core/Startup/startup_stm32h750vbtx.o
 .debug_abbrev  0x00000a47      0x295 ./Drivers/STM32H7xx_HAL_Driver/Src/stm32h7xx_hal.o
 .debug_abbrev  0x00000cdc      0x339 ./Drivers/STM32H7xx_HAL_Driver/Src/stm32h7xx_hal_cortex.o
 .debug_abbrev  0x00001015      0x1fe ./Drivers/STM32H7xx_HAL_Driver/Src/stm32h7xx_hal_gpio.o
 .debug_abbrev  0x00001213      0x1f8 ./Drivers/STM32H7xx_HAL_Driver/Src/stm32h7xx_hal_mdma.o
 .debug_abbrev  0x0000140b      0x2a7 ./Drivers/STM32H7xx_HAL_Driver/Src/stm32h7xx_hal_pwr_ex.o
 .debug_abbrev  0x000016b2      0x246 ./Drivers/STM32H7xx_HAL_Driver/Src/stm32h7xx_hal_qspi.o
 .debug_abbrev  0x000018f8      0x2c7 ./Drivers/STM32H7xx_HAL_Driver/Src/stm32h7xx_hal_rcc.o
 .debug_abbrev  0x00001bbf      0x269 ./Drivers/STM32H7xx_HAL_Driver/Src/stm32h7xx_hal_rcc_ex.o

.debug_aranges  0x00000000      0x990
 .debug_aranges
                0x00000000       0x20 ./Core/Src/gpio.o
 .debug_aranges
                0x00000020       0x30 ./Core/Src/main.o
 .debug_aranges
                0x00000050       0x78 ./Core/Src/quadspi.o
 .debug_aranges
                0x000000c8       0x20 ./Core/Src/stm32h7xx_hal_msp.o
 .debug_aranges
                0x000000e8       0x68 ./Core/Src/stm32h7xx_it.o
 .debug_aranges
                0x00000150       0x28 ./Core/Src/system_stm32h7xx.o
 .debug_aranges
                0x00000178       0x28 ./Core/Startup/startup_stm32h750vbtx.o
 .debug_aranges
                0x000001a0      0x198 ./Drivers/STM32H7xx_HAL_Driver/Src/stm32h7xx_hal.o
 .debug_aranges
                0x00000338      0x120 ./Drivers/STM32H7xx_HAL_Driver/Src/stm32h7xx_hal_cortex.o
 .debug_aranges
                0x00000458       0x58 ./Drivers/STM32H7xx_HAL_Driver/Src/stm32h7xx_hal_gpio.o
 .debug_aranges
                0x000004b0       0xc0 ./Drivers/STM32H7xx_HAL_Driver/Src/stm32h7xx_hal_mdma.o
 .debug_aranges
                0x00000570      0x158 ./Drivers/STM32H7xx_HAL_Driver/Src/stm32h7xx_hal_pwr_ex.o
 .debug_aranges
                0x000006c8      0x148 ./Drivers/STM32H7xx_HAL_Driver/Src/stm32h7xx_hal_qspi.o
 .debug_aranges
                0x00000810       0x88 ./Drivers/STM32H7xx_HAL_Driver/Src/stm32h7xx_hal_rcc.o
 .debug_aranges
                0x00000898       0xf8 ./Drivers/STM32H7xx_HAL_Driver/Src/stm32h7xx_hal_rcc_ex.o

.debug_rnglists
                0x00000000      0x72b
 .debug_rnglists
                0x00000000       0x14 ./Core/Src/gpio.o
 .debug_rnglists
                0x00000014       0x21 ./Core/Src/main.o
 .debug_rnglists
                0x00000035       0x5b ./Core/Src/quadspi.o
 .debug_rnglists
                0x00000090       0x13 ./Core/Src/stm32h7xx_hal_msp.o
 .debug_rnglists
                0x000000a3       0x49 ./Core/Src/stm32h7xx_it.o
 .debug_rnglists
                0x000000ec       0x1b ./Core/Src/system_stm32h7xx.o
 .debug_rnglists
                0x00000107       0x19 ./Core/Startup/startup_stm32h750vbtx.o
 .debug_rnglists
                0x00000120      0x131 ./Drivers/STM32H7xx_HAL_Driver/Src/stm32h7xx_hal.o
 .debug_rnglists
                0x00000251       0xd4 ./Drivers/STM32H7xx_HAL_Driver/Src/stm32h7xx_hal_cortex.o
 .debug_rnglists
                0x00000325       0x3f ./Drivers/STM32H7xx_HAL_Driver/Src/stm32h7xx_hal_gpio.o
 .debug_rnglists
                0x00000364       0x9c ./Drivers/STM32H7xx_HAL_Driver/Src/stm32h7xx_hal_mdma.o
 .debug_rnglists
                0x00000400      0x102 ./Drivers/STM32H7xx_HAL_Driver/Src/stm32h7xx_hal_pwr_ex.o
 .debug_rnglists
                0x00000502      0x101 ./Drivers/STM32H7xx_HAL_Driver/Src/stm32h7xx_hal_qspi.o
 .debug_rnglists
                0x00000603       0x68 ./Drivers/STM32H7xx_HAL_Driver/Src/stm32h7xx_hal_rcc.o
 .debug_rnglists
                0x0000066b       0xc0 ./Drivers/STM32H7xx_HAL_Driver/Src/stm32h7xx_hal_rcc_ex.o

.debug_macro    0x00000000    0x35a65
 .debug_macro   0x00000000      0x29e ./Core/Src/gpio.o
 .debug_macro   0x0000029e      0xacc ./Core/Src/gpio.o
 .debug_macro   0x00000d6a      0x232 ./Core/Src/gpio.o
 .debug_macro   0x00000f9c       0x2e ./Core/Src/gpio.o
 .debug_macro   0x00000fca       0x3b ./Core/Src/gpio.o
 .debug_macro   0x00001005       0x22 ./Core/Src/gpio.o
 .debug_macro   0x00001027       0x8e ./Core/Src/gpio.o
 .debug_macro   0x000010b5       0x51 ./Core/Src/gpio.o
 .debug_macro   0x00001106      0x103 ./Core/Src/gpio.o
 .debug_macro   0x00001209       0x6a ./Core/Src/gpio.o
 .debug_macro   0x00001273      0x1df ./Core/Src/gpio.o
 .debug_macro   0x00001452       0x1c ./Core/Src/gpio.o
 .debug_macro   0x0000146e       0x22 ./Core/Src/gpio.o
 .debug_macro   0x00001490       0xfb ./Core/Src/gpio.o
 .debug_macro   0x0000158b     0x1305 ./Core/Src/gpio.o
 .debug_macro   0x00002890      0x11f ./Core/Src/gpio.o
 .debug_macro   0x000029af       0x27 ./Core/Src/gpio.o
 .debug_macro   0x000029d6    0x25e6f ./Core/Src/gpio.o
 .debug_macro   0x00028845       0x6d ./Core/Src/gpio.o
 .debug_macro   0x000288b2     0x3d22 ./Core/Src/gpio.o
 .debug_macro   0x0002c5d4      0x189 ./Core/Src/gpio.o
 .debug_macro   0x0002c75d       0x61 ./Core/Src/gpio.o
 .debug_macro   0x0002c7be       0x29 ./Core/Src/gpio.o
 .debug_macro   0x0002c7e7       0x43 ./Core/Src/gpio.o
 .debug_macro   0x0002c82a       0x34 ./Core/Src/gpio.o
 .debug_macro   0x0002c85e       0x16 ./Core/Src/gpio.o
 .debug_macro   0x0002c874       0x43 ./Core/Src/gpio.o
 .debug_macro   0x0002c8b7       0x34 ./Core/Src/gpio.o
 .debug_macro   0x0002c8eb       0x10 ./Core/Src/gpio.o
 .debug_macro   0x0002c8fb       0x58 ./Core/Src/gpio.o
 .debug_macro   0x0002c953       0x8e ./Core/Src/gpio.o
 .debug_macro   0x0002c9e1       0x1c ./Core/Src/gpio.o
 .debug_macro   0x0002c9fd      0x177 ./Core/Src/gpio.o
 .debug_macro   0x0002cb74      0x369 ./Core/Src/gpio.o
 .debug_macro   0x0002cedd      0x19b ./Core/Src/gpio.o
 .debug_macro   0x0002d078       0x5d ./Core/Src/gpio.o
 .debug_macro   0x0002d0d5     0x240e ./Core/Src/gpio.o
 .debug_macro   0x0002f4e3     0x1002 ./Core/Src/gpio.o
 .debug_macro   0x000304e5      0x14d ./Core/Src/gpio.o
 .debug_macro   0x00030632      0x114 ./Core/Src/gpio.o
 .debug_macro   0x00030746      0x3b2 ./Core/Src/gpio.o
 .debug_macro   0x00030af8       0xac ./Core/Src/gpio.o
 .debug_macro   0x00030ba4      0x72d ./Core/Src/gpio.o
 .debug_macro   0x000312d1      0x228 ./Core/Src/gpio.o
 .debug_macro   0x000314f9       0x66 ./Core/Src/gpio.o
 .debug_macro   0x0003155f      0x3bb ./Core/Src/gpio.o
 .debug_macro   0x0003191a      0x3e4 ./Core/Src/gpio.o
 .debug_macro   0x00031cfe      0x275 ./Core/Src/gpio.o
 .debug_macro   0x00031f73      0x3ca ./Core/Src/gpio.o
 .debug_macro   0x0003233d      0x3de ./Core/Src/gpio.o
 .debug_macro   0x0003271b       0x3c ./Core/Src/gpio.o
 .debug_macro   0x00032757       0x4a ./Core/Src/gpio.o
 .debug_macro   0x000327a1      0x22c ./Core/Src/gpio.o
 .debug_macro   0x000329cd       0x67 ./Core/Src/gpio.o
 .debug_macro   0x00032a34       0xa5 ./Core/Src/gpio.o
 .debug_macro   0x00032ad9      0x1c4 ./Core/Src/gpio.o
 .debug_macro   0x00032c9d      0x25e ./Core/Src/gpio.o
 .debug_macro   0x00032efb       0x35 ./Core/Src/gpio.o
 .debug_macro   0x00032f30      0x2d4 ./Core/Src/gpio.o
 .debug_macro   0x00033204      0x5a0 ./Core/Src/gpio.o
 .debug_macro   0x000337a4      0x2b7 ./Core/Src/main.o
 .debug_macro   0x00033a5b       0x7c ./Core/Src/main.o
 .debug_macro   0x00033ad7      0x2a3 ./Core/Src/quadspi.o
 .debug_macro   0x00033d7a      0x294 ./Core/Src/stm32h7xx_hal_msp.o
 .debug_macro   0x0003400e      0x29e ./Core/Src/stm32h7xx_it.o
 .debug_macro   0x000342ac      0x28a ./Core/Src/system_stm32h7xx.o
 .debug_macro   0x00034536      0x2b4 ./Drivers/STM32H7xx_HAL_Driver/Src/stm32h7xx_hal.o
 .debug_macro   0x000347ea      0x28a ./Drivers/STM32H7xx_HAL_Driver/Src/stm32h7xx_hal_cortex.o
 .debug_macro   0x00034a74      0x291 ./Drivers/STM32H7xx_HAL_Driver/Src/stm32h7xx_hal_gpio.o
 .debug_macro   0x00034d05      0x299 ./Drivers/STM32H7xx_HAL_Driver/Src/stm32h7xx_hal_mdma.o
 .debug_macro   0x00034f9e      0x2c3 ./Drivers/STM32H7xx_HAL_Driver/Src/stm32h7xx_hal_pwr_ex.o
 .debug_macro   0x00035261      0x2ae ./Drivers/STM32H7xx_HAL_Driver/Src/stm32h7xx_hal_qspi.o
 .debug_macro   0x0003550f      0x2ae ./Drivers/STM32H7xx_HAL_Driver/Src/stm32h7xx_hal_rcc.o
 .debug_macro   0x000357bd      0x2a8 ./Drivers/STM32H7xx_HAL_Driver/Src/stm32h7xx_hal_rcc_ex.o

.debug_line     0x00000000     0xc652
 .debug_line    0x00000000      0x7cc ./Core/Src/gpio.o
 .debug_line    0x000007cc      0xa5a ./Core/Src/main.o
 .debug_line    0x00001226      0xd91 ./Core/Src/quadspi.o
 .debug_line    0x00001fb7      0x7cc ./Core/Src/stm32h7xx_hal_msp.o
 .debug_line    0x00002783      0x8a8 ./Core/Src/stm32h7xx_it.o
 .debug_line    0x0000302b      0x989 ./Core/Src/system_stm32h7xx.o
 .debug_line    0x000039b4       0x7a ./Core/Startup/startup_stm32h750vbtx.o
 .debug_line    0x00003a2e      0xd7e ./Drivers/STM32H7xx_HAL_Driver/Src/stm32h7xx_hal.o
 .debug_line    0x000047ac      0xd83 ./Drivers/STM32H7xx_HAL_Driver/Src/stm32h7xx_hal_cortex.o
 .debug_line    0x0000552f      0xc56 ./Drivers/STM32H7xx_HAL_Driver/Src/stm32h7xx_hal_gpio.o
 .debug_line    0x00006185     0x1434 ./Drivers/STM32H7xx_HAL_Driver/Src/stm32h7xx_hal_mdma.o
 .debug_line    0x000075b9      0xe95 ./Drivers/STM32H7xx_HAL_Driver/Src/stm32h7xx_hal_pwr_ex.o
 .debug_line    0x0000844e     0x1428 ./Drivers/STM32H7xx_HAL_Driver/Src/stm32h7xx_hal_qspi.o
 .debug_line    0x00009876     0x12ec ./Drivers/STM32H7xx_HAL_Driver/Src/stm32h7xx_hal_rcc.o
 .debug_line    0x0000ab62     0x1af0 ./Drivers/STM32H7xx_HAL_Driver/Src/stm32h7xx_hal_rcc_ex.o

.debug_str      0x00000000   0x1533eb
 .debug_str     0x00000000   0x14f122 ./Core/Src/gpio.o
                             0x14f55c (size before relaxing)
 .debug_str     0x0014f122      0x708 ./Core/Src/main.o
                             0x14fc6e (size before relaxing)
 .debug_str     0x0014f82a     0x138f ./Core/Src/quadspi.o
                             0x150ca8 (size before relaxing)
 .debug_str     0x00150bb9       0x2c ./Core/Src/stm32h7xx_hal_msp.o
                             0x14f55c (size before relaxing)
 .debug_str     0x00150be5       0xf0 ./Core/Src/stm32h7xx_it.o
                             0x14f937 (size before relaxing)
 .debug_str     0x00150cd5      0x237 ./Core/Src/system_stm32h7xx.o
                             0x14f88f (size before relaxing)
 .debug_str     0x00150f0c       0x44 ./Core/Startup/startup_stm32h750vbtx.o
                                 0x7d (size before relaxing)
 .debug_str     0x00150f50      0x7d7 ./Drivers/STM32H7xx_HAL_Driver/Src/stm32h7xx_hal.o
                             0x1507b4 (size before relaxing)
 .debug_str     0x00151727      0x329 ./Drivers/STM32H7xx_HAL_Driver/Src/stm32h7xx_hal_cortex.o
                             0x1501b7 (size before relaxing)
 .debug_str     0x00151a50      0x128 ./Drivers/STM32H7xx_HAL_Driver/Src/stm32h7xx_hal_gpio.o
                             0x14f846 (size before relaxing)
 .debug_str     0x00151b78      0x4f6 ./Drivers/STM32H7xx_HAL_Driver/Src/stm32h7xx_hal_mdma.o
                             0x14fbc3 (size before relaxing)
 .debug_str     0x0015206e      0x642 ./Drivers/STM32H7xx_HAL_Driver/Src/stm32h7xx_hal_pwr_ex.o
                             0x14fd07 (size before relaxing)
 .debug_str     0x001526b0      0x4c2 ./Drivers/STM32H7xx_HAL_Driver/Src/stm32h7xx_hal_qspi.o
                             0x14ffa0 (size before relaxing)
 .debug_str     0x00152b72      0x22e ./Drivers/STM32H7xx_HAL_Driver/Src/stm32h7xx_hal_rcc.o
                             0x14fc2a (size before relaxing)
 .debug_str     0x00152da0      0x64b ./Drivers/STM32H7xx_HAL_Driver/Src/stm32h7xx_hal_rcc_ex.o
                             0x1500e2 (size before relaxing)

.comment        0x00000000       0x43
 .comment       0x00000000       0x43 ./Core/Src/gpio.o
                                 0x44 (size before relaxing)
 .comment       0x00000043       0x44 ./Core/Src/main.o
 .comment       0x00000043       0x44 ./Core/Src/quadspi.o
 .comment       0x00000043       0x44 ./Core/Src/stm32h7xx_hal_msp.o
 .comment       0x00000043       0x44 ./Core/Src/stm32h7xx_it.o
 .comment       0x00000043       0x44 ./Core/Src/system_stm32h7xx.o
 .comment       0x00000043       0x44 ./Drivers/STM32H7xx_HAL_Driver/Src/stm32h7xx_hal.o
 .comment       0x00000043       0x44 ./Drivers/STM32H7xx_HAL_Driver/Src/stm32h7xx_hal_cortex.o
 .comment       0x00000043       0x44 ./Drivers/STM32H7xx_HAL_Driver/Src/stm32h7xx_hal_gpio.o
 .comment       0x00000043       0x44 ./Drivers/STM32H7xx_HAL_Driver/Src/stm32h7xx_hal_mdma.o
 .comment       0x00000043       0x44 ./Drivers/STM32H7xx_HAL_Driver/Src/stm32h7xx_hal_pwr_ex.o
 .comment       0x00000043       0x44 ./Drivers/STM32H7xx_HAL_Driver/Src/stm32h7xx_hal_qspi.o
 .comment       0x00000043       0x44 ./Drivers/STM32H7xx_HAL_Driver/Src/stm32h7xx_hal_rcc.o
 .comment       0x00000043       0x44 ./Drivers/STM32H7xx_HAL_Driver/Src/stm32h7xx_hal_rcc_ex.o

.debug_frame    0x00000000     0x2590
 .debug_frame   0x00000000       0x38 ./Core/Src/gpio.o
 .debug_frame   0x00000038       0x70 ./Core/Src/main.o
 .debug_frame   0x000000a8      0x1b4 ./Core/Src/quadspi.o
 .debug_frame   0x0000025c       0x38 ./Core/Src/stm32h7xx_hal_msp.o
 .debug_frame   0x00000294      0x120 ./Core/Src/stm32h7xx_it.o
 .debug_frame   0x000003b4       0x58 ./Core/Src/system_stm32h7xx.o
 .debug_frame   0x0000040c      0x690 ./Drivers/STM32H7xx_HAL_Driver/Src/stm32h7xx_hal.o
 .debug_frame   0x00000a9c      0x4b8 ./Drivers/STM32H7xx_HAL_Driver/Src/stm32h7xx_hal_cortex.o
 .debug_frame   0x00000f54      0x14c ./Drivers/STM32H7xx_HAL_Driver/Src/stm32h7xx_hal_gpio.o
 .debug_frame   0x000010a0      0x34c ./Drivers/STM32H7xx_HAL_Driver/Src/stm32h7xx_hal_mdma.o
 .debug_frame   0x000013ec      0x580 ./Drivers/STM32H7xx_HAL_Driver/Src/stm32h7xx_hal_pwr_ex.o
 .debug_frame   0x0000196c      0x5ec ./Drivers/STM32H7xx_HAL_Driver/Src/stm32h7xx_hal_qspi.o
 .debug_frame   0x00001f58      0x1f8 ./Drivers/STM32H7xx_HAL_Driver/Src/stm32h7xx_hal_rcc.o
 .debug_frame   0x00002150      0x3f4 ./Drivers/STM32H7xx_HAL_Driver/Src/stm32h7xx_hal_rcc_ex.o
 .debug_frame   0x00002544       0x20 /opt/st/stm32cubeide_1.16.1/plugins/com.st.stm32cube.ide.mcu.externaltools.gnu-tools-for-stm32.12.3.rel1.linux64_1.0.200.202406132123/tools/bin/../lib/gcc/arm-none-eabi/12.3.1/../../../../arm-none-eabi/lib/thumb/v7e-m+dp/hard/libc_nano.a(libc_a-memset.o)
 .debug_frame   0x00002564       0x2c /opt/st/stm32cubeide_1.16.1/plugins/com.st.stm32cube.ide.mcu.externaltools.gnu-tools-for-stm32.12.3.rel1.linux64_1.0.200.202406132123/tools/bin/../lib/gcc/arm-none-eabi/12.3.1/../../../../arm-none-eabi/lib/thumb/v7e-m+dp/hard/libc_nano.a(libc_a-init.o)

.debug_line_str
                0x00000000       0x61
 .debug_line_str
                0x00000000       0x61 ./Core/Startup/startup_stm32h750vbtx.o
