Archive member included to satisfy reference by file (symbol)

/Applications/STM32CubeIDE.app/Contents/Eclipse/plugins/com.st.stm32cube.ide.mcu.externaltools.gnu-tools-for-stm32.7-2018-q2-update.macos64_1.4.0.202007081208/tools/bin/../lib/gcc/arm-none-eabi/7.3.1/../../../../arm-none-eabi/lib/thumb/v7e-m/fpv4-sp/hard/libstdc++_nano.a(pure.o)
                              System/Thread.o (__cxa_pure_virtual)
/Applications/STM32CubeIDE.app/Contents/Eclipse/plugins/com.st.stm32cube.ide.mcu.externaltools.gnu-tools-for-stm32.7-2018-q2-update.macos64_1.4.0.202007081208/tools/bin/../lib/gcc/arm-none-eabi/7.3.1/../../../../arm-none-eabi/lib/thumb/v7e-m/fpv4-sp/hard/libstdc++_nano.a(eh_terminate.o)
                              /Applications/STM32CubeIDE.app/Contents/Eclipse/plugins/com.st.stm32cube.ide.mcu.externaltools.gnu-tools-for-stm32.7-2018-q2-update.macos64_1.4.0.202007081208/tools/bin/../lib/gcc/arm-none-eabi/7.3.1/../../../../arm-none-eabi/lib/thumb/v7e-m/fpv4-sp/hard/libstdc++_nano.a(pure.o) (std::terminate())
/Applications/STM32CubeIDE.app/Contents/Eclipse/plugins/com.st.stm32cube.ide.mcu.externaltools.gnu-tools-for-stm32.7-2018-q2-update.macos64_1.4.0.202007081208/tools/bin/../lib/gcc/arm-none-eabi/7.3.1/../../../../arm-none-eabi/lib/thumb/v7e-m/fpv4-sp/hard/libstdc++_nano.a(eh_unex_handler.o)
                              /Applications/STM32CubeIDE.app/Contents/Eclipse/plugins/com.st.stm32cube.ide.mcu.externaltools.gnu-tools-for-stm32.7-2018-q2-update.macos64_1.4.0.202007081208/tools/bin/../lib/gcc/arm-none-eabi/7.3.1/../../../../arm-none-eabi/lib/thumb/v7e-m/fpv4-sp/hard/libstdc++_nano.a(eh_terminate.o) (__cxxabiv1::__unexpected_handler)
/Applications/STM32CubeIDE.app/Contents/Eclipse/plugins/com.st.stm32cube.ide.mcu.externaltools.gnu-tools-for-stm32.7-2018-q2-update.macos64_1.4.0.202007081208/tools/bin/../lib/gcc/arm-none-eabi/7.3.1/../../../../arm-none-eabi/lib/thumb/v7e-m/fpv4-sp/hard/libstdc++_nano.a(eh_term_handler.o)
                              /Applications/STM32CubeIDE.app/Contents/Eclipse/plugins/com.st.stm32cube.ide.mcu.externaltools.gnu-tools-for-stm32.7-2018-q2-update.macos64_1.4.0.202007081208/tools/bin/../lib/gcc/arm-none-eabi/7.3.1/../../../../arm-none-eabi/lib/thumb/v7e-m/fpv4-sp/hard/libstdc++_nano.a(eh_terminate.o) (__cxxabiv1::__terminate_handler)
/Applications/STM32CubeIDE.app/Contents/Eclipse/plugins/com.st.stm32cube.ide.mcu.externaltools.gnu-tools-for-stm32.7-2018-q2-update.macos64_1.4.0.202007081208/tools/bin/../lib/gcc/arm-none-eabi/7.3.1/../../../../arm-none-eabi/lib/thumb/v7e-m/fpv4-sp/hard/libc_nano.a(lib_a-abort.o)
                              /Applications/STM32CubeIDE.app/Contents/Eclipse/plugins/com.st.stm32cube.ide.mcu.externaltools.gnu-tools-for-stm32.7-2018-q2-update.macos64_1.4.0.202007081208/tools/bin/../lib/gcc/arm-none-eabi/7.3.1/../../../../arm-none-eabi/lib/thumb/v7e-m/fpv4-sp/hard/libstdc++_nano.a(eh_terminate.o) (abort)
/Applications/STM32CubeIDE.app/Contents/Eclipse/plugins/com.st.stm32cube.ide.mcu.externaltools.gnu-tools-for-stm32.7-2018-q2-update.macos64_1.4.0.202007081208/tools/bin/../lib/gcc/arm-none-eabi/7.3.1/../../../../arm-none-eabi/lib/thumb/v7e-m/fpv4-sp/hard/libc_nano.a(lib_a-errno.o)
                              Core/Src/syscalls.o (__errno)
/Applications/STM32CubeIDE.app/Contents/Eclipse/plugins/com.st.stm32cube.ide.mcu.externaltools.gnu-tools-for-stm32.7-2018-q2-update.macos64_1.4.0.202007081208/tools/bin/../lib/gcc/arm-none-eabi/7.3.1/../../../../arm-none-eabi/lib/thumb/v7e-m/fpv4-sp/hard/libc_nano.a(lib_a-exit.o)
                              /Applications/STM32CubeIDE.app/Contents/Eclipse/plugins/com.st.stm32cube.ide.mcu.externaltools.gnu-tools-for-stm32.7-2018-q2-update.macos64_1.4.0.202007081208/tools/bin/../lib/gcc/arm-none-eabi/7.3.1/../../../../arm-none-eabi/lib/thumb/v7e-m/fpv4-sp/hard/crt0.o (exit)
/Applications/STM32CubeIDE.app/Contents/Eclipse/plugins/com.st.stm32cube.ide.mcu.externaltools.gnu-tools-for-stm32.7-2018-q2-update.macos64_1.4.0.202007081208/tools/bin/../lib/gcc/arm-none-eabi/7.3.1/../../../../arm-none-eabi/lib/thumb/v7e-m/fpv4-sp/hard/libc_nano.a(lib_a-impure.o)
                              /Applications/STM32CubeIDE.app/Contents/Eclipse/plugins/com.st.stm32cube.ide.mcu.externaltools.gnu-tools-for-stm32.7-2018-q2-update.macos64_1.4.0.202007081208/tools/bin/../lib/gcc/arm-none-eabi/7.3.1/../../../../arm-none-eabi/lib/thumb/v7e-m/fpv4-sp/hard/libc_nano.a(lib_a-exit.o) (_global_impure_ptr)
/Applications/STM32CubeIDE.app/Contents/Eclipse/plugins/com.st.stm32cube.ide.mcu.externaltools.gnu-tools-for-stm32.7-2018-q2-update.macos64_1.4.0.202007081208/tools/bin/../lib/gcc/arm-none-eabi/7.3.1/../../../../arm-none-eabi/lib/thumb/v7e-m/fpv4-sp/hard/libc_nano.a(lib_a-init.o)
[...]
Memory Configuration

Name             Origin             Length             Attributes
FLASH            0x0000000008100000 0x0000000000100000 xr
RAM              0x0000000010000000 0x0000000000048000 xrw
*default*        0x0000000000000000 0xffffffffffffffff

Linker script and memory map

LOAD /Applications/STM32CubeIDE.app/Contents/Eclipse/plugins/com.st.stm32cube.ide.mcu.externaltools.gnu-tools-for-stm32.7-2018-q2-update.macos64_1.4.0.202007081208/tools/bin/../lib/gcc/arm-none-eabi/7.3.1/thumb/v7e-m/fpv4-sp/hard/crti.o
LOAD /Applications/STM32CubeIDE.app/Contents/Eclipse/plugins/com.st.stm32cube.ide.mcu.externaltools.gnu-tools-for-stm32.7-2018-q2-update.macos64_1.4.0.202007081208/tools/bin/../lib/gcc/arm-none-eabi/7.3.1/thumb/v7e-m/fpv4-sp/hard/crtbegin.o
LOAD /Applications/STM32CubeIDE.app/Contents/Eclipse/plugins/com.st.stm32cube.ide.mcu.externaltools.gnu-tools-for-stm32.7-2018-q2-update.macos64_1.4.0.202007081208/tools/bin/../lib/gcc/arm-none-eabi/7.3.1/../../../../arm-none-eabi/lib/thumb/v7e-m/fpv4-sp/hard/crt0.o
LOAD Common/Src/system_stm32h7xx_dualcore_boot_cm4_cm7.o
LOAD Core/Src/crc.o
LOAD Core/Src/dma.o
LOAD Core/Src/fdcan.o
LOAD Core/Src/freertos.o
LOAD Core/Src/gpio.o
LOAD Core/Src/iwdg.o
LOAD Core/Src/main.o
LOAD Core/Src/quadspi.o
LOAD Core/Src/rtc.o
LOAD Core/Src/spi.o
LOAD Core/Src/stm32h7xx_hal_msp.o
LOAD Core/Src/stm32h7xx_hal_timebase_tim.o
LOAD Core/Src/stm32h7xx_it.o
LOAD Core/Src/syscalls.o
LOAD Core/Src/sysmem.o
LOAD Core/Startup/startup_stm32h745zitx.o
LOAD Drivers/BSP/Components/lan8742.o
LOAD Drivers/STM32H7xx_HAL_Driver/stm32h7xx_hal.o
LOAD Drivers/STM32H7xx_HAL_Driver/stm32h7xx_hal_cortex.o
LOAD Drivers/STM32H7xx_HAL_Driver/stm32h7xx_hal_crc.o
LOAD Drivers/STM32H7xx_HAL_Driver/stm32h7xx_hal_crc_ex.o
LOAD Drivers/STM32H7xx_HAL_Driver/stm32h7xx_hal_dma.o
LOAD Drivers/STM32H7xx_HAL_Driver/stm32h7xx_hal_dma_ex.o
LOAD Drivers/STM32H7xx_HAL_Driver/stm32h7xx_hal_exti.o
LOAD Drivers/STM32H7xx_HAL_Driver/stm32h7xx_hal_fdcan.o
LOAD Drivers/STM32H7xx_HAL_Driver/stm32h7xx_hal_flash.o
LOAD Drivers/STM32H7xx_HAL_Driver/stm32h7xx_hal_flash_ex.o
LOAD Drivers/STM32H7xx_HAL_Driver/stm32h7xx_hal_gpio.o
LOAD Drivers/STM32H7xx_HAL_Driver/stm32h7xx_hal_hsem.o
LOAD Drivers/STM32H7xx_HAL_Driver/stm32h7xx_hal_i2c.o
LOAD Drivers/STM32H7xx_HAL_Driver/stm32h7xx_hal_i2c_ex.o
LOAD Drivers/STM32H7xx_HAL_Driver/stm32h7xx_hal_iwdg.o
LOAD Drivers/STM32H7xx_HAL_Driver/stm32h7xx_hal_mdma.o
LOAD Drivers/STM32H7xx_HAL_Driver/stm32h7xx_hal_pwr.o
LOAD Drivers/STM32H7xx_HAL_Driver/stm32h7xx_hal_pwr_ex.o
LOAD Drivers/STM32H7xx_HAL_Driver/stm32h7xx_hal_qspi.o
LOAD Drivers/STM32H7xx_HAL_Driver/stm32h7xx_hal_rcc.o
LOAD Drivers/STM32H7xx_HAL_Driver/stm32h7xx_hal_rcc_ex.o
LOAD Drivers/STM32H7xx_HAL_Driver/stm32h7xx_hal_rtc.o
LOAD Drivers/STM32H7xx_HAL_Driver/stm32h7xx_hal_rtc_ex.o
LOAD Drivers/STM32H7xx_HAL_Driver/stm32h7xx_hal_spi.o
LOAD Drivers/STM32H7xx_HAL_Driver/stm32h7xx_hal_spi_ex.o
LOAD Drivers/STM32H7xx_HAL_Driver/stm32h7xx_hal_tim.o
LOAD Drivers/STM32H7xx_HAL_Driver/stm32h7xx_hal_tim_ex.o
LOAD FATFS/App/fatfs.o
LOAD FATFS/Target/user_diskio.o
LOAD Middlewares/Third_Party/FatFs/diskio.o
LOAD Middlewares/Third_Party/FatFs/ff.o
LOAD Middlewares/Third_Party/FatFs/ff_gen_drv.o
LOAD Middlewares/Third_Party/FatFs/syscall.o
LOAD Middlewares/Third_Party/FreeRTOS/cmsis_os2.o
LOAD Middlewares/Third_Party/FreeRTOS/croutine.o
LOAD Middlewares/Third_Party/FreeRTOS/event_groups.o
LOAD Middlewares/Third_Party/FreeRTOS/heap_4.o
LOAD Middlewares/Third_Party/FreeRTOS/list.o
LOAD Middlewares/Third_Party/FreeRTOS/port.o
LOAD Middlewares/Third_Party/FreeRTOS/queue.o
LOAD Middlewares/Third_Party/FreeRTOS/stream_buffer.o
LOAD Middlewares/Third_Party/FreeRTOS/tasks.o
LOAD Middlewares/Third_Party/FreeRTOS/timers.o
LOAD System/Misc/WatchdogThread.o
LOAD System/System.o
LOAD System/Thread.o
START GROUP
LOAD /Applications/STM32CubeIDE.app/Contents/Eclipse/plugins/com.st.stm32cube.ide.mcu.externaltools.gnu-tools-for-stm32.7-2018-q2-update.macos64_1.4.0.202007081208/tools/bin/../lib/gcc/arm-none-eabi/7.3.1/../../../../arm-none-eabi/lib/thumb/v7e-m/fpv4-sp/hard/libstdc++_nano.a
LOAD /Applications/STM32CubeIDE.app/Contents/Eclipse/plugins/com.st.stm32cube.ide.mcu.externaltools.gnu-tools-for-stm32.7-2018-q2-update.macos64_1.4.0.202007081208/tools/bin/../lib/gcc/arm-none-eabi/7.3.1/../../../../arm-none-eabi/lib/thumb/v7e-m/fpv4-sp/hard/libsupc++_nano.a
END GROUP
LOAD /Applications/STM32CubeIDE.app/Contents/Eclipse/plugins/com.st.stm32cube.ide.mcu.externaltools.gnu-tools-for-stm32.7-2018-q2-update.macos64_1.4.0.202007081208/tools/bin/../lib/gcc/arm-none-eabi/7.3.1/../../../../arm-none-eabi/lib/thumb/v7e-m/fpv4-sp/hard/libstdc++_nano.a
LOAD /Applications/STM32CubeIDE.app/Contents/Eclipse/plugins/com.st.stm32cube.ide.mcu.externaltools.gnu-tools-for-stm32.7-2018-q2-update.macos64_1.4.0.202007081208/tools/bin/../lib/gcc/arm-none-eabi/7.3.1/../../../../arm-none-eabi/lib/thumb/v7e-m/fpv4-sp/hard/libm.a
LOAD /Applications/STM32CubeIDE.app/Contents/Eclipse/plugins/com.st.stm32cube.ide.mcu.externaltools.gnu-tools-for-stm32.7-2018-q2-update.macos64_1.4.0.202007081208/tools/bin/../lib/gcc/arm-none-eabi/7.3.1/../../../../arm-none-eabi/lib/thumb/v7e-m/fpv4-sp/hard/libc_nano.a
START GROUP
LOAD /Applications/STM32CubeIDE.app/Contents/Eclipse/plugins/com.st.stm32cube.ide.mcu.externaltools.gnu-tools-for-stm32.7-2018-q2-update.macos64_1.4.0.202007081208/tools/bin/../lib/gcc/arm-none-eabi/7.3.1/thumb/v7e-m/fpv4-sp/hard/libgcc.a
LOAD /Applications/STM32CubeIDE.app/Contents/Eclipse/plugins/com.st.stm32cube.ide.mcu.externaltools.gnu-tools-for-stm32.7-2018-q2-update.macos64_1.4.0.202007081208/tools/bin/../lib/gcc/arm-none-eabi/7.3.1/../../../../arm-none-eabi/lib/thumb/v7e-m/fpv4-sp/hard/libc_nano.a
END GROUP
START GROUP
LOAD /Applications/STM32CubeIDE.app/Contents/Eclipse/plugins/com.st.stm32cube.ide.mcu.externaltools.gnu-tools-for-stm32.7-2018-q2-update.macos64_1.4.0.202007081208/tools/bin/../lib/gcc/arm-none-eabi/7.3.1/thumb/v7e-m/fpv4-sp/hard/libgcc.a
LOAD /Applications/STM32CubeIDE.app/Contents/Eclipse/plugins/com.st.stm32cube.ide.mcu.externaltools.gnu-tools-for-stm32.7-2018-q2-update.macos64_1.4.0.202007081208/tools/bin/../lib/gcc/arm-none-eabi/7.3.1/../../../../arm-none-eabi/lib/thumb/v7e-m/fpv4-sp/hard/libc_nano.a
END GROUP
LOAD /Applications/STM32CubeIDE.app/Contents/Eclipse/plugins/com.st.stm32cube.ide.mcu.externaltools.gnu-tools-for-stm32.7-2018-q2-update.macos64_1.4.0.202007081208/tools/bin/../lib/gcc/arm-none-eabi/7.3.1/thumb/v7e-m/fpv4-sp/hard/crtend.o
LOAD /Applications/STM32CubeIDE.app/Contents/Eclipse/plugins/com.st.stm32cube.ide.mcu.externaltools.gnu-tools-for-stm32.7-2018-q2-update.macos64_1.4.0.202007081208/tools/bin/../lib/gcc/arm-none-eabi/7.3.1/thumb/v7e-m/fpv4-sp/hard/crtn.o
                0x0000000010048000                _estack = 0x10048000
                0x0000000000000200                _Min_Heap_Size = 0x200
                0x0000000000000400                _Min_Stack_Size = 0x400

.isr_vector     0x0000000008100000      0x298
                0x0000000008100000                . = ALIGN (0x4)
 *(.isr_vector)
 .isr_vector    0x0000000008100000      0x298 Core/Startup/startup_stm32h745zitx.o
                0x0000000008100000                g_pfnVectors
                0x0000000008100298                . = ALIGN (0x4)

.text           0x00000000081002a0     0x478c
                0x00000000081002a0                . = ALIGN (0x4)
 *(.text)
 .text          0x00000000081002a0       0x40 /Applications/STM32CubeIDE.app/Contents/Eclipse/plugins/com.st.stm32cube.ide.mcu.externaltools.gnu-tools-for-stm32.7-2018-q2-update.macos64_1.4.0.202007081208/tools/bin/../lib/gcc/arm-none-eabi/7.3.1/thumb/v7e-m/fpv4-sp/hard/crtbegin.o
 *(.text*)
 .text.SystemInit
                0x00000000081002e0       0x38 Common/Src/system_stm32h7xx_dualcore_boot_cm4_cm7.o
                0x00000000081002e0                SystemInit
 .text.MX_DMA_Init
                0x0000000008100318       0x54 Core/Src/dma.o
                0x0000000008100318                MX_DMA_Init
 .text.MX_FDCAN1_Init
                0x000000000810036c       0xc8 Core/Src/fdcan.o
                0x000000000810036c                MX_FDCAN1_Init
 .text.HAL_FDCAN_MspInit
                0x0000000008100434       0x94 Core/Src/fdcan.o
                0x0000000008100434                HAL_FDCAN_MspInit
 .text.MX_FREERTOS_Init
                0x00000000081004c8        0xc Core/Src/freertos.o
                0x00000000081004c8                MX_FREERTOS_Init
 .text.MX_GPIO_Init
                0x00000000081004d4       0x54 Core/Src/gpio.o
                0x00000000081004d4                MX_GPIO_Init
 .text.MX_IWDG2_Init
                0x0000000008100528       0x3c Core/Src/iwdg.o
                0x0000000008100528                MX_IWDG2_Init
 .text.main     0x0000000008100564       0xa0 Core/Src/main.o
                0x0000000008100564                main
 .text.Error_Handler
                0x0000000008100604        0xe Core/Src/main.o
                0x0000000008100604                Error_Handler
 *fill*         0x0000000008100612        0x2 
 .text.MX_SPI5_Init
                0x0000000008100614       0xac Core/Src/spi.o
                0x0000000008100614                MX_SPI5_Init
 .text.HAL_SPI_MspInit
                0x00000000081006c0       0x94 Core/Src/spi.o
                0x00000000081006c0                HAL_SPI_MspInit
 .text.HAL_MspInit
                0x0000000008100754       0x3c Core/Src/stm32h7xx_hal_msp.o
                0x0000000008100754                HAL_MspInit
 .text.HAL_InitTick
                0x0000000008100790       0xb8 Core/Src/stm32h7xx_hal_timebase_tim.o
                0x0000000008100790                HAL_InitTick
 .text.NMI_Handler
                0x0000000008100848        0xe Core/Src/stm32h7xx_it.o
                0x0000000008100848                NMI_Handler
 .text.HardFault_Handler
                0x0000000008100856        0x6 Core/Src/stm32h7xx_it.o
                0x0000000008100856                HardFault_Handler
 .text.MemManage_Handler
                0x000000000810085c        0x6 Core/Src/stm32h7xx_it.o
                0x000000000810085c                MemManage_Handler
 .text.BusFault_Handler
                0x0000000008100862        0x6 Core/Src/stm32h7xx_it.o
                0x0000000008100862                BusFault_Handler
 .text.UsageFault_Handler
                0x0000000008100868        0x6 Core/Src/stm32h7xx_it.o
                0x0000000008100868                UsageFault_Handler
 .text.DebugMon_Handler
                0x000000000810086e        0xe Core/Src/stm32h7xx_it.o
                0x000000000810086e                DebugMon_Handler
 .text.TIM8_UP_TIM13_IRQHandler
                0x000000000810087c        0xe Core/Src/stm32h7xx_it.o
                0x000000000810087c                TIM8_UP_TIM13_IRQHandler
 *fill*         0x000000000810088a        0x2 
 .text.Reset_Handler
                0x000000000810088c       0x50 Core/Startup/startup_stm32h745zitx.o
                0x000000000810088c                Reset_Handler
 .text.Default_Handler
                0x00000000081008dc        0x2 Core/Startup/startup_stm32h745zitx.o
                0x00000000081008dc                DMA1_Stream3_IRQHandler
                0x00000000081008dc                EXTI2_IRQHandler
                0x00000000081008dc                TIM8_CC_IRQHandler
                0x00000000081008dc                HRTIM1_Master_IRQHandler
                0x00000000081008dc                UART8_IRQHandler
                0x00000000081008dc                SPI4_IRQHandler
                0x00000000081008dc                TIM1_CC_IRQHandler
                0x00000000081008dc                BDMA_Channel6_IRQHandler
                0x00000000081008dc                DMA2_Stream5_IRQHandler
                0x00000000081008dc                HRTIM1_FLT_IRQHandler
                0x00000000081008dc                JPEG_IRQHandler
                0x00000000081008dc                DMA1_Stream5_IRQHandler
                0x00000000081008dc                BDMA_Channel1_IRQHandler
                0x00000000081008dc                HRTIM1_TIMD_IRQHandler
                0x00000000081008dc                TAMP_STAMP_IRQHandler
                0x00000000081008dc                EXTI3_IRQHandler
                0x00000000081008dc                LPTIM4_IRQHandler
                0x00000000081008dc                TIM8_TRG_COM_TIM14_IRQHandler
                0x00000000081008dc                LPTIM2_IRQHandler
                0x00000000081008dc                DFSDM1_FLT1_IRQHandler
                0x00000000081008dc                DMAMUX2_OVR_IRQHandler
                0x00000000081008dc                I2C3_ER_IRQHandler
                0x00000000081008dc                DFSDM1_FLT2_IRQHandler
                0x00000000081008dc                MDMA_IRQHandler
                0x00000000081008dc                LPTIM3_IRQHandler
                0x00000000081008dc                HSEM1_IRQHandler
                0x00000000081008dc                EXTI0_IRQHandler
                0x00000000081008dc                I2C2_EV_IRQHandler
                0x00000000081008dc                DMA1_Stream2_IRQHandler
                0x00000000081008dc                FPU_IRQHandler
                0x00000000081008dc                OTG_HS_WKUP_IRQHandler
                0x00000000081008dc                FDCAN1_IT1_IRQHandler
                0x00000000081008dc                LTDC_ER_IRQHandler
                0x00000000081008dc                DMA2_Stream2_IRQHandler
                0x00000000081008dc                HRTIM1_TIME_IRQHandler
                0x00000000081008dc                SPI1_IRQHandler
                0x00000000081008dc                TIM6_DAC_IRQHandler
                0x00000000081008dc                DCMI_IRQHandler
                0x00000000081008dc                HRTIM1_TIMC_IRQHandler
                0x00000000081008dc                DMA2_Stream3_IRQHandler
                0x00000000081008dc                SAI2_IRQHandler
                0x00000000081008dc                DFSDM1_FLT3_IRQHandler
                0x00000000081008dc                USART6_IRQHandler
                0x00000000081008dc                TIM17_IRQHandler
                0x00000000081008dc                USART3_IRQHandler
                0x00000000081008dc                BDMA_Channel7_IRQHandler
                0x00000000081008dc                LPTIM5_IRQHandler
                0x00000000081008dc                UART5_IRQHandler
                0x00000000081008dc                ADC3_IRQHandler
                0x00000000081008dc                DMA2_Stream0_IRQHandler
                0x00000000081008dc                TIM4_IRQHandler
                0x00000000081008dc                BDMA_Channel2_IRQHandler
                0x00000000081008dc                QUADSPI_IRQHandler
                0x00000000081008dc                I2C1_EV_IRQHandler
                0x00000000081008dc                DMA1_Stream6_IRQHandler
                0x00000000081008dc                DMAMUX1_OVR_IRQHandler
                0x00000000081008dc                DMA1_Stream1_IRQHandler
                0x00000000081008dc                TIM16_IRQHandler
                0x00000000081008dc                UART4_IRQHandler
                0x00000000081008dc                BDMA_Channel5_IRQHandler
                0x00000000081008dc                TIM3_IRQHandler
                0x00000000081008dc                RCC_IRQHandler
                0x00000000081008dc                TIM8_BRK_TIM12_IRQHandler
                0x00000000081008dc                TIM1_TRG_COM_IRQHandler
                0x00000000081008dc                Default_Handler
                0x00000000081008dc                ECC_IRQHandler
                0x00000000081008dc                CEC_IRQHandler
                0x00000000081008dc                EXTI15_10_IRQHandler
                0x00000000081008dc                BDMA_Channel0_IRQHandler
                0x00000000081008dc                ADC_IRQHandler
                0x00000000081008dc                DMA1_Stream7_IRQHandler
                0x00000000081008dc                HRTIM1_TIMA_IRQHandler
                0x00000000081008dc                SPI5_IRQHandler
                0x00000000081008dc                TIM7_IRQHandler
                0x00000000081008dc                SDMMC1_IRQHandler
                0x00000000081008dc                TIM5_IRQHandler
                0x00000000081008dc                DMA2_Stream7_IRQHandler
                0x00000000081008dc                TIM15_IRQHandler
                0x00000000081008dc                PVD_AVD_IRQHandler
                0x00000000081008dc                I2C3_EV_IRQHandler
                0x00000000081008dc                EXTI9_5_IRQHandler
                0x00000000081008dc                RTC_WKUP_IRQHandler
                0x00000000081008dc                LTDC_IRQHandler
                0x00000000081008dc                SAI3_IRQHandler
                0x00000000081008dc                ETH_WKUP_IRQHandler
                0x00000000081008dc                SPDIF_RX_IRQHandler
                0x00000000081008dc                SPI2_IRQHandler
                0x00000000081008dc                OTG_HS_EP1_IN_IRQHandler
                0x00000000081008dc                DMA1_Stream0_IRQHandler
                0x00000000081008dc                CRS_IRQHandler
                0x00000000081008dc                CM7_SEV_IRQHandler
                0x00000000081008dc                EXTI4_IRQHandler
                0x00000000081008dc                RNG_IRQHandler
                0x00000000081008dc                CM4_SEV_IRQHandler
                0x00000000081008dc                HRTIM1_TIMB_IRQHandler
                0x00000000081008dc                FDCAN2_IT1_IRQHandler
                0x00000000081008dc                ETH_IRQHandler
                0x00000000081008dc                TIM1_UP_IRQHandler
                0x00000000081008dc                WWDG_RST_IRQHandler
                0x00000000081008dc                BDMA_Channel4_IRQHandler
                0x00000000081008dc                OTG_HS_EP1_OUT_IRQHandler
                0x00000000081008dc                WWDG_IRQHandler
                0x00000000081008dc                SPI6_IRQHandler
                0x00000000081008dc                MDIOS_IRQHandler
                0x00000000081008dc                I2C4_EV_IRQHandler
                0x00000000081008dc                FDCAN2_IT0_IRQHandler
                0x00000000081008dc                LPUART1_IRQHandler
                0x00000000081008dc                FDCAN1_IT0_IRQHandler
                0x00000000081008dc                TIM2_IRQHandler
                0x00000000081008dc                OTG_FS_WKUP_IRQHandler
                0x00000000081008dc                OTG_HS_IRQHandler
                0x00000000081008dc                HSEM2_IRQHandler
                0x00000000081008dc                DMA2D_IRQHandler
                0x00000000081008dc                TIM1_BRK_IRQHandler
                0x00000000081008dc                EXTI1_IRQHandler
                0x00000000081008dc                SDMMC2_IRQHandler
                0x00000000081008dc                OTG_FS_EP1_OUT_IRQHandler
                0x00000000081008dc                BDMA_Channel3_IRQHandler
                0x00000000081008dc                HOLD_CORE_IRQHandler
                0x00000000081008dc                UART7_IRQHandler
                0x00000000081008dc                MDIOS_WKUP_IRQHandler
                0x00000000081008dc                USART2_IRQHandler
                0x00000000081008dc                DFSDM1_FLT0_IRQHandler
                0x00000000081008dc                SAI4_IRQHandler
                0x00000000081008dc                I2C2_ER_IRQHandler
                0x00000000081008dc                DMA2_Stream1_IRQHandler
                0x00000000081008dc                FLASH_IRQHandler
                0x00000000081008dc                DMA2_Stream4_IRQHandler
                0x00000000081008dc                USART1_IRQHandler
                0x00000000081008dc                OTG_FS_IRQHandler
                0x00000000081008dc                SPI3_IRQHandler
                0x00000000081008dc                WAKEUP_PIN_IRQHandler
                0x00000000081008dc                DMA1_Stream4_IRQHandler
                0x00000000081008dc                OTG_FS_EP1_IN_IRQHandler
                0x00000000081008dc                I2C1_ER_IRQHandler
                0x00000000081008dc                FMC_IRQHandler
                0x00000000081008dc                FDCAN_CAL_IRQHandler
                0x00000000081008dc                SWPMI1_IRQHandler
                0x00000000081008dc                COMP1_IRQHandler
                0x00000000081008dc                LPTIM1_IRQHandler
                0x00000000081008dc                I2C4_ER_IRQHandler
                0x00000000081008dc                DMA2_Stream6_IRQHandler
                0x00000000081008dc                SAI1_IRQHandler
                0x00000000081008dc                RTC_Alarm_IRQHandler
 *fill*         0x00000000081008de        0x2 
 .text.HAL_Init
                0x00000000081008e0       0xbc Drivers/STM32H7xx_HAL_Driver/stm32h7xx_hal.o
                0x00000000081008e0                HAL_Init
 .text.HAL_GetTick
                0x000000000810099c       0x18 Drivers/STM32H7xx_HAL_Driver/stm32h7xx_hal.o
                0x000000000810099c                HAL_GetTick
 .text.__NVIC_SetPriorityGrouping
                0x00000000081009b4       0x48 Drivers/STM32H7xx_HAL_Driver/stm32h7xx_hal_cortex.o
 .text.__NVIC_GetPriorityGrouping
                0x00000000081009fc       0x1c Drivers/STM32H7xx_HAL_Driver/stm32h7xx_hal_cortex.o
 .text.__NVIC_EnableIRQ
                0x0000000008100a18       0x3c Drivers/STM32H7xx_HAL_Driver/stm32h7xx_hal_cortex.o
 .text.__NVIC_SetPriority
                0x0000000008100a54       0x54 Drivers/STM32H7xx_HAL_Driver/stm32h7xx_hal_cortex.o
 .text.NVIC_EncodePriority
                0x0000000008100aa8       0x66 Drivers/STM32H7xx_HAL_Driver/stm32h7xx_hal_cortex.o
 .text.HAL_NVIC_SetPriorityGrouping
                0x0000000008100b0e       0x16 Drivers/STM32H7xx_HAL_Driver/stm32h7xx_hal_cortex.o
                0x0000000008100b0e                HAL_NVIC_SetPriorityGrouping
 .text.HAL_NVIC_SetPriority
                0x0000000008100b24       0x34 Drivers/STM32H7xx_HAL_Driver/stm32h7xx_hal_cortex.o
                0x0000000008100b24                HAL_NVIC_SetPriority
 .text.HAL_NVIC_EnableIRQ
                0x0000000008100b58       0x1c Drivers/STM32H7xx_HAL_Driver/stm32h7xx_hal_cortex.o
                0x0000000008100b58                HAL_NVIC_EnableIRQ
 .text.HAL_GetCurrentCPUID
                0x0000000008100b74       0x28 Drivers/STM32H7xx_HAL_Driver/stm32h7xx_hal_cortex.o
                0x0000000008100b74                HAL_GetCurrentCPUID
 .text.HAL_FDCAN_Init
                0x0000000008100b9c      0x3c4 Drivers/STM32H7xx_HAL_Driver/stm32h7xx_hal_fdcan.o
                0x0000000008100b9c                HAL_FDCAN_Init
 .text.FDCAN_CalcultateRamBlockAddresses
                0x0000000008100f60      0x320 Drivers/STM32H7xx_HAL_Driver/stm32h7xx_hal_fdcan.o
 .text.HAL_GPIO_Init
                0x0000000008101280      0x360 Drivers/STM32H7xx_HAL_Driver/stm32h7xx_hal_gpio.o
                0x0000000008101280                HAL_GPIO_Init
 .text.HAL_HSEM_ActivateNotification
                0x00000000081015e0       0x24 Drivers/STM32H7xx_HAL_Driver/stm32h7xx_hal_hsem.o
                0x00000000081015e0                HAL_HSEM_ActivateNotification
 .text.HAL_IWDG_Init
                0x0000000008101604       0x8c Drivers/STM32H7xx_HAL_Driver/stm32h7xx_hal_iwdg.o
                0x0000000008101604                HAL_IWDG_Init
 .text.HAL_PWREx_EnterSTOPMode
                0x0000000008101690       0xec Drivers/STM32H7xx_HAL_Driver/stm32h7xx_hal_pwr_ex.o
                0x0000000008101690                HAL_PWREx_EnterSTOPMode
 .text.HAL_PWREx_ClearPendingEvent
                0x000000000810177c       0x1a Drivers/STM32H7xx_HAL_Driver/stm32h7xx_hal_pwr_ex.o
                0x000000000810177c                HAL_PWREx_ClearPendingEvent
 *fill*         0x0000000008101796        0x2 
 .text.HAL_RCC_GetSysClockFreq
                0x0000000008101798      0x2e4 Drivers/STM32H7xx_HAL_Driver/stm32h7xx_hal_rcc.o
                0x0000000008101798                HAL_RCC_GetSysClockFreq
 .text.HAL_RCC_GetHCLKFreq
                0x0000000008101a7c       0x64 Drivers/STM32H7xx_HAL_Driver/stm32h7xx_hal_rcc.o
                0x0000000008101a7c                HAL_RCC_GetHCLKFreq
 .text.HAL_RCC_GetPCLK2Freq
                0x0000000008101ae0       0x2c Drivers/STM32H7xx_HAL_Driver/stm32h7xx_hal_rcc.o
                0x0000000008101ae0                HAL_RCC_GetPCLK2Freq
 .text.HAL_RCC_GetClockConfig
                0x0000000008101b0c       0x84 Drivers/STM32H7xx_HAL_Driver/stm32h7xx_hal_rcc.o
                0x0000000008101b0c                HAL_RCC_GetClockConfig
 .text.HAL_SPI_Init
                0x0000000008101b90      0x1f0 Drivers/STM32H7xx_HAL_Driver/stm32h7xx_hal_spi.o
                0x0000000008101b90                HAL_SPI_Init
 .text.SPI_GetPacketSize
                0x0000000008101d80       0x36 Drivers/STM32H7xx_HAL_Driver/stm32h7xx_hal_spi.o
 .text.HAL_TIM_Base_Init
                0x0000000008101db6       0xae Drivers/STM32H7xx_HAL_Driver/stm32h7xx_hal_tim.o
                0x0000000008101db6                HAL_TIM_Base_Init
 .text.HAL_TIM_Base_MspInit
                0x0000000008101e64       0x14 Drivers/STM32H7xx_HAL_Driver/stm32h7xx_hal_tim.o
                0x0000000008101e64                HAL_TIM_Base_MspInit
 .text.HAL_TIM_Base_Start_IT
                0x0000000008101e78       0x6c Drivers/STM32H7xx_HAL_Driver/stm32h7xx_hal_tim.o
                0x0000000008101e78                HAL_TIM_Base_Start_IT
 .text.TIM_Base_SetConfig
                0x0000000008101ee4      0x134 Drivers/STM32H7xx_HAL_Driver/stm32h7xx_hal_tim.o
                0x0000000008101ee4                TIM_Base_SetConfig
 .text.MX_FATFS_Init
                0x0000000008102018       0x24 FATFS/App/fatfs.o
                0x0000000008102018                MX_FATFS_Init
 .text.USER_initialize
                0x000000000810203c       0x28 FATFS/Target/user_diskio.o
                0x000000000810203c                USER_initialize
 .text.USER_status
                0x0000000008102064       0x28 FATFS/Target/user_diskio.o
                0x0000000008102064                USER_status
 .text.USER_read
                0x000000000810208c       0x1e FATFS/Target/user_diskio.o
                0x000000000810208c                USER_read
 .text.USER_write
                0x00000000081020aa       0x1e FATFS/Target/user_diskio.o
                0x00000000081020aa                USER_write
 .text.USER_ioctl
                0x00000000081020c8       0x22 FATFS/Target/user_diskio.o
                0x00000000081020c8                USER_ioctl
 *fill*         0x00000000081020ea        0x2 
 .text.FATFS_LinkDriverEx
                0x00000000081020ec       0x98 Middlewares/Third_Party/FatFs/ff_gen_drv.o
                0x00000000081020ec                FATFS_LinkDriverEx
 .text.FATFS_LinkDriver
                0x0000000008102184       0x1e Middlewares/Third_Party/FatFs/ff_gen_drv.o
                0x0000000008102184                FATFS_LinkDriver
 .text.SVC_Setup
                0x00000000081021a2        0xe Middlewares/Third_Party/FreeRTOS/cmsis_os2.o
 .text.osKernelInitialize
                0x00000000081021b0       0x68 Middlewares/Third_Party/FreeRTOS/cmsis_os2.o
                0x00000000081021b0                osKernelInitialize
 .text.osKernelStart
                0x0000000008102218       0x6c Middlewares/Third_Party/FreeRTOS/cmsis_os2.o
                0x0000000008102218                osKernelStart
 .text.vApplicationGetIdleTaskMemory
                0x0000000008102284       0x34 Middlewares/Third_Party/FreeRTOS/cmsis_os2.o
                0x0000000008102284                vApplicationGetIdleTaskMemory
 .text.vApplicationGetTimerTaskMemory
                0x00000000081022b8       0x34 Middlewares/Third_Party/FreeRTOS/cmsis_os2.o
                0x00000000081022b8                vApplicationGetTimerTaskMemory
 .text.pvPortMalloc
                0x00000000081022ec      0x184 Middlewares/Third_Party/FreeRTOS/heap_4.o
                0x00000000081022ec                pvPortMalloc
 .text.vPortFree
                0x0000000008102470       0xb0 Middlewares/Third_Party/FreeRTOS/heap_4.o
                0x0000000008102470                vPortFree
 .text.prvHeapInit
                0x0000000008102520       0xc4 Middlewares/Third_Party/FreeRTOS/heap_4.o
 .text.prvInsertBlockIntoFreeList
                0x00000000081025e4       0xb4 Middlewares/Third_Party/FreeRTOS/heap_4.o
 .text.vListInitialise
                0x0000000008102698       0x40 Middlewares/Third_Party/FreeRTOS/list.o
                0x0000000008102698                vListInitialise
 .text.vListInitialiseItem
                0x00000000081026d8       0x1a Middlewares/Third_Party/FreeRTOS/list.o
                0x00000000081026d8                vListInitialiseItem
 .text.vListInsertEnd
                0x00000000081026f2       0x48 Middlewares/Third_Party/FreeRTOS/list.o
                0x00000000081026f2                vListInsertEnd
 .text.vListInsert
                0x000000000810273a       0x72 Middlewares/Third_Party/FreeRTOS/list.o
                0x000000000810273a                vListInsert
 .text.uxListRemove
                0x00000000081027ac       0x54 Middlewares/Third_Party/FreeRTOS/list.o
                0x00000000081027ac                uxListRemove
 .text.pxPortInitialiseStack
                0x0000000008102800       0x68 Middlewares/Third_Party/FreeRTOS/port.o
                0x0000000008102800                pxPortInitialiseStack
 .text.prvTaskExitError
                0x0000000008102868       0x54 Middlewares/Third_Party/FreeRTOS/port.o
 *fill*         0x00000000081028bc        0x4 
 .text.SVC_Handler
                0x00000000081028c0       0x28 Middlewares/Third_Party/FreeRTOS/port.o
                0x00000000081028c0                SVC_Handler
 .text.prvPortStartFirstTask
                0x00000000081028e8       0x28 Middlewares/Third_Party/FreeRTOS/port.o
 .text.xPortStartScheduler
                0x0000000008102910      0x13c Middlewares/Third_Party/FreeRTOS/port.o
                0x0000000008102910                xPortStartScheduler
 .text.vPortEnterCritical
                0x0000000008102a4c       0x5c Middlewares/Third_Party/FreeRTOS/port.o
                0x0000000008102a4c                vPortEnterCritical
 .text.vPortExitCritical
                0x0000000008102aa8       0x50 Middlewares/Third_Party/FreeRTOS/port.o
                0x0000000008102aa8                vPortExitCritical
 *fill*         0x0000000008102af8        0x8 
 .text.PendSV_Handler
                0x0000000008102b00       0x68 Middlewares/Third_Party/FreeRTOS/port.o
                0x0000000008102b00                PendSV_Handler
 .text.SysTick_Handler
                0x0000000008102b68       0x40 Middlewares/Third_Party/FreeRTOS/port.o
                0x0000000008102b68                SysTick_Handler
 .text.vPortSetupTimerInterrupt
                0x0000000008102ba8       0x48 Middlewares/Third_Party/FreeRTOS/port.o
                0x0000000008102ba8                vPortSetupTimerInterrupt
 .text.vPortEnableVFP
                0x0000000008102bf0       0x14 Middlewares/Third_Party/FreeRTOS/port.o
 .text.vPortValidateInterruptPriority
                0x0000000008102c04       0x7c Middlewares/Third_Party/FreeRTOS/port.o
                0x0000000008102c04                vPortValidateInterruptPriority
 .text.xQueueGenericReset
                0x0000000008102c80       0xd0 Middlewares/Third_Party/FreeRTOS/queue.o
                0x0000000008102c80                xQueueGenericReset
 .text.xQueueGenericCreateStatic
                0x0000000008102d50       0xe6 Middlewares/Third_Party/FreeRTOS/queue.o
                0x0000000008102d50                xQueueGenericCreateStatic
 .text.prvInitialiseNewQueue
                0x0000000008102e36       0x46 Middlewares/Third_Party/FreeRTOS/queue.o
 .text.xQueueGenericSend
                0x0000000008102e7c      0x1f4 Middlewares/Third_Party/FreeRTOS/queue.o
                0x0000000008102e7c                xQueueGenericSend
 .text.xQueueGenericSendFromISR
                0x0000000008103070      0x128 Middlewares/Third_Party/FreeRTOS/queue.o
                0x0000000008103070                xQueueGenericSendFromISR
 .text.xQueueReceive
                0x0000000008103198      0x1b8 Middlewares/Third_Party/FreeRTOS/queue.o
                0x0000000008103198                xQueueReceive
 .text.prvCopyDataToQueue
                0x0000000008103350       0xd4 Middlewares/Third_Party/FreeRTOS/queue.o
 .text.prvCopyDataFromQueue
                0x0000000008103424       0x4c Middlewares/Third_Party/FreeRTOS/queue.o
 .text.prvUnlockQueue
                0x0000000008103470       0xa4 Middlewares/Third_Party/FreeRTOS/queue.o
 .text.prvIsQueueEmpty
                0x0000000008103514       0x2c Middlewares/Third_Party/FreeRTOS/queue.o
 .text.prvIsQueueFull
                0x0000000008103540       0x30 Middlewares/Third_Party/FreeRTOS/queue.o
 .text.vQueueAddToRegistry
                0x0000000008103570       0x50 Middlewares/Third_Party/FreeRTOS/queue.o
                0x0000000008103570                vQueueAddToRegistry
 .text.vQueueWaitForMessageRestricted
                0x00000000081035c0       0x68 Middlewares/Third_Party/FreeRTOS/queue.o
                0x00000000081035c0                vQueueWaitForMessageRestricted
 .text.xTaskCreateStatic
                0x0000000008103628       0xb4 Middlewares/Third_Party/FreeRTOS/tasks.o
                0x0000000008103628                xTaskCreateStatic
 .text.prvInitialiseNewTask
                0x00000000081036dc      0x11c Middlewares/Third_Party/FreeRTOS/tasks.o
 .text.prvAddNewTaskToReadyList
                0x00000000081037f8       0xe0 Middlewares/Third_Party/FreeRTOS/tasks.o
 .text.vTaskStartScheduler
                0x00000000081038d8       0xc8 Middlewares/Third_Party/FreeRTOS/tasks.o
                0x00000000081038d8                vTaskStartScheduler
 .text.vTaskSuspendAll
                0x00000000081039a0       0x1c Middlewares/Third_Party/FreeRTOS/tasks.o
                0x00000000081039a0                vTaskSuspendAll
 .text.xTaskResumeAll
                0x00000000081039bc      0x138 Middlewares/Third_Party/FreeRTOS/tasks.o
                0x00000000081039bc                xTaskResumeAll
 .text.xTaskGetTickCount
                0x0000000008103af4       0x20 Middlewares/Third_Party/FreeRTOS/tasks.o
                0x0000000008103af4                xTaskGetTickCount
 .text.xTaskIncrementTick
                0x0000000008103b14      0x170 Middlewares/Third_Party/FreeRTOS/tasks.o
                0x0000000008103b14                xTaskIncrementTick
 .text.vTaskSwitchContext
                0x0000000008103c84       0xb8 Middlewares/Third_Party/FreeRTOS/tasks.o
                0x0000000008103c84                vTaskSwitchContext
 .text.vTaskPlaceOnEventList
                0x0000000008103d3c       0x48 Middlewares/Third_Party/FreeRTOS/tasks.o
                0x0000000008103d3c                vTaskPlaceOnEventList
 .text.vTaskPlaceOnEventListRestricted
                0x0000000008103d84       0x54 Middlewares/Third_Party/FreeRTOS/tasks.o
                0x0000000008103d84                vTaskPlaceOnEventListRestricted
 .text.xTaskRemoveFromEventList
                0x0000000008103dd8       0xc4 Middlewares/Third_Party/FreeRTOS/tasks.o
                0x0000000008103dd8                xTaskRemoveFromEventList
 .text.vTaskInternalSetTimeOutState
                0x0000000008103e9c       0x2c Middlewares/Third_Party/FreeRTOS/tasks.o
                0x0000000008103e9c                vTaskInternalSetTimeOutState
 .text.xTaskCheckForTimeOut
                0x0000000008103ec8       0xc0 Middlewares/Third_Party/FreeRTOS/tasks.o
                0x0000000008103ec8                xTaskCheckForTimeOut
 .text.vTaskMissedYield
                0x0000000008103f88       0x18 Middlewares/Third_Party/FreeRTOS/tasks.o
                0x0000000008103f88                vTaskMissedYield
 .text.prvIdleTask
                0x0000000008103fa0       0x30 Middlewares/Third_Party/FreeRTOS/tasks.o
 .text.prvInitialiseTaskLists
                0x0000000008103fd0       0x80 Middlewares/Third_Party/FreeRTOS/tasks.o
 .text.prvCheckTasksWaitingTermination
                0x0000000008104050       0x58 Middlewares/Third_Party/FreeRTOS/tasks.o
 .text.prvDeleteTCB
                0x00000000081040a8       0x5c Middlewares/Third_Party/FreeRTOS/tasks.o
 .text.prvResetNextTaskUnblockTime
                0x0000000008104104       0x40 Middlewares/Third_Party/FreeRTOS/tasks.o
 .text.xTaskGetSchedulerState
                0x0000000008104144       0x3c Middlewares/Third_Party/FreeRTOS/tasks.o
                0x0000000008104144                xTaskGetSchedulerState
 .text.xTaskPriorityDisinherit
                0x0000000008104180       0xd8 Middlewares/Third_Party/FreeRTOS/tasks.o
                0x0000000008104180                xTaskPriorityDisinherit
 .text.prvAddCurrentTaskToDelayedList
                0x0000000008104258       0xa8 Middlewares/Third_Party/FreeRTOS/tasks.o
 .text.xTimerCreateTimerTask
                0x0000000008104300       0x90 Middlewares/Third_Party/FreeRTOS/timers.o
                0x0000000008104300                xTimerCreateTimerTask
 .text.xTimerGenericCommand
                0x0000000008104390       0x98 Middlewares/Third_Party/FreeRTOS/timers.o
                0x0000000008104390                xTimerGenericCommand
 .text.prvProcessExpiredTimer
                0x0000000008104428       0x98 Middlewares/Third_Party/FreeRTOS/timers.o
 .text.prvTimerTask
                0x00000000081044c0       0x24 Middlewares/Third_Party/FreeRTOS/timers.o
 .text.prvProcessTimerOrBlockTask
                0x00000000081044e4       0x9c Middlewares/Third_Party/FreeRTOS/timers.o
 .text.prvGetNextExpireTime
                0x0000000008104580       0x48 Middlewares/Third_Party/FreeRTOS/timers.o
 .text.prvSampleTimeNow
                0x00000000081045c8       0x40 Middlewares/Third_Party/FreeRTOS/timers.o
 .text.prvInsertTimerInActiveList
                0x0000000008104608       0x84 Middlewares/Third_Party/FreeRTOS/timers.o
 .text.prvProcessReceivedCommands
                0x000000000810468c      0x1b8 Middlewares/Third_Party/FreeRTOS/timers.o
 .text.prvSwitchTimerLists
                0x0000000008104844       0xc8 Middlewares/Third_Party/FreeRTOS/timers.o
 .text.prvCheckForValidListAndQueue
                0x000000000810490c       0x80 Middlewares/Third_Party/FreeRTOS/timers.o
 .text.initCortexM4
                0x000000000810498c       0x16 System/System.o
                0x000000000810498c                initCortexM4
 *fill*         0x00000000081049a2        0x2 
 .text.__libc_init_array
                0x00000000081049a4       0x48 /Applications/STM32CubeIDE.app/Contents/Eclipse/plugins/com.st.stm32cube.ide.mcu.externaltools.gnu-tools-for-stm32.7-2018-q2-update.macos64_1.4.0.202007081208/tools/bin/../lib/gcc/arm-none-eabi/7.3.1/../../../../arm-none-eabi/lib/thumb/v7e-m/fpv4-sp/hard/libc_nano.a(lib_a-init.o)
                0x00000000081049a4                __libc_init_array
 .text.memcpy   0x00000000081049ec       0x16 /Applications/STM32CubeIDE.app/Contents/Eclipse/plugins/com.st.stm32cube.ide.mcu.externaltools.gnu-tools-for-stm32.7-2018-q2-update.macos64_1.4.0.202007081208/tools/bin/../lib/gcc/arm-none-eabi/7.3.1/../../../../arm-none-eabi/lib/thumb/v7e-m/fpv4-sp/hard/libc_nano.a(lib_a-memcpy-stub.o)
                0x00000000081049ec                memcpy
 .text.memset   0x0000000008104a02       0x10 /Applications/STM32CubeIDE.app/Contents/Eclipse/plugins/com.st.stm32cube.ide.mcu.externaltools.gnu-tools-for-stm32.7-2018-q2-update.macos64_1.4.0.202007081208/tools/bin/../lib/gcc/arm-none-eabi/7.3.1/../../../../arm-none-eabi/lib/thumb/v7e-m/fpv4-sp/hard/libc_nano.a(lib_a-memset.o)
                0x0000000008104a02                memset
 *(.glue_7)
 .glue_7        0x0000000008104a12        0x0 linker stubs
 *(.glue_7t)
 .glue_7t       0x0000000008104a12        0x0 linker stubs
 *(.eh_frame)
 *fill*         0x0000000008104a12        0x2 
 .eh_frame      0x0000000008104a14        0x0 /Applications/STM32CubeIDE.app/Contents/Eclipse/plugins/com.st.stm32cube.ide.mcu.externaltools.gnu-tools-for-stm32.7-2018-q2-update.macos64_1.4.0.202007081208/tools/bin/../lib/gcc/arm-none-eabi/7.3.1/thumb/v7e-m/fpv4-sp/hard/crtbegin.o
 *(.init)
 .init          0x0000000008104a14        0x4 /Applications/STM32CubeIDE.app/Contents/Eclipse/plugins/com.st.stm32cube.ide.mcu.externaltools.gnu-tools-for-stm32.7-2018-q2-update.macos64_1.4.0.202007081208/tools/bin/../lib/gcc/arm-none-eabi/7.3.1/thumb/v7e-m/fpv4-sp/hard/crti.o
                0x0000000008104a14                _init
 .init          0x0000000008104a18        0x8 /Applications/STM32CubeIDE.app/Contents/Eclipse/plugins/com.st.stm32cube.ide.mcu.externaltools.gnu-tools-for-stm32.7-2018-q2-update.macos64_1.4.0.202007081208/tools/bin/../lib/gcc/arm-none-eabi/7.3.1/thumb/v7e-m/fpv4-sp/hard/crtn.o
 *(.fini)
 .fini          0x0000000008104a20        0x4 /Applications/STM32CubeIDE.app/Contents/Eclipse/plugins/com.st.stm32cube.ide.mcu.externaltools.gnu-tools-for-stm32.7-2018-q2-update.macos64_1.4.0.202007081208/tools/bin/../lib/gcc/arm-none-eabi/7.3.1/thumb/v7e-m/fpv4-sp/hard/crti.o
                0x0000000008104a20                _fini
 .fini          0x0000000008104a24        0x8 /Applications/STM32CubeIDE.app/Contents/Eclipse/plugins/com.st.stm32cube.ide.mcu.externaltools.gnu-tools-for-stm32.7-2018-q2-update.macos64_1.4.0.202007081208/tools/bin/../lib/gcc/arm-none-eabi/7.3.1/thumb/v7e-m/fpv4-sp/hard/crtn.o
                0x0000000008104a2c                . = ALIGN (0x4)
                0x0000000008104a2c                _etext = .

.vfp11_veneer   0x0000000008104a2c        0x0
 .vfp11_veneer  0x0000000008104a2c        0x0 linker stubs

.v4_bx          0x0000000008104a2c        0x0
 .v4_bx         0x0000000008104a2c        0x0 linker stubs

.iplt           0x0000000008104a2c        0x0
 .iplt          0x0000000008104a2c        0x0 /Applications/STM32CubeIDE.app/Contents/Eclipse/plugins/com.st.stm32cube.ide.mcu.externaltools.gnu-tools-for-stm32.7-2018-q2-update.macos64_1.4.0.202007081208/tools/bin/../lib/gcc/arm-none-eabi/7.3.1/thumb/v7e-m/fpv4-sp/hard/crtbegin.o

.rodata         0x0000000008104a2c       0x74
                0x0000000008104a2c                . = ALIGN (0x4)
 *(.rodata)
 .rodata        0x0000000008104a2c       0x4c Drivers/STM32H7xx_HAL_Driver/stm32h7xx_hal_fdcan.o
 .rodata        0x0000000008104a78        0x5 Middlewares/Third_Party/FreeRTOS/tasks.o
 *fill*         0x0000000008104a7d        0x3 
 .rodata        0x0000000008104a80        0xd Middlewares/Third_Party/FreeRTOS/timers.o
 *(.rodata*)
 *fill*         0x0000000008104a8d        0x3 
 .rodata.D1CorePrescTable
                0x0000000008104a90       0x10 Common/Src/system_stm32h7xx_dualcore_boot_cm4_cm7.o
                0x0000000008104a90                D1CorePrescTable
                0x0000000008104aa0                . = ALIGN (0x4)

.rel.dyn        0x0000000008104aa0        0x0
 .rel.iplt      0x0000000008104aa0        0x0 /Applications/STM32CubeIDE.app/Contents/Eclipse/plugins/com.st.stm32cube.ide.mcu.externaltools.gnu-tools-for-stm32.7-2018-q2-update.macos64_1.4.0.202007081208/tools/bin/../lib/gcc/arm-none-eabi/7.3.1/thumb/v7e-m/fpv4-sp/hard/crtbegin.o

.ARM.extab
 *(.ARM.extab* .gnu.linkonce.armextab.*)

.ARM            0x0000000008104aa0        0x0
                0x0000000008104aa0                __exidx_start = .
 *(.ARM.exidx*)
                0x0000000008104aa0                __exidx_end = .

.preinit_array  0x0000000008104aa0        0x0
                0x0000000008104aa0                PROVIDE (__preinit_array_start = .)
 *(.preinit_array*)
                0x0000000008104aa0                PROVIDE (__preinit_array_end = .)

.init_array     0x0000000008104aa0        0x4
                0x0000000008104aa0                PROVIDE (__init_array_start = .)
 *(SORT_BY_NAME(.init_array.*))
 *(.init_array*)
 .init_array    0x0000000008104aa0        0x4 /Applications/STM32CubeIDE.app/Contents/Eclipse/plugins/com.st.stm32cube.ide.mcu.externaltools.gnu-tools-for-stm32.7-2018-q2-update.macos64_1.4.0.202007081208/tools/bin/../lib/gcc/arm-none-eabi/7.3.1/thumb/v7e-m/fpv4-sp/hard/crtbegin.o
                0x0000000008104aa4                PROVIDE (__init_array_end = .)

.fini_array     0x0000000008104aa4        0x4
                [!provide]                        PROVIDE (__fini_array_start = .)
 *(SORT_BY_NAME(.fini_array.*))
 *(.fini_array*)
 .fini_array    0x0000000008104aa4        0x4 /Applications/STM32CubeIDE.app/Contents/Eclipse/plugins/com.st.stm32cube.ide.mcu.externaltools.gnu-tools-for-stm32.7-2018-q2-update.macos64_1.4.0.202007081208/tools/bin/../lib/gcc/arm-none-eabi/7.3.1/thumb/v7e-m/fpv4-sp/hard/crtbegin.o
                [!provide]                        PROVIDE (__fini_array_end = .)
                0x0000000008104aa8                _sidata = LOADADDR (.data)

.data           0x0000000010000000       0x24 load address 0x0000000008104aa8
                0x0000000010000000                . = ALIGN (0x4)
                0x0000000010000000                _sdata = .
 *(.data)
 *(.data*)
 .data.SystemCoreClock
                0x0000000010000000        0x4 Common/Src/system_stm32h7xx_dualcore_boot_cm4_cm7.o
                0x0000000010000000                SystemCoreClock
 .data.SystemD2Clock
                0x0000000010000004        0x4 Common/Src/system_stm32h7xx_dualcore_boot_cm4_cm7.o
                0x0000000010000004                SystemD2Clock
 .data.Stat     0x0000000010000008        0x1 FATFS/Target/user_diskio.o
 *fill*         0x0000000010000009        0x3 
 .data.USER_Driver
                0x000000001000000c       0x14 FATFS/Target/user_diskio.o
                0x000000001000000c                USER_Driver
 .data.uxCriticalNesting
                0x0000000010000020        0x4 Middlewares/Third_Party/FreeRTOS/port.o
                0x0000000010000024                . = ALIGN (0x4)
                0x0000000010000024                _edata = .

.igot.plt       0x0000000010000024        0x0 load address 0x0000000008104acc
 .igot.plt      0x0000000010000024        0x0 /Applications/STM32CubeIDE.app/Contents/Eclipse/plugins/com.st.stm32cube.ide.mcu.externaltools.gnu-tools-for-stm32.7-2018-q2-update.macos64_1.4.0.202007081208/tools/bin/../lib/gcc/arm-none-eabi/7.3.1/thumb/v7e-m/fpv4-sp/hard/crtbegin.o
                0x0000000010000024                . = ALIGN (0x4)

.bss            0x0000000010000024     0x4f64 load address 0x0000000008104acc
                0x0000000010000024                _sbss = .
                0x0000000010000024                __bss_start__ = _sbss
 *(.bss)
 .bss           0x0000000010000024       0x1c /Applications/STM32CubeIDE.app/Contents/Eclipse/plugins/com.st.stm32cube.ide.mcu.externaltools.gnu-tools-for-stm32.7-2018-q2-update.macos64_1.4.0.202007081208/tools/bin/../lib/gcc/arm-none-eabi/7.3.1/thumb/v7e-m/fpv4-sp/hard/crtbegin.o
 *(.bss*)
 .bss.disk      0x0000000010000040        0xc Middlewares/Third_Party/FatFs/ff_gen_drv.o
                0x0000000010000040                disk
 .bss.KernelState
                0x000000001000004c        0x4 Middlewares/Third_Party/FreeRTOS/cmsis_os2.o
 .bss.Idle_TCB  0x0000000010000050       0x5c Middlewares/Third_Party/FreeRTOS/cmsis_os2.o
 .bss.Idle_Stack
                0x00000000100000ac      0x200 Middlewares/Third_Party/FreeRTOS/cmsis_os2.o
 .bss.Timer_TCB
                0x00000000100002ac       0x5c Middlewares/Third_Party/FreeRTOS/cmsis_os2.o
 .bss.Timer_Stack
                0x0000000010000308      0x400 Middlewares/Third_Party/FreeRTOS/cmsis_os2.o
 .bss.ucHeap    0x0000000010000708     0x3c00 Middlewares/Third_Party/FreeRTOS/heap_4.o
 .bss.xStart    0x0000000010004308        0x8 Middlewares/Third_Party/FreeRTOS/heap_4.o
 .bss.pxEnd     0x0000000010004310        0x4 Middlewares/Third_Party/FreeRTOS/heap_4.o
 .bss.xFreeBytesRemaining
                0x0000000010004314        0x4 Middlewares/Third_Party/FreeRTOS/heap_4.o
 .bss.xMinimumEverFreeBytesRemaining
                0x0000000010004318        0x4 Middlewares/Third_Party/FreeRTOS/heap_4.o
 .bss.xBlockAllocatedBit
                0x000000001000431c        0x4 Middlewares/Third_Party/FreeRTOS/heap_4.o
 .bss.ucMaxSysCallPriority
                0x0000000010004320        0x1 Middlewares/Third_Party/FreeRTOS/port.o
 *fill*         0x0000000010004321        0x3 
 .bss.ulMaxPRIGROUPValue
                0x0000000010004324        0x4 Middlewares/Third_Party/FreeRTOS/port.o
 .bss.pxCurrentTCB
                0x0000000010004328        0x4 Middlewares/Third_Party/FreeRTOS/tasks.o
                0x0000000010004328                pxCurrentTCB
 .bss.pxReadyTasksLists
                0x000000001000432c      0x460 Middlewares/Third_Party/FreeRTOS/tasks.o
 .bss.xDelayedTaskList1
                0x000000001000478c       0x14 Middlewares/Third_Party/FreeRTOS/tasks.o
 .bss.xDelayedTaskList2
                0x00000000100047a0       0x14 Middlewares/Third_Party/FreeRTOS/tasks.o
 .bss.pxDelayedTaskList
                0x00000000100047b4        0x4 Middlewares/Third_Party/FreeRTOS/tasks.o
 .bss.pxOverflowDelayedTaskList
                0x00000000100047b8        0x4 Middlewares/Third_Party/FreeRTOS/tasks.o
 .bss.xPendingReadyList
                0x00000000100047bc       0x14 Middlewares/Third_Party/FreeRTOS/tasks.o
 .bss.xTasksWaitingTermination
                0x00000000100047d0       0x14 Middlewares/Third_Party/FreeRTOS/tasks.o
 .bss.uxDeletedTasksWaitingCleanUp
                0x00000000100047e4        0x4 Middlewares/Third_Party/FreeRTOS/tasks.o
 .bss.xSuspendedTaskList
                0x00000000100047e8       0x14 Middlewares/Third_Party/FreeRTOS/tasks.o
 .bss.uxCurrentNumberOfTasks
                0x00000000100047fc        0x4 Middlewares/Third_Party/FreeRTOS/tasks.o
 .bss.xTickCount
                0x0000000010004800        0x4 Middlewares/Third_Party/FreeRTOS/tasks.o
 .bss.uxTopReadyPriority
                0x0000000010004804        0x4 Middlewares/Third_Party/FreeRTOS/tasks.o
 .bss.xSchedulerRunning
                0x0000000010004808        0x4 Middlewares/Third_Party/FreeRTOS/tasks.o
 .bss.uxPendedTicks
                0x000000001000480c        0x4 Middlewares/Third_Party/FreeRTOS/tasks.o
 .bss.xYieldPending
                0x0000000010004810        0x4 Middlewares/Third_Party/FreeRTOS/tasks.o
 .bss.xNumOfOverflows
                0x0000000010004814        0x4 Middlewares/Third_Party/FreeRTOS/tasks.o
 .bss.uxTaskNumber
                0x0000000010004818        0x4 Middlewares/Third_Party/FreeRTOS/tasks.o
 .bss.xNextTaskUnblockTime
                0x000000001000481c        0x4 Middlewares/Third_Party/FreeRTOS/tasks.o
 .bss.xIdleTaskHandle
                0x0000000010004820        0x4 Middlewares/Third_Party/FreeRTOS/tasks.o
 .bss.uxSchedulerSuspended
                0x0000000010004824        0x4 Middlewares/Third_Party/FreeRTOS/tasks.o
 .bss.xActiveTimerList1
                0x0000000010004828       0x14 Middlewares/Third_Party/FreeRTOS/timers.o
 .bss.xActiveTimerList2
                0x000000001000483c       0x14 Middlewares/Third_Party/FreeRTOS/timers.o
 .bss.pxCurrentTimerList
                0x0000000010004850        0x4 Middlewares/Third_Party/FreeRTOS/timers.o
 .bss.pxOverflowTimerList
                0x0000000010004854        0x4 Middlewares/Third_Party/FreeRTOS/timers.o
 .bss.xTimerQueue
                0x0000000010004858        0x4 Middlewares/Third_Party/FreeRTOS/timers.o
 .bss.xTimerTaskHandle
                0x000000001000485c        0x4 Middlewares/Third_Party/FreeRTOS/timers.o
 .bss.xLastTime.6741
                0x0000000010004860        0x4 Middlewares/Third_Party/FreeRTOS/timers.o
 .bss.ucStaticTimerQueueStorage.6792
                0x0000000010004864       0xa0 Middlewares/Third_Party/FreeRTOS/timers.o
 .bss.xStaticTimerQueue.6791
                0x0000000010004904       0x50 Middlewares/Third_Party/FreeRTOS/timers.o
 *(COMMON)
 COMMON         0x0000000010004954       0xa0 Core/Src/fdcan.o
                0x0000000010004954                hfdcan1
 COMMON         0x00000000100049f4       0x10 Core/Src/iwdg.o
                0x00000000100049f4                hiwdg2
 COMMON         0x0000000010004a04       0x88 Core/Src/spi.o
                0x0000000010004a04                hspi5
 COMMON         0x0000000010004a8c       0x4c Core/Src/stm32h7xx_hal_timebase_tim.o
                0x0000000010004a8c                htim8
 COMMON         0x0000000010004ad8        0x4 Drivers/STM32H7xx_HAL_Driver/stm32h7xx_hal.o
                0x0000000010004ad8                uwTick
 COMMON         0x0000000010004adc      0x46c FATFS/App/fatfs.o
                0x0000000010004adc                USERPath
                0x0000000010004ae0                retUSER
                0x0000000010004ae4                USERFile
                0x0000000010004d14                USERFatFS
 COMMON         0x0000000010004f48       0x40 Middlewares/Third_Party/FreeRTOS/queue.o
                0x0000000010004f48                xQueueRegistry
                0x0000000010004f88                . = ALIGN (0x4)
                0x0000000010004f88                _ebss = .
                0x0000000010004f88                __bss_end__ = _ebss

._user_heap_stack
                0x0000000010004f88      0x600 load address 0x0000000008104acc
                0x0000000010004f88                . = ALIGN (0x8)
                [!provide]                        PROVIDE (end = .)
                0x0000000010004f88                PROVIDE (_end = .)
                0x0000000010005188                . = (. + _Min_Heap_Size)
 *fill*         0x0000000010004f88      0x200 
                0x0000000010005588                . = (. + _Min_Stack_Size)
 *fill*         0x0000000010005188      0x400 
                0x0000000010005588                . = ALIGN (0x8)

/DISCARD/
 libc.a(*)
 libm.a(*)
 libgcc.a(*)

.ARM.attributes
                0x0000000000000000       0x30
 *(.ARM.attributes)
 .ARM.attributes
                0x0000000000000000       0x22 /Applications/STM32CubeIDE.app/Contents/Eclipse/plugins/com.st.stm32cube.ide.mcu.externaltools.gnu-tools-for-stm32.7-2018-q2-update.macos64_1.4.0.202007081208/tools/bin/../lib/gcc/arm-none-eabi/7.3.1/thumb/v7e-m/fpv4-sp/hard/crti.o
 .ARM.attributes
                0x0000000000000022       0x34 /Applications/STM32CubeIDE.app/Contents/Eclipse/plugins/com.st.stm32cube.ide.mcu.externaltools.gnu-tools-for-stm32.7-2018-q2-update.macos64_1.4.0.202007081208/tools/bin/../lib/gcc/arm-none-eabi/7.3.1/thumb/v7e-m/fpv4-sp/hard/crtbegin.o
 .ARM.attributes
                0x0000000000000056       0x39 Common/Src/system_stm32h7xx_dualcore_boot_cm4_cm7.o
 .ARM.attributes
                0x000000000000008f       0x39 Core/Src/dma.o
 .ARM.attributes
                0x00000000000000c8       0x39 Core/Src/fdcan.o
 .ARM.attributes
                0x0000000000000101       0x39 Core/Src/freertos.o
 .ARM.attributes
                0x000000000000013a       0x39 Core/Src/gpio.o
 .ARM.attributes
                0x0000000000000173       0x39 Core/Src/iwdg.o
 .ARM.attributes
                0x00000000000001ac       0x39 Core/Src/main.o
 .ARM.attributes
                0x00000000000001e5       0x39 Core/Src/spi.o
 .ARM.attributes
                0x000000000000021e       0x39 Core/Src/stm32h7xx_hal_msp.o
 .ARM.attributes
                0x0000000000000257       0x39 Core/Src/stm32h7xx_hal_timebase_tim.o
 .ARM.attributes
                0x0000000000000290       0x39 Core/Src/stm32h7xx_it.o
 .ARM.attributes
                0x00000000000002c9       0x21 Core/Startup/startup_stm32h745zitx.o
 .ARM.attributes
                0x00000000000002ea       0x39 Drivers/STM32H7xx_HAL_Driver/stm32h7xx_hal.o
 .ARM.attributes
                0x0000000000000323       0x39 Drivers/STM32H7xx_HAL_Driver/stm32h7xx_hal_cortex.o
 .ARM.attributes
                0x000000000000035c       0x39 Drivers/STM32H7xx_HAL_Driver/stm32h7xx_hal_fdcan.o
 .ARM.attributes
                0x0000000000000395       0x39 Drivers/STM32H7xx_HAL_Driver/stm32h7xx_hal_gpio.o
 .ARM.attributes
                0x00000000000003ce       0x39 Drivers/STM32H7xx_HAL_Driver/stm32h7xx_hal_hsem.o
 .ARM.attributes
                0x0000000000000407       0x39 Drivers/STM32H7xx_HAL_Driver/stm32h7xx_hal_iwdg.o
 .ARM.attributes
                0x0000000000000440       0x39 Drivers/STM32H7xx_HAL_Driver/stm32h7xx_hal_pwr_ex.o
 .ARM.attributes
                0x0000000000000479       0x39 Drivers/STM32H7xx_HAL_Driver/stm32h7xx_hal_rcc.o
 .ARM.attributes
                0x00000000000004b2       0x39 Drivers/STM32H7xx_HAL_Driver/stm32h7xx_hal_spi.o
 .ARM.attributes
                0x00000000000004eb       0x39 Drivers/STM32H7xx_HAL_Driver/stm32h7xx_hal_tim.o
 .ARM.attributes
                0x0000000000000524       0x39 FATFS/App/fatfs.o
 .ARM.attributes
                0x000000000000055d       0x39 FATFS/Target/user_diskio.o
 .ARM.attributes
                0x0000000000000596       0x39 Middlewares/Third_Party/FatFs/ff_gen_drv.o
 .ARM.attributes
                0x00000000000005cf       0x39 Middlewares/Third_Party/FreeRTOS/cmsis_os2.o
 .ARM.attributes
                0x0000000000000608       0x39 Middlewares/Third_Party/FreeRTOS/heap_4.o
 .ARM.attributes
                0x0000000000000641       0x39 Middlewares/Third_Party/FreeRTOS/list.o
 .ARM.attributes
                0x000000000000067a       0x39 Middlewares/Third_Party/FreeRTOS/port.o
 .ARM.attributes
                0x00000000000006b3       0x39 Middlewares/Third_Party/FreeRTOS/queue.o
 .ARM.attributes
                0x00000000000006ec       0x39 Middlewares/Third_Party/FreeRTOS/tasks.o
 .ARM.attributes
                0x0000000000000725       0x39 Middlewares/Third_Party/FreeRTOS/timers.o
 .ARM.attributes
                0x000000000000075e       0x39 System/System.o
 .ARM.attributes
                0x0000000000000797       0x34 /Applications/STM32CubeIDE.app/Contents/Eclipse/plugins/com.st.stm32cube.ide.mcu.externaltools.gnu-tools-for-stm32.7-2018-q2-update.macos64_1.4.0.202007081208/tools/bin/../lib/gcc/arm-none-eabi/7.3.1/../../../../arm-none-eabi/lib/thumb/v7e-m/fpv4-sp/hard/libc_nano.a(lib_a-init.o)
 .ARM.attributes
                0x00000000000007cb       0x34 /Applications/STM32CubeIDE.app/Contents/Eclipse/plugins/com.st.stm32cube.ide.mcu.externaltools.gnu-tools-for-stm32.7-2018-q2-update.macos64_1.4.0.202007081208/tools/bin/../lib/gcc/arm-none-eabi/7.3.1/../../../../arm-none-eabi/lib/thumb/v7e-m/fpv4-sp/hard/libc_nano.a(lib_a-memcpy-stub.o)
 .ARM.attributes
                0x00000000000007ff       0x34 /Applications/STM32CubeIDE.app/Contents/Eclipse/plugins/com.st.stm32cube.ide.mcu.externaltools.gnu-tools-for-stm32.7-2018-q2-update.macos64_1.4.0.202007081208/tools/bin/../lib/gcc/arm-none-eabi/7.3.1/../../../../arm-none-eabi/lib/thumb/v7e-m/fpv4-sp/hard/libc_nano.a(lib_a-memset.o)
 .ARM.attributes
                0x0000000000000833       0x22 /Applications/STM32CubeIDE.app/Contents/Eclipse/plugins/com.st.stm32cube.ide.mcu.externaltools.gnu-tools-for-stm32.7-2018-q2-update.macos64_1.4.0.202007081208/tools/bin/../lib/gcc/arm-none-eabi/7.3.1/thumb/v7e-m/fpv4-sp/hard/crtn.o
OUTPUT(XploreAvionics_CM4.elf elf32-littlearm)

.debug_info     0x0000000000000000    0x2f115
 .debug_info    0x0000000000000000     0x10ae Common/Src/system_stm32h7xx_dualcore_boot_cm4_cm7.o
 .debug_info    0x00000000000010ae      0xe6f Core/Src/dma.o
 .debug_info    0x0000000000001f1d     0x16f7 Core/Src/fdcan.o
 .debug_info    0x0000000000003614      0xaae Core/Src/freertos.o
 .debug_info    0x00000000000040c2      0xe6f Core/Src/gpio.o
 .debug_info    0x0000000000004f31      0xbaa Core/Src/iwdg.o
 .debug_info    0x0000000000005adb     0x311b Core/Src/main.o
 .debug_info    0x0000000000008bf6     0x163d Core/Src/spi.o
 .debug_info    0x000000000000a233     0x11f7 Core/Src/stm32h7xx_hal_msp.o
 .debug_info    0x000000000000b42a     0x195e Core/Src/stm32h7xx_hal_timebase_tim.o
 .debug_info    0x000000000000cd88     0x1164 Core/Src/stm32h7xx_it.o
 .debug_info    0x000000000000deec       0x22 Core/Startup/startup_stm32h745zitx.o
 .debug_info    0x000000000000df0e     0x206a Drivers/STM32H7xx_HAL_Driver/stm32h7xx_hal.o
 .debug_info    0x000000000000ff78     0x18d0 Drivers/STM32H7xx_HAL_Driver/stm32h7xx_hal_cortex.o
 .debug_info    0x0000000000011848     0x33f5 Drivers/STM32H7xx_HAL_Driver/stm32h7xx_hal_fdcan.o
 .debug_info    0x0000000000014c3d     0x16ec Drivers/STM32H7xx_HAL_Driver/stm32h7xx_hal_gpio.o
 .debug_info    0x0000000000016329      0xdc2 Drivers/STM32H7xx_HAL_Driver/stm32h7xx_hal_hsem.o
 .debug_info    0x00000000000170eb      0xbec Drivers/STM32H7xx_HAL_Driver/stm32h7xx_hal_iwdg.o
 .debug_info    0x0000000000017cd7     0x1939 Drivers/STM32H7xx_HAL_Driver/stm32h7xx_hal_pwr_ex.o
 .debug_info    0x0000000000019610     0x179e Drivers/STM32H7xx_HAL_Driver/stm32h7xx_hal_rcc.o
 .debug_info    0x000000000001adae     0x1da0 Drivers/STM32H7xx_HAL_Driver/stm32h7xx_hal_spi.o
 .debug_info    0x000000000001cb4e     0x3327 Drivers/STM32H7xx_HAL_Driver/stm32h7xx_hal_tim.o
 .debug_info    0x000000000001fe75      0xea7 FATFS/App/fatfs.o
 .debug_info    0x0000000000020d1c      0xd46 FATFS/Target/user_diskio.o
 .debug_info    0x0000000000021a62      0xd83 Middlewares/Third_Party/FatFs/ff_gen_drv.o
 .debug_info    0x00000000000227e5     0x401f Middlewares/Third_Party/FreeRTOS/cmsis_os2.o
 .debug_info    0x0000000000026804      0xbea Middlewares/Third_Party/FreeRTOS/heap_4.o
 .debug_info    0x00000000000273ee      0xacb Middlewares/Third_Party/FreeRTOS/list.o
 .debug_info    0x0000000000027eb9      0x533 Middlewares/Third_Party/FreeRTOS/port.o
 .debug_info    0x00000000000283ec     0x239c Middlewares/Third_Party/FreeRTOS/queue.o
 .debug_info    0x000000000002a788     0x2af7 Middlewares/Third_Party/FreeRTOS/tasks.o
 .debug_info    0x000000000002d27f     0x1aba Middlewares/Third_Party/FreeRTOS/timers.o
 .debug_info    0x000000000002ed39      0x3dc System/System.o

.debug_abbrev   0x0000000000000000     0x4e61
 .debug_abbrev  0x0000000000000000      0x21f Common/Src/system_stm32h7xx_dualcore_boot_cm4_cm7.o
 .debug_abbrev  0x000000000000021f      0x1f0 Core/Src/dma.o
 .debug_abbrev  0x000000000000040f      0x233 Core/Src/fdcan.o
 .debug_abbrev  0x0000000000000642      0x1b1 Core/Src/freertos.o
 .debug_abbrev  0x00000000000007f3      0x1f0 Core/Src/gpio.o
 .debug_abbrev  0x00000000000009e3      0x1cb Core/Src/iwdg.o
 .debug_abbrev  0x0000000000000bae      0x278 Core/Src/main.o
 .debug_abbrev  0x0000000000000e26      0x233 Core/Src/spi.o
 .debug_abbrev  0x0000000000001059      0x1e5 Core/Src/stm32h7xx_hal_msp.o
 .debug_abbrev  0x000000000000123e      0x23d Core/Src/stm32h7xx_hal_timebase_tim.o
 .debug_abbrev  0x000000000000147b      0x1cf Core/Src/stm32h7xx_it.o
 .debug_abbrev  0x000000000000164a       0x12 Core/Startup/startup_stm32h745zitx.o
 .debug_abbrev  0x000000000000165c      0x2e2 Drivers/STM32H7xx_HAL_Driver/stm32h7xx_hal.o
 .debug_abbrev  0x000000000000193e      0x3b5 Drivers/STM32H7xx_HAL_Driver/stm32h7xx_hal_cortex.o
 .debug_abbrev  0x0000000000001cf3      0x2f3 Drivers/STM32H7xx_HAL_Driver/stm32h7xx_hal_fdcan.o
 .debug_abbrev  0x0000000000001fe6      0x28f Drivers/STM32H7xx_HAL_Driver/stm32h7xx_hal_gpio.o
 .debug_abbrev  0x0000000000002275      0x2ab Drivers/STM32H7xx_HAL_Driver/stm32h7xx_hal_hsem.o
 .debug_abbrev  0x0000000000002520      0x1fa Drivers/STM32H7xx_HAL_Driver/stm32h7xx_hal_iwdg.o
 .debug_abbrev  0x000000000000271a      0x33a Drivers/STM32H7xx_HAL_Driver/stm32h7xx_hal_pwr_ex.o
 .debug_abbrev  0x0000000000002a54      0x2e2 Drivers/STM32H7xx_HAL_Driver/stm32h7xx_hal_rcc.o
 .debug_abbrev  0x0000000000002d36      0x2d5 Drivers/STM32H7xx_HAL_Driver/stm32h7xx_hal_spi.o
 .debug_abbrev  0x000000000000300b      0x2bd Drivers/STM32H7xx_HAL_Driver/stm32h7xx_hal_tim.o
 .debug_abbrev  0x00000000000032c8      0x1fb FATFS/App/fatfs.o
 .debug_abbrev  0x00000000000034c3      0x21c FATFS/Target/user_diskio.o
 .debug_abbrev  0x00000000000036df      0x252 Middlewares/Third_Party/FatFs/ff_gen_drv.o
 .debug_abbrev  0x0000000000003931      0x3c3 Middlewares/Third_Party/FreeRTOS/cmsis_os2.o
 .debug_abbrev  0x0000000000003cf4      0x29e Middlewares/Third_Party/FreeRTOS/heap_4.o
 .debug_abbrev  0x0000000000003f92      0x1cf Middlewares/Third_Party/FreeRTOS/list.o
 .debug_abbrev  0x0000000000004161      0x210 Middlewares/Third_Party/FreeRTOS/port.o
 .debug_abbrev  0x0000000000004371      0x336 Middlewares/Third_Party/FreeRTOS/queue.o
 .debug_abbrev  0x00000000000046a7      0x350 Middlewares/Third_Party/FreeRTOS/tasks.o
 .debug_abbrev  0x00000000000049f7      0x2d7 Middlewares/Third_Party/FreeRTOS/timers.o
 .debug_abbrev  0x0000000000004cce      0x193 System/System.o

.debug_aranges  0x0000000000000000     0x1930
 .debug_aranges
                0x0000000000000000       0x28 Common/Src/system_stm32h7xx_dualcore_boot_cm4_cm7.o
 .debug_aranges
                0x0000000000000028       0x20 Core/Src/dma.o
 .debug_aranges
                0x0000000000000048       0x30 Core/Src/fdcan.o
 .debug_aranges
                0x0000000000000078       0x20 Core/Src/freertos.o
 .debug_aranges
                0x0000000000000098       0x20 Core/Src/gpio.o
 .debug_aranges
                0x00000000000000b8       0x20 Core/Src/iwdg.o
 .debug_aranges
                0x00000000000000d8       0x30 Core/Src/main.o
 .debug_aranges
                0x0000000000000108       0x30 Core/Src/spi.o
 .debug_aranges
                0x0000000000000138       0x20 Core/Src/stm32h7xx_hal_msp.o
 .debug_aranges
                0x0000000000000158       0x30 Core/Src/stm32h7xx_hal_timebase_tim.o
 .debug_aranges
                0x0000000000000188       0x50 Core/Src/stm32h7xx_it.o
 .debug_aranges
                0x00000000000001d8       0x28 Core/Startup/startup_stm32h745zitx.o
 .debug_aranges
                0x0000000000000200      0x220 Drivers/STM32H7xx_HAL_Driver/stm32h7xx_hal.o
 .debug_aranges
                0x0000000000000420      0x120 Drivers/STM32H7xx_HAL_Driver/stm32h7xx_hal_cortex.o
 .debug_aranges
                0x0000000000000540      0x338 Drivers/STM32H7xx_HAL_Driver/stm32h7xx_hal_fdcan.o
 .debug_aranges
                0x0000000000000878       0x58 Drivers/STM32H7xx_HAL_Driver/stm32h7xx_hal_gpio.o
 .debug_aranges
                0x00000000000008d0       0x70 Drivers/STM32H7xx_HAL_Driver/stm32h7xx_hal_hsem.o
 .debug_aranges
                0x0000000000000940       0x28 Drivers/STM32H7xx_HAL_Driver/stm32h7xx_hal_iwdg.o
 .debug_aranges
                0x0000000000000968      0x170 Drivers/STM32H7xx_HAL_Driver/stm32h7xx_hal_pwr_ex.o
 .debug_aranges
                0x0000000000000ad8       0x88 Drivers/STM32H7xx_HAL_Driver/stm32h7xx_hal_rcc.o
 .debug_aranges
                0x0000000000000b60      0x1a0 Drivers/STM32H7xx_HAL_Driver/stm32h7xx_hal_spi.o
 .debug_aranges
                0x0000000000000d00      0x3e0 Drivers/STM32H7xx_HAL_Driver/stm32h7xx_hal_tim.o
 .debug_aranges
                0x00000000000010e0       0x28 FATFS/App/fatfs.o
 .debug_aranges
                0x0000000000001108       0x40 FATFS/Target/user_diskio.o
 .debug_aranges
                0x0000000000001148       0x40 Middlewares/Third_Party/FatFs/ff_gen_drv.o
 .debug_aranges
                0x0000000000001188      0x228 Middlewares/Third_Party/FreeRTOS/cmsis_os2.o
 .debug_aranges
                0x00000000000013b0       0x50 Middlewares/Third_Party/FreeRTOS/heap_4.o
 .debug_aranges
                0x0000000000001400       0x40 Middlewares/Third_Party/FreeRTOS/list.o
 .debug_aranges
                0x0000000000001440       0x80 Middlewares/Third_Party/FreeRTOS/port.o
 .debug_aranges
                0x00000000000014c0      0x158 Middlewares/Third_Party/FreeRTOS/queue.o
 .debug_aranges
                0x0000000000001618      0x208 Middlewares/Third_Party/FreeRTOS/tasks.o
 .debug_aranges
                0x0000000000001820       0xe8 Middlewares/Third_Party/FreeRTOS/timers.o
 .debug_aranges
                0x0000000000001908       0x28 System/System.o

.debug_ranges   0x0000000000000000     0x1728
 .debug_ranges  0x0000000000000000       0x18 Common/Src/system_stm32h7xx_dualcore_boot_cm4_cm7.o
 .debug_ranges  0x0000000000000018       0x10 Core/Src/dma.o
 .debug_ranges  0x0000000000000028       0x20 Core/Src/fdcan.o
 .debug_ranges  0x0000000000000048       0x10 Core/Src/freertos.o
 .debug_ranges  0x0000000000000058       0x10 Core/Src/gpio.o
 .debug_ranges  0x0000000000000068       0x10 Core/Src/iwdg.o
 .debug_ranges  0x0000000000000078       0x20 Core/Src/main.o
 .debug_ranges  0x0000000000000098       0x20 Core/Src/spi.o
 .debug_ranges  0x00000000000000b8       0x10 Core/Src/stm32h7xx_hal_msp.o
 .debug_ranges  0x00000000000000c8       0x20 Core/Src/stm32h7xx_hal_timebase_tim.o
 .debug_ranges  0x00000000000000e8       0x40 Core/Src/stm32h7xx_it.o
 .debug_ranges  0x0000000000000128       0x20 Core/Startup/startup_stm32h745zitx.o
 .debug_ranges  0x0000000000000148      0x210 Drivers/STM32H7xx_HAL_Driver/stm32h7xx_hal.o
 .debug_ranges  0x0000000000000358      0x110 Drivers/STM32H7xx_HAL_Driver/stm32h7xx_hal_cortex.o
 .debug_ranges  0x0000000000000468      0x328 Drivers/STM32H7xx_HAL_Driver/stm32h7xx_hal_fdcan.o
 .debug_ranges  0x0000000000000790       0x48 Drivers/STM32H7xx_HAL_Driver/stm32h7xx_hal_gpio.o
 .debug_ranges  0x00000000000007d8       0x60 Drivers/STM32H7xx_HAL_Driver/stm32h7xx_hal_hsem.o
 .debug_ranges  0x0000000000000838       0x18 Drivers/STM32H7xx_HAL_Driver/stm32h7xx_hal_iwdg.o
 .debug_ranges  0x0000000000000850      0x160 Drivers/STM32H7xx_HAL_Driver/stm32h7xx_hal_pwr_ex.o
 .debug_ranges  0x00000000000009b0       0x78 Drivers/STM32H7xx_HAL_Driver/stm32h7xx_hal_rcc.o
 .debug_ranges  0x0000000000000a28      0x190 Drivers/STM32H7xx_HAL_Driver/stm32h7xx_hal_spi.o
 .debug_ranges  0x0000000000000bb8      0x3d0 Drivers/STM32H7xx_HAL_Driver/stm32h7xx_hal_tim.o
 .debug_ranges  0x0000000000000f88       0x18 FATFS/App/fatfs.o
 .debug_ranges  0x0000000000000fa0       0x30 FATFS/Target/user_diskio.o
 .debug_ranges  0x0000000000000fd0       0x30 Middlewares/Third_Party/FatFs/ff_gen_drv.o
 .debug_ranges  0x0000000000001000      0x218 Middlewares/Third_Party/FreeRTOS/cmsis_os2.o
 .debug_ranges  0x0000000000001218       0x40 Middlewares/Third_Party/FreeRTOS/heap_4.o
 .debug_ranges  0x0000000000001258       0x30 Middlewares/Third_Party/FreeRTOS/list.o
 .debug_ranges  0x0000000000001288       0x70 Middlewares/Third_Party/FreeRTOS/port.o
 .debug_ranges  0x00000000000012f8      0x148 Middlewares/Third_Party/FreeRTOS/queue.o
 .debug_ranges  0x0000000000001440      0x1f8 Middlewares/Third_Party/FreeRTOS/tasks.o
 .debug_ranges  0x0000000000001638       0xd8 Middlewares/Third_Party/FreeRTOS/timers.o
 .debug_ranges  0x0000000000001710       0x18 System/System.o

.debug_macro    0x0000000000000000    0x3f472
 .debug_macro   0x0000000000000000      0x2f4 Common/Src/system_stm32h7xx_dualcore_boot_cm4_cm7.o
 .debug_macro   0x00000000000002f4      0xa60 Common/Src/system_stm32h7xx_dualcore_boot_cm4_cm7.o
 .debug_macro   0x0000000000000d54       0x2e Common/Src/system_stm32h7xx_dualcore_boot_cm4_cm7.o
 .debug_macro   0x0000000000000d82       0x3b Common/Src/system_stm32h7xx_dualcore_boot_cm4_cm7.o
 .debug_macro   0x0000000000000dbd       0x22 Common/Src/system_stm32h7xx_dualcore_boot_cm4_cm7.o
 .debug_macro   0x0000000000000ddf       0x8e Common/Src/system_stm32h7xx_dualcore_boot_cm4_cm7.o
 .debug_macro   0x0000000000000e6d       0x51 Common/Src/system_stm32h7xx_dualcore_boot_cm4_cm7.o
 .debug_macro   0x0000000000000ebe       0xef Common/Src/system_stm32h7xx_dualcore_boot_cm4_cm7.o
 .debug_macro   0x0000000000000fad       0x6a Common/Src/system_stm32h7xx_dualcore_boot_cm4_cm7.o
 .debug_macro   0x0000000000001017      0x1df Common/Src/system_stm32h7xx_dualcore_boot_cm4_cm7.o
 .debug_macro   0x00000000000011f6       0x1c Common/Src/system_stm32h7xx_dualcore_boot_cm4_cm7.o
 .debug_macro   0x0000000000001212       0x22 Common/Src/system_stm32h7xx_dualcore_boot_cm4_cm7.o
 .debug_macro   0x0000000000001234       0xdf Common/Src/system_stm32h7xx_dualcore_boot_cm4_cm7.o
 .debug_macro   0x0000000000001313     0x102d Common/Src/system_stm32h7xx_dualcore_boot_cm4_cm7.o
 .debug_macro   0x0000000000002340      0x11f Common/Src/system_stm32h7xx_dualcore_boot_cm4_cm7.o
 .debug_macro   0x000000000000245f    0x26850 Common/Src/system_stm32h7xx_dualcore_boot_cm4_cm7.o
 .debug_macro   0x0000000000028caf       0x43 Common/Src/system_stm32h7xx_dualcore_boot_cm4_cm7.o
 .debug_macro   0x0000000000028cf2      0x256 Common/Src/system_stm32h7xx_dualcore_boot_cm4_cm7.o
 .debug_macro   0x0000000000028f48     0x3cd3 Common/Src/system_stm32h7xx_dualcore_boot_cm4_cm7.o
 .debug_macro   0x000000000002cc1b      0x174 Common/Src/system_stm32h7xx_dualcore_boot_cm4_cm7.o
 .debug_macro   0x000000000002cd8f       0x46 Common/Src/system_stm32h7xx_dualcore_boot_cm4_cm7.o
 .debug_macro   0x000000000002cdd5       0x18 Common/Src/system_stm32h7xx_dualcore_boot_cm4_cm7.o
 .debug_macro   0x000000000002cded       0x3c Common/Src/system_stm32h7xx_dualcore_boot_cm4_cm7.o
 .debug_macro   0x000000000002ce29       0x34 Common/Src/system_stm32h7xx_dualcore_boot_cm4_cm7.o
 .debug_macro   0x000000000002ce5d       0x52 Common/Src/system_stm32h7xx_dualcore_boot_cm4_cm7.o
 .debug_macro   0x000000000002ceaf       0x1f Common/Src/system_stm32h7xx_dualcore_boot_cm4_cm7.o
 .debug_macro   0x000000000002cece       0x43 Common/Src/system_stm32h7xx_dualcore_boot_cm4_cm7.o
 .debug_macro   0x000000000002cf11       0x20 Common/Src/system_stm32h7xx_dualcore_boot_cm4_cm7.o
 .debug_macro   0x000000000002cf31      0x1a3 Common/Src/system_stm32h7xx_dualcore_boot_cm4_cm7.o
 .debug_macro   0x000000000002d0d4      0x32a Common/Src/system_stm32h7xx_dualcore_boot_cm4_cm7.o
 .debug_macro   0x000000000002d3fe      0x1e1 Common/Src/system_stm32h7xx_dualcore_boot_cm4_cm7.o
 .debug_macro   0x000000000002d5df       0x54 Common/Src/system_stm32h7xx_dualcore_boot_cm4_cm7.o
 .debug_macro   0x000000000002d633     0x3a9d Common/Src/system_stm32h7xx_dualcore_boot_cm4_cm7.o
 .debug_macro   0x00000000000310d0     0x104f Common/Src/system_stm32h7xx_dualcore_boot_cm4_cm7.o
 .debug_macro   0x000000000003211f      0x138 Common/Src/system_stm32h7xx_dualcore_boot_cm4_cm7.o
 .debug_macro   0x0000000000032257      0x133 Common/Src/system_stm32h7xx_dualcore_boot_cm4_cm7.o
 .debug_macro   0x000000000003238a      0x3be Common/Src/system_stm32h7xx_dualcore_boot_cm4_cm7.o
 .debug_macro   0x0000000000032748       0x27 Common/Src/system_stm32h7xx_dualcore_boot_cm4_cm7.o
 .debug_macro   0x000000000003276f      0x72d Common/Src/system_stm32h7xx_dualcore_boot_cm4_cm7.o
 .debug_macro   0x0000000000032e9c      0x229 Common/Src/system_stm32h7xx_dualcore_boot_cm4_cm7.o
 .debug_macro   0x00000000000330c5       0x66 Common/Src/system_stm32h7xx_dualcore_boot_cm4_cm7.o
 .debug_macro   0x000000000003312b      0x3bb Common/Src/system_stm32h7xx_dualcore_boot_cm4_cm7.o
 .debug_macro   0x00000000000334e6      0x408 Common/Src/system_stm32h7xx_dualcore_boot_cm4_cm7.o
 .debug_macro   0x00000000000338ee      0x244 Common/Src/system_stm32h7xx_dualcore_boot_cm4_cm7.o
 .debug_macro   0x0000000000033b32      0xe34 Common/Src/system_stm32h7xx_dualcore_boot_cm4_cm7.o
 .debug_macro   0x0000000000034966       0xd5 Common/Src/system_stm32h7xx_dualcore_boot_cm4_cm7.o
 .debug_macro   0x0000000000034a3b       0x4c Common/Src/system_stm32h7xx_dualcore_boot_cm4_cm7.o
 .debug_macro   0x0000000000034a87      0x3cb Common/Src/system_stm32h7xx_dualcore_boot_cm4_cm7.o
 .debug_macro   0x0000000000034e52      0x4b7 Common/Src/system_stm32h7xx_dualcore_boot_cm4_cm7.o
 .debug_macro   0x0000000000035309       0x51 Common/Src/system_stm32h7xx_dualcore_boot_cm4_cm7.o
 .debug_macro   0x000000000003535a       0x4a Common/Src/system_stm32h7xx_dualcore_boot_cm4_cm7.o
 .debug_macro   0x00000000000353a4      0x22c Common/Src/system_stm32h7xx_dualcore_boot_cm4_cm7.o
 .debug_macro   0x00000000000355d0       0x64 Common/Src/system_stm32h7xx_dualcore_boot_cm4_cm7.o
 .debug_macro   0x0000000000035634       0xa5 Common/Src/system_stm32h7xx_dualcore_boot_cm4_cm7.o
 .debug_macro   0x00000000000356d9       0x85 Common/Src/system_stm32h7xx_dualcore_boot_cm4_cm7.o
 .debug_macro   0x000000000003575e      0x219 Common/Src/system_stm32h7xx_dualcore_boot_cm4_cm7.o
 .debug_macro   0x0000000000035977      0x2eb Common/Src/system_stm32h7xx_dualcore_boot_cm4_cm7.o
 .debug_macro   0x0000000000035c62       0x35 Common/Src/system_stm32h7xx_dualcore_boot_cm4_cm7.o
 .debug_macro   0x0000000000035c97      0x2d4 Common/Src/system_stm32h7xx_dualcore_boot_cm4_cm7.o
 .debug_macro   0x0000000000035f6b      0x34b Common/Src/system_stm32h7xx_dualcore_boot_cm4_cm7.o
 .debug_macro   0x00000000000362b6      0x6b6 Common/Src/system_stm32h7xx_dualcore_boot_cm4_cm7.o
 .debug_macro   0x000000000003696c       0xe4 Common/Src/system_stm32h7xx_dualcore_boot_cm4_cm7.o
 .debug_macro   0x0000000000036a50      0x5dd Common/Src/system_stm32h7xx_dualcore_boot_cm4_cm7.o
 .debug_macro   0x000000000003702d       0x9e Common/Src/system_stm32h7xx_dualcore_boot_cm4_cm7.o
 .debug_macro   0x00000000000370cb      0xad7 Common/Src/system_stm32h7xx_dualcore_boot_cm4_cm7.o
 .debug_macro   0x0000000000037ba2      0x2a0 Common/Src/system_stm32h7xx_dualcore_boot_cm4_cm7.o
 .debug_macro   0x0000000000037e42      0x798 Common/Src/system_stm32h7xx_dualcore_boot_cm4_cm7.o
 .debug_macro   0x00000000000385da      0x302 Core/Src/dma.o
 .debug_macro   0x00000000000388dc      0x302 Core/Src/fdcan.o
 .debug_macro   0x0000000000038bde      0x38c Core/Src/freertos.o
 .debug_macro   0x0000000000038f6a      0x149 Core/Src/freertos.o
 .debug_macro   0x00000000000390b3      0x15a Core/Src/freertos.o
 .debug_macro   0x000000000003920d       0xc9 Core/Src/freertos.o
 .debug_macro   0x00000000000392d6       0x1c Core/Src/freertos.o
 .debug_macro   0x00000000000392f2       0x26 Core/Src/freertos.o
 .debug_macro   0x0000000000039318      0x4a2 Core/Src/freertos.o
 .debug_macro   0x00000000000397ba       0xb5 Core/Src/freertos.o
 .debug_macro   0x000000000003986f       0xaa Core/Src/freertos.o
 .debug_macro   0x0000000000039919       0x6c Core/Src/freertos.o
 .debug_macro   0x0000000000039985       0x74 Core/Src/freertos.o
 .debug_macro   0x00000000000399f9       0xdd Core/Src/freertos.o
 .debug_macro   0x0000000000039ad6      0x302 Core/Src/gpio.o
 .debug_macro   0x0000000000039dd8      0x302 Core/Src/iwdg.o
 .debug_macro   0x000000000003a0da      0x42f Core/Src/main.o
 .debug_macro   0x000000000003a509      0x149 Core/Src/main.o
 .debug_macro   0x000000000003a652       0x66 Core/Src/main.o
 .debug_macro   0x000000000003a6b8      0x100 Core/Src/main.o
 .debug_macro   0x000000000003a7b8       0xe2 Core/Src/main.o
 .debug_macro   0x000000000003a89a       0x8e Core/Src/main.o
 .debug_macro   0x000000000003a928      0x302 Core/Src/spi.o
 .debug_macro   0x000000000003ac2a      0x2f8 Core/Src/stm32h7xx_hal_msp.o
 .debug_macro   0x000000000003af22      0x2ee Core/Src/stm32h7xx_hal_timebase_tim.o
 .debug_macro   0x000000000003b210      0x302 Core/Src/stm32h7xx_it.o
 .debug_macro   0x000000000003b512      0x318 Drivers/STM32H7xx_HAL_Driver/stm32h7xx_hal.o
 .debug_macro   0x000000000003b82a      0x2ee Drivers/STM32H7xx_HAL_Driver/stm32h7xx_hal_cortex.o
 .debug_macro   0x000000000003bb18      0x3b3 Drivers/STM32H7xx_HAL_Driver/stm32h7xx_hal_fdcan.o
 .debug_macro   0x000000000003becb      0x338 Drivers/STM32H7xx_HAL_Driver/stm32h7xx_hal_gpio.o
 .debug_macro   0x000000000003c203      0x300 Drivers/STM32H7xx_HAL_Driver/stm32h7xx_hal_hsem.o
 .debug_macro   0x000000000003c503      0x2f5 Drivers/STM32H7xx_HAL_Driver/stm32h7xx_hal_iwdg.o
 .debug_macro   0x000000000003c7f8      0x327 Drivers/STM32H7xx_HAL_Driver/stm32h7xx_hal_pwr_ex.o
 .debug_macro   0x000000000003cb1f      0x312 Drivers/STM32H7xx_HAL_Driver/stm32h7xx_hal_rcc.o
 .debug_macro   0x000000000003ce31      0x2f6 Drivers/STM32H7xx_HAL_Driver/stm32h7xx_hal_spi.o
 .debug_macro   0x000000000003d127      0x2ef Drivers/STM32H7xx_HAL_Driver/stm32h7xx_hal_tim.o
 .debug_macro   0x000000000003d416      0x3db FATFS/App/fatfs.o
 .debug_macro   0x000000000003d7f1       0xfa FATFS/App/fatfs.o
 .debug_macro   0x000000000003d8eb      0x3f8 FATFS/Target/user_diskio.o
 .debug_macro   0x000000000003dce3       0x10 FATFS/Target/user_diskio.o
 .debug_macro   0x000000000003dcf3       0x20 FATFS/Target/user_diskio.o
 .debug_macro   0x000000000003dd13       0x16 FATFS/Target/user_diskio.o
 .debug_macro   0x000000000003dd29       0x7c FATFS/Target/user_diskio.o
 .debug_macro   0x000000000003dda5       0xd9 FATFS/Target/user_diskio.o
 .debug_macro   0x000000000003de7e      0x3c8 Middlewares/Third_Party/FatFs/ff_gen_drv.o
 .debug_macro   0x000000000003e246      0x23a Middlewares/Third_Party/FreeRTOS/cmsis_os2.o
 .debug_macro   0x000000000003e480       0x10 Middlewares/Third_Party/FreeRTOS/cmsis_os2.o
 .debug_macro   0x000000000003e490       0xd3 Middlewares/Third_Party/FreeRTOS/cmsis_os2.o
 .debug_macro   0x000000000003e563       0x91 Middlewares/Third_Party/FreeRTOS/cmsis_os2.o
 .debug_macro   0x000000000003e5f4       0x8d Middlewares/Third_Party/FreeRTOS/cmsis_os2.o
 .debug_macro   0x000000000003e681       0x9a Middlewares/Third_Party/FreeRTOS/cmsis_os2.o
 .debug_macro   0x000000000003e71b      0x1a1 Middlewares/Third_Party/FreeRTOS/heap_4.o
 .debug_macro   0x000000000003e8bc      0x17a Middlewares/Third_Party/FreeRTOS/list.o
 .debug_macro   0x000000000003ea36      0x196 Middlewares/Third_Party/FreeRTOS/port.o
 .debug_macro   0x000000000003ebcc      0x209 Middlewares/Third_Party/FreeRTOS/queue.o
 .debug_macro   0x000000000003edd5       0x16 Middlewares/Third_Party/FreeRTOS/queue.o
 .debug_macro   0x000000000003edeb       0x87 Middlewares/Third_Party/FreeRTOS/queue.o
 .debug_macro   0x000000000003ee72      0x272 Middlewares/Third_Party/FreeRTOS/tasks.o
 .debug_macro   0x000000000003f0e4       0x10 Middlewares/Third_Party/FreeRTOS/tasks.o
 .debug_macro   0x000000000003f0f4      0x1cf Middlewares/Third_Party/FreeRTOS/timers.o
 .debug_macro   0x000000000003f2c3       0x97 Middlewares/Third_Party/FreeRTOS/timers.o
 .debug_macro   0x000000000003f35a      0x118 System/System.o

.debug_line     0x0000000000000000    0x1a195
 .debug_line    0x0000000000000000      0x9b1 Common/Src/system_stm32h7xx_dualcore_boot_cm4_cm7.o
 .debug_line    0x00000000000009b1      0x933 Core/Src/dma.o
 .debug_line    0x00000000000012e4      0x982 Core/Src/fdcan.o
 .debug_line    0x0000000000001c66      0xaac Core/Src/freertos.o
 .debug_line    0x0000000000002712      0x935 Core/Src/gpio.o
 .debug_line    0x0000000000003047      0x939 Core/Src/iwdg.o
 .debug_line    0x0000000000003980      0xbbf Core/Src/main.o
 .debug_line    0x000000000000453f      0x977 Core/Src/spi.o
 .debug_line    0x0000000000004eb6      0x939 Core/Src/stm32h7xx_hal_msp.o
 .debug_line    0x00000000000057ef      0x96d Core/Src/stm32h7xx_hal_timebase_tim.o
 .debug_line    0x000000000000615c      0x9ba Core/Src/stm32h7xx_it.o
 .debug_line    0x0000000000006b16       0x87 Core/Startup/startup_stm32h745zitx.o
 .debug_line    0x0000000000006b9d      0xe5c Drivers/STM32H7xx_HAL_Driver/stm32h7xx_hal.o
 .debug_line    0x00000000000079f9      0xca3 Drivers/STM32H7xx_HAL_Driver/stm32h7xx_hal_cortex.o
 .debug_line    0x000000000000869c     0x1664 Drivers/STM32H7xx_HAL_Driver/stm32h7xx_hal_fdcan.o
 .debug_line    0x0000000000009d00      0xb5e Drivers/STM32H7xx_HAL_Driver/stm32h7xx_hal_gpio.o
 .debug_line    0x000000000000a85e      0xa4a Drivers/STM32H7xx_HAL_Driver/stm32h7xx_hal_hsem.o
 .debug_line    0x000000000000b2a8      0x998 Drivers/STM32H7xx_HAL_Driver/stm32h7xx_hal_iwdg.o
 .debug_line    0x000000000000bc40      0xdc7 Drivers/STM32H7xx_HAL_Driver/stm32h7xx_hal_pwr_ex.o
 .debug_line    0x000000000000ca07      0xd44 Drivers/STM32H7xx_HAL_Driver/stm32h7xx_hal_rcc.o
 .debug_line    0x000000000000d74b     0x13c9 Drivers/STM32H7xx_HAL_Driver/stm32h7xx_hal_spi.o
 .debug_line    0x000000000000eb14     0x286a Drivers/STM32H7xx_HAL_Driver/stm32h7xx_hal_tim.o
 .debug_line    0x000000000001137e      0xb30 FATFS/App/fatfs.o
 .debug_line    0x0000000000011eae      0xb7a FATFS/Target/user_diskio.o
 .debug_line    0x0000000000012a28      0xb81 Middlewares/Third_Party/FatFs/ff_gen_drv.o
 .debug_line    0x00000000000135a9     0x1e91 Middlewares/Third_Party/FreeRTOS/cmsis_os2.o
 .debug_line    0x000000000001543a      0x7c0 Middlewares/Third_Party/FreeRTOS/heap_4.o
 .debug_line    0x0000000000015bfa      0x6da Middlewares/Third_Party/FreeRTOS/list.o
 .debug_line    0x00000000000162d4      0x746 Middlewares/Third_Party/FreeRTOS/port.o
 .debug_line    0x0000000000016a1a     0x116f Middlewares/Third_Party/FreeRTOS/queue.o
 .debug_line    0x0000000000017b89     0x1503 Middlewares/Third_Party/FreeRTOS/tasks.o
 .debug_line    0x000000000001908c      0xaed Middlewares/Third_Party/FreeRTOS/timers.o
 .debug_line    0x0000000000019b79      0x61c System/System.o

.debug_str      0x0000000000000000   0x19b7ca
 .debug_str     0x0000000000000000   0x189334 Common/Src/system_stm32h7xx_dualcore_boot_cm4_cm7.o
                                     0x189874 (size before relaxing)
 .debug_str     0x0000000000189334       0x38 Core/Src/dma.o
                                     0x18975c (size before relaxing)
 .debug_str     0x000000000018936c      0x55b Core/Src/fdcan.o
                                     0x189cbd (size before relaxing)
 .debug_str     0x00000000001898c7     0x481a Core/Src/freertos.o
                                     0x18dd25 (size before relaxing)
 .debug_str     0x000000000018e0e1       0x2a Core/Src/gpio.o
                                     0x18975f (size before relaxing)
 .debug_str     0x000000000018e10b       0x68 Core/Src/iwdg.o
                                     0x1895bf (size before relaxing)
 .debug_str     0x000000000018e173     0x179a Core/Src/main.o
                                     0x18fd88 (size before relaxing)
 .debug_str     0x000000000018f90d       0x4b Core/Src/spi.o
                                     0x189dcc (size before relaxing)
 .debug_str     0x000000000018f958      0x820 Core/Src/stm32h7xx_hal_msp.o
                                     0x189fc0 (size before relaxing)
 .debug_str     0x0000000000190178      0x12c Core/Src/stm32h7xx_hal_timebase_tim.o
                                     0x18a6d9 (size before relaxing)
 .debug_str     0x00000000001902a4       0xab Core/Src/stm32h7xx_it.o
                                     0x189bc3 (size before relaxing)
 .debug_str     0x000000000019034f       0x36 Core/Startup/startup_stm32h745zitx.o
                                         0x6f (size before relaxing)
 .debug_str     0x0000000000190385      0xa26 Drivers/STM32H7xx_HAL_Driver/stm32h7xx_hal.o
                                     0x18ab52 (size before relaxing)
 .debug_str     0x0000000000190dab      0x3cd Drivers/STM32H7xx_HAL_Driver/stm32h7xx_hal_cortex.o
                                     0x18a328 (size before relaxing)
 .debug_str     0x0000000000191178     0x1be2 Drivers/STM32H7xx_HAL_Driver/stm32h7xx_hal_fdcan.o
                                     0x18b721 (size before relaxing)
 .debug_str     0x0000000000192d5a      0x27c Drivers/STM32H7xx_HAL_Driver/stm32h7xx_hal_gpio.o
                                     0x189bc2 (size before relaxing)
 .debug_str     0x0000000000192fd6      0x1ed Drivers/STM32H7xx_HAL_Driver/stm32h7xx_hal_hsem.o
                                     0x189778 (size before relaxing)
 .debug_str     0x00000000001931c3       0xc8 Drivers/STM32H7xx_HAL_Driver/stm32h7xx_hal_iwdg.o
                                     0x189667 (size before relaxing)
 .debug_str     0x000000000019328b      0x6da Drivers/STM32H7xx_HAL_Driver/stm32h7xx_hal_pwr_ex.o
                                     0x189ef7 (size before relaxing)
 .debug_str     0x0000000000193965      0x4be Drivers/STM32H7xx_HAL_Driver/stm32h7xx_hal_rcc.o
                                     0x189dee (size before relaxing)
 .debug_str     0x0000000000193e23      0x52e Drivers/STM32H7xx_HAL_Driver/stm32h7xx_hal_spi.o
                                     0x18a096 (size before relaxing)
 .debug_str     0x0000000000194351      0xe81 Drivers/STM32H7xx_HAL_Driver/stm32h7xx_hal_tim.o
                                     0x18ab11 (size before relaxing)
 .debug_str     0x00000000001951d2       0x2f FATFS/App/fatfs.o
                                     0x18e530 (size before relaxing)
 .debug_str     0x0000000000195201      0x114 FATFS/Target/user_diskio.o
                                     0x18e4d2 (size before relaxing)
 .debug_str     0x0000000000195315       0xf7 Middlewares/Third_Party/FatFs/ff_gen_drv.o
                                     0x18e4b8 (size before relaxing)
 .debug_str     0x000000000019540c     0x2cf0 Middlewares/Third_Party/FreeRTOS/cmsis_os2.o
                                       0xe3a1 (size before relaxing)
 .debug_str     0x00000000001980fc      0x3c1 Middlewares/Third_Party/FreeRTOS/heap_4.o
                                       0xaeb5 (size before relaxing)
 .debug_str     0x00000000001984bd      0x14e Middlewares/Third_Party/FreeRTOS/list.o
                                       0xa6c2 (size before relaxing)
 .debug_str     0x000000000019860b      0x849 Middlewares/Third_Party/FreeRTOS/port.o
                                       0x848b (size before relaxing)
 .debug_str     0x0000000000198e54      0x8ff Middlewares/Third_Party/FreeRTOS/queue.o
                                       0xc021 (size before relaxing)
 .debug_str     0x0000000000199753     0x12ce Middlewares/Third_Party/FreeRTOS/tasks.o
                                       0xcbb4 (size before relaxing)
 .debug_str     0x000000000019aa21      0x625 Middlewares/Third_Party/FreeRTOS/timers.o
                                       0xc59e (size before relaxing)
 .debug_str     0x000000000019b046      0x784 System/System.o
                                       0x9134 (size before relaxing)

.comment        0x0000000000000000       0x7b
 .comment       0x0000000000000000       0x7b Common/Src/system_stm32h7xx_dualcore_boot_cm4_cm7.o
                                         0x7c (size before relaxing)
 .comment       0x000000000000007b       0x7c Core/Src/dma.o
 .comment       0x000000000000007b       0x7c Core/Src/fdcan.o
 .comment       0x000000000000007b       0x7c Core/Src/freertos.o
 .comment       0x000000000000007b       0x7c Core/Src/gpio.o
 .comment       0x000000000000007b       0x7c Core/Src/iwdg.o
 .comment       0x000000000000007b       0x7c Core/Src/main.o
 .comment       0x000000000000007b       0x7c Core/Src/spi.o
 .comment       0x000000000000007b       0x7c Core/Src/stm32h7xx_hal_msp.o
 .comment       0x000000000000007b       0x7c Core/Src/stm32h7xx_hal_timebase_tim.o
 .comment       0x000000000000007b       0x7c Core/Src/stm32h7xx_it.o
 .comment       0x000000000000007b       0x7c Drivers/STM32H7xx_HAL_Driver/stm32h7xx_hal.o
 .comment       0x000000000000007b       0x7c Drivers/STM32H7xx_HAL_Driver/stm32h7xx_hal_cortex.o
 .comment       0x000000000000007b       0x7c Drivers/STM32H7xx_HAL_Driver/stm32h7xx_hal_fdcan.o
 .comment       0x000000000000007b       0x7c Drivers/STM32H7xx_HAL_Driver/stm32h7xx_hal_gpio.o
 .comment       0x000000000000007b       0x7c Drivers/STM32H7xx_HAL_Driver/stm32h7xx_hal_hsem.o
 .comment       0x000000000000007b       0x7c Drivers/STM32H7xx_HAL_Driver/stm32h7xx_hal_iwdg.o
 .comment       0x000000000000007b       0x7c Drivers/STM32H7xx_HAL_Driver/stm32h7xx_hal_pwr_ex.o
 .comment       0x000000000000007b       0x7c Drivers/STM32H7xx_HAL_Driver/stm32h7xx_hal_rcc.o
 .comment       0x000000000000007b       0x7c Drivers/STM32H7xx_HAL_Driver/stm32h7xx_hal_spi.o
 .comment       0x000000000000007b       0x7c Drivers/STM32H7xx_HAL_Driver/stm32h7xx_hal_tim.o
 .comment       0x000000000000007b       0x7c FATFS/App/fatfs.o
 .comment       0x000000000000007b       0x7c FATFS/Target/user_diskio.o
 .comment       0x000000000000007b       0x7c Middlewares/Third_Party/FatFs/ff_gen_drv.o
 .comment       0x000000000000007b       0x7c Middlewares/Third_Party/FreeRTOS/cmsis_os2.o
 .comment       0x000000000000007b       0x7c Middlewares/Third_Party/FreeRTOS/heap_4.o
 .comment       0x000000000000007b       0x7c Middlewares/Third_Party/FreeRTOS/list.o
 .comment       0x000000000000007b       0x7c Middlewares/Third_Party/FreeRTOS/port.o
 .comment       0x000000000000007b       0x7c Middlewares/Third_Party/FreeRTOS/queue.o
 .comment       0x000000000000007b       0x7c Middlewares/Third_Party/FreeRTOS/tasks.o
 .comment       0x000000000000007b       0x7c Middlewares/Third_Party/FreeRTOS/timers.o
 .comment       0x000000000000007b       0x7c System/System.o

.debug_frame    0x0000000000000000     0x6858
 .debug_frame   0x0000000000000000       0x58 Common/Src/system_stm32h7xx_dualcore_boot_cm4_cm7.o
 .debug_frame   0x0000000000000058       0x38 Core/Src/dma.o
 .debug_frame   0x0000000000000090       0x74 Core/Src/fdcan.o
 .debug_frame   0x0000000000000104       0x2c Core/Src/freertos.o
 .debug_frame   0x0000000000000130       0x38 Core/Src/gpio.o
 .debug_frame   0x0000000000000168       0x2c Core/Src/iwdg.o
 .debug_frame   0x0000000000000194       0x74 Core/Src/main.o
 .debug_frame   0x0000000000000208       0x74 Core/Src/spi.o
 .debug_frame   0x000000000000027c       0x34 Core/Src/stm32h7xx_hal_msp.o
 .debug_frame   0x00000000000002b0       0x74 Core/Src/stm32h7xx_hal_timebase_tim.o
 .debug_frame   0x0000000000000324       0xd0 Core/Src/stm32h7xx_it.o
 .debug_frame   0x00000000000003f4      0x8c8 Drivers/STM32H7xx_HAL_Driver/stm32h7xx_hal.o
 .debug_frame   0x0000000000000cbc      0x4b8 Drivers/STM32H7xx_HAL_Driver/stm32h7xx_hal_cortex.o
 .debug_frame   0x0000000000001174      0xf9c Drivers/STM32H7xx_HAL_Driver/stm32h7xx_hal_fdcan.o
 .debug_frame   0x0000000000002110      0x14c Drivers/STM32H7xx_HAL_Driver/stm32h7xx_hal_gpio.o
 .debug_frame   0x000000000000225c      0x1bc Drivers/STM32H7xx_HAL_Driver/stm32h7xx_hal_hsem.o
 .debug_frame   0x0000000000002418       0x5c Drivers/STM32H7xx_HAL_Driver/stm32h7xx_hal_iwdg.o
 .debug_frame   0x0000000000002474      0x5ec Drivers/STM32H7xx_HAL_Driver/stm32h7xx_hal_pwr_ex.o