Archive member included to satisfy reference by file (symbol)

/Applications/STM32CubeIDE.app/Contents/Eclipse/plugins/com.st.stm32cube.ide.mcu.externaltools.gnu-tools-for-stm32.7-2018-q2-update.macos64_1.4.0.202007081208/tools/bin/../lib/gcc/arm-none-eabi/7.3.1/../../../../arm-none-eabi/lib/thumb/v7e-m/fpv4-sp/hard/libstdc++_nano.a(pure.o)
                              System/Thread.o (__cxa_pure_virtual)
/Applications/STM32CubeIDE.app/Contents/Eclipse/plugins/com.st.stm32cube.ide.mcu.externaltools.gnu-tools-for-stm32.7-2018-q2-update.macos64_1.4.0.202007081208/tools/bin/../lib/gcc/arm-none-eabi/7.3.1/../../../../arm-none-eabi/lib/thumb/v7e-m/fpv4-sp/hard/libstdc++_nano.a(eh_terminate.o)
                              /Applications/STM32CubeIDE.app/Contents/Eclipse/plugins/com.st.stm32cube.ide.mcu.externaltools.gnu-tools-for-stm32.7-2018-q2-update.macos64_1.4.0.202007081208/tools/bin/../lib/gcc/arm-none-eabi/7.3.1/../../../../arm-none-eabi/lib/thumb/v7e-m/fpv4-sp/hard/libstdc++_nano.a(pure.o) (std::terminate())
/Applications/STM32CubeIDE.app/Contents/Eclipse/plugins/com.st.stm32cube.ide.mcu.externaltools.gnu-tools-for-stm32.7-2018-q2-update.macos64_1.4.0.202007081208/tools/bin/../lib/gcc/arm-none-eabi/7.3.1/../../../../arm-none-eabi/lib/thumb/v7e-m/fpv4-sp/hard/libstdc++_nano.a(eh_unex_handler.o)
                              /Applications/STM32CubeIDE.app/Contents/Eclipse/plugins/com.st.stm32cube.ide.mcu.externaltools.gnu-tools-for-stm32.7-2018-q2-update.macos64_1.4.0.202007081208/tools/bin/../lib/gcc/arm-none-eabi/7.3.1/../../../../arm-none-eabi/lib/thumb/v7e-m/fpv4-sp/hard/libstdc++_nano.a(eh_terminate.o) (__cxxabiv1::__unexpected_handler)
/Applications/STM32CubeIDE.app/Contents/Eclipse/plugins/com.st.stm32cube.ide.mcu.externaltools.gnu-tools-for-stm32.7-2018-q2-update.macos64_1.4.0.202007081208/tools/bin/../lib/gcc/arm-none-eabi/7.3.1/../../../../arm-none-eabi/lib/thumb/v7e-m/fpv4-sp/hard/libstdc++_nano.a(eh_term_handler.o)
                              /Applications/STM32CubeIDE.app/Contents/Eclipse/plugins/com.st.stm32cube.ide.mcu.externaltools.gnu-tools-for-stm32.7-2018-q2-update.macos64_1.4.0.202007081208/tools/bin/../lib/gcc/arm-none-eabi/7.3.1/../../../../arm-none-eabi/lib/thumb/v7e-m/fpv4-sp/hard/libstdc++_nano.a(eh_terminate.o) (__cxxabiv1::__terminate_handler)
/Applications/STM32CubeIDE.app/Contents/Eclipse/plugins/com.st.stm32cube.ide.mcu.externaltools.gnu-tools-for-stm32.7-2018-q2-update.macos64_1.4.0.202007081208/tools/bin/../lib/gcc/arm-none-eabi/7.3.1/../../../../arm-none-eabi/lib/thumb/v7e-m/fpv4-sp/hard/libc_nano.a(lib_a-abort.o)
                              /Applications/STM32CubeIDE.app/Contents/Eclipse/plugins/com.st.stm32cube.ide.mcu.externaltools.gnu-tools-for-stm32.7-2018-q2-update.macos64_1.4.0.202007081208/tools/bin/../lib/gcc/arm-none-eabi/7.3.1/../../../../arm-none-eabi/lib/thumb/v7e-m/fpv4-sp/hard/libstdc++_nano.a(eh_terminate.o) (abort)
/Applications/STM32CubeIDE.app/Contents/Eclipse/plugins/com.st.stm32cube.ide.mcu.externaltools.gnu-tools-for-stm32.7-2018-q2-update.macos64_1.4.0.202007081208/tools/bin/../lib/gcc/arm-none-eabi/7.3.1/../../../../arm-none-eabi/lib/thumb/v7e-m/fpv4-sp/hard/libc_nano.a(lib_a-errno.o)
                              Core/Src/syscalls.o (__errno)
/Applications/STM32CubeIDE.app/Contents/Eclipse/plugins/com.st.stm32cube.ide.mcu.externaltools.gnu-tools-for-stm32.7-2018-q2-update.macos64_1.4.0.202007081208/tools/bin/../lib/gcc/arm-none-eabi/7.3.1/../../../../arm-none-eabi/lib/thumb/v7e-m/fpv4-sp/hard/libc_nano.a(lib_a-exit.o)
                              /Applications/STM32CubeIDE.app/Contents/Eclipse/plugins/com.st.stm32cube.ide.mcu.externaltools.gnu-tools-for-stm32.7-2018-q2-update.macos64_1.4.0.202007081208/tools/bin/../lib/gcc/arm-none-eabi/7.3.1/../../../../arm-none-eabi/lib/thumb/v7e-m/fpv4-sp/hard/crt0.o (exit)
/Applications/STM32CubeIDE.app/Contents/Eclipse/plugins/com.st.stm32cube.ide.mcu.externaltools.gnu-tools-for-stm32.7-2018-q2-update.macos64_1.4.0.202007081208/tools/bin/../lib/gcc/arm-none-eabi/7.3.1/../../../../arm-none-eabi/lib/thumb/v7e-m/fpv4-sp/hard/libc_nano.a(lib_a-impure.o)
                              /Applications/STM32CubeIDE.app/Contents/Eclipse/plugins/com.st.stm32cube.ide.mcu.externaltools.gnu-tools-for-stm32.7-2018-q2-update.macos64_1.4.0.202007081208/tools/bin/../lib/gcc/arm-none-eabi/7.3.1/../../../../arm-none-eabi/lib/thumb/v7e-m/fpv4-sp/hard/libc_nano.a(lib_a-exit.o) (_global_impure_ptr)
/Applications/STM32CubeIDE.app/Contents/Eclipse/plugins/com.st.stm32cube.ide.mcu.externaltools.gnu-tools-for-stm32.7-2018-q2-update.macos64_1.4.0.202007081208/tools/bin/../lib/gcc/arm-none-eabi/7.3.1/../../../../arm-none-eabi/lib/thumb/v7e-m/fpv4-sp/hard/libc_nano.a(lib_a-init.o)
[...]
Memory Configuration

Name             Origin             Length             Attributes
FLASH            0x0000000008100000 0x0000000000100000 xr
RAM              0x0000000010000000 0x0000000000048000 xrw
*default*        0x0000000000000000 0xffffffffffffffff

Linker script and memory map

LOAD /Applications/STM32CubeIDE.app/Contents/Eclipse/plugins/com.st.stm32cube.ide.mcu.externaltools.gnu-tools-for-stm32.7-2018-q2-update.macos64_1.4.0.202007081208/tools/bin/../lib/gcc/arm-none-eabi/7.3.1/thumb/v7e-m/fpv4-sp/hard/crti.o
LOAD /Applications/STM32CubeIDE.app/Contents/Eclipse/plugins/com.st.stm32cube.ide.mcu.externaltools.gnu-tools-for-stm32.7-2018-q2-update.macos64_1.4.0.202007081208/tools/bin/../lib/gcc/arm-none-eabi/7.3.1/thumb/v7e-m/fpv4-sp/hard/crtbegin.o
LOAD /Applications/STM32CubeIDE.app/Contents/Eclipse/plugins/com.st.stm32cube.ide.mcu.externaltools.gnu-tools-for-stm32.7-2018-q2-update.macos64_1.4.0.202007081208/tools/bin/../lib/gcc/arm-none-eabi/7.3.1/../../../../arm-none-eabi/lib/thumb/v7e-m/fpv4-sp/hard/crt0.o
LOAD Common/Src/system_stm32h7xx_dualcore_boot_cm4_cm7.o
LOAD Core/Src/crc.o
LOAD Core/Src/dma.o
LOAD Core/Src/fdcan.o
LOAD Core/Src/freertos.o
LOAD Core/Src/gpio.o
LOAD Core/Src/iwdg.o
LOAD Core/Src/main.o
LOAD Core/Src/quadspi.o
LOAD Core/Src/rtc.o
LOAD Core/Src/spi.o
LOAD Core/Src/stm32h7xx_hal_msp.o
LOAD Core/Src/stm32h7xx_hal_timebase_tim.o
LOAD Core/Src/stm32h7xx_it.o
LOAD Core/Src/syscalls.o
LOAD Core/Src/sysmem.o
LOAD Core/Startup/startup_stm32h745zitx.o
LOAD Drivers/BSP/Components/lan8742.o
LOAD Drivers/STM32H7xx_HAL_Driver/stm32h7xx_hal.o
LOAD Drivers/STM32H7xx_HAL_Driver/stm32h7xx_hal_cortex.o
LOAD Drivers/STM32H7xx_HAL_Driver/stm32h7xx_hal_crc.o
LOAD Drivers/STM32H7xx_HAL_Driver/stm32h7xx_hal_crc_ex.o
LOAD Drivers/STM32H7xx_HAL_Driver/stm32h7xx_hal_dma.o
LOAD Drivers/STM32H7xx_HAL_Driver/stm32h7xx_hal_dma_ex.o
LOAD Drivers/STM32H7xx_HAL_Driver/stm32h7xx_hal_exti.o
LOAD Drivers/STM32H7xx_HAL_Driver/stm32h7xx_hal_fdcan.o
LOAD Drivers/STM32H7xx_HAL_Driver/stm32h7xx_hal_flash.o
LOAD Drivers/STM32H7xx_HAL_Driver/stm32h7xx_hal_flash_ex.o
LOAD Drivers/STM32H7xx_HAL_Driver/stm32h7xx_hal_gpio.o
LOAD Drivers/STM32H7xx_HAL_Driver/stm32h7xx_hal_hsem.o
LOAD Drivers/STM32H7xx_HAL_Driver/stm32h7xx_hal_i2c.o
LOAD Drivers/STM32H7xx_HAL_Driver/stm32h7xx_hal_i2c_ex.o
LOAD Drivers/STM32H7xx_HAL_Driver/stm32h7xx_hal_iwdg.o
LOAD Drivers/STM32H7xx_HAL_Driver/stm32h7xx_hal_mdma.o
LOAD Drivers/STM32H7xx_HAL_Driver/stm32h7xx_hal_pwr.o
LOAD Drivers/STM32H7xx_HAL_Driver/stm32h7xx_hal_pwr_ex.o
LOAD Drivers/STM32H7xx_HAL_Driver/stm32h7xx_hal_qspi.o
LOAD Drivers/STM32H7xx_HAL_Driver/stm32h7xx_hal_rcc.o
LOAD Drivers/STM32H7xx_HAL_Driver/stm32h7xx_hal_rcc_ex.o
LOAD Drivers/STM32H7xx_HAL_Driver/stm32h7xx_hal_rtc.o
LOAD Drivers/STM32H7xx_HAL_Driver/stm32h7xx_hal_rtc_ex.o
LOAD Drivers/STM32H7xx_HAL_Driver/stm32h7xx_hal_spi.o
LOAD Drivers/STM32H7xx_HAL_Driver/stm32h7xx_hal_spi_ex.o
LOAD Drivers/STM32H7xx_HAL_Driver/stm32h7xx_hal_tim.o
LOAD Drivers/STM32H7xx_HAL_Driver/stm32h7xx_hal_tim_ex.o
LOAD FATFS/App/fatfs.o
LOAD FATFS/Target/user_diskio.o
LOAD Middlewares/Third_Party/FatFs/diskio.o
LOAD Middlewares/Third_Party/FatFs/ff.o
LOAD Middlewares/Third_Party/FatFs/ff_gen_drv.o
LOAD Middlewares/Third_Party/FatFs/syscall.o
LOAD Middlewares/Third_Party/FreeRTOS/cmsis_os2.o
LOAD Middlewares/Third_Party/FreeRTOS/croutine.o
LOAD Middlewares/Third_Party/FreeRTOS/event_groups.o
LOAD Middlewares/Third_Party/FreeRTOS/heap_4.o
LOAD Middlewares/Third_Party/FreeRTOS/list.o
LOAD Middlewares/Third_Party/FreeRTOS/port.o
LOAD Middlewares/Third_Party/FreeRTOS/queue.o
LOAD Middlewares/Third_Party/FreeRTOS/stream_buffer.o
LOAD Middlewares/Third_Party/FreeRTOS/tasks.o
LOAD Middlewares/Third_Party/FreeRTOS/timers.o
LOAD System/Misc/WatchdogThread.o
LOAD System/Sensors/Barometer.o
LOAD System/Sensors/IMU.o
LOAD System/System.o
LOAD System/Thread.o
START GROUP
LOAD /Applications/STM32CubeIDE.app/Contents/Eclipse/plugins/com.st.stm32cube.ide.mcu.externaltools.gnu-tools-for-stm32.7-2018-q2-update.macos64_1.4.0.202007081208/tools/bin/../lib/gcc/arm-none-eabi/7.3.1/../../../../arm-none-eabi/lib/thumb/v7e-m/fpv4-sp/hard/libstdc++_nano.a
LOAD /Applications/STM32CubeIDE.app/Contents/Eclipse/plugins/com.st.stm32cube.ide.mcu.externaltools.gnu-tools-for-stm32.7-2018-q2-update.macos64_1.4.0.202007081208/tools/bin/../lib/gcc/arm-none-eabi/7.3.1/../../../../arm-none-eabi/lib/thumb/v7e-m/fpv4-sp/hard/libsupc++_nano.a
END GROUP
LOAD /Applications/STM32CubeIDE.app/Contents/Eclipse/plugins/com.st.stm32cube.ide.mcu.externaltools.gnu-tools-for-stm32.7-2018-q2-update.macos64_1.4.0.202007081208/tools/bin/../lib/gcc/arm-none-eabi/7.3.1/../../../../arm-none-eabi/lib/thumb/v7e-m/fpv4-sp/hard/libstdc++_nano.a
LOAD /Applications/STM32CubeIDE.app/Contents/Eclipse/plugins/com.st.stm32cube.ide.mcu.externaltools.gnu-tools-for-stm32.7-2018-q2-update.macos64_1.4.0.202007081208/tools/bin/../lib/gcc/arm-none-eabi/7.3.1/../../../../arm-none-eabi/lib/thumb/v7e-m/fpv4-sp/hard/libm.a
LOAD /Applications/STM32CubeIDE.app/Contents/Eclipse/plugins/com.st.stm32cube.ide.mcu.externaltools.gnu-tools-for-stm32.7-2018-q2-update.macos64_1.4.0.202007081208/tools/bin/../lib/gcc/arm-none-eabi/7.3.1/../../../../arm-none-eabi/lib/thumb/v7e-m/fpv4-sp/hard/libc_nano.a
START GROUP
LOAD /Applications/STM32CubeIDE.app/Contents/Eclipse/plugins/com.st.stm32cube.ide.mcu.externaltools.gnu-tools-for-stm32.7-2018-q2-update.macos64_1.4.0.202007081208/tools/bin/../lib/gcc/arm-none-eabi/7.3.1/thumb/v7e-m/fpv4-sp/hard/libgcc.a
LOAD /Applications/STM32CubeIDE.app/Contents/Eclipse/plugins/com.st.stm32cube.ide.mcu.externaltools.gnu-tools-for-stm32.7-2018-q2-update.macos64_1.4.0.202007081208/tools/bin/../lib/gcc/arm-none-eabi/7.3.1/../../../../arm-none-eabi/lib/thumb/v7e-m/fpv4-sp/hard/libc_nano.a
END GROUP
START GROUP
LOAD /Applications/STM32CubeIDE.app/Contents/Eclipse/plugins/com.st.stm32cube.ide.mcu.externaltools.gnu-tools-for-stm32.7-2018-q2-update.macos64_1.4.0.202007081208/tools/bin/../lib/gcc/arm-none-eabi/7.3.1/thumb/v7e-m/fpv4-sp/hard/libgcc.a
LOAD /Applications/STM32CubeIDE.app/Contents/Eclipse/plugins/com.st.stm32cube.ide.mcu.externaltools.gnu-tools-for-stm32.7-2018-q2-update.macos64_1.4.0.202007081208/tools/bin/../lib/gcc/arm-none-eabi/7.3.1/../../../../arm-none-eabi/lib/thumb/v7e-m/fpv4-sp/hard/libc_nano.a
END GROUP
LOAD /Applications/STM32CubeIDE.app/Contents/Eclipse/plugins/com.st.stm32cube.ide.mcu.externaltools.gnu-tools-for-stm32.7-2018-q2-update.macos64_1.4.0.202007081208/tools/bin/../lib/gcc/arm-none-eabi/7.3.1/thumb/v7e-m/fpv4-sp/hard/crtend.o
LOAD /Applications/STM32CubeIDE.app/Contents/Eclipse/plugins/com.st.stm32cube.ide.mcu.externaltools.gnu-tools-for-stm32.7-2018-q2-update.macos64_1.4.0.202007081208/tools/bin/../lib/gcc/arm-none-eabi/7.3.1/thumb/v7e-m/fpv4-sp/hard/crtn.o
                0x0000000010048000                _estack = 0x10048000
                0x0000000000000200                _Min_Heap_Size = 0x200
                0x0000000000000400                _Min_Stack_Size = 0x400

.isr_vector     0x0000000008100000      0x298
                0x0000000008100000                . = ALIGN (0x4)
 *(.isr_vector)
 .isr_vector    0x0000000008100000      0x298 Core/Startup/startup_stm32h745zitx.o
                0x0000000008100000                g_pfnVectors
                0x0000000008100298                . = ALIGN (0x4)

.text           0x00000000081002a0     0x4d4c
                0x00000000081002a0                . = ALIGN (0x4)
 *(.text)
 .text          0x00000000081002a0       0x40 /Applications/STM32CubeIDE.app/Contents/Eclipse/plugins/com.st.stm32cube.ide.mcu.externaltools.gnu-tools-for-stm32.7-2018-q2-update.macos64_1.4.0.202007081208/tools/bin/../lib/gcc/arm-none-eabi/7.3.1/thumb/v7e-m/fpv4-sp/hard/crtbegin.o
 *(.text*)
 .text.SystemInit
                0x00000000081002e0       0x38 Common/Src/system_stm32h7xx_dualcore_boot_cm4_cm7.o
                0x00000000081002e0                SystemInit
 .text.MX_DMA_Init
                0x0000000008100318       0x54 Core/Src/dma.o
                0x0000000008100318                MX_DMA_Init
 .text.MX_FDCAN1_Init
                0x000000000810036c       0xc8 Core/Src/fdcan.o
                0x000000000810036c                MX_FDCAN1_Init
 .text.HAL_FDCAN_MspInit
                0x0000000008100434       0x94 Core/Src/fdcan.o
                0x0000000008100434                HAL_FDCAN_MspInit
 .text.MX_FREERTOS_Init
                0x00000000081004c8        0xc Core/Src/freertos.o
                0x00000000081004c8                MX_FREERTOS_Init
 .text.MX_GPIO_Init
                0x00000000081004d4       0x54 Core/Src/gpio.o
                0x00000000081004d4                MX_GPIO_Init
 .text.MX_IWDG2_Init
                0x0000000008100528       0x3c Core/Src/iwdg.o
                0x0000000008100528                MX_IWDG2_Init
 .text.main     0x0000000008100564       0xa0 Core/Src/main.o
                0x0000000008100564                main
 .text.Error_Handler
                0x0000000008100604        0xe Core/Src/main.o
                0x0000000008100604                Error_Handler
 *fill*         0x0000000008100612        0x2 
 .text.MX_SPI5_Init
                0x0000000008100614       0xac Core/Src/spi.o
                0x0000000008100614                MX_SPI5_Init
 .text.HAL_SPI_MspInit
                0x00000000081006c0       0x94 Core/Src/spi.o
                0x00000000081006c0                HAL_SPI_MspInit
 .text.HAL_MspInit
                0x0000000008100754       0x3c Core/Src/stm32h7xx_hal_msp.o
                0x0000000008100754                HAL_MspInit
 .text.HAL_InitTick
                0x0000000008100790       0xb8 Core/Src/stm32h7xx_hal_timebase_tim.o
                0x0000000008100790                HAL_InitTick
 .text.NMI_Handler
                0x0000000008100848        0xe Core/Src/stm32h7xx_it.o
                0x0000000008100848                NMI_Handler
 .text.HardFault_Handler
                0x0000000008100856        0x6 Core/Src/stm32h7xx_it.o
                0x0000000008100856                HardFault_Handler
 .text.MemManage_Handler
                0x000000000810085c        0x6 Core/Src/stm32h7xx_it.o
                0x000000000810085c                MemManage_Handler
 .text.BusFault_Handler
                0x0000000008100862        0x6 Core/Src/stm32h7xx_it.o
                0x0000000008100862                BusFault_Handler
 .text.UsageFault_Handler
                0x0000000008100868        0x6 Core/Src/stm32h7xx_it.o
                0x0000000008100868                UsageFault_Handler
 .text.DebugMon_Handler
                0x000000000810086e        0xe Core/Src/stm32h7xx_it.o
                0x000000000810086e                DebugMon_Handler
 .text.TIM8_UP_TIM13_IRQHandler
                0x000000000810087c        0xe Core/Src/stm32h7xx_it.o
                0x000000000810087c                TIM8_UP_TIM13_IRQHandler
 .text._getpid  0x000000000810088a       0x10 Core/Src/syscalls.o
                0x000000000810088a                _getpid
 .text._kill    0x000000000810089a       0x20 Core/Src/syscalls.o
                0x000000000810089a                _kill
 .text._exit    0x00000000081008ba       0x14 Core/Src/syscalls.o
                0x00000000081008ba                _exit
 *fill*         0x00000000081008ce        0x2 
 .text.Reset_Handler
                0x00000000081008d0       0x50 Core/Startup/startup_stm32h745zitx.o
                0x00000000081008d0                Reset_Handler
 .text.Default_Handler
                0x0000000008100920        0x2 Core/Startup/startup_stm32h745zitx.o
                0x0000000008100920                DMA1_Stream3_IRQHandler
                0x0000000008100920                EXTI2_IRQHandler
                0x0000000008100920                TIM8_CC_IRQHandler
                0x0000000008100920                HRTIM1_Master_IRQHandler
                0x0000000008100920                UART8_IRQHandler
                0x0000000008100920                SPI4_IRQHandler
                0x0000000008100920                TIM1_CC_IRQHandler
                0x0000000008100920                BDMA_Channel6_IRQHandler
                0x0000000008100920                DMA2_Stream5_IRQHandler
                0x0000000008100920                HRTIM1_FLT_IRQHandler
                0x0000000008100920                JPEG_IRQHandler
                0x0000000008100920                DMA1_Stream5_IRQHandler
                0x0000000008100920                BDMA_Channel1_IRQHandler
                0x0000000008100920                HRTIM1_TIMD_IRQHandler
                0x0000000008100920                TAMP_STAMP_IRQHandler
                0x0000000008100920                EXTI3_IRQHandler
                0x0000000008100920                LPTIM4_IRQHandler
                0x0000000008100920                TIM8_TRG_COM_TIM14_IRQHandler
                0x0000000008100920                LPTIM2_IRQHandler
                0x0000000008100920                DFSDM1_FLT1_IRQHandler
                0x0000000008100920                DMAMUX2_OVR_IRQHandler
                0x0000000008100920                I2C3_ER_IRQHandler
                0x0000000008100920                DFSDM1_FLT2_IRQHandler
                0x0000000008100920                MDMA_IRQHandler
                0x0000000008100920                LPTIM3_IRQHandler
                0x0000000008100920                HSEM1_IRQHandler
                0x0000000008100920                EXTI0_IRQHandler
                0x0000000008100920                I2C2_EV_IRQHandler
                0x0000000008100920                DMA1_Stream2_IRQHandler
                0x0000000008100920                FPU_IRQHandler
                0x0000000008100920                OTG_HS_WKUP_IRQHandler
                0x0000000008100920                FDCAN1_IT1_IRQHandler
                0x0000000008100920                LTDC_ER_IRQHandler
                0x0000000008100920                DMA2_Stream2_IRQHandler
                0x0000000008100920                HRTIM1_TIME_IRQHandler
                0x0000000008100920                SPI1_IRQHandler
                0x0000000008100920                TIM6_DAC_IRQHandler
                0x0000000008100920                DCMI_IRQHandler
                0x0000000008100920                HRTIM1_TIMC_IRQHandler
                0x0000000008100920                DMA2_Stream3_IRQHandler
                0x0000000008100920                SAI2_IRQHandler
                0x0000000008100920                DFSDM1_FLT3_IRQHandler
                0x0000000008100920                USART6_IRQHandler
                0x0000000008100920                TIM17_IRQHandler
                0x0000000008100920                USART3_IRQHandler
                0x0000000008100920                BDMA_Channel7_IRQHandler
                0x0000000008100920                LPTIM5_IRQHandler
                0x0000000008100920                UART5_IRQHandler
                0x0000000008100920                ADC3_IRQHandler
                0x0000000008100920                DMA2_Stream0_IRQHandler
                0x0000000008100920                TIM4_IRQHandler
                0x0000000008100920                BDMA_Channel2_IRQHandler
                0x0000000008100920                QUADSPI_IRQHandler
                0x0000000008100920                I2C1_EV_IRQHandler
                0x0000000008100920                DMA1_Stream6_IRQHandler
                0x0000000008100920                DMAMUX1_OVR_IRQHandler
                0x0000000008100920                DMA1_Stream1_IRQHandler
                0x0000000008100920                TIM16_IRQHandler
                0x0000000008100920                UART4_IRQHandler
                0x0000000008100920                BDMA_Channel5_IRQHandler
                0x0000000008100920                TIM3_IRQHandler
                0x0000000008100920                RCC_IRQHandler
                0x0000000008100920                TIM8_BRK_TIM12_IRQHandler
                0x0000000008100920                TIM1_TRG_COM_IRQHandler
                0x0000000008100920                Default_Handler
                0x0000000008100920                ECC_IRQHandler
                0x0000000008100920                CEC_IRQHandler
                0x0000000008100920                EXTI15_10_IRQHandler
                0x0000000008100920                BDMA_Channel0_IRQHandler
                0x0000000008100920                ADC_IRQHandler
                0x0000000008100920                DMA1_Stream7_IRQHandler
                0x0000000008100920                HRTIM1_TIMA_IRQHandler
                0x0000000008100920                SPI5_IRQHandler
                0x0000000008100920                TIM7_IRQHandler
                0x0000000008100920                SDMMC1_IRQHandler
                0x0000000008100920                TIM5_IRQHandler
                0x0000000008100920                DMA2_Stream7_IRQHandler
                0x0000000008100920                TIM15_IRQHandler
                0x0000000008100920                PVD_AVD_IRQHandler
                0x0000000008100920                I2C3_EV_IRQHandler
                0x0000000008100920                EXTI9_5_IRQHandler
                0x0000000008100920                RTC_WKUP_IRQHandler
                0x0000000008100920                LTDC_IRQHandler
                0x0000000008100920                SAI3_IRQHandler
                0x0000000008100920                ETH_WKUP_IRQHandler
                0x0000000008100920                SPDIF_RX_IRQHandler
                0x0000000008100920                SPI2_IRQHandler
                0x0000000008100920                OTG_HS_EP1_IN_IRQHandler
                0x0000000008100920                DMA1_Stream0_IRQHandler
                0x0000000008100920                CRS_IRQHandler
                0x0000000008100920                CM7_SEV_IRQHandler
                0x0000000008100920                EXTI4_IRQHandler
                0x0000000008100920                RNG_IRQHandler
                0x0000000008100920                CM4_SEV_IRQHandler
                0x0000000008100920                HRTIM1_TIMB_IRQHandler
                0x0000000008100920                FDCAN2_IT1_IRQHandler
                0x0000000008100920                ETH_IRQHandler
                0x0000000008100920                TIM1_UP_IRQHandler
                0x0000000008100920                WWDG_RST_IRQHandler
                0x0000000008100920                BDMA_Channel4_IRQHandler
                0x0000000008100920                OTG_HS_EP1_OUT_IRQHandler
                0x0000000008100920                WWDG_IRQHandler
                0x0000000008100920                SPI6_IRQHandler
                0x0000000008100920                MDIOS_IRQHandler
                0x0000000008100920                I2C4_EV_IRQHandler
                0x0000000008100920                FDCAN2_IT0_IRQHandler
                0x0000000008100920                LPUART1_IRQHandler
                0x0000000008100920                FDCAN1_IT0_IRQHandler
                0x0000000008100920                TIM2_IRQHandler
                0x0000000008100920                OTG_FS_WKUP_IRQHandler
                0x0000000008100920                OTG_HS_IRQHandler
                0x0000000008100920                HSEM2_IRQHandler
                0x0000000008100920                DMA2D_IRQHandler
                0x0000000008100920                TIM1_BRK_IRQHandler
                0x0000000008100920                EXTI1_IRQHandler
                0x0000000008100920                SDMMC2_IRQHandler
                0x0000000008100920                OTG_FS_EP1_OUT_IRQHandler
                0x0000000008100920                BDMA_Channel3_IRQHandler
                0x0000000008100920                HOLD_CORE_IRQHandler
                0x0000000008100920                UART7_IRQHandler
                0x0000000008100920                MDIOS_WKUP_IRQHandler
                0x0000000008100920                USART2_IRQHandler
                0x0000000008100920                DFSDM1_FLT0_IRQHandler
                0x0000000008100920                SAI4_IRQHandler
                0x0000000008100920                I2C2_ER_IRQHandler
                0x0000000008100920                DMA2_Stream1_IRQHandler
                0x0000000008100920                FLASH_IRQHandler
                0x0000000008100920                DMA2_Stream4_IRQHandler
                0x0000000008100920                USART1_IRQHandler
                0x0000000008100920                OTG_FS_IRQHandler
                0x0000000008100920                SPI3_IRQHandler
                0x0000000008100920                WAKEUP_PIN_IRQHandler
                0x0000000008100920                DMA1_Stream4_IRQHandler
                0x0000000008100920                OTG_FS_EP1_IN_IRQHandler
                0x0000000008100920                I2C1_ER_IRQHandler
                0x0000000008100920                FMC_IRQHandler
                0x0000000008100920                FDCAN_CAL_IRQHandler
                0x0000000008100920                SWPMI1_IRQHandler
                0x0000000008100920                COMP1_IRQHandler
                0x0000000008100920                LPTIM1_IRQHandler
                0x0000000008100920                I2C4_ER_IRQHandler
                0x0000000008100920                DMA2_Stream6_IRQHandler
                0x0000000008100920                SAI1_IRQHandler
                0x0000000008100920                RTC_Alarm_IRQHandler
 *fill*         0x0000000008100922        0x2 
 .text.HAL_Init
                0x0000000008100924       0xbc Drivers/STM32H7xx_HAL_Driver/stm32h7xx_hal.o
                0x0000000008100924                HAL_Init
 .text.HAL_GetTick
                0x00000000081009e0       0x18 Drivers/STM32H7xx_HAL_Driver/stm32h7xx_hal.o
                0x00000000081009e0                HAL_GetTick
 .text.__NVIC_SetPriorityGrouping
                0x00000000081009f8       0x48 Drivers/STM32H7xx_HAL_Driver/stm32h7xx_hal_cortex.o
 .text.__NVIC_GetPriorityGrouping
                0x0000000008100a40       0x1c Drivers/STM32H7xx_HAL_Driver/stm32h7xx_hal_cortex.o
 .text.__NVIC_EnableIRQ
                0x0000000008100a5c       0x3c Drivers/STM32H7xx_HAL_Driver/stm32h7xx_hal_cortex.o
 .text.__NVIC_SetPriority
                0x0000000008100a98       0x54 Drivers/STM32H7xx_HAL_Driver/stm32h7xx_hal_cortex.o
 .text.NVIC_EncodePriority
                0x0000000008100aec       0x66 Drivers/STM32H7xx_HAL_Driver/stm32h7xx_hal_cortex.o
 .text.HAL_NVIC_SetPriorityGrouping
                0x0000000008100b52       0x16 Drivers/STM32H7xx_HAL_Driver/stm32h7xx_hal_cortex.o
                0x0000000008100b52                HAL_NVIC_SetPriorityGrouping
 .text.HAL_NVIC_SetPriority
                0x0000000008100b68       0x34 Drivers/STM32H7xx_HAL_Driver/stm32h7xx_hal_cortex.o
                0x0000000008100b68                HAL_NVIC_SetPriority
 .text.HAL_NVIC_EnableIRQ
                0x0000000008100b9c       0x1c Drivers/STM32H7xx_HAL_Driver/stm32h7xx_hal_cortex.o
                0x0000000008100b9c                HAL_NVIC_EnableIRQ
 .text.HAL_GetCurrentCPUID
                0x0000000008100bb8       0x28 Drivers/STM32H7xx_HAL_Driver/stm32h7xx_hal_cortex.o
                0x0000000008100bb8                HAL_GetCurrentCPUID
 .text.HAL_FDCAN_Init
                0x0000000008100be0      0x3c4 Drivers/STM32H7xx_HAL_Driver/stm32h7xx_hal_fdcan.o
                0x0000000008100be0                HAL_FDCAN_Init
 .text.FDCAN_CalcultateRamBlockAddresses
                0x0000000008100fa4      0x320 Drivers/STM32H7xx_HAL_Driver/stm32h7xx_hal_fdcan.o
 .text.HAL_GPIO_Init
                0x00000000081012c4      0x360 Drivers/STM32H7xx_HAL_Driver/stm32h7xx_hal_gpio.o
                0x00000000081012c4                HAL_GPIO_Init
 .text.HAL_HSEM_ActivateNotification
                0x0000000008101624       0x24 Drivers/STM32H7xx_HAL_Driver/stm32h7xx_hal_hsem.o
                0x0000000008101624                HAL_HSEM_ActivateNotification
 .text.HAL_IWDG_Init
                0x0000000008101648       0x8c Drivers/STM32H7xx_HAL_Driver/stm32h7xx_hal_iwdg.o
                0x0000000008101648                HAL_IWDG_Init
 .text.HAL_IWDG_Refresh
                0x00000000081016d4       0x20 Drivers/STM32H7xx_HAL_Driver/stm32h7xx_hal_iwdg.o
                0x00000000081016d4                HAL_IWDG_Refresh
 .text.HAL_PWREx_EnterSTOPMode
                0x00000000081016f4       0xec Drivers/STM32H7xx_HAL_Driver/stm32h7xx_hal_pwr_ex.o
                0x00000000081016f4                HAL_PWREx_EnterSTOPMode
 .text.HAL_PWREx_ClearPendingEvent
                0x00000000081017e0       0x1a Drivers/STM32H7xx_HAL_Driver/stm32h7xx_hal_pwr_ex.o
                0x00000000081017e0                HAL_PWREx_ClearPendingEvent
 *fill*         0x00000000081017fa        0x2 
 .text.HAL_RCC_GetSysClockFreq
                0x00000000081017fc      0x2e4 Drivers/STM32H7xx_HAL_Driver/stm32h7xx_hal_rcc.o
                0x00000000081017fc                HAL_RCC_GetSysClockFreq
 .text.HAL_RCC_GetHCLKFreq
                0x0000000008101ae0       0x64 Drivers/STM32H7xx_HAL_Driver/stm32h7xx_hal_rcc.o
                0x0000000008101ae0                HAL_RCC_GetHCLKFreq
 .text.HAL_RCC_GetPCLK2Freq
                0x0000000008101b44       0x2c Drivers/STM32H7xx_HAL_Driver/stm32h7xx_hal_rcc.o
                0x0000000008101b44                HAL_RCC_GetPCLK2Freq
 .text.HAL_RCC_GetClockConfig
                0x0000000008101b70       0x84 Drivers/STM32H7xx_HAL_Driver/stm32h7xx_hal_rcc.o
                0x0000000008101b70                HAL_RCC_GetClockConfig
 .text.HAL_SPI_Init
                0x0000000008101bf4      0x1f0 Drivers/STM32H7xx_HAL_Driver/stm32h7xx_hal_spi.o
                0x0000000008101bf4                HAL_SPI_Init
 .text.SPI_GetPacketSize
                0x0000000008101de4       0x36 Drivers/STM32H7xx_HAL_Driver/stm32h7xx_hal_spi.o
 .text.HAL_TIM_Base_Init
                0x0000000008101e1a       0xae Drivers/STM32H7xx_HAL_Driver/stm32h7xx_hal_tim.o
                0x0000000008101e1a                HAL_TIM_Base_Init
 .text.HAL_TIM_Base_MspInit
                0x0000000008101ec8       0x14 Drivers/STM32H7xx_HAL_Driver/stm32h7xx_hal_tim.o
                0x0000000008101ec8                HAL_TIM_Base_MspInit
 .text.HAL_TIM_Base_Start_IT
                0x0000000008101edc       0x6c Drivers/STM32H7xx_HAL_Driver/stm32h7xx_hal_tim.o
                0x0000000008101edc                HAL_TIM_Base_Start_IT
 .text.TIM_Base_SetConfig
                0x0000000008101f48      0x134 Drivers/STM32H7xx_HAL_Driver/stm32h7xx_hal_tim.o
                0x0000000008101f48                TIM_Base_SetConfig
 .text.MX_FATFS_Init
                0x000000000810207c       0x24 FATFS/App/fatfs.o
                0x000000000810207c                MX_FATFS_Init
 .text.USER_initialize
                0x00000000081020a0       0x28 FATFS/Target/user_diskio.o
                0x00000000081020a0                USER_initialize
 .text.USER_status
                0x00000000081020c8       0x28 FATFS/Target/user_diskio.o
                0x00000000081020c8                USER_status
 .text.USER_read
                0x00000000081020f0       0x1e FATFS/Target/user_diskio.o
                0x00000000081020f0                USER_read
 .text.USER_write
                0x000000000810210e       0x1e FATFS/Target/user_diskio.o
                0x000000000810210e                USER_write
 .text.USER_ioctl
                0x000000000810212c       0x22 FATFS/Target/user_diskio.o
                0x000000000810212c                USER_ioctl
 *fill*         0x000000000810214e        0x2 
 .text.FATFS_LinkDriverEx
                0x0000000008102150       0x98 Middlewares/Third_Party/FatFs/ff_gen_drv.o
                0x0000000008102150                FATFS_LinkDriverEx
 .text.FATFS_LinkDriver
                0x00000000081021e8       0x1e Middlewares/Third_Party/FatFs/ff_gen_drv.o
                0x00000000081021e8                FATFS_LinkDriver
 .text.SVC_Setup
                0x0000000008102206        0xe Middlewares/Third_Party/FreeRTOS/cmsis_os2.o
 .text.osKernelInitialize
                0x0000000008102214       0x68 Middlewares/Third_Party/FreeRTOS/cmsis_os2.o
                0x0000000008102214                osKernelInitialize
 .text.osKernelStart
                0x000000000810227c       0x6c Middlewares/Third_Party/FreeRTOS/cmsis_os2.o
                0x000000000810227c                osKernelStart
 .text.osThreadNew
                0x00000000081022e8      0x14c Middlewares/Third_Party/FreeRTOS/cmsis_os2.o
                0x00000000081022e8                osThreadNew
 .text.osDelay  0x0000000008102434       0x5c Middlewares/Third_Party/FreeRTOS/cmsis_os2.o
                0x0000000008102434                osDelay
 .text.vApplicationGetIdleTaskMemory
                0x0000000008102490       0x34 Middlewares/Third_Party/FreeRTOS/cmsis_os2.o
                0x0000000008102490                vApplicationGetIdleTaskMemory
 .text.vApplicationGetTimerTaskMemory
                0x00000000081024c4       0x34 Middlewares/Third_Party/FreeRTOS/cmsis_os2.o
                0x00000000081024c4                vApplicationGetTimerTaskMemory
 .text.pvPortMalloc
                0x00000000081024f8      0x184 Middlewares/Third_Party/FreeRTOS/heap_4.o
                0x00000000081024f8                pvPortMalloc
 .text.vPortFree
                0x000000000810267c       0xb0 Middlewares/Third_Party/FreeRTOS/heap_4.o
                0x000000000810267c                vPortFree
 .text.prvHeapInit
                0x000000000810272c       0xc4 Middlewares/Third_Party/FreeRTOS/heap_4.o
 .text.prvInsertBlockIntoFreeList
                0x00000000081027f0       0xb4 Middlewares/Third_Party/FreeRTOS/heap_4.o
 .text.vListInitialise
                0x00000000081028a4       0x40 Middlewares/Third_Party/FreeRTOS/list.o
                0x00000000081028a4                vListInitialise
 .text.vListInitialiseItem
                0x00000000081028e4       0x1a Middlewares/Third_Party/FreeRTOS/list.o
                0x00000000081028e4                vListInitialiseItem
 .text.vListInsertEnd
                0x00000000081028fe       0x48 Middlewares/Third_Party/FreeRTOS/list.o
                0x00000000081028fe                vListInsertEnd
 .text.vListInsert
                0x0000000008102946       0x72 Middlewares/Third_Party/FreeRTOS/list.o
                0x0000000008102946                vListInsert
 .text.uxListRemove
                0x00000000081029b8       0x54 Middlewares/Third_Party/FreeRTOS/list.o
                0x00000000081029b8                uxListRemove
 .text.pxPortInitialiseStack
                0x0000000008102a0c       0x68 Middlewares/Third_Party/FreeRTOS/port.o
                0x0000000008102a0c                pxPortInitialiseStack
 .text.prvTaskExitError
                0x0000000008102a74       0x54 Middlewares/Third_Party/FreeRTOS/port.o
 *fill*         0x0000000008102ac8        0x8 
 .text.SVC_Handler
                0x0000000008102ad0       0x28 Middlewares/Third_Party/FreeRTOS/port.o
                0x0000000008102ad0                SVC_Handler
 .text.prvPortStartFirstTask
                0x0000000008102af8       0x28 Middlewares/Third_Party/FreeRTOS/port.o
 .text.xPortStartScheduler
                0x0000000008102b20      0x13c Middlewares/Third_Party/FreeRTOS/port.o
                0x0000000008102b20                xPortStartScheduler
 .text.vPortEnterCritical
                0x0000000008102c5c       0x5c Middlewares/Third_Party/FreeRTOS/port.o
                0x0000000008102c5c                vPortEnterCritical
 .text.vPortExitCritical
                0x0000000008102cb8       0x50 Middlewares/Third_Party/FreeRTOS/port.o
                0x0000000008102cb8                vPortExitCritical
 *fill*         0x0000000008102d08        0x8 
 .text.PendSV_Handler
                0x0000000008102d10       0x68 Middlewares/Third_Party/FreeRTOS/port.o
                0x0000000008102d10                PendSV_Handler
 .text.SysTick_Handler
                0x0000000008102d78       0x40 Middlewares/Third_Party/FreeRTOS/port.o
                0x0000000008102d78                SysTick_Handler
 .text.vPortSetupTimerInterrupt
                0x0000000008102db8       0x48 Middlewares/Third_Party/FreeRTOS/port.o
                0x0000000008102db8                vPortSetupTimerInterrupt
 .text.vPortEnableVFP
                0x0000000008102e00       0x14 Middlewares/Third_Party/FreeRTOS/port.o
 .text.vPortValidateInterruptPriority
                0x0000000008102e14       0x7c Middlewares/Third_Party/FreeRTOS/port.o
                0x0000000008102e14                vPortValidateInterruptPriority
 .text.xQueueGenericReset
                0x0000000008102e90       0xd0 Middlewares/Third_Party/FreeRTOS/queue.o
                0x0000000008102e90                xQueueGenericReset
 .text.xQueueGenericCreateStatic
                0x0000000008102f60       0xe6 Middlewares/Third_Party/FreeRTOS/queue.o
                0x0000000008102f60                xQueueGenericCreateStatic
 .text.prvInitialiseNewQueue
                0x0000000008103046       0x46 Middlewares/Third_Party/FreeRTOS/queue.o
 .text.xQueueGenericSend
                0x000000000810308c      0x1f4 Middlewares/Third_Party/FreeRTOS/queue.o
                0x000000000810308c                xQueueGenericSend
 .text.xQueueGenericSendFromISR
                0x0000000008103280      0x128 Middlewares/Third_Party/FreeRTOS/queue.o
                0x0000000008103280                xQueueGenericSendFromISR
 .text.xQueueReceive
                0x00000000081033a8      0x1b8 Middlewares/Third_Party/FreeRTOS/queue.o
                0x00000000081033a8                xQueueReceive
 .text.prvCopyDataToQueue
                0x0000000008103560       0xd4 Middlewares/Third_Party/FreeRTOS/queue.o
 .text.prvCopyDataFromQueue
                0x0000000008103634       0x4c Middlewares/Third_Party/FreeRTOS/queue.o
 .text.prvUnlockQueue
                0x0000000008103680       0xa4 Middlewares/Third_Party/FreeRTOS/queue.o
 .text.prvIsQueueEmpty
                0x0000000008103724       0x2c Middlewares/Third_Party/FreeRTOS/queue.o
 .text.prvIsQueueFull
                0x0000000008103750       0x30 Middlewares/Third_Party/FreeRTOS/queue.o
 .text.vQueueAddToRegistry
                0x0000000008103780       0x50 Middlewares/Third_Party/FreeRTOS/queue.o
                0x0000000008103780                vQueueAddToRegistry
 .text.vQueueWaitForMessageRestricted
                0x00000000081037d0       0x68 Middlewares/Third_Party/FreeRTOS/queue.o
                0x00000000081037d0                vQueueWaitForMessageRestricted
 .text.xTaskCreateStatic
                0x0000000008103838       0xb4 Middlewares/Third_Party/FreeRTOS/tasks.o
                0x0000000008103838                xTaskCreateStatic
 .text.xTaskCreate
                0x00000000081038ec       0x8a Middlewares/Third_Party/FreeRTOS/tasks.o
                0x00000000081038ec                xTaskCreate
 .text.prvInitialiseNewTask
                0x0000000008103976      0x11c Middlewares/Third_Party/FreeRTOS/tasks.o
 *fill*         0x0000000008103a92        0x2 
 .text.prvAddNewTaskToReadyList
                0x0000000008103a94       0xe0 Middlewares/Third_Party/FreeRTOS/tasks.o
 .text.vTaskDelay
                0x0000000008103b74       0x68 Middlewares/Third_Party/FreeRTOS/tasks.o
                0x0000000008103b74                vTaskDelay
 .text.vTaskStartScheduler
                0x0000000008103bdc       0xc8 Middlewares/Third_Party/FreeRTOS/tasks.o
                0x0000000008103bdc                vTaskStartScheduler
 .text.vTaskSuspendAll
                0x0000000008103ca4       0x1c Middlewares/Third_Party/FreeRTOS/tasks.o
                0x0000000008103ca4                vTaskSuspendAll
 .text.xTaskResumeAll
                0x0000000008103cc0      0x138 Middlewares/Third_Party/FreeRTOS/tasks.o
                0x0000000008103cc0                xTaskResumeAll
 .text.xTaskGetTickCount
                0x0000000008103df8       0x20 Middlewares/Third_Party/FreeRTOS/tasks.o
                0x0000000008103df8                xTaskGetTickCount
 .text.xTaskIncrementTick
                0x0000000008103e18      0x170 Middlewares/Third_Party/FreeRTOS/tasks.o
                0x0000000008103e18                xTaskIncrementTick
 .text.vTaskSwitchContext
                0x0000000008103f88       0xb8 Middlewares/Third_Party/FreeRTOS/tasks.o
                0x0000000008103f88                vTaskSwitchContext
 .text.vTaskPlaceOnEventList
                0x0000000008104040       0x48 Middlewares/Third_Party/FreeRTOS/tasks.o
                0x0000000008104040                vTaskPlaceOnEventList
 .text.vTaskPlaceOnEventListRestricted
                0x0000000008104088       0x54 Middlewares/Third_Party/FreeRTOS/tasks.o
                0x0000000008104088                vTaskPlaceOnEventListRestricted
 .text.xTaskRemoveFromEventList
                0x00000000081040dc       0xc4 Middlewares/Third_Party/FreeRTOS/tasks.o
                0x00000000081040dc                xTaskRemoveFromEventList
 .text.vTaskInternalSetTimeOutState
                0x00000000081041a0       0x2c Middlewares/Third_Party/FreeRTOS/tasks.o
                0x00000000081041a0                vTaskInternalSetTimeOutState
 .text.xTaskCheckForTimeOut
                0x00000000081041cc       0xc0 Middlewares/Third_Party/FreeRTOS/tasks.o
                0x00000000081041cc                xTaskCheckForTimeOut
 .text.vTaskMissedYield
                0x000000000810428c       0x18 Middlewares/Third_Party/FreeRTOS/tasks.o
                0x000000000810428c                vTaskMissedYield
 .text.prvIdleTask
                0x00000000081042a4       0x30 Middlewares/Third_Party/FreeRTOS/tasks.o
 .text.prvInitialiseTaskLists
                0x00000000081042d4       0x80 Middlewares/Third_Party/FreeRTOS/tasks.o
 .text.prvCheckTasksWaitingTermination
                0x0000000008104354       0x58 Middlewares/Third_Party/FreeRTOS/tasks.o
 .text.prvDeleteTCB
                0x00000000081043ac       0x5c Middlewares/Third_Party/FreeRTOS/tasks.o
 .text.prvResetNextTaskUnblockTime
                0x0000000008104408       0x40 Middlewares/Third_Party/FreeRTOS/tasks.o
 .text.xTaskGetSchedulerState
                0x0000000008104448       0x3c Middlewares/Third_Party/FreeRTOS/tasks.o
                0x0000000008104448                xTaskGetSchedulerState
 .text.xTaskPriorityDisinherit
                0x0000000008104484       0xd8 Middlewares/Third_Party/FreeRTOS/tasks.o
                0x0000000008104484                xTaskPriorityDisinherit
 .text.prvAddCurrentTaskToDelayedList
                0x000000000810455c       0xa8 Middlewares/Third_Party/FreeRTOS/tasks.o
 .text.xTimerCreateTimerTask
                0x0000000008104604       0x90 Middlewares/Third_Party/FreeRTOS/timers.o
                0x0000000008104604                xTimerCreateTimerTask
 .text.xTimerGenericCommand
                0x0000000008104694       0x98 Middlewares/Third_Party/FreeRTOS/timers.o
                0x0000000008104694                xTimerGenericCommand
 .text.prvProcessExpiredTimer
                0x000000000810472c       0x98 Middlewares/Third_Party/FreeRTOS/timers.o
 .text.prvTimerTask
                0x00000000081047c4       0x24 Middlewares/Third_Party/FreeRTOS/timers.o
 .text.prvProcessTimerOrBlockTask
                0x00000000081047e8       0x9c Middlewares/Third_Party/FreeRTOS/timers.o
 .text.prvGetNextExpireTime
                0x0000000008104884       0x48 Middlewares/Third_Party/FreeRTOS/timers.o
 .text.prvSampleTimeNow
                0x00000000081048cc       0x40 Middlewares/Third_Party/FreeRTOS/timers.o
 .text.prvInsertTimerInActiveList
                0x000000000810490c       0x84 Middlewares/Third_Party/FreeRTOS/timers.o
 .text.prvProcessReceivedCommands
                0x0000000008104990      0x1b8 Middlewares/Third_Party/FreeRTOS/timers.o
 .text.prvSwitchTimerLists
                0x0000000008104b48       0xc8 Middlewares/Third_Party/FreeRTOS/timers.o
 .text.prvCheckForValidListAndQueue
                0x0000000008104c10       0x80 Middlewares/Third_Party/FreeRTOS/timers.o
 .text._ZN14WatchdogThread4initEv
                0x0000000008104c90       0x14 System/Misc/WatchdogThread.o
                0x0000000008104c90                WatchdogThread::init()
 .text._ZN14WatchdogThread4loopEv
                0x0000000008104ca4       0x24 System/Misc/WatchdogThread.o
                0x0000000008104ca4                WatchdogThread::loop()
 .text._ZN15BarometerThread4initEv
                0x0000000008104cc8       0x14 System/Sensors/Barometer.o
                0x0000000008104cc8                BarometerThread::init()
 .text._ZN15BarometerThread4loopEv
                0x0000000008104cdc       0x16 System/Sensors/Barometer.o
                0x0000000008104cdc                BarometerThread::loop()
 .text._ZN9IMUThread4initEv
                0x0000000008104cf2       0x14 System/Sensors/IMU.o
                0x0000000008104cf2                IMUThread::init()
 .text._ZN9IMUThread4loopEv
                0x0000000008104d06       0x16 System/Sensors/IMU.o
                0x0000000008104d06                IMUThread::loop()
 .text._Znwj    0x0000000008104d1c       0x18 System/System.o
                0x0000000008104d1c                operator new(unsigned int)
 .text._ZN14WatchdogThreadC2Ev
                0x0000000008104d34       0x2c System/System.o
                0x0000000008104d34                WatchdogThread::WatchdogThread()
                0x0000000008104d34                WatchdogThread::WatchdogThread()
 .text._ZN15BarometerThreadC2Ev
                0x0000000008104d60       0x2c System/System.o
                0x0000000008104d60                BarometerThread::BarometerThread()
                0x0000000008104d60                BarometerThread::BarometerThread()
 .text._ZN9IMUThreadC2Ev
                0x0000000008104d8c       0x2c System/System.o
                0x0000000008104d8c                IMUThread::IMUThread()
                0x0000000008104d8c                IMUThread::IMUThread()
 .text.initCortexM4
                0x0000000008104db8       0x32 System/System.o
                0x0000000008104db8                initCortexM4
 .text._Z10__task_runPv
                0x0000000008104dea       0x24 System/Thread.o
                0x0000000008104dea                __task_run(void*)
 .text._ZN6ThreadC2EPKc
                0x0000000008104e0e       0x1e System/Thread.o
                0x0000000008104e0e                Thread::Thread(char const*)
                0x0000000008104e0e                Thread::Thread(char const*)
 .text._ZN6ThreadC2EPKc12osPriority_t
                0x0000000008104e2c       0x24 System/Thread.o
                0x0000000008104e2c                Thread::Thread(char const*, osPriority_t)
                0x0000000008104e2c                Thread::Thread(char const*, osPriority_t)
 .text._ZN6ThreadC2EPKc12osPriority_tm
                0x0000000008104e50       0x48 System/Thread.o
                0x0000000008104e50                Thread::Thread(char const*, osPriority_t, unsigned long)
                0x0000000008104e50                Thread::Thread(char const*, osPriority_t, unsigned long)
 .text.__cxa_pure_virtual
                0x0000000008104e98        0x6 /Applications/STM32CubeIDE.app/Contents/Eclipse/plugins/com.st.stm32cube.ide.mcu.externaltools.gnu-tools-for-stm32.7-2018-q2-update.macos64_1.4.0.202007081208/tools/bin/../lib/gcc/arm-none-eabi/7.3.1/../../../../arm-none-eabi/lib/thumb/v7e-m/fpv4-sp/hard/libstdc++_nano.a(pure.o)
                0x0000000008104e98                __cxa_pure_virtual
 .text._ZN10__cxxabiv111__terminateEPFvvE
                0x0000000008104e9e        0x8 /Applications/STM32CubeIDE.app/Contents/Eclipse/plugins/com.st.stm32cube.ide.mcu.externaltools.gnu-tools-for-stm32.7-2018-q2-update.macos64_1.4.0.202007081208/tools/bin/../lib/gcc/arm-none-eabi/7.3.1/../../../../arm-none-eabi/lib/thumb/v7e-m/fpv4-sp/hard/libstdc++_nano.a(eh_terminate.o)
                0x0000000008104e9e                __cxxabiv1::__terminate(void (*)())
 *fill*         0x0000000008104ea6        0x2 
 .text._ZSt13get_terminatev
                0x0000000008104ea8       0x10 /Applications/STM32CubeIDE.app/Contents/Eclipse/plugins/com.st.stm32cube.ide.mcu.externaltools.gnu-tools-for-stm32.7-2018-q2-update.macos64_1.4.0.202007081208/tools/bin/../lib/gcc/arm-none-eabi/7.3.1/../../../../arm-none-eabi/lib/thumb/v7e-m/fpv4-sp/hard/libstdc++_nano.a(eh_terminate.o)
                0x0000000008104ea8                std::get_terminate()
 .text._ZSt9terminatev
                0x0000000008104eb8        0xa /Applications/STM32CubeIDE.app/Contents/Eclipse/plugins/com.st.stm32cube.ide.mcu.externaltools.gnu-tools-for-stm32.7-2018-q2-update.macos64_1.4.0.202007081208/tools/bin/../lib/gcc/arm-none-eabi/7.3.1/../../../../arm-none-eabi/lib/thumb/v7e-m/fpv4-sp/hard/libstdc++_nano.a(eh_terminate.o)
                0x0000000008104eb8                std::terminate()
 .text.abort    0x0000000008104ec2        0xe /Applications/STM32CubeIDE.app/Contents/Eclipse/plugins/com.st.stm32cube.ide.mcu.externaltools.gnu-tools-for-stm32.7-2018-q2-update.macos64_1.4.0.202007081208/tools/bin/../lib/gcc/arm-none-eabi/7.3.1/../../../../arm-none-eabi/lib/thumb/v7e-m/fpv4-sp/hard/libc_nano.a(lib_a-abort.o)
                0x0000000008104ec2                abort
 .text.__errno  0x0000000008104ed0        0xc /Applications/STM32CubeIDE.app/Contents/Eclipse/plugins/com.st.stm32cube.ide.mcu.externaltools.gnu-tools-for-stm32.7-2018-q2-update.macos64_1.4.0.202007081208/tools/bin/../lib/gcc/arm-none-eabi/7.3.1/../../../../arm-none-eabi/lib/thumb/v7e-m/fpv4-sp/hard/libc_nano.a(lib_a-errno.o)
                0x0000000008104ed0                __errno
 .text.__libc_init_array
                0x0000000008104edc       0x48 /Applications/STM32CubeIDE.app/Contents/Eclipse/plugins/com.st.stm32cube.ide.mcu.externaltools.gnu-tools-for-stm32.7-2018-q2-update.macos64_1.4.0.202007081208/tools/bin/../lib/gcc/arm-none-eabi/7.3.1/../../../../arm-none-eabi/lib/thumb/v7e-m/fpv4-sp/hard/libc_nano.a(lib_a-init.o)
                0x0000000008104edc                __libc_init_array
 .text.memcpy   0x0000000008104f24       0x16 /Applications/STM32CubeIDE.app/Contents/Eclipse/plugins/com.st.stm32cube.ide.mcu.externaltools.gnu-tools-for-stm32.7-2018-q2-update.macos64_1.4.0.202007081208/tools/bin/../lib/gcc/arm-none-eabi/7.3.1/../../../../arm-none-eabi/lib/thumb/v7e-m/fpv4-sp/hard/libc_nano.a(lib_a-memcpy-stub.o)
                0x0000000008104f24                memcpy
 .text.memset   0x0000000008104f3a       0x10 /Applications/STM32CubeIDE.app/Contents/Eclipse/plugins/com.st.stm32cube.ide.mcu.externaltools.gnu-tools-for-stm32.7-2018-q2-update.macos64_1.4.0.202007081208/tools/bin/../lib/gcc/arm-none-eabi/7.3.1/../../../../arm-none-eabi/lib/thumb/v7e-m/fpv4-sp/hard/libc_nano.a(lib_a-memset.o)
                0x0000000008104f3a                memset
 .text._raise_r
                0x0000000008104f4a       0x50 /Applications/STM32CubeIDE.app/Contents/Eclipse/plugins/com.st.stm32cube.ide.mcu.externaltools.gnu-tools-for-stm32.7-2018-q2-update.macos64_1.4.0.202007081208/tools/bin/../lib/gcc/arm-none-eabi/7.3.1/../../../../arm-none-eabi/lib/thumb/v7e-m/fpv4-sp/hard/libc_nano.a(lib_a-signal.o)
                0x0000000008104f4a                _raise_r
 *fill*         0x0000000008104f9a        0x2 
 .text.raise    0x0000000008104f9c       0x10 /Applications/STM32CubeIDE.app/Contents/Eclipse/plugins/com.st.stm32cube.ide.mcu.externaltools.gnu-tools-for-stm32.7-2018-q2-update.macos64_1.4.0.202007081208/tools/bin/../lib/gcc/arm-none-eabi/7.3.1/../../../../arm-none-eabi/lib/thumb/v7e-m/fpv4-sp/hard/libc_nano.a(lib_a-signal.o)
                0x0000000008104f9c                raise
 .text._kill_r  0x0000000008104fac       0x24 /Applications/STM32CubeIDE.app/Contents/Eclipse/plugins/com.st.stm32cube.ide.mcu.externaltools.gnu-tools-for-stm32.7-2018-q2-update.macos64_1.4.0.202007081208/tools/bin/../lib/gcc/arm-none-eabi/7.3.1/../../../../arm-none-eabi/lib/thumb/v7e-m/fpv4-sp/hard/libc_nano.a(lib_a-signalr.o)
                0x0000000008104fac                _kill_r
 .text._getpid_r
                0x0000000008104fd0        0x4 /Applications/STM32CubeIDE.app/Contents/Eclipse/plugins/com.st.stm32cube.ide.mcu.externaltools.gnu-tools-for-stm32.7-2018-q2-update.macos64_1.4.0.202007081208/tools/bin/../lib/gcc/arm-none-eabi/7.3.1/../../../../arm-none-eabi/lib/thumb/v7e-m/fpv4-sp/hard/libc_nano.a(lib_a-signalr.o)
                0x0000000008104fd0                _getpid_r
 *(.glue_7)
 .glue_7        0x0000000008104fd4        0x0 linker stubs
 *(.glue_7t)
 .glue_7t       0x0000000008104fd4        0x0 linker stubs
 *(.eh_frame)
 .eh_frame      0x0000000008104fd4        0x0 /Applications/STM32CubeIDE.app/Contents/Eclipse/plugins/com.st.stm32cube.ide.mcu.externaltools.gnu-tools-for-stm32.7-2018-q2-update.macos64_1.4.0.202007081208/tools/bin/../lib/gcc/arm-none-eabi/7.3.1/thumb/v7e-m/fpv4-sp/hard/crtbegin.o
 *(.init)
 .init          0x0000000008104fd4        0x4 /Applications/STM32CubeIDE.app/Contents/Eclipse/plugins/com.st.stm32cube.ide.mcu.externaltools.gnu-tools-for-stm32.7-2018-q2-update.macos64_1.4.0.202007081208/tools/bin/../lib/gcc/arm-none-eabi/7.3.1/thumb/v7e-m/fpv4-sp/hard/crti.o
                0x0000000008104fd4                _init
 .init          0x0000000008104fd8        0x8 /Applications/STM32CubeIDE.app/Contents/Eclipse/plugins/com.st.stm32cube.ide.mcu.externaltools.gnu-tools-for-stm32.7-2018-q2-update.macos64_1.4.0.202007081208/tools/bin/../lib/gcc/arm-none-eabi/7.3.1/thumb/v7e-m/fpv4-sp/hard/crtn.o
 *(.fini)
 .fini          0x0000000008104fe0        0x4 /Applications/STM32CubeIDE.app/Contents/Eclipse/plugins/com.st.stm32cube.ide.mcu.externaltools.gnu-tools-for-stm32.7-2018-q2-update.macos64_1.4.0.202007081208/tools/bin/../lib/gcc/arm-none-eabi/7.3.1/thumb/v7e-m/fpv4-sp/hard/crti.o
                0x0000000008104fe0                _fini
 .fini          0x0000000008104fe4        0x8 /Applications/STM32CubeIDE.app/Contents/Eclipse/plugins/com.st.stm32cube.ide.mcu.externaltools.gnu-tools-for-stm32.7-2018-q2-update.macos64_1.4.0.202007081208/tools/bin/../lib/gcc/arm-none-eabi/7.3.1/thumb/v7e-m/fpv4-sp/hard/crtn.o
                0x0000000008104fec                . = ALIGN (0x4)
                0x0000000008104fec                _etext = .

.vfp11_veneer   0x0000000008104fec        0x0
 .vfp11_veneer  0x0000000008104fec        0x0 linker stubs

.v4_bx          0x0000000008104fec        0x0
 .v4_bx         0x0000000008104fec        0x0 linker stubs

.iplt           0x0000000008104fec        0x0
 .iplt          0x0000000008104fec        0x0 /Applications/STM32CubeIDE.app/Contents/Eclipse/plugins/com.st.stm32cube.ide.mcu.externaltools.gnu-tools-for-stm32.7-2018-q2-update.macos64_1.4.0.202007081208/tools/bin/../lib/gcc/arm-none-eabi/7.3.1/thumb/v7e-m/fpv4-sp/hard/crtbegin.o

.rodata         0x0000000008104fec       0xd0
                0x0000000008104fec                . = ALIGN (0x4)
 *(.rodata)
 .rodata        0x0000000008104fec       0x4c Drivers/STM32H7xx_HAL_Driver/stm32h7xx_hal_fdcan.o
 .rodata        0x0000000008105038        0x5 Middlewares/Third_Party/FreeRTOS/tasks.o
 *fill*         0x000000000810503d        0x3 
 .rodata        0x0000000008105040        0xd Middlewares/Third_Party/FreeRTOS/timers.o
 *fill*         0x000000000810504d        0x3 
 .rodata        0x0000000008105050       0x1c System/System.o
 *(.rodata*)
 .rodata.D1CorePrescTable
                0x000000000810506c       0x10 Common/Src/system_stm32h7xx_dualcore_boot_cm4_cm7.o
                0x000000000810506c                D1CorePrescTable
 .rodata._ZTV14WatchdogThread
                0x000000000810507c       0x10 System/Misc/WatchdogThread.o
                0x000000000810507c                vtable for WatchdogThread
 .rodata._ZTV15BarometerThread
                0x000000000810508c       0x10 System/Sensors/Barometer.o
                0x000000000810508c                vtable for BarometerThread
 .rodata._ZTV9IMUThread
                0x000000000810509c       0x10 System/Sensors/IMU.o
                0x000000000810509c                vtable for IMUThread
 .rodata._ZTV6Thread
                0x00000000081050ac       0x10 System/Thread.o
                0x00000000081050ac                vtable for Thread
                0x00000000081050bc                . = ALIGN (0x4)

.rel.dyn        0x00000000081050bc        0x0
 .rel.iplt      0x00000000081050bc        0x0 /Applications/STM32CubeIDE.app/Contents/Eclipse/plugins/com.st.stm32cube.ide.mcu.externaltools.gnu-tools-for-stm32.7-2018-q2-update.macos64_1.4.0.202007081208/tools/bin/../lib/gcc/arm-none-eabi/7.3.1/thumb/v7e-m/fpv4-sp/hard/crtbegin.o

.ARM.extab
 *(.ARM.extab* .gnu.linkonce.armextab.*)

.ARM            0x00000000081050bc        0x0
                0x00000000081050bc                __exidx_start = .
 *(.ARM.exidx*)
                0x00000000081050bc                __exidx_end = .

.preinit_array  0x00000000081050bc        0x0
                0x00000000081050bc                PROVIDE (__preinit_array_start = .)
 *(.preinit_array*)
                0x00000000081050bc                PROVIDE (__preinit_array_end = .)

.init_array     0x00000000081050bc        0x4
                0x00000000081050bc                PROVIDE (__init_array_start = .)
 *(SORT_BY_NAME(.init_array.*))
 *(.init_array*)
 .init_array    0x00000000081050bc        0x4 /Applications/STM32CubeIDE.app/Contents/Eclipse/plugins/com.st.stm32cube.ide.mcu.externaltools.gnu-tools-for-stm32.7-2018-q2-update.macos64_1.4.0.202007081208/tools/bin/../lib/gcc/arm-none-eabi/7.3.1/thumb/v7e-m/fpv4-sp/hard/crtbegin.o
                0x00000000081050c0                PROVIDE (__init_array_end = .)

.fini_array     0x00000000081050c0        0x4
                [!provide]                        PROVIDE (__fini_array_start = .)
 *(SORT_BY_NAME(.fini_array.*))
 *(.fini_array*)
 .fini_array    0x00000000081050c0        0x4 /Applications/STM32CubeIDE.app/Contents/Eclipse/plugins/com.st.stm32cube.ide.mcu.externaltools.gnu-tools-for-stm32.7-2018-q2-update.macos64_1.4.0.202007081208/tools/bin/../lib/gcc/arm-none-eabi/7.3.1/thumb/v7e-m/fpv4-sp/hard/crtbegin.o
                [!provide]                        PROVIDE (__fini_array_end = .)
                0x00000000081050c4                _sidata = LOADADDR (.data)

.data           0x0000000010000000       0x90 load address 0x00000000081050c4
                0x0000000010000000                . = ALIGN (0x4)
                0x0000000010000000                _sdata = .
 *(.data)
 *(.data*)
 .data.SystemCoreClock
                0x0000000010000000        0x4 Common/Src/system_stm32h7xx_dualcore_boot_cm4_cm7.o
                0x0000000010000000                SystemCoreClock
 .data.SystemD2Clock
                0x0000000010000004        0x4 Common/Src/system_stm32h7xx_dualcore_boot_cm4_cm7.o
                0x0000000010000004                SystemD2Clock
 .data.Stat     0x0000000010000008        0x1 FATFS/Target/user_diskio.o
 *fill*         0x0000000010000009        0x3 
 .data.USER_Driver
                0x000000001000000c       0x14 FATFS/Target/user_diskio.o
                0x000000001000000c                USER_Driver
 .data.uxCriticalNesting
                0x0000000010000020        0x4 Middlewares/Third_Party/FreeRTOS/port.o
 .data.watchdog_handle
                0x0000000010000024        0x4 System/Misc/WatchdogThread.o
                0x0000000010000024                watchdog_handle
 .data._ZN10__cxxabiv119__terminate_handlerE
                0x0000000010000028        0x4 /Applications/STM32CubeIDE.app/Contents/Eclipse/plugins/com.st.stm32cube.ide.mcu.externaltools.gnu-tools-for-stm32.7-2018-q2-update.macos64_1.4.0.202007081208/tools/bin/../lib/gcc/arm-none-eabi/7.3.1/../../../../arm-none-eabi/lib/thumb/v7e-m/fpv4-sp/hard/libstdc++_nano.a(eh_term_handler.o)
                0x0000000010000028                __cxxabiv1::__terminate_handler
 .data._impure_ptr
                0x000000001000002c        0x4 /Applications/STM32CubeIDE.app/Contents/Eclipse/plugins/com.st.stm32cube.ide.mcu.externaltools.gnu-tools-for-stm32.7-2018-q2-update.macos64_1.4.0.202007081208/tools/bin/../lib/gcc/arm-none-eabi/7.3.1/../../../../arm-none-eabi/lib/thumb/v7e-m/fpv4-sp/hard/libc_nano.a(lib_a-impure.o)
                0x000000001000002c                _impure_ptr
 .data.impure_data
                0x0000000010000030       0x60 /Applications/STM32CubeIDE.app/Contents/Eclipse/plugins/com.st.stm32cube.ide.mcu.externaltools.gnu-tools-for-stm32.7-2018-q2-update.macos64_1.4.0.202007081208/tools/bin/../lib/gcc/arm-none-eabi/7.3.1/../../../../arm-none-eabi/lib/thumb/v7e-m/fpv4-sp/hard/libc_nano.a(lib_a-impure.o)
                0x0000000010000090                . = ALIGN (0x4)
                0x0000000010000090                _edata = .

.igot.plt       0x0000000010000090        0x0 load address 0x0000000008105154
 .igot.plt      0x0000000010000090        0x0 /Applications/STM32CubeIDE.app/Contents/Eclipse/plugins/com.st.stm32cube.ide.mcu.externaltools.gnu-tools-for-stm32.7-2018-q2-update.macos64_1.4.0.202007081208/tools/bin/../lib/gcc/arm-none-eabi/7.3.1/thumb/v7e-m/fpv4-sp/hard/crtbegin.o
                0x0000000010000090                . = ALIGN (0x4)

.bss            0x0000000010000090     0x4f68 load address 0x0000000008105154
                0x0000000010000090                _sbss = .
                0x0000000010000090                __bss_start__ = _sbss
 *(.bss)
 .bss           0x0000000010000090       0x1c /Applications/STM32CubeIDE.app/Contents/Eclipse/plugins/com.st.stm32cube.ide.mcu.externaltools.gnu-tools-for-stm32.7-2018-q2-update.macos64_1.4.0.202007081208/tools/bin/../lib/gcc/arm-none-eabi/7.3.1/thumb/v7e-m/fpv4-sp/hard/crtbegin.o
 *(.bss*)
 .bss.disk      0x00000000100000ac        0xc Middlewares/Third_Party/FatFs/ff_gen_drv.o
                0x00000000100000ac                disk
 .bss.KernelState
                0x00000000100000b8        0x4 Middlewares/Third_Party/FreeRTOS/cmsis_os2.o
 .bss.Idle_TCB  0x00000000100000bc       0x5c Middlewares/Third_Party/FreeRTOS/cmsis_os2.o
 .bss.Idle_Stack
                0x0000000010000118      0x200 Middlewares/Third_Party/FreeRTOS/cmsis_os2.o
 .bss.Timer_TCB
                0x0000000010000318       0x5c Middlewares/Third_Party/FreeRTOS/cmsis_os2.o
 .bss.Timer_Stack
                0x0000000010000374      0x400 Middlewares/Third_Party/FreeRTOS/cmsis_os2.o
 .bss.ucHeap    0x0000000010000774     0x3c00 Middlewares/Third_Party/FreeRTOS/heap_4.o
 .bss.xStart    0x0000000010004374        0x8 Middlewares/Third_Party/FreeRTOS/heap_4.o
 .bss.pxEnd     0x000000001000437c        0x4 Middlewares/Third_Party/FreeRTOS/heap_4.o
 .bss.xFreeBytesRemaining
                0x0000000010004380        0x4 Middlewares/Third_Party/FreeRTOS/heap_4.o
 .bss.xMinimumEverFreeBytesRemaining
                0x0000000010004384        0x4 Middlewares/Third_Party/FreeRTOS/heap_4.o
 .bss.xBlockAllocatedBit
                0x0000000010004388        0x4 Middlewares/Third_Party/FreeRTOS/heap_4.o
 .bss.ucMaxSysCallPriority
                0x000000001000438c        0x1 Middlewares/Third_Party/FreeRTOS/port.o
 *fill*         0x000000001000438d        0x3 
 .bss.ulMaxPRIGROUPValue
                0x0000000010004390        0x4 Middlewares/Third_Party/FreeRTOS/port.o
 .bss.pxCurrentTCB
                0x0000000010004394        0x4 Middlewares/Third_Party/FreeRTOS/tasks.o
                0x0000000010004394                pxCurrentTCB
 .bss.pxReadyTasksLists
                0x0000000010004398      0x460 Middlewares/Third_Party/FreeRTOS/tasks.o
 .bss.xDelayedTaskList1
                0x00000000100047f8       0x14 Middlewares/Third_Party/FreeRTOS/tasks.o
 .bss.xDelayedTaskList2
                0x000000001000480c       0x14 Middlewares/Third_Party/FreeRTOS/tasks.o
 .bss.pxDelayedTaskList
                0x0000000010004820        0x4 Middlewares/Third_Party/FreeRTOS/tasks.o
 .bss.pxOverflowDelayedTaskList
                0x0000000010004824        0x4 Middlewares/Third_Party/FreeRTOS/tasks.o
 .bss.xPendingReadyList
                0x0000000010004828       0x14 Middlewares/Third_Party/FreeRTOS/tasks.o
 .bss.xTasksWaitingTermination
                0x000000001000483c       0x14 Middlewares/Third_Party/FreeRTOS/tasks.o
 .bss.uxDeletedTasksWaitingCleanUp
                0x0000000010004850        0x4 Middlewares/Third_Party/FreeRTOS/tasks.o
 .bss.xSuspendedTaskList
                0x0000000010004854       0x14 Middlewares/Third_Party/FreeRTOS/tasks.o
 .bss.uxCurrentNumberOfTasks
                0x0000000010004868        0x4 Middlewares/Third_Party/FreeRTOS/tasks.o
 .bss.xTickCount
                0x000000001000486c        0x4 Middlewares/Third_Party/FreeRTOS/tasks.o
 .bss.uxTopReadyPriority
                0x0000000010004870        0x4 Middlewares/Third_Party/FreeRTOS/tasks.o
 .bss.xSchedulerRunning
                0x0000000010004874        0x4 Middlewares/Third_Party/FreeRTOS/tasks.o
 .bss.uxPendedTicks
                0x0000000010004878        0x4 Middlewares/Third_Party/FreeRTOS/tasks.o
 .bss.xYieldPending
                0x000000001000487c        0x4 Middlewares/Third_Party/FreeRTOS/tasks.o
 .bss.xNumOfOverflows
                0x0000000010004880        0x4 Middlewares/Third_Party/FreeRTOS/tasks.o
 .bss.uxTaskNumber
                0x0000000010004884        0x4 Middlewares/Third_Party/FreeRTOS/tasks.o
 .bss.xNextTaskUnblockTime
                0x0000000010004888        0x4 Middlewares/Third_Party/FreeRTOS/tasks.o
 .bss.xIdleTaskHandle
                0x000000001000488c        0x4 Middlewares/Third_Party/FreeRTOS/tasks.o
 .bss.uxSchedulerSuspended
                0x0000000010004890        0x4 Middlewares/Third_Party/FreeRTOS/tasks.o
 .bss.xActiveTimerList1
                0x0000000010004894       0x14 Middlewares/Third_Party/FreeRTOS/timers.o
 .bss.xActiveTimerList2
                0x00000000100048a8       0x14 Middlewares/Third_Party/FreeRTOS/timers.o
 .bss.pxCurrentTimerList
                0x00000000100048bc        0x4 Middlewares/Third_Party/FreeRTOS/timers.o
 .bss.pxOverflowTimerList
                0x00000000100048c0        0x4 Middlewares/Third_Party/FreeRTOS/timers.o
 .bss.xTimerQueue
                0x00000000100048c4        0x4 Middlewares/Third_Party/FreeRTOS/timers.o
 .bss.xTimerTaskHandle
                0x00000000100048c8        0x4 Middlewares/Third_Party/FreeRTOS/timers.o
 .bss.xLastTime.6741
                0x00000000100048cc        0x4 Middlewares/Third_Party/FreeRTOS/timers.o
 .bss.ucStaticTimerQueueStorage.6792
                0x00000000100048d0       0xa0 Middlewares/Third_Party/FreeRTOS/timers.o
 .bss.xStaticTimerQueue.6791
                0x0000000010004970       0x50 Middlewares/Third_Party/FreeRTOS/timers.o
 *(COMMON)
 COMMON         0x00000000100049c0       0xa0 Core/Src/fdcan.o
                0x00000000100049c0                hfdcan1
 COMMON         0x0000000010004a60       0x10 Core/Src/iwdg.o
                0x0000000010004a60                hiwdg2
 COMMON         0x0000000010004a70       0x88 Core/Src/spi.o
                0x0000000010004a70                hspi5
 COMMON         0x0000000010004af8       0x4c Core/Src/stm32h7xx_hal_timebase_tim.o
                0x0000000010004af8                htim8
 COMMON         0x0000000010004b44        0x4 Drivers/STM32H7xx_HAL_Driver/stm32h7xx_hal.o
                0x0000000010004b44                uwTick
 COMMON         0x0000000010004b48      0x46c FATFS/App/fatfs.o
                0x0000000010004b48                USERPath
                0x0000000010004b4c                retUSER
                0x0000000010004b50                USERFile
                0x0000000010004d80                USERFatFS
 COMMON         0x0000000010004fb4       0x40 Middlewares/Third_Party/FreeRTOS/queue.o
                0x0000000010004fb4                xQueueRegistry
 COMMON         0x0000000010004ff4        0x4 /Applications/STM32CubeIDE.app/Contents/Eclipse/plugins/com.st.stm32cube.ide.mcu.externaltools.gnu-tools-for-stm32.7-2018-q2-update.macos64_1.4.0.202007081208/tools/bin/../lib/gcc/arm-none-eabi/7.3.1/../../../../arm-none-eabi/lib/thumb/v7e-m/fpv4-sp/hard/libc_nano.a(lib_a-reent.o)
                0x0000000010004ff4                errno
                0x0000000010004ff8                . = ALIGN (0x4)
                0x0000000010004ff8                _ebss = .
                0x0000000010004ff8                __bss_end__ = _ebss

._user_heap_stack
                0x0000000010004ff8      0x600 load address 0x0000000008105154
                0x0000000010004ff8                . = ALIGN (0x8)
                [!provide]                        PROVIDE (end = .)
                0x0000000010004ff8                PROVIDE (_end = .)
                0x00000000100051f8                . = (. + _Min_Heap_Size)
 *fill*         0x0000000010004ff8      0x200 
                0x00000000100055f8                . = (. + _Min_Stack_Size)
 *fill*         0x00000000100051f8      0x400 
                0x00000000100055f8                . = ALIGN (0x8)

/DISCARD/
 libc.a(*)
 libm.a(*)
 libgcc.a(*)

.ARM.attributes
                0x0000000000000000       0x30
 *(.ARM.attributes)
 .ARM.attributes
                0x0000000000000000       0x22 /Applications/STM32CubeIDE.app/Contents/Eclipse/plugins/com.st.stm32cube.ide.mcu.externaltools.gnu-tools-for-stm32.7-2018-q2-update.macos64_1.4.0.202007081208/tools/bin/../lib/gcc/arm-none-eabi/7.3.1/thumb/v7e-m/fpv4-sp/hard/crti.o
 .ARM.attributes
                0x0000000000000022       0x34 /Applications/STM32CubeIDE.app/Contents/Eclipse/plugins/com.st.stm32cube.ide.mcu.externaltools.gnu-tools-for-stm32.7-2018-q2-update.macos64_1.4.0.202007081208/tools/bin/../lib/gcc/arm-none-eabi/7.3.1/thumb/v7e-m/fpv4-sp/hard/crtbegin.o
 .ARM.attributes
                0x0000000000000056       0x39 Common/Src/system_stm32h7xx_dualcore_boot_cm4_cm7.o
 .ARM.attributes
                0x000000000000008f       0x39 Core/Src/dma.o
 .ARM.attributes
                0x00000000000000c8       0x39 Core/Src/fdcan.o
 .ARM.attributes
                0x0000000000000101       0x39 Core/Src/freertos.o
 .ARM.attributes
                0x000000000000013a       0x39 Core/Src/gpio.o
 .ARM.attributes
                0x0000000000000173       0x39 Core/Src/iwdg.o
 .ARM.attributes
                0x00000000000001ac       0x39 Core/Src/main.o
 .ARM.attributes
                0x00000000000001e5       0x39 Core/Src/spi.o
 .ARM.attributes
                0x000000000000021e       0x39 Core/Src/stm32h7xx_hal_msp.o
 .ARM.attributes
                0x0000000000000257       0x39 Core/Src/stm32h7xx_hal_timebase_tim.o
 .ARM.attributes
                0x0000000000000290       0x39 Core/Src/stm32h7xx_it.o
 .ARM.attributes
                0x00000000000002c9       0x39 Core/Src/syscalls.o
 .ARM.attributes
                0x0000000000000302       0x21 Core/Startup/startup_stm32h745zitx.o
 .ARM.attributes
                0x0000000000000323       0x39 Drivers/STM32H7xx_HAL_Driver/stm32h7xx_hal.o
 .ARM.attributes
                0x000000000000035c       0x39 Drivers/STM32H7xx_HAL_Driver/stm32h7xx_hal_cortex.o
 .ARM.attributes
                0x0000000000000395       0x39 Drivers/STM32H7xx_HAL_Driver/stm32h7xx_hal_fdcan.o
 .ARM.attributes
                0x00000000000003ce       0x39 Drivers/STM32H7xx_HAL_Driver/stm32h7xx_hal_gpio.o
 .ARM.attributes
                0x0000000000000407       0x39 Drivers/STM32H7xx_HAL_Driver/stm32h7xx_hal_hsem.o
 .ARM.attributes
                0x0000000000000440       0x39 Drivers/STM32H7xx_HAL_Driver/stm32h7xx_hal_iwdg.o
 .ARM.attributes
                0x0000000000000479       0x39 Drivers/STM32H7xx_HAL_Driver/stm32h7xx_hal_pwr_ex.o
 .ARM.attributes
                0x00000000000004b2       0x39 Drivers/STM32H7xx_HAL_Driver/stm32h7xx_hal_rcc.o
 .ARM.attributes
                0x00000000000004eb       0x39 Drivers/STM32H7xx_HAL_Driver/stm32h7xx_hal_spi.o
 .ARM.attributes
                0x0000000000000524       0x39 Drivers/STM32H7xx_HAL_Driver/stm32h7xx_hal_tim.o
 .ARM.attributes
                0x000000000000055d       0x39 FATFS/App/fatfs.o
 .ARM.attributes
                0x0000000000000596       0x39 FATFS/Target/user_diskio.o
 .ARM.attributes
                0x00000000000005cf       0x39 Middlewares/Third_Party/FatFs/ff_gen_drv.o
 .ARM.attributes
                0x0000000000000608       0x39 Middlewares/Third_Party/FreeRTOS/cmsis_os2.o
 .ARM.attributes
                0x0000000000000641       0x39 Middlewares/Third_Party/FreeRTOS/heap_4.o
 .ARM.attributes
                0x000000000000067a       0x39 Middlewares/Third_Party/FreeRTOS/list.o
 .ARM.attributes
                0x00000000000006b3       0x39 Middlewares/Third_Party/FreeRTOS/port.o
 .ARM.attributes
                0x00000000000006ec       0x39 Middlewares/Third_Party/FreeRTOS/queue.o
 .ARM.attributes
                0x0000000000000725       0x39 Middlewares/Third_Party/FreeRTOS/tasks.o
 .ARM.attributes
                0x000000000000075e       0x39 Middlewares/Third_Party/FreeRTOS/timers.o
 .ARM.attributes
                0x0000000000000797       0x39 System/Misc/WatchdogThread.o
 .ARM.attributes
                0x00000000000007d0       0x39 System/Sensors/Barometer.o
 .ARM.attributes
                0x0000000000000809       0x39 System/Sensors/IMU.o
 .ARM.attributes
                0x0000000000000842       0x39 System/System.o
 .ARM.attributes
                0x000000000000087b       0x39 System/Thread.o
 .ARM.attributes
                0x00000000000008b4       0x34 /Applications/STM32CubeIDE.app/Contents/Eclipse/plugins/com.st.stm32cube.ide.mcu.externaltools.gnu-tools-for-stm32.7-2018-q2-update.macos64_1.4.0.202007081208/tools/bin/../lib/gcc/arm-none-eabi/7.3.1/../../../../arm-none-eabi/lib/thumb/v7e-m/fpv4-sp/hard/libstdc++_nano.a(pure.o)
 .ARM.attributes
                0x00000000000008e8       0x34 /Applications/STM32CubeIDE.app/Contents/Eclipse/plugins/com.st.stm32cube.ide.mcu.externaltools.gnu-tools-for-stm32.7-2018-q2-update.macos64_1.4.0.202007081208/tools/bin/../lib/gcc/arm-none-eabi/7.3.1/../../../../arm-none-eabi/lib/thumb/v7e-m/fpv4-sp/hard/libstdc++_nano.a(eh_terminate.o)
 .ARM.attributes
                0x000000000000091c       0x34 /Applications/STM32CubeIDE.app/Contents/Eclipse/plugins/com.st.stm32cube.ide.mcu.externaltools.gnu-tools-for-stm32.7-2018-q2-update.macos64_1.4.0.202007081208/tools/bin/../lib/gcc/arm-none-eabi/7.3.1/../../../../arm-none-eabi/lib/thumb/v7e-m/fpv4-sp/hard/libstdc++_nano.a(eh_term_handler.o)
 .ARM.attributes
                0x0000000000000950       0x34 /Applications/STM32CubeIDE.app/Contents/Eclipse/plugins/com.st.stm32cube.ide.mcu.externaltools.gnu-tools-for-stm32.7-2018-q2-update.macos64_1.4.0.202007081208/tools/bin/../lib/gcc/arm-none-eabi/7.3.1/../../../../arm-none-eabi/lib/thumb/v7e-m/fpv4-sp/hard/libc_nano.a(lib_a-abort.o)
 .ARM.attributes
                0x0000000000000984       0x34 /Applications/STM32CubeIDE.app/Contents/Eclipse/plugins/com.st.stm32cube.ide.mcu.externaltools.gnu-tools-for-stm32.7-2018-q2-update.macos64_1.4.0.202007081208/tools/bin/../lib/gcc/arm-none-eabi/7.3.1/../../../../arm-none-eabi/lib/thumb/v7e-m/fpv4-sp/hard/libc_nano.a(lib_a-errno.o)
 .ARM.attributes
                0x00000000000009b8       0x34 /Applications/STM32CubeIDE.app/Contents/Eclipse/plugins/com.st.stm32cube.ide.mcu.externaltools.gnu-tools-for-stm32.7-2018-q2-update.macos64_1.4.0.202007081208/tools/bin/../lib/gcc/arm-none-eabi/7.3.1/../../../../arm-none-eabi/lib/thumb/v7e-m/fpv4-sp/hard/libc_nano.a(lib_a-impure.o)
 .ARM.attributes
                0x00000000000009ec       0x34 /Applications/STM32CubeIDE.app/Contents/Eclipse/plugins/com.st.stm32cube.ide.mcu.externaltools.gnu-tools-for-stm32.7-2018-q2-update.macos64_1.4.0.202007081208/tools/bin/../lib/gcc/arm-none-eabi/7.3.1/../../../../arm-none-eabi/lib/thumb/v7e-m/fpv4-sp/hard/libc_nano.a(lib_a-init.o)
 .ARM.attributes
                0x0000000000000a20       0x34 /Applications/STM32CubeIDE.app/Contents/Eclipse/plugins/com.st.stm32cube.ide.mcu.externaltools.gnu-tools-for-stm32.7-2018-q2-update.macos64_1.4.0.202007081208/tools/bin/../lib/gcc/arm-none-eabi/7.3.1/../../../../arm-none-eabi/lib/thumb/v7e-m/fpv4-sp/hard/libc_nano.a(lib_a-memcpy-stub.o)
 .ARM.attributes
                0x0000000000000a54       0x34 /Applications/STM32CubeIDE.app/Contents/Eclipse/plugins/com.st.stm32cube.ide.mcu.externaltools.gnu-tools-for-stm32.7-2018-q2-update.macos64_1.4.0.202007081208/tools/bin/../lib/gcc/arm-none-eabi/7.3.1/../../../../arm-none-eabi/lib/thumb/v7e-m/fpv4-sp/hard/libc_nano.a(lib_a-memset.o)
 .ARM.attributes
                0x0000000000000a88       0x34 /Applications/STM32CubeIDE.app/Contents/Eclipse/plugins/com.st.stm32cube.ide.mcu.externaltools.gnu-tools-for-stm32.7-2018-q2-update.macos64_1.4.0.202007081208/tools/bin/../lib/gcc/arm-none-eabi/7.3.1/../../../../arm-none-eabi/lib/thumb/v7e-m/fpv4-sp/hard/libc_nano.a(lib_a-signal.o)
 .ARM.attributes
                0x0000000000000abc       0x34 /Applications/STM32CubeIDE.app/Contents/Eclipse/plugins/com.st.stm32cube.ide.mcu.externaltools.gnu-tools-for-stm32.7-2018-q2-update.macos64_1.4.0.202007081208/tools/bin/../lib/gcc/arm-none-eabi/7.3.1/../../../../arm-none-eabi/lib/thumb/v7e-m/fpv4-sp/hard/libc_nano.a(lib_a-signalr.o)
 .ARM.attributes
                0x0000000000000af0       0x34 /Applications/STM32CubeIDE.app/Contents/Eclipse/plugins/com.st.stm32cube.ide.mcu.externaltools.gnu-tools-for-stm32.7-2018-q2-update.macos64_1.4.0.202007081208/tools/bin/../lib/gcc/arm-none-eabi/7.3.1/../../../../arm-none-eabi/lib/thumb/v7e-m/fpv4-sp/hard/libc_nano.a(lib_a-reent.o)
 .ARM.attributes
                0x0000000000000b24       0x22 /Applications/STM32CubeIDE.app/Contents/Eclipse/plugins/com.st.stm32cube.ide.mcu.externaltools.gnu-tools-for-stm32.7-2018-q2-update.macos64_1.4.0.202007081208/tools/bin/../lib/gcc/arm-none-eabi/7.3.1/thumb/v7e-m/fpv4-sp/hard/crtn.o
OUTPUT(XploreAvionics_CM4.elf elf32-littlearm)

.debug_info     0x0000000000000000    0x32579
 .debug_info    0x0000000000000000     0x10ae Common/Src/system_stm32h7xx_dualcore_boot_cm4_cm7.o
 .debug_info    0x00000000000010ae      0xe6f Core/Src/dma.o
 .debug_info    0x0000000000001f1d     0x16f7 Core/Src/fdcan.o
 .debug_info    0x0000000000003614      0xaae Core/Src/freertos.o
 .debug_info    0x00000000000040c2      0xe6f Core/Src/gpio.o
 .debug_info    0x0000000000004f31      0xbaa Core/Src/iwdg.o
 .debug_info    0x0000000000005adb     0x311b Core/Src/main.o
 .debug_info    0x0000000000008bf6     0x163d Core/Src/spi.o
 .debug_info    0x000000000000a233     0x11f7 Core/Src/stm32h7xx_hal_msp.o
 .debug_info    0x000000000000b42a     0x195e Core/Src/stm32h7xx_hal_timebase_tim.o
 .debug_info    0x000000000000cd88     0x1164 Core/Src/stm32h7xx_it.o
 .debug_info    0x000000000000deec      0xebd Core/Src/syscalls.o
 .debug_info    0x000000000000eda9       0x22 Core/Startup/startup_stm32h745zitx.o
 .debug_info    0x000000000000edcb     0x206a Drivers/STM32H7xx_HAL_Driver/stm32h7xx_hal.o
 .debug_info    0x0000000000010e35     0x18d0 Drivers/STM32H7xx_HAL_Driver/stm32h7xx_hal_cortex.o
 .debug_info    0x0000000000012705     0x33f5 Drivers/STM32H7xx_HAL_Driver/stm32h7xx_hal_fdcan.o
 .debug_info    0x0000000000015afa     0x16ec Drivers/STM32H7xx_HAL_Driver/stm32h7xx_hal_gpio.o
 .debug_info    0x00000000000171e6      0xdc2 Drivers/STM32H7xx_HAL_Driver/stm32h7xx_hal_hsem.o
 .debug_info    0x0000000000017fa8      0xbec Drivers/STM32H7xx_HAL_Driver/stm32h7xx_hal_iwdg.o
 .debug_info    0x0000000000018b94     0x1939 Drivers/STM32H7xx_HAL_Driver/stm32h7xx_hal_pwr_ex.o
 .debug_info    0x000000000001a4cd     0x179e Drivers/STM32H7xx_HAL_Driver/stm32h7xx_hal_rcc.o
 .debug_info    0x000000000001bc6b     0x1da0 Drivers/STM32H7xx_HAL_Driver/stm32h7xx_hal_spi.o
 .debug_info    0x000000000001da0b     0x3327 Drivers/STM32H7xx_HAL_Driver/stm32h7xx_hal_tim.o
 .debug_info    0x0000000000020d32      0xea7 FATFS/App/fatfs.o
 .debug_info    0x0000000000021bd9      0xd46 FATFS/Target/user_diskio.o
 .debug_info    0x000000000002291f      0xd83 Middlewares/Third_Party/FatFs/ff_gen_drv.o
 .debug_info    0x00000000000236a2     0x401f Middlewares/Third_Party/FreeRTOS/cmsis_os2.o
 .debug_info    0x00000000000276c1      0xbea Middlewares/Third_Party/FreeRTOS/heap_4.o
 .debug_info    0x00000000000282ab      0xacb Middlewares/Third_Party/FreeRTOS/list.o
 .debug_info    0x0000000000028d76      0x533 Middlewares/Third_Party/FreeRTOS/port.o
 .debug_info    0x00000000000292a9     0x239c Middlewares/Third_Party/FreeRTOS/queue.o
 .debug_info    0x000000000002b645     0x2af7 Middlewares/Third_Party/FreeRTOS/tasks.o
 .debug_info    0x000000000002e13c     0x1aba Middlewares/Third_Party/FreeRTOS/timers.o
 .debug_info    0x000000000002fbf6     0x1796 System/Misc/WatchdogThread.o
 .debug_info    0x000000000003138c      0x477 System/Sensors/Barometer.o
 .debug_info    0x0000000000031803      0x477 System/Sensors/IMU.o
 .debug_info    0x0000000000031c7a      0x2c4 System/System.o
 .debug_info    0x0000000000031f3e      0x63b System/Thread.o

.debug_abbrev   0x0000000000000000     0x598e
 .debug_abbrev  0x0000000000000000      0x21f Common/Src/system_stm32h7xx_dualcore_boot_cm4_cm7.o
 .debug_abbrev  0x000000000000021f      0x1f0 Core/Src/dma.o
 .debug_abbrev  0x000000000000040f      0x233 Core/Src/fdcan.o
 .debug_abbrev  0x0000000000000642      0x1b1 Core/Src/freertos.o
 .debug_abbrev  0x00000000000007f3      0x1f0 Core/Src/gpio.o
 .debug_abbrev  0x00000000000009e3      0x1cb Core/Src/iwdg.o
 .debug_abbrev  0x0000000000000bae      0x278 Core/Src/main.o
 .debug_abbrev  0x0000000000000e26      0x233 Core/Src/spi.o
 .debug_abbrev  0x0000000000001059      0x1e5 Core/Src/stm32h7xx_hal_msp.o
 .debug_abbrev  0x000000000000123e      0x23d Core/Src/stm32h7xx_hal_timebase_tim.o
 .debug_abbrev  0x000000000000147b      0x1cf Core/Src/stm32h7xx_it.o
 .debug_abbrev  0x000000000000164a      0x261 Core/Src/syscalls.o
 .debug_abbrev  0x00000000000018ab       0x12 Core/Startup/startup_stm32h745zitx.o
 .debug_abbrev  0x00000000000018bd      0x2e2 Drivers/STM32H7xx_HAL_Driver/stm32h7xx_hal.o
 .debug_abbrev  0x0000000000001b9f      0x3b5 Drivers/STM32H7xx_HAL_Driver/stm32h7xx_hal_cortex.o
 .debug_abbrev  0x0000000000001f54      0x2f3 Drivers/STM32H7xx_HAL_Driver/stm32h7xx_hal_fdcan.o
 .debug_abbrev  0x0000000000002247      0x28f Drivers/STM32H7xx_HAL_Driver/stm32h7xx_hal_gpio.o
 .debug_abbrev  0x00000000000024d6      0x2ab Drivers/STM32H7xx_HAL_Driver/stm32h7xx_hal_hsem.o
 .debug_abbrev  0x0000000000002781      0x1fa Drivers/STM32H7xx_HAL_Driver/stm32h7xx_hal_iwdg.o
 .debug_abbrev  0x000000000000297b      0x33a Drivers/STM32H7xx_HAL_Driver/stm32h7xx_hal_pwr_ex.o
 .debug_abbrev  0x0000000000002cb5      0x2e2 Drivers/STM32H7xx_HAL_Driver/stm32h7xx_hal_rcc.o
 .debug_abbrev  0x0000000000002f97      0x2d5 Drivers/STM32H7xx_HAL_Driver/stm32h7xx_hal_spi.o
 .debug_abbrev  0x000000000000326c      0x2bd Drivers/STM32H7xx_HAL_Driver/stm32h7xx_hal_tim.o
 .debug_abbrev  0x0000000000003529      0x1fb FATFS/App/fatfs.o
 .debug_abbrev  0x0000000000003724      0x21c FATFS/Target/user_diskio.o
 .debug_abbrev  0x0000000000003940      0x252 Middlewares/Third_Party/FatFs/ff_gen_drv.o
 .debug_abbrev  0x0000000000003b92      0x3c3 Middlewares/Third_Party/FreeRTOS/cmsis_os2.o
 .debug_abbrev  0x0000000000003f55      0x29e Middlewares/Third_Party/FreeRTOS/heap_4.o
 .debug_abbrev  0x00000000000041f3      0x1cf Middlewares/Third_Party/FreeRTOS/list.o
 .debug_abbrev  0x00000000000043c2      0x210 Middlewares/Third_Party/FreeRTOS/port.o
 .debug_abbrev  0x00000000000045d2      0x336 Middlewares/Third_Party/FreeRTOS/queue.o
 .debug_abbrev  0x0000000000004908      0x350 Middlewares/Third_Party/FreeRTOS/tasks.o
 .debug_abbrev  0x0000000000004c58      0x2d7 Middlewares/Third_Party/FreeRTOS/timers.o
 .debug_abbrev  0x0000000000004f2f      0x38f System/Misc/WatchdogThread.o
 .debug_abbrev  0x00000000000052be      0x1b3 System/Sensors/Barometer.o
 .debug_abbrev  0x0000000000005471      0x1b3 System/Sensors/IMU.o
 .debug_abbrev  0x0000000000005624      0x151 System/System.o
 .debug_abbrev  0x0000000000005775      0x219 System/Thread.o

.debug_aranges  0x0000000000000000     0x1ac8
 .debug_aranges
                0x0000000000000000       0x28 Common/Src/system_stm32h7xx_dualcore_boot_cm4_cm7.o
 .debug_aranges
                0x0000000000000028       0x20 Core/Src/dma.o
 .debug_aranges
                0x0000000000000048       0x30 Core/Src/fdcan.o
 .debug_aranges
                0x0000000000000078       0x20 Core/Src/freertos.o
 .debug_aranges
                0x0000000000000098       0x20 Core/Src/gpio.o
 .debug_aranges
                0x00000000000000b8       0x20 Core/Src/iwdg.o
 .debug_aranges
                0x00000000000000d8       0x30 Core/Src/main.o
 .debug_aranges
                0x0000000000000108       0x30 Core/Src/spi.o
 .debug_aranges
                0x0000000000000138       0x20 Core/Src/stm32h7xx_hal_msp.o
 .debug_aranges
                0x0000000000000158       0x30 Core/Src/stm32h7xx_hal_timebase_tim.o
 .debug_aranges
                0x0000000000000188       0x50 Core/Src/stm32h7xx_it.o
 .debug_aranges
                0x00000000000001d8       0xa8 Core/Src/syscalls.o
 .debug_aranges
                0x0000000000000280       0x28 Core/Startup/startup_stm32h745zitx.o
 .debug_aranges
                0x00000000000002a8      0x220 Drivers/STM32H7xx_HAL_Driver/stm32h7xx_hal.o
 .debug_aranges
                0x00000000000004c8      0x120 Drivers/STM32H7xx_HAL_Driver/stm32h7xx_hal_cortex.o
 .debug_aranges
                0x00000000000005e8      0x338 Drivers/STM32H7xx_HAL_Driver/stm32h7xx_hal_fdcan.o
 .debug_aranges
                0x0000000000000920       0x58 Drivers/STM32H7xx_HAL_Driver/stm32h7xx_hal_gpio.o
 .debug_aranges
                0x0000000000000978       0x70 Drivers/STM32H7xx_HAL_Driver/stm32h7xx_hal_hsem.o
 .debug_aranges
                0x00000000000009e8       0x28 Drivers/STM32H7xx_HAL_Driver/stm32h7xx_hal_iwdg.o
 .debug_aranges
                0x0000000000000a10      0x170 Drivers/STM32H7xx_HAL_Driver/stm32h7xx_hal_pwr_ex.o
 .debug_aranges
                0x0000000000000b80       0x88 Drivers/STM32H7xx_HAL_Driver/stm32h7xx_hal_rcc.o
 .debug_aranges
                0x0000000000000c08      0x1a0 Drivers/STM32H7xx_HAL_Driver/stm32h7xx_hal_spi.o
 .debug_aranges
                0x0000000000000da8      0x3e0 Drivers/STM32H7xx_HAL_Driver/stm32h7xx_hal_tim.o
 .debug_aranges
                0x0000000000001188       0x28 FATFS/App/fatfs.o
 .debug_aranges
                0x00000000000011b0       0x40 FATFS/Target/user_diskio.o
 .debug_aranges
                0x00000000000011f0       0x40 Middlewares/Third_Party/FatFs/ff_gen_drv.o
 .debug_aranges
                0x0000000000001230      0x228 Middlewares/Third_Party/FreeRTOS/cmsis_os2.o
 .debug_aranges
                0x0000000000001458       0x50 Middlewares/Third_Party/FreeRTOS/heap_4.o
 .debug_aranges
                0x00000000000014a8       0x40 Middlewares/Third_Party/FreeRTOS/list.o
 .debug_aranges
                0x00000000000014e8       0x80 Middlewares/Third_Party/FreeRTOS/port.o
 .debug_aranges
                0x0000000000001568      0x158 Middlewares/Third_Party/FreeRTOS/queue.o
 .debug_aranges
                0x00000000000016c0      0x208 Middlewares/Third_Party/FreeRTOS/tasks.o
 .debug_aranges
                0x00000000000018c8       0xe8 Middlewares/Third_Party/FreeRTOS/timers.o
 .debug_aranges
                0x00000000000019b0       0x28 System/Misc/WatchdogThread.o
 .debug_aranges
                0x00000000000019d8       0x28 System/Sensors/Barometer.o
 .debug_aranges
                0x0000000000001a00       0x28 System/Sensors/IMU.o
 .debug_aranges
                0x0000000000001a28       0x60 System/System.o
 .debug_aranges
                0x0000000000001a88       0x40 System/Thread.o

.debug_ranges   0x0000000000000000     0x1870
 .debug_ranges  0x0000000000000000       0x18 Common/Src/system_stm32h7xx_dualcore_boot_cm4_cm7.o
 .debug_ranges  0x0000000000000018       0x10 Core/Src/dma.o
 .debug_ranges  0x0000000000000028       0x20 Core/Src/fdcan.o
 .debug_ranges  0x0000000000000048       0x10 Core/Src/freertos.o
 .debug_ranges  0x0000000000000058       0x10 Core/Src/gpio.o
 .debug_ranges  0x0000000000000068       0x10 Core/Src/iwdg.o
 .debug_ranges  0x0000000000000078       0x20 Core/Src/main.o
 .debug_ranges  0x0000000000000098       0x20 Core/Src/spi.o
 .debug_ranges  0x00000000000000b8       0x10 Core/Src/stm32h7xx_hal_msp.o
 .debug_ranges  0x00000000000000c8       0x20 Core/Src/stm32h7xx_hal_timebase_tim.o
 .debug_ranges  0x00000000000000e8       0x40 Core/Src/stm32h7xx_it.o
 .debug_ranges  0x0000000000000128       0x98 Core/Src/syscalls.o
 .debug_ranges  0x00000000000001c0       0x20 Core/Startup/startup_stm32h745zitx.o
 .debug_ranges  0x00000000000001e0      0x210 Drivers/STM32H7xx_HAL_Driver/stm32h7xx_hal.o
 .debug_ranges  0x00000000000003f0      0x110 Drivers/STM32H7xx_HAL_Driver/stm32h7xx_hal_cortex.o
 .debug_ranges  0x0000000000000500      0x328 Drivers/STM32H7xx_HAL_Driver/stm32h7xx_hal_fdcan.o
 .debug_ranges  0x0000000000000828       0x48 Drivers/STM32H7xx_HAL_Driver/stm32h7xx_hal_gpio.o
 .debug_ranges  0x0000000000000870       0x60 Drivers/STM32H7xx_HAL_Driver/stm32h7xx_hal_hsem.o
 .debug_ranges  0x00000000000008d0       0x18 Drivers/STM32H7xx_HAL_Driver/stm32h7xx_hal_iwdg.o
 .debug_ranges  0x00000000000008e8      0x160 Drivers/STM32H7xx_HAL_Driver/stm32h7xx_hal_pwr_ex.o
 .debug_ranges  0x0000000000000a48       0x78 Drivers/STM32H7xx_HAL_Driver/stm32h7xx_hal_rcc.o
 .debug_ranges  0x0000000000000ac0      0x190 Drivers/STM32H7xx_HAL_Driver/stm32h7xx_hal_spi.o
 .debug_ranges  0x0000000000000c50      0x3d0 Drivers/STM32H7xx_HAL_Driver/stm32h7xx_hal_tim.o
 .debug_ranges  0x0000000000001020       0x18 FATFS/App/fatfs.o
 .debug_ranges  0x0000000000001038       0x30 FATFS/Target/user_diskio.o
 .debug_ranges  0x0000000000001068       0x30 Middlewares/Third_Party/FatFs/ff_gen_drv.o
 .debug_ranges  0x0000000000001098      0x218 Middlewares/Third_Party/FreeRTOS/cmsis_os2.o
 .debug_ranges  0x00000000000012b0       0x40 Middlewares/Third_Party/FreeRTOS/heap_4.o
 .debug_ranges  0x00000000000012f0       0x30 Middlewares/Third_Party/FreeRTOS/list.o
 .debug_ranges  0x0000000000001320       0x70 Middlewares/Third_Party/FreeRTOS/port.o
 .debug_ranges  0x0000000000001390      0x148 Middlewares/Third_Party/FreeRTOS/queue.o
 .debug_ranges  0x00000000000014d8      0x1f8 Middlewares/Third_Party/FreeRTOS/tasks.o
 .debug_ranges  0x00000000000016d0       0xd8 Middlewares/Third_Party/FreeRTOS/timers.o
 .debug_ranges  0x00000000000017a8       0x18 System/Misc/WatchdogThread.o
 .debug_ranges  0x00000000000017c0       0x18 System/Sensors/Barometer.o
 .debug_ranges  0x00000000000017d8       0x18 System/Sensors/IMU.o
 .debug_ranges  0x00000000000017f0       0x50 System/System.o
 .debug_ranges  0x0000000000001840       0x30 System/Thread.o

.debug_macro    0x0000000000000000    0x439ee
 .debug_macro   0x0000000000000000      0x2f4 Common/Src/system_stm32h7xx_dualcore_boot_cm4_cm7.o
 .debug_macro   0x00000000000002f4      0xa60 Common/Src/system_stm32h7xx_dualcore_boot_cm4_cm7.o
 .debug_macro   0x0000000000000d54       0x2e Common/Src/system_stm32h7xx_dualcore_boot_cm4_cm7.o
 .debug_macro   0x0000000000000d82       0x3b Common/Src/system_stm32h7xx_dualcore_boot_cm4_cm7.o
 .debug_macro   0x0000000000000dbd       0x22 Common/Src/system_stm32h7xx_dualcore_boot_cm4_cm7.o
 .debug_macro   0x0000000000000ddf       0x8e Common/Src/system_stm32h7xx_dualcore_boot_cm4_cm7.o
 .debug_macro   0x0000000000000e6d       0x51 Common/Src/system_stm32h7xx_dualcore_boot_cm4_cm7.o
 .debug_macro   0x0000000000000ebe       0xef Common/Src/system_stm32h7xx_dualcore_boot_cm4_cm7.o
 .debug_macro   0x0000000000000fad       0x6a Common/Src/system_stm32h7xx_dualcore_boot_cm4_cm7.o
 .debug_macro   0x0000000000001017      0x1df Common/Src/system_stm32h7xx_dualcore_boot_cm4_cm7.o
 .debug_macro   0x00000000000011f6       0x1c Common/Src/system_stm32h7xx_dualcore_boot_cm4_cm7.o
 .debug_macro   0x0000000000001212       0x22 Common/Src/system_stm32h7xx_dualcore_boot_cm4_cm7.o
 .debug_macro   0x0000000000001234       0xdf Common/Src/system_stm32h7xx_dualcore_boot_cm4_cm7.o
 .debug_macro   0x0000000000001313     0x102d Common/Src/system_stm32h7xx_dualcore_boot_cm4_cm7.o
 .debug_macro   0x0000000000002340      0x11f Common/Src/system_stm32h7xx_dualcore_boot_cm4_cm7.o
 .debug_macro   0x000000000000245f    0x26850 Common/Src/system_stm32h7xx_dualcore_boot_cm4_cm7.o
 .debug_macro   0x0000000000028caf       0x43 Common/Src/system_stm32h7xx_dualcore_boot_cm4_cm7.o
 .debug_macro   0x0000000000028cf2      0x256 Common/Src/system_stm32h7xx_dualcore_boot_cm4_cm7.o
 .debug_macro   0x0000000000028f48     0x3cd3 Common/Src/system_stm32h7xx_dualcore_boot_cm4_cm7.o
 .debug_macro   0x000000000002cc1b      0x174 Common/Src/system_stm32h7xx_dualcore_boot_cm4_cm7.o
 .debug_macro   0x000000000002cd8f       0x46 Common/Src/system_stm32h7xx_dualcore_boot_cm4_cm7.o
 .debug_macro   0x000000000002cdd5       0x18 Common/Src/system_stm32h7xx_dualcore_boot_cm4_cm7.o
 .debug_macro   0x000000000002cded       0x3c Common/Src/system_stm32h7xx_dualcore_boot_cm4_cm7.o
 .debug_macro   0x000000000002ce29       0x34 Common/Src/system_stm32h7xx_dualcore_boot_cm4_cm7.o
 .debug_macro   0x000000000002ce5d       0x52 Common/Src/system_stm32h7xx_dualcore_boot_cm4_cm7.o
 .debug_macro   0x000000000002ceaf       0x1f Common/Src/system_stm32h7xx_dualcore_boot_cm4_cm7.o
 .debug_macro   0x000000000002cece       0x43 Common/Src/system_stm32h7xx_dualcore_boot_cm4_cm7.o
 .debug_macro   0x000000000002cf11       0x20 Common/Src/system_stm32h7xx_dualcore_boot_cm4_cm7.o
 .debug_macro   0x000000000002cf31      0x1a3 Common/Src/system_stm32h7xx_dualcore_boot_cm4_cm7.o
 .debug_macro   0x000000000002d0d4      0x32a Common/Src/system_stm32h7xx_dualcore_boot_cm4_cm7.o
 .debug_macro   0x000000000002d3fe      0x1e1 Common/Src/system_stm32h7xx_dualcore_boot_cm4_cm7.o
 .debug_macro   0x000000000002d5df       0x54 Common/Src/system_stm32h7xx_dualcore_boot_cm4_cm7.o
 .debug_macro   0x000000000002d633     0x3a9d Common/Src/system_stm32h7xx_dualcore_boot_cm4_cm7.o
 .debug_macro   0x00000000000310d0     0x104f Common/Src/system_stm32h7xx_dualcore_boot_cm4_cm7.o
 .debug_macro   0x000000000003211f      0x138 Common/Src/system_stm32h7xx_dualcore_boot_cm4_cm7.o
 .debug_macro   0x0000000000032257      0x133 Common/Src/system_stm32h7xx_dualcore_boot_cm4_cm7.o
 .debug_macro   0x000000000003238a      0x3be Common/Src/system_stm32h7xx_dualcore_boot_cm4_cm7.o
 .debug_macro   0x0000000000032748       0x27 Common/Src/system_stm32h7xx_dualcore_boot_cm4_cm7.o
 .debug_macro   0x000000000003276f      0x72d Common/Src/system_stm32h7xx_dualcore_boot_cm4_cm7.o
 .debug_macro   0x0000000000032e9c      0x229 Common/Src/system_stm32h7xx_dualcore_boot_cm4_cm7.o
 .debug_macro   0x00000000000330c5       0x66 Common/Src/system_stm32h7xx_dualcore_boot_cm4_cm7.o
 .debug_macro   0x000000000003312b      0x3bb Common/Src/system_stm32h7xx_dualcore_boot_cm4_cm7.o
 .debug_macro   0x00000000000334e6      0x408 Common/Src/system_stm32h7xx_dualcore_boot_cm4_cm7.o
 .debug_macro   0x00000000000338ee      0x244 Common/Src/system_stm32h7xx_dualcore_boot_cm4_cm7.o
 .debug_macro   0x0000000000033b32      0xe34 Common/Src/system_stm32h7xx_dualcore_boot_cm4_cm7.o
 .debug_macro   0x0000000000034966       0xd5 Common/Src/system_stm32h7xx_dualcore_boot_cm4_cm7.o
 .debug_macro   0x0000000000034a3b       0x4c Common/Src/system_stm32h7xx_dualcore_boot_cm4_cm7.o
 .debug_macro   0x0000000000034a87      0x3cb Common/Src/system_stm32h7xx_dualcore_boot_cm4_cm7.o
 .debug_macro   0x0000000000034e52      0x4b7 Common/Src/system_stm32h7xx_dualcore_boot_cm4_cm7.o
 .debug_macro   0x0000000000035309       0x51 Common/Src/system_stm32h7xx_dualcore_boot_cm4_cm7.o
 .debug_macro   0x000000000003535a       0x4a Common/Src/system_stm32h7xx_dualcore_boot_cm4_cm7.o
 .debug_macro   0x00000000000353a4      0x22c Common/Src/system_stm32h7xx_dualcore_boot_cm4_cm7.o
 .debug_macro   0x00000000000355d0       0x64 Common/Src/system_stm32h7xx_dualcore_boot_cm4_cm7.o
 .debug_macro   0x0000000000035634       0xa5 Common/Src/system_stm32h7xx_dualcore_boot_cm4_cm7.o
 .debug_macro   0x00000000000356d9       0x85 Common/Src/system_stm32h7xx_dualcore_boot_cm4_cm7.o
 .debug_macro   0x000000000003575e      0x219 Common/Src/system_stm32h7xx_dualcore_boot_cm4_cm7.o
 .debug_macro   0x0000000000035977      0x2eb Common/Src/system_stm32h7xx_dualcore_boot_cm4_cm7.o
 .debug_macro   0x0000000000035c62       0x35 Common/Src/system_stm32h7xx_dualcore_boot_cm4_cm7.o
 .debug_macro   0x0000000000035c97      0x2d4 Common/Src/system_stm32h7xx_dualcore_boot_cm4_cm7.o
 .debug_macro   0x0000000000035f6b      0x34b Common/Src/system_stm32h7xx_dualcore_boot_cm4_cm7.o
 .debug_macro   0x00000000000362b6      0x6b6 Common/Src/system_stm32h7xx_dualcore_boot_cm4_cm7.o
 .debug_macro   0x000000000003696c       0xe4 Common/Src/system_stm32h7xx_dualcore_boot_cm4_cm7.o
 .debug_macro   0x0000000000036a50      0x5dd Common/Src/system_stm32h7xx_dualcore_boot_cm4_cm7.o
 .debug_macro   0x000000000003702d       0x9e Common/Src/system_stm32h7xx_dualcore_boot_cm4_cm7.o
 .debug_macro   0x00000000000370cb      0xad7 Common/Src/system_stm32h7xx_dualcore_boot_cm4_cm7.o
 .debug_macro   0x0000000000037ba2      0x2a0 Common/Src/system_stm32h7xx_dualcore_boot_cm4_cm7.o
 .debug_macro   0x0000000000037e42      0x798 Common/Src/system_stm32h7xx_dualcore_boot_cm4_cm7.o
 .debug_macro   0x00000000000385da      0x302 Core/Src/dma.o
 .debug_macro   0x00000000000388dc      0x302 Core/Src/fdcan.o
 .debug_macro   0x0000000000038bde      0x38c Core/Src/freertos.o
 .debug_macro   0x0000000000038f6a      0x149 Core/Src/freertos.o
 .debug_macro   0x00000000000390b3      0x15a Core/Src/freertos.o
 .debug_macro   0x000000000003920d       0xc9 Core/Src/freertos.o
 .debug_macro   0x00000000000392d6       0x1c Core/Src/freertos.o
 .debug_macro   0x00000000000392f2       0x26 Core/Src/freertos.o
 .debug_macro   0x0000000000039318      0x4a2 Core/Src/freertos.o
 .debug_macro   0x00000000000397ba       0xb5 Core/Src/freertos.o
 .debug_macro   0x000000000003986f       0xaa Core/Src/freertos.o
 .debug_macro   0x0000000000039919       0x6c Core/Src/freertos.o
 .debug_macro   0x0000000000039985       0x74 Core/Src/freertos.o
 .debug_macro   0x00000000000399f9       0xdd Core/Src/freertos.o
 .debug_macro   0x0000000000039ad6      0x302 Core/Src/gpio.o