Archive member included to satisfy reference by file (symbol)

/Applications/STM32CubeIDE.app/Contents/Eclipse/plugins/com.st.stm32cube.ide.mcu.externaltools.gnu-tools-for-stm32.7-2018-q2-update.macos64_1.4.0.202007081208/tools/bin/../lib/gcc/arm-none-eabi/7.3.1/../../../../arm-none-eabi/lib/thumb/v7e-m/fpv4-sp/hard/libc_nano.a(lib_a-errno.o)
                              Core/Src/syscalls.o (__errno)
/Applications/STM32CubeIDE.app/Contents/Eclipse/plugins/com.st.stm32cube.ide.mcu.externaltools.gnu-tools-for-stm32.7-2018-q2-update.macos64_1.4.0.202007081208/tools/bin/../lib/gcc/arm-none-eabi/7.3.1/../../../../arm-none-eabi/lib/thumb/v7e-m/fpv4-sp/hard/libc_nano.a(lib_a-exit.o)
                              /Applications/STM32CubeIDE.app/Contents/Eclipse/plugins/com.st.stm32cube.ide.mcu.externaltools.gnu-tools-for-stm32.7-2018-q2-update.macos64_1.4.0.202007081208/tools/bin/../lib/gcc/arm-none-eabi/7.3.1/../../../../arm-none-eabi/lib/thumb/v7e-m/fpv4-sp/hard/crt0.o (exit)
/Applications/STM32CubeIDE.app/Contents/Eclipse/plugins/com.st.stm32cube.ide.mcu.externaltools.gnu-tools-for-stm32.7-2018-q2-update.macos64_1.4.0.202007081208/tools/bin/../lib/gcc/arm-none-eabi/7.3.1/../../../../arm-none-eabi/lib/thumb/v7e-m/fpv4-sp/hard/libc_nano.a(lib_a-impure.o)
                              /Applications/STM32CubeIDE.app/Contents/Eclipse/plugins/com.st.stm32cube.ide.mcu.externaltools.gnu-tools-for-stm32.7-2018-q2-update.macos64_1.4.0.202007081208/tools/bin/../lib/gcc/arm-none-eabi/7.3.1/../../../../arm-none-eabi/lib/thumb/v7e-m/fpv4-sp/hard/libc_nano.a(lib_a-exit.o) (_global_impure_ptr)
/Applications/STM32CubeIDE.app/Contents/Eclipse/plugins/com.st.stm32cube.ide.mcu.externaltools.gnu-tools-for-stm32.7-2018-q2-update.macos64_1.4.0.202007081208/tools/bin/../lib/gcc/arm-none-eabi/7.3.1/../../../../arm-none-eabi/lib/thumb/v7e-m/fpv4-sp/hard/libc_nano.a(lib_a-init.o)
                              /Applications/STM32CubeIDE.app/Contents/Eclipse/plugins/com.st.stm32cube.ide.mcu.externaltools.gnu-tools-for-stm32.7-2018-q2-update.macos64_1.4.0.202007081208/tools/bin/../lib/gcc/arm-none-eabi/7.3.1/../../../../arm-none-eabi/lib/thumb/v7e-m/fpv4-sp/hard/crt0.o (__libc_init_array)
/Applications/STM32CubeIDE.app/Contents/Eclipse/plugins/com.st.stm32cube.ide.mcu.externaltools.gnu-tools-for-stm32.7-2018-q2-update.macos64_1.4.0.202007081208/tools/bin/../lib/gcc/arm-none-eabi/7.3.1/../../../../arm-none-eabi/lib/thumb/v7e-m/fpv4-sp/hard/libc_nano.a(lib_a-memcpy-stub.o)
                              Drivers/STM32H7xx_HAL_Driver/stm32h7xx_hal_fdcan.o (memcpy)
/Applications/STM32CubeIDE.app/Contents/Eclipse/plugins/com.st.stm32cube.ide.mcu.externaltools.gnu-tools-for-stm32.7-2018-q2-update.macos64_1.4.0.202007081208/tools/bin/../lib/gcc/arm-none-eabi/7.3.1/../../../../arm-none-eabi/lib/thumb/v7e-m/fpv4-sp/hard/libc_nano.a(lib_a-memset.o)
                              /Applications/STM32CubeIDE.app/Contents/Eclipse/plugins/com.st.stm32cube.ide.mcu.externaltools.gnu-tools-for-stm32.7-2018-q2-update.macos64_1.4.0.202007081208/tools/bin/../lib/gcc/arm-none-eabi/7.3.1/../../../../arm-none-eabi/lib/thumb/v7e-m/fpv4-sp/hard/crt0.o (memset)
/Applications/STM32CubeIDE.app/Contents/Eclipse/plugins/com.st.stm32cube.ide.mcu.externaltools.gnu-tools-for-stm32.7-2018-q2-update.macos64_1.4.0.202007081208/tools/bin/../lib/gcc/arm-none-eabi/7.3.1/../../../../arm-none-eabi/lib/thumb/v7e-m/fpv4-sp/hard/libc_nano.a(lib_a-strlen.o)
                              Middlewares/Third_Party/FreeRTOS/tasks.o (strlen)

Allocating common symbols
Common symbol       size              file

USERPath            0x4               FATFS/App/fatfs.o
defaultTaskHandle   0x4               Core/Src/freertos.o
htim8               0x4c              Core/Src/stm32h7xx_hal_timebase_tim.o
hspi5               0x88              Core/Src/spi.o
hcrc                0x24              Core/Src/crc.o
uwTick              0x4               Drivers/STM32H7xx_HAL_Driver/stm32h7xx_hal.o
xQueueRegistry      0x40              Middlewares/Third_Party/FreeRTOS/queue.o
pFlash              0x1c              Drivers/STM32H7xx_HAL_Driver/stm32h7xx_hal_flash.o
retUSER             0x1               FATFS/App/fatfs.o
hrtc                0x24              Core/Src/rtc.o
hfdcan1             0xa0              Core/Src/fdcan.o
hiwdg2              0x10              Core/Src/iwdg.o
USERFile            0x230             FATFS/App/fatfs.o
USERFatFS           0x234             FATFS/App/fatfs.o
hqspi               0x4c              Core/Src/quadspi.o

Discarded input sections

 .text          0x0000000000000000        0x0 /Applications/STM32CubeIDE.app/Contents/Eclipse/plugins/com.st.stm32cube.ide.mcu.externaltools.gnu-tools-for-stm32.7-2018-q2-update.macos64_1.4.0.202007081208/tools/bin/../lib/gcc/arm-none-eabi/7.3.1/thumb/v7e-m/fpv4-sp/hard/crti.o
[...]
Memory Configuration

Name             Origin             Length             Attributes
FLASH            0x0000000008100000 0x0000000000100000 xr
RAM              0x0000000010000000 0x0000000000048000 xrw
*default*        0x0000000000000000 0xffffffffffffffff

Linker script and memory map

LOAD /Applications/STM32CubeIDE.app/Contents/Eclipse/plugins/com.st.stm32cube.ide.mcu.externaltools.gnu-tools-for-stm32.7-2018-q2-update.macos64_1.4.0.202007081208/tools/bin/../lib/gcc/arm-none-eabi/7.3.1/thumb/v7e-m/fpv4-sp/hard/crti.o
LOAD /Applications/STM32CubeIDE.app/Contents/Eclipse/plugins/com.st.stm32cube.ide.mcu.externaltools.gnu-tools-for-stm32.7-2018-q2-update.macos64_1.4.0.202007081208/tools/bin/../lib/gcc/arm-none-eabi/7.3.1/thumb/v7e-m/fpv4-sp/hard/crtbegin.o
LOAD /Applications/STM32CubeIDE.app/Contents/Eclipse/plugins/com.st.stm32cube.ide.mcu.externaltools.gnu-tools-for-stm32.7-2018-q2-update.macos64_1.4.0.202007081208/tools/bin/../lib/gcc/arm-none-eabi/7.3.1/../../../../arm-none-eabi/lib/thumb/v7e-m/fpv4-sp/hard/crt0.o
LOAD Common/Src/system_stm32h7xx_dualcore_boot_cm4_cm7.o
LOAD Core/Src/crc.o
LOAD Core/Src/dma.o
LOAD Core/Src/fdcan.o
LOAD Core/Src/freertos.o
LOAD Core/Src/gpio.o
LOAD Core/Src/iwdg.o
LOAD Core/Src/main.o
LOAD Core/Src/quadspi.o
LOAD Core/Src/rtc.o
LOAD Core/Src/spi.o
LOAD Core/Src/stm32h7xx_hal_msp.o
LOAD Core/Src/stm32h7xx_hal_timebase_tim.o
LOAD Core/Src/stm32h7xx_it.o
LOAD Core/Src/syscalls.o
LOAD Core/Src/sysmem.o
LOAD Core/Startup/startup_stm32h745zitx.o
LOAD Drivers/BSP/Components/lan8742.o
LOAD Drivers/STM32H7xx_HAL_Driver/stm32h7xx_hal.o
LOAD Drivers/STM32H7xx_HAL_Driver/stm32h7xx_hal_cortex.o
LOAD Drivers/STM32H7xx_HAL_Driver/stm32h7xx_hal_crc.o
LOAD Drivers/STM32H7xx_HAL_Driver/stm32h7xx_hal_crc_ex.o
LOAD Drivers/STM32H7xx_HAL_Driver/stm32h7xx_hal_dma.o
LOAD Drivers/STM32H7xx_HAL_Driver/stm32h7xx_hal_dma_ex.o
LOAD Drivers/STM32H7xx_HAL_Driver/stm32h7xx_hal_exti.o
LOAD Drivers/STM32H7xx_HAL_Driver/stm32h7xx_hal_fdcan.o
LOAD Drivers/STM32H7xx_HAL_Driver/stm32h7xx_hal_flash.o
LOAD Drivers/STM32H7xx_HAL_Driver/stm32h7xx_hal_flash_ex.o
LOAD Drivers/STM32H7xx_HAL_Driver/stm32h7xx_hal_gpio.o
LOAD Drivers/STM32H7xx_HAL_Driver/stm32h7xx_hal_hsem.o
LOAD Drivers/STM32H7xx_HAL_Driver/stm32h7xx_hal_i2c.o
LOAD Drivers/STM32H7xx_HAL_Driver/stm32h7xx_hal_i2c_ex.o
LOAD Drivers/STM32H7xx_HAL_Driver/stm32h7xx_hal_iwdg.o
LOAD Drivers/STM32H7xx_HAL_Driver/stm32h7xx_hal_mdma.o
LOAD Drivers/STM32H7xx_HAL_Driver/stm32h7xx_hal_pwr.o
LOAD Drivers/STM32H7xx_HAL_Driver/stm32h7xx_hal_pwr_ex.o
LOAD Drivers/STM32H7xx_HAL_Driver/stm32h7xx_hal_qspi.o
LOAD Drivers/STM32H7xx_HAL_Driver/stm32h7xx_hal_rcc.o
LOAD Drivers/STM32H7xx_HAL_Driver/stm32h7xx_hal_rcc_ex.o
LOAD Drivers/STM32H7xx_HAL_Driver/stm32h7xx_hal_rtc.o
LOAD Drivers/STM32H7xx_HAL_Driver/stm32h7xx_hal_rtc_ex.o
LOAD Drivers/STM32H7xx_HAL_Driver/stm32h7xx_hal_spi.o
LOAD Drivers/STM32H7xx_HAL_Driver/stm32h7xx_hal_spi_ex.o
LOAD Drivers/STM32H7xx_HAL_Driver/stm32h7xx_hal_tim.o
LOAD Drivers/STM32H7xx_HAL_Driver/stm32h7xx_hal_tim_ex.o
LOAD FATFS/App/fatfs.o
LOAD FATFS/Target/user_diskio.o
LOAD Middlewares/Third_Party/FatFs/diskio.o
LOAD Middlewares/Third_Party/FatFs/ff.o
LOAD Middlewares/Third_Party/FatFs/ff_gen_drv.o
LOAD Middlewares/Third_Party/FatFs/syscall.o
LOAD Middlewares/Third_Party/FreeRTOS/cmsis_os2.o
LOAD Middlewares/Third_Party/FreeRTOS/croutine.o
LOAD Middlewares/Third_Party/FreeRTOS/event_groups.o
LOAD Middlewares/Third_Party/FreeRTOS/heap_4.o
LOAD Middlewares/Third_Party/FreeRTOS/list.o
LOAD Middlewares/Third_Party/FreeRTOS/port.o
LOAD Middlewares/Third_Party/FreeRTOS/queue.o
LOAD Middlewares/Third_Party/FreeRTOS/stream_buffer.o
LOAD Middlewares/Third_Party/FreeRTOS/tasks.o
LOAD Middlewares/Third_Party/FreeRTOS/timers.o
START GROUP
LOAD /Applications/STM32CubeIDE.app/Contents/Eclipse/plugins/com.st.stm32cube.ide.mcu.externaltools.gnu-tools-for-stm32.7-2018-q2-update.macos64_1.4.0.202007081208/tools/bin/../lib/gcc/arm-none-eabi/7.3.1/../../../../arm-none-eabi/lib/thumb/v7e-m/fpv4-sp/hard/libc_nano.a
LOAD /Applications/STM32CubeIDE.app/Contents/Eclipse/plugins/com.st.stm32cube.ide.mcu.externaltools.gnu-tools-for-stm32.7-2018-q2-update.macos64_1.4.0.202007081208/tools/bin/../lib/gcc/arm-none-eabi/7.3.1/../../../../arm-none-eabi/lib/thumb/v7e-m/fpv4-sp/hard/libm.a
END GROUP
START GROUP
LOAD /Applications/STM32CubeIDE.app/Contents/Eclipse/plugins/com.st.stm32cube.ide.mcu.externaltools.gnu-tools-for-stm32.7-2018-q2-update.macos64_1.4.0.202007081208/tools/bin/../lib/gcc/arm-none-eabi/7.3.1/thumb/v7e-m/fpv4-sp/hard/libgcc.a
LOAD /Applications/STM32CubeIDE.app/Contents/Eclipse/plugins/com.st.stm32cube.ide.mcu.externaltools.gnu-tools-for-stm32.7-2018-q2-update.macos64_1.4.0.202007081208/tools/bin/../lib/gcc/arm-none-eabi/7.3.1/../../../../arm-none-eabi/lib/thumb/v7e-m/fpv4-sp/hard/libc_nano.a
END GROUP
START GROUP
LOAD /Applications/STM32CubeIDE.app/Contents/Eclipse/plugins/com.st.stm32cube.ide.mcu.externaltools.gnu-tools-for-stm32.7-2018-q2-update.macos64_1.4.0.202007081208/tools/bin/../lib/gcc/arm-none-eabi/7.3.1/thumb/v7e-m/fpv4-sp/hard/libgcc.a
LOAD /Applications/STM32CubeIDE.app/Contents/Eclipse/plugins/com.st.stm32cube.ide.mcu.externaltools.gnu-tools-for-stm32.7-2018-q2-update.macos64_1.4.0.202007081208/tools/bin/../lib/gcc/arm-none-eabi/7.3.1/../../../../arm-none-eabi/lib/thumb/v7e-m/fpv4-sp/hard/libc_nano.a
LOAD /Applications/STM32CubeIDE.app/Contents/Eclipse/plugins/com.st.stm32cube.ide.mcu.externaltools.gnu-tools-for-stm32.7-2018-q2-update.macos64_1.4.0.202007081208/tools/bin/../lib/gcc/arm-none-eabi/7.3.1/../../../../arm-none-eabi/lib/thumb/v7e-m/fpv4-sp/hard/libnosys.a
END GROUP
START GROUP
LOAD /Applications/STM32CubeIDE.app/Contents/Eclipse/plugins/com.st.stm32cube.ide.mcu.externaltools.gnu-tools-for-stm32.7-2018-q2-update.macos64_1.4.0.202007081208/tools/bin/../lib/gcc/arm-none-eabi/7.3.1/thumb/v7e-m/fpv4-sp/hard/libgcc.a
LOAD /Applications/STM32CubeIDE.app/Contents/Eclipse/plugins/com.st.stm32cube.ide.mcu.externaltools.gnu-tools-for-stm32.7-2018-q2-update.macos64_1.4.0.202007081208/tools/bin/../lib/gcc/arm-none-eabi/7.3.1/../../../../arm-none-eabi/lib/thumb/v7e-m/fpv4-sp/hard/libc_nano.a
LOAD /Applications/STM32CubeIDE.app/Contents/Eclipse/plugins/com.st.stm32cube.ide.mcu.externaltools.gnu-tools-for-stm32.7-2018-q2-update.macos64_1.4.0.202007081208/tools/bin/../lib/gcc/arm-none-eabi/7.3.1/../../../../arm-none-eabi/lib/thumb/v7e-m/fpv4-sp/hard/libnosys.a
END GROUP
LOAD /Applications/STM32CubeIDE.app/Contents/Eclipse/plugins/com.st.stm32cube.ide.mcu.externaltools.gnu-tools-for-stm32.7-2018-q2-update.macos64_1.4.0.202007081208/tools/bin/../lib/gcc/arm-none-eabi/7.3.1/thumb/v7e-m/fpv4-sp/hard/crtend.o
LOAD /Applications/STM32CubeIDE.app/Contents/Eclipse/plugins/com.st.stm32cube.ide.mcu.externaltools.gnu-tools-for-stm32.7-2018-q2-update.macos64_1.4.0.202007081208/tools/bin/../lib/gcc/arm-none-eabi/7.3.1/thumb/v7e-m/fpv4-sp/hard/crtn.o
                0x0000000010048000                _estack = 0x10048000
                0x0000000000000200                _Min_Heap_Size = 0x200
                0x0000000000000400                _Min_Stack_Size = 0x400

.isr_vector     0x0000000008100000      0x298
                0x0000000008100000                . = ALIGN (0x4)
 *(.isr_vector)
 .isr_vector    0x0000000008100000      0x298 Core/Startup/startup_stm32h745zitx.o
                0x0000000008100000                g_pfnVectors
                0x0000000008100298                . = ALIGN (0x4)

.text           0x00000000081002a0     0x4a38
                0x00000000081002a0                . = ALIGN (0x4)
 *(.text)
 .text          0x00000000081002a0       0x40 /Applications/STM32CubeIDE.app/Contents/Eclipse/plugins/com.st.stm32cube.ide.mcu.externaltools.gnu-tools-for-stm32.7-2018-q2-update.macos64_1.4.0.202007081208/tools/bin/../lib/gcc/arm-none-eabi/7.3.1/thumb/v7e-m/fpv4-sp/hard/crtbegin.o
 *(.text*)
 .text.SystemInit
                0x00000000081002e0       0x38 Common/Src/system_stm32h7xx_dualcore_boot_cm4_cm7.o
                0x00000000081002e0                SystemInit
 .text.MX_DMA_Init
                0x0000000008100318       0x54 Core/Src/dma.o
                0x0000000008100318                MX_DMA_Init
 .text.MX_FDCAN1_Init
                0x000000000810036c       0xc8 Core/Src/fdcan.o
                0x000000000810036c                MX_FDCAN1_Init
 .text.HAL_FDCAN_MspInit
                0x0000000008100434       0x94 Core/Src/fdcan.o
                0x0000000008100434                HAL_FDCAN_MspInit
 .text.MX_FREERTOS_Init
                0x00000000081004c8       0x24 Core/Src/freertos.o
                0x00000000081004c8                MX_FREERTOS_Init
 .text.StartDefaultTask
                0x00000000081004ec       0x10 Core/Src/freertos.o
                0x00000000081004ec                StartDefaultTask
 .text.MX_GPIO_Init
                0x00000000081004fc       0x54 Core/Src/gpio.o
                0x00000000081004fc                MX_GPIO_Init
 .text.MX_IWDG2_Init
                0x0000000008100550       0x3c Core/Src/iwdg.o
                0x0000000008100550                MX_IWDG2_Init
 .text.main     0x000000000810058c       0xa0 Core/Src/main.o
                0x000000000810058c                main
 .text.Error_Handler
                0x000000000810062c        0xe Core/Src/main.o
                0x000000000810062c                Error_Handler
 *fill*         0x000000000810063a        0x2 
 .text.MX_SPI5_Init
                0x000000000810063c       0xac Core/Src/spi.o
                0x000000000810063c                MX_SPI5_Init
 .text.HAL_SPI_MspInit
                0x00000000081006e8       0x94 Core/Src/spi.o
                0x00000000081006e8                HAL_SPI_MspInit
 .text.HAL_MspInit
                0x000000000810077c       0x3c Core/Src/stm32h7xx_hal_msp.o
                0x000000000810077c                HAL_MspInit
 .text.HAL_InitTick
                0x00000000081007b8       0xb8 Core/Src/stm32h7xx_hal_timebase_tim.o
                0x00000000081007b8                HAL_InitTick
 .text.NMI_Handler
                0x0000000008100870        0xe Core/Src/stm32h7xx_it.o
                0x0000000008100870                NMI_Handler
 .text.HardFault_Handler
                0x000000000810087e        0x6 Core/Src/stm32h7xx_it.o
                0x000000000810087e                HardFault_Handler
 .text.MemManage_Handler
                0x0000000008100884        0x6 Core/Src/stm32h7xx_it.o
                0x0000000008100884                MemManage_Handler
 .text.BusFault_Handler
                0x000000000810088a        0x6 Core/Src/stm32h7xx_it.o
                0x000000000810088a                BusFault_Handler
 .text.UsageFault_Handler
                0x0000000008100890        0x6 Core/Src/stm32h7xx_it.o
                0x0000000008100890                UsageFault_Handler
 .text.DebugMon_Handler
                0x0000000008100896        0xe Core/Src/stm32h7xx_it.o
                0x0000000008100896                DebugMon_Handler
 .text.TIM8_UP_TIM13_IRQHandler
                0x00000000081008a4        0xe Core/Src/stm32h7xx_it.o
                0x00000000081008a4                TIM8_UP_TIM13_IRQHandler
 *fill*         0x00000000081008b2        0x2 
 .text.Reset_Handler
                0x00000000081008b4       0x50 Core/Startup/startup_stm32h745zitx.o
                0x00000000081008b4                Reset_Handler
 .text.Default_Handler
                0x0000000008100904        0x2 Core/Startup/startup_stm32h745zitx.o
                0x0000000008100904                DMA1_Stream3_IRQHandler
                0x0000000008100904                EXTI2_IRQHandler
                0x0000000008100904                TIM8_CC_IRQHandler
                0x0000000008100904                HRTIM1_Master_IRQHandler
                0x0000000008100904                UART8_IRQHandler
                0x0000000008100904                SPI4_IRQHandler
                0x0000000008100904                TIM1_CC_IRQHandler
                0x0000000008100904                BDMA_Channel6_IRQHandler
                0x0000000008100904                DMA2_Stream5_IRQHandler
                0x0000000008100904                HRTIM1_FLT_IRQHandler
                0x0000000008100904                JPEG_IRQHandler
                0x0000000008100904                DMA1_Stream5_IRQHandler
                0x0000000008100904                BDMA_Channel1_IRQHandler
                0x0000000008100904                HRTIM1_TIMD_IRQHandler
                0x0000000008100904                TAMP_STAMP_IRQHandler
                0x0000000008100904                EXTI3_IRQHandler
                0x0000000008100904                LPTIM4_IRQHandler
                0x0000000008100904                TIM8_TRG_COM_TIM14_IRQHandler
                0x0000000008100904                LPTIM2_IRQHandler
                0x0000000008100904                DFSDM1_FLT1_IRQHandler
                0x0000000008100904                DMAMUX2_OVR_IRQHandler
                0x0000000008100904                I2C3_ER_IRQHandler
                0x0000000008100904                DFSDM1_FLT2_IRQHandler
                0x0000000008100904                MDMA_IRQHandler
                0x0000000008100904                LPTIM3_IRQHandler
                0x0000000008100904                HSEM1_IRQHandler
                0x0000000008100904                EXTI0_IRQHandler
                0x0000000008100904                I2C2_EV_IRQHandler
                0x0000000008100904                DMA1_Stream2_IRQHandler
                0x0000000008100904                FPU_IRQHandler
                0x0000000008100904                OTG_HS_WKUP_IRQHandler
                0x0000000008100904                FDCAN1_IT1_IRQHandler
                0x0000000008100904                LTDC_ER_IRQHandler
                0x0000000008100904                DMA2_Stream2_IRQHandler
                0x0000000008100904                HRTIM1_TIME_IRQHandler
                0x0000000008100904                SPI1_IRQHandler
                0x0000000008100904                TIM6_DAC_IRQHandler
                0x0000000008100904                DCMI_IRQHandler
                0x0000000008100904                HRTIM1_TIMC_IRQHandler
                0x0000000008100904                DMA2_Stream3_IRQHandler
                0x0000000008100904                SAI2_IRQHandler
                0x0000000008100904                DFSDM1_FLT3_IRQHandler
                0x0000000008100904                USART6_IRQHandler
                0x0000000008100904                TIM17_IRQHandler
                0x0000000008100904                USART3_IRQHandler
                0x0000000008100904                BDMA_Channel7_IRQHandler
                0x0000000008100904                LPTIM5_IRQHandler
                0x0000000008100904                UART5_IRQHandler
                0x0000000008100904                ADC3_IRQHandler
                0x0000000008100904                DMA2_Stream0_IRQHandler
                0x0000000008100904                TIM4_IRQHandler
                0x0000000008100904                BDMA_Channel2_IRQHandler
                0x0000000008100904                QUADSPI_IRQHandler
                0x0000000008100904                I2C1_EV_IRQHandler
                0x0000000008100904                DMA1_Stream6_IRQHandler
                0x0000000008100904                DMAMUX1_OVR_IRQHandler
                0x0000000008100904                DMA1_Stream1_IRQHandler
                0x0000000008100904                TIM16_IRQHandler
                0x0000000008100904                UART4_IRQHandler
                0x0000000008100904                BDMA_Channel5_IRQHandler
                0x0000000008100904                TIM3_IRQHandler
                0x0000000008100904                RCC_IRQHandler
                0x0000000008100904                TIM8_BRK_TIM12_IRQHandler
                0x0000000008100904                TIM1_TRG_COM_IRQHandler
                0x0000000008100904                Default_Handler
                0x0000000008100904                ECC_IRQHandler
                0x0000000008100904                CEC_IRQHandler
                0x0000000008100904                EXTI15_10_IRQHandler
                0x0000000008100904                BDMA_Channel0_IRQHandler
                0x0000000008100904                ADC_IRQHandler
                0x0000000008100904                DMA1_Stream7_IRQHandler
                0x0000000008100904                HRTIM1_TIMA_IRQHandler
                0x0000000008100904                SPI5_IRQHandler
                0x0000000008100904                TIM7_IRQHandler
                0x0000000008100904                SDMMC1_IRQHandler
                0x0000000008100904                TIM5_IRQHandler
                0x0000000008100904                DMA2_Stream7_IRQHandler
                0x0000000008100904                TIM15_IRQHandler
                0x0000000008100904                PVD_AVD_IRQHandler
                0x0000000008100904                I2C3_EV_IRQHandler
                0x0000000008100904                EXTI9_5_IRQHandler
                0x0000000008100904                RTC_WKUP_IRQHandler
                0x0000000008100904                LTDC_IRQHandler
                0x0000000008100904                SAI3_IRQHandler
                0x0000000008100904                ETH_WKUP_IRQHandler
                0x0000000008100904                SPDIF_RX_IRQHandler
                0x0000000008100904                SPI2_IRQHandler
                0x0000000008100904                OTG_HS_EP1_IN_IRQHandler
                0x0000000008100904                DMA1_Stream0_IRQHandler
                0x0000000008100904                CRS_IRQHandler
                0x0000000008100904                CM7_SEV_IRQHandler
                0x0000000008100904                EXTI4_IRQHandler
                0x0000000008100904                RNG_IRQHandler
                0x0000000008100904                CM4_SEV_IRQHandler
                0x0000000008100904                HRTIM1_TIMB_IRQHandler
                0x0000000008100904                FDCAN2_IT1_IRQHandler
                0x0000000008100904                ETH_IRQHandler
                0x0000000008100904                TIM1_UP_IRQHandler
                0x0000000008100904                WWDG_RST_IRQHandler
                0x0000000008100904                BDMA_Channel4_IRQHandler
                0x0000000008100904                OTG_HS_EP1_OUT_IRQHandler
                0x0000000008100904                WWDG_IRQHandler
                0x0000000008100904                SPI6_IRQHandler
                0x0000000008100904                MDIOS_IRQHandler
                0x0000000008100904                I2C4_EV_IRQHandler
                0x0000000008100904                FDCAN2_IT0_IRQHandler
                0x0000000008100904                LPUART1_IRQHandler
                0x0000000008100904                FDCAN1_IT0_IRQHandler
                0x0000000008100904                TIM2_IRQHandler
                0x0000000008100904                OTG_FS_WKUP_IRQHandler
                0x0000000008100904                OTG_HS_IRQHandler
                0x0000000008100904                HSEM2_IRQHandler
                0x0000000008100904                DMA2D_IRQHandler
                0x0000000008100904                TIM1_BRK_IRQHandler
                0x0000000008100904                EXTI1_IRQHandler
                0x0000000008100904                SDMMC2_IRQHandler
                0x0000000008100904                OTG_FS_EP1_OUT_IRQHandler
                0x0000000008100904                BDMA_Channel3_IRQHandler
                0x0000000008100904                HOLD_CORE_IRQHandler
                0x0000000008100904                UART7_IRQHandler
                0x0000000008100904                MDIOS_WKUP_IRQHandler
                0x0000000008100904                USART2_IRQHandler
                0x0000000008100904                DFSDM1_FLT0_IRQHandler
                0x0000000008100904                SAI4_IRQHandler
                0x0000000008100904                I2C2_ER_IRQHandler
                0x0000000008100904                DMA2_Stream1_IRQHandler
                0x0000000008100904                FLASH_IRQHandler
                0x0000000008100904                DMA2_Stream4_IRQHandler
                0x0000000008100904                USART1_IRQHandler
                0x0000000008100904                OTG_FS_IRQHandler
                0x0000000008100904                SPI3_IRQHandler
                0x0000000008100904                WAKEUP_PIN_IRQHandler
                0x0000000008100904                DMA1_Stream4_IRQHandler
                0x0000000008100904                OTG_FS_EP1_IN_IRQHandler
                0x0000000008100904                I2C1_ER_IRQHandler
                0x0000000008100904                FMC_IRQHandler
                0x0000000008100904                FDCAN_CAL_IRQHandler
                0x0000000008100904                SWPMI1_IRQHandler
                0x0000000008100904                COMP1_IRQHandler
                0x0000000008100904                LPTIM1_IRQHandler
                0x0000000008100904                I2C4_ER_IRQHandler
                0x0000000008100904                DMA2_Stream6_IRQHandler
                0x0000000008100904                SAI1_IRQHandler
                0x0000000008100904                RTC_Alarm_IRQHandler
 *fill*         0x0000000008100906        0x2 
 .text.HAL_Init
                0x0000000008100908       0xbc Drivers/STM32H7xx_HAL_Driver/stm32h7xx_hal.o
                0x0000000008100908                HAL_Init
 .text.HAL_GetTick
                0x00000000081009c4       0x18 Drivers/STM32H7xx_HAL_Driver/stm32h7xx_hal.o
                0x00000000081009c4                HAL_GetTick
 .text.__NVIC_SetPriorityGrouping
                0x00000000081009dc       0x48 Drivers/STM32H7xx_HAL_Driver/stm32h7xx_hal_cortex.o
 .text.__NVIC_GetPriorityGrouping
                0x0000000008100a24       0x1c Drivers/STM32H7xx_HAL_Driver/stm32h7xx_hal_cortex.o
 .text.__NVIC_EnableIRQ
                0x0000000008100a40       0x3c Drivers/STM32H7xx_HAL_Driver/stm32h7xx_hal_cortex.o
 .text.__NVIC_SetPriority
                0x0000000008100a7c       0x54 Drivers/STM32H7xx_HAL_Driver/stm32h7xx_hal_cortex.o
 .text.NVIC_EncodePriority
                0x0000000008100ad0       0x66 Drivers/STM32H7xx_HAL_Driver/stm32h7xx_hal_cortex.o
 .text.HAL_NVIC_SetPriorityGrouping
                0x0000000008100b36       0x16 Drivers/STM32H7xx_HAL_Driver/stm32h7xx_hal_cortex.o
                0x0000000008100b36                HAL_NVIC_SetPriorityGrouping
 .text.HAL_NVIC_SetPriority
                0x0000000008100b4c       0x34 Drivers/STM32H7xx_HAL_Driver/stm32h7xx_hal_cortex.o
                0x0000000008100b4c                HAL_NVIC_SetPriority
 .text.HAL_NVIC_EnableIRQ
                0x0000000008100b80       0x1c Drivers/STM32H7xx_HAL_Driver/stm32h7xx_hal_cortex.o
                0x0000000008100b80                HAL_NVIC_EnableIRQ
 .text.HAL_GetCurrentCPUID
                0x0000000008100b9c       0x28 Drivers/STM32H7xx_HAL_Driver/stm32h7xx_hal_cortex.o
                0x0000000008100b9c                HAL_GetCurrentCPUID
 .text.HAL_FDCAN_Init
                0x0000000008100bc4      0x3c4 Drivers/STM32H7xx_HAL_Driver/stm32h7xx_hal_fdcan.o
                0x0000000008100bc4                HAL_FDCAN_Init
 .text.FDCAN_CalcultateRamBlockAddresses
                0x0000000008100f88      0x320 Drivers/STM32H7xx_HAL_Driver/stm32h7xx_hal_fdcan.o
 .text.HAL_GPIO_Init
                0x00000000081012a8      0x360 Drivers/STM32H7xx_HAL_Driver/stm32h7xx_hal_gpio.o
                0x00000000081012a8                HAL_GPIO_Init
 .text.HAL_HSEM_ActivateNotification
                0x0000000008101608       0x24 Drivers/STM32H7xx_HAL_Driver/stm32h7xx_hal_hsem.o
                0x0000000008101608                HAL_HSEM_ActivateNotification
 .text.HAL_IWDG_Init
                0x000000000810162c       0x8c Drivers/STM32H7xx_HAL_Driver/stm32h7xx_hal_iwdg.o
                0x000000000810162c                HAL_IWDG_Init
 .text.HAL_PWREx_EnterSTOPMode
                0x00000000081016b8       0xec Drivers/STM32H7xx_HAL_Driver/stm32h7xx_hal_pwr_ex.o
                0x00000000081016b8                HAL_PWREx_EnterSTOPMode
 .text.HAL_PWREx_ClearPendingEvent
                0x00000000081017a4       0x1a Drivers/STM32H7xx_HAL_Driver/stm32h7xx_hal_pwr_ex.o
                0x00000000081017a4                HAL_PWREx_ClearPendingEvent
 *fill*         0x00000000081017be        0x2 
 .text.HAL_RCC_GetSysClockFreq
                0x00000000081017c0      0x2e4 Drivers/STM32H7xx_HAL_Driver/stm32h7xx_hal_rcc.o
                0x00000000081017c0                HAL_RCC_GetSysClockFreq
 .text.HAL_RCC_GetHCLKFreq
                0x0000000008101aa4       0x64 Drivers/STM32H7xx_HAL_Driver/stm32h7xx_hal_rcc.o
                0x0000000008101aa4                HAL_RCC_GetHCLKFreq
 .text.HAL_RCC_GetPCLK2Freq
                0x0000000008101b08       0x2c Drivers/STM32H7xx_HAL_Driver/stm32h7xx_hal_rcc.o
                0x0000000008101b08                HAL_RCC_GetPCLK2Freq
 .text.HAL_RCC_GetClockConfig
                0x0000000008101b34       0x84 Drivers/STM32H7xx_HAL_Driver/stm32h7xx_hal_rcc.o
                0x0000000008101b34                HAL_RCC_GetClockConfig
 .text.HAL_SPI_Init
                0x0000000008101bb8      0x1f0 Drivers/STM32H7xx_HAL_Driver/stm32h7xx_hal_spi.o
                0x0000000008101bb8                HAL_SPI_Init
 .text.SPI_GetPacketSize
                0x0000000008101da8       0x36 Drivers/STM32H7xx_HAL_Driver/stm32h7xx_hal_spi.o
 .text.HAL_TIM_Base_Init
                0x0000000008101dde       0xae Drivers/STM32H7xx_HAL_Driver/stm32h7xx_hal_tim.o
                0x0000000008101dde                HAL_TIM_Base_Init
 .text.HAL_TIM_Base_MspInit
                0x0000000008101e8c       0x14 Drivers/STM32H7xx_HAL_Driver/stm32h7xx_hal_tim.o
                0x0000000008101e8c                HAL_TIM_Base_MspInit
 .text.HAL_TIM_Base_Start_IT
                0x0000000008101ea0       0x6c Drivers/STM32H7xx_HAL_Driver/stm32h7xx_hal_tim.o
                0x0000000008101ea0                HAL_TIM_Base_Start_IT
 .text.TIM_Base_SetConfig
                0x0000000008101f0c      0x134 Drivers/STM32H7xx_HAL_Driver/stm32h7xx_hal_tim.o
                0x0000000008101f0c                TIM_Base_SetConfig
 .text.MX_FATFS_Init
                0x0000000008102040       0x24 FATFS/App/fatfs.o
                0x0000000008102040                MX_FATFS_Init
 .text.USER_initialize
                0x0000000008102064       0x28 FATFS/Target/user_diskio.o
                0x0000000008102064                USER_initialize
 .text.USER_status
                0x000000000810208c       0x28 FATFS/Target/user_diskio.o
                0x000000000810208c                USER_status
 .text.USER_read
                0x00000000081020b4       0x1e FATFS/Target/user_diskio.o
                0x00000000081020b4                USER_read
 .text.USER_write
                0x00000000081020d2       0x1e FATFS/Target/user_diskio.o
                0x00000000081020d2                USER_write
 .text.USER_ioctl
                0x00000000081020f0       0x22 FATFS/Target/user_diskio.o
                0x00000000081020f0                USER_ioctl
 *fill*         0x0000000008102112        0x2 
 .text.FATFS_LinkDriverEx
                0x0000000008102114       0x98 Middlewares/Third_Party/FatFs/ff_gen_drv.o
                0x0000000008102114                FATFS_LinkDriverEx
 .text.FATFS_LinkDriver
                0x00000000081021ac       0x1e Middlewares/Third_Party/FatFs/ff_gen_drv.o
                0x00000000081021ac                FATFS_LinkDriver
 .text.SVC_Setup
                0x00000000081021ca        0xe Middlewares/Third_Party/FreeRTOS/cmsis_os2.o
 .text.osKernelInitialize
                0x00000000081021d8       0x68 Middlewares/Third_Party/FreeRTOS/cmsis_os2.o
                0x00000000081021d8                osKernelInitialize
 .text.osKernelStart
                0x0000000008102240       0x6c Middlewares/Third_Party/FreeRTOS/cmsis_os2.o
                0x0000000008102240                osKernelStart
 .text.osThreadNew
                0x00000000081022ac      0x14c Middlewares/Third_Party/FreeRTOS/cmsis_os2.o
                0x00000000081022ac                osThreadNew
 .text.osDelay  0x00000000081023f8       0x5c Middlewares/Third_Party/FreeRTOS/cmsis_os2.o
                0x00000000081023f8                osDelay
 .text.vApplicationGetIdleTaskMemory
                0x0000000008102454       0x34 Middlewares/Third_Party/FreeRTOS/cmsis_os2.o
                0x0000000008102454                vApplicationGetIdleTaskMemory
 .text.vApplicationGetTimerTaskMemory
                0x0000000008102488       0x34 Middlewares/Third_Party/FreeRTOS/cmsis_os2.o
                0x0000000008102488                vApplicationGetTimerTaskMemory
 .text.pvPortMalloc
                0x00000000081024bc      0x184 Middlewares/Third_Party/FreeRTOS/heap_4.o
                0x00000000081024bc                pvPortMalloc
 .text.vPortFree
                0x0000000008102640       0xb0 Middlewares/Third_Party/FreeRTOS/heap_4.o
                0x0000000008102640                vPortFree
 .text.prvHeapInit
                0x00000000081026f0       0xc4 Middlewares/Third_Party/FreeRTOS/heap_4.o
 .text.prvInsertBlockIntoFreeList
                0x00000000081027b4       0xb4 Middlewares/Third_Party/FreeRTOS/heap_4.o
 .text.vListInitialise
                0x0000000008102868       0x40 Middlewares/Third_Party/FreeRTOS/list.o
                0x0000000008102868                vListInitialise
 .text.vListInitialiseItem
                0x00000000081028a8       0x1a Middlewares/Third_Party/FreeRTOS/list.o
                0x00000000081028a8                vListInitialiseItem
 .text.vListInsertEnd
                0x00000000081028c2       0x48 Middlewares/Third_Party/FreeRTOS/list.o
                0x00000000081028c2                vListInsertEnd
 .text.vListInsert
                0x000000000810290a       0x72 Middlewares/Third_Party/FreeRTOS/list.o
                0x000000000810290a                vListInsert
 .text.uxListRemove
                0x000000000810297c       0x54 Middlewares/Third_Party/FreeRTOS/list.o
                0x000000000810297c                uxListRemove
 .text.pxPortInitialiseStack
                0x00000000081029d0       0x68 Middlewares/Third_Party/FreeRTOS/port.o
                0x00000000081029d0                pxPortInitialiseStack
 .text.prvTaskExitError
                0x0000000008102a38       0x54 Middlewares/Third_Party/FreeRTOS/port.o
 *fill*         0x0000000008102a8c        0x4 
 .text.SVC_Handler
                0x0000000008102a90       0x28 Middlewares/Third_Party/FreeRTOS/port.o
                0x0000000008102a90                SVC_Handler
 .text.prvPortStartFirstTask
                0x0000000008102ab8       0x28 Middlewares/Third_Party/FreeRTOS/port.o
 .text.xPortStartScheduler
                0x0000000008102ae0      0x13c Middlewares/Third_Party/FreeRTOS/port.o
                0x0000000008102ae0                xPortStartScheduler
 .text.vPortEnterCritical
                0x0000000008102c1c       0x5c Middlewares/Third_Party/FreeRTOS/port.o
                0x0000000008102c1c                vPortEnterCritical
 .text.vPortExitCritical
                0x0000000008102c78       0x50 Middlewares/Third_Party/FreeRTOS/port.o
                0x0000000008102c78                vPortExitCritical
 *fill*         0x0000000008102cc8        0x8 
 .text.PendSV_Handler
                0x0000000008102cd0       0x68 Middlewares/Third_Party/FreeRTOS/port.o
                0x0000000008102cd0                PendSV_Handler
 .text.SysTick_Handler
                0x0000000008102d38       0x40 Middlewares/Third_Party/FreeRTOS/port.o
                0x0000000008102d38                SysTick_Handler
 .text.vPortSetupTimerInterrupt
                0x0000000008102d78       0x48 Middlewares/Third_Party/FreeRTOS/port.o
                0x0000000008102d78                vPortSetupTimerInterrupt
 .text.vPortEnableVFP
                0x0000000008102dc0       0x14 Middlewares/Third_Party/FreeRTOS/port.o
 .text.vPortValidateInterruptPriority
                0x0000000008102dd4       0x7c Middlewares/Third_Party/FreeRTOS/port.o
                0x0000000008102dd4                vPortValidateInterruptPriority
 .text.xQueueGenericReset
                0x0000000008102e50       0xd0 Middlewares/Third_Party/FreeRTOS/queue.o
                0x0000000008102e50                xQueueGenericReset
 .text.xQueueGenericCreateStatic
                0x0000000008102f20       0xe6 Middlewares/Third_Party/FreeRTOS/queue.o
                0x0000000008102f20                xQueueGenericCreateStatic
 .text.prvInitialiseNewQueue
                0x0000000008103006       0x46 Middlewares/Third_Party/FreeRTOS/queue.o
 .text.xQueueGenericSend
                0x000000000810304c      0x1f4 Middlewares/Third_Party/FreeRTOS/queue.o
                0x000000000810304c                xQueueGenericSend
 .text.xQueueGenericSendFromISR
                0x0000000008103240      0x128 Middlewares/Third_Party/FreeRTOS/queue.o
                0x0000000008103240                xQueueGenericSendFromISR
 .text.xQueueReceive
                0x0000000008103368      0x1b8 Middlewares/Third_Party/FreeRTOS/queue.o
                0x0000000008103368                xQueueReceive
 .text.prvCopyDataToQueue
                0x0000000008103520       0xd4 Middlewares/Third_Party/FreeRTOS/queue.o
 .text.prvCopyDataFromQueue
                0x00000000081035f4       0x4c Middlewares/Third_Party/FreeRTOS/queue.o
 .text.prvUnlockQueue
                0x0000000008103640       0xa4 Middlewares/Third_Party/FreeRTOS/queue.o
 .text.prvIsQueueEmpty
                0x00000000081036e4       0x2c Middlewares/Third_Party/FreeRTOS/queue.o
 .text.prvIsQueueFull
                0x0000000008103710       0x30 Middlewares/Third_Party/FreeRTOS/queue.o
 .text.vQueueAddToRegistry
                0x0000000008103740       0x50 Middlewares/Third_Party/FreeRTOS/queue.o
                0x0000000008103740                vQueueAddToRegistry
 .text.vQueueWaitForMessageRestricted
                0x0000000008103790       0x68 Middlewares/Third_Party/FreeRTOS/queue.o
                0x0000000008103790                vQueueWaitForMessageRestricted
 .text.xTaskCreateStatic
                0x00000000081037f8       0xb4 Middlewares/Third_Party/FreeRTOS/tasks.o
                0x00000000081037f8                xTaskCreateStatic
 .text.xTaskCreate
                0x00000000081038ac       0x8a Middlewares/Third_Party/FreeRTOS/tasks.o
                0x00000000081038ac                xTaskCreate
 .text.prvInitialiseNewTask
                0x0000000008103936      0x11c Middlewares/Third_Party/FreeRTOS/tasks.o
 *fill*         0x0000000008103a52        0x2 
 .text.prvAddNewTaskToReadyList
                0x0000000008103a54       0xe0 Middlewares/Third_Party/FreeRTOS/tasks.o
 .text.vTaskDelay
                0x0000000008103b34       0x68 Middlewares/Third_Party/FreeRTOS/tasks.o
                0x0000000008103b34                vTaskDelay
 .text.vTaskStartScheduler
                0x0000000008103b9c       0xc8 Middlewares/Third_Party/FreeRTOS/tasks.o
                0x0000000008103b9c                vTaskStartScheduler
 .text.vTaskSuspendAll
                0x0000000008103c64       0x1c Middlewares/Third_Party/FreeRTOS/tasks.o
                0x0000000008103c64                vTaskSuspendAll
 .text.xTaskResumeAll
                0x0000000008103c80      0x138 Middlewares/Third_Party/FreeRTOS/tasks.o
                0x0000000008103c80                xTaskResumeAll
 .text.xTaskGetTickCount
                0x0000000008103db8       0x20 Middlewares/Third_Party/FreeRTOS/tasks.o
                0x0000000008103db8                xTaskGetTickCount
 .text.xTaskIncrementTick
                0x0000000008103dd8      0x170 Middlewares/Third_Party/FreeRTOS/tasks.o
                0x0000000008103dd8                xTaskIncrementTick
 .text.vTaskSwitchContext
                0x0000000008103f48       0xb8 Middlewares/Third_Party/FreeRTOS/tasks.o
                0x0000000008103f48                vTaskSwitchContext
 .text.vTaskPlaceOnEventList
                0x0000000008104000       0x48 Middlewares/Third_Party/FreeRTOS/tasks.o
                0x0000000008104000                vTaskPlaceOnEventList
 .text.vTaskPlaceOnEventListRestricted
                0x0000000008104048       0x54 Middlewares/Third_Party/FreeRTOS/tasks.o
                0x0000000008104048                vTaskPlaceOnEventListRestricted
 .text.xTaskRemoveFromEventList
                0x000000000810409c       0xc4 Middlewares/Third_Party/FreeRTOS/tasks.o
                0x000000000810409c                xTaskRemoveFromEventList
 .text.vTaskInternalSetTimeOutState
                0x0000000008104160       0x2c Middlewares/Third_Party/FreeRTOS/tasks.o
                0x0000000008104160                vTaskInternalSetTimeOutState
 .text.xTaskCheckForTimeOut
                0x000000000810418c       0xc0 Middlewares/Third_Party/FreeRTOS/tasks.o
                0x000000000810418c                xTaskCheckForTimeOut
 .text.vTaskMissedYield
                0x000000000810424c       0x18 Middlewares/Third_Party/FreeRTOS/tasks.o
                0x000000000810424c                vTaskMissedYield
 .text.prvIdleTask
                0x0000000008104264       0x30 Middlewares/Third_Party/FreeRTOS/tasks.o
 .text.prvInitialiseTaskLists
                0x0000000008104294       0x80 Middlewares/Third_Party/FreeRTOS/tasks.o
 .text.prvCheckTasksWaitingTermination
                0x0000000008104314       0x58 Middlewares/Third_Party/FreeRTOS/tasks.o
 .text.prvDeleteTCB
                0x000000000810436c       0x5c Middlewares/Third_Party/FreeRTOS/tasks.o
 .text.prvResetNextTaskUnblockTime
                0x00000000081043c8       0x40 Middlewares/Third_Party/FreeRTOS/tasks.o
 .text.xTaskGetSchedulerState
                0x0000000008104408       0x3c Middlewares/Third_Party/FreeRTOS/tasks.o
                0x0000000008104408                xTaskGetSchedulerState
 .text.xTaskPriorityDisinherit
                0x0000000008104444       0xd8 Middlewares/Third_Party/FreeRTOS/tasks.o
                0x0000000008104444                xTaskPriorityDisinherit
 .text.prvAddCurrentTaskToDelayedList
                0x000000000810451c       0xa8 Middlewares/Third_Party/FreeRTOS/tasks.o
 .text.xTimerCreateTimerTask
                0x00000000081045c4       0x90 Middlewares/Third_Party/FreeRTOS/timers.o
                0x00000000081045c4                xTimerCreateTimerTask
 .text.xTimerGenericCommand
                0x0000000008104654       0x98 Middlewares/Third_Party/FreeRTOS/timers.o
                0x0000000008104654                xTimerGenericCommand
 .text.prvProcessExpiredTimer
                0x00000000081046ec       0x98 Middlewares/Third_Party/FreeRTOS/timers.o
 .text.prvTimerTask
                0x0000000008104784       0x24 Middlewares/Third_Party/FreeRTOS/timers.o
 .text.prvProcessTimerOrBlockTask
                0x00000000081047a8       0x9c Middlewares/Third_Party/FreeRTOS/timers.o
 .text.prvGetNextExpireTime
                0x0000000008104844       0x48 Middlewares/Third_Party/FreeRTOS/timers.o
 .text.prvSampleTimeNow
                0x000000000810488c       0x40 Middlewares/Third_Party/FreeRTOS/timers.o
 .text.prvInsertTimerInActiveList
                0x00000000081048cc       0x84 Middlewares/Third_Party/FreeRTOS/timers.o
 .text.prvProcessReceivedCommands
                0x0000000008104950      0x1b8 Middlewares/Third_Party/FreeRTOS/timers.o
 .text.prvSwitchTimerLists
                0x0000000008104b08       0xc8 Middlewares/Third_Party/FreeRTOS/timers.o
 .text.prvCheckForValidListAndQueue
                0x0000000008104bd0       0x80 Middlewares/Third_Party/FreeRTOS/timers.o
 .text.__libc_init_array
                0x0000000008104c50       0x48 /Applications/STM32CubeIDE.app/Contents/Eclipse/plugins/com.st.stm32cube.ide.mcu.externaltools.gnu-tools-for-stm32.7-2018-q2-update.macos64_1.4.0.202007081208/tools/bin/../lib/gcc/arm-none-eabi/7.3.1/../../../../arm-none-eabi/lib/thumb/v7e-m/fpv4-sp/hard/libc_nano.a(lib_a-init.o)
                0x0000000008104c50                __libc_init_array
 .text.memcpy   0x0000000008104c98       0x16 /Applications/STM32CubeIDE.app/Contents/Eclipse/plugins/com.st.stm32cube.ide.mcu.externaltools.gnu-tools-for-stm32.7-2018-q2-update.macos64_1.4.0.202007081208/tools/bin/../lib/gcc/arm-none-eabi/7.3.1/../../../../arm-none-eabi/lib/thumb/v7e-m/fpv4-sp/hard/libc_nano.a(lib_a-memcpy-stub.o)
                0x0000000008104c98                memcpy
 .text.memset   0x0000000008104cae       0x10 /Applications/STM32CubeIDE.app/Contents/Eclipse/plugins/com.st.stm32cube.ide.mcu.externaltools.gnu-tools-for-stm32.7-2018-q2-update.macos64_1.4.0.202007081208/tools/bin/../lib/gcc/arm-none-eabi/7.3.1/../../../../arm-none-eabi/lib/thumb/v7e-m/fpv4-sp/hard/libc_nano.a(lib_a-memset.o)
                0x0000000008104cae                memset
 *(.glue_7)
 .glue_7        0x0000000008104cbe        0x0 linker stubs
 *(.glue_7t)
 .glue_7t       0x0000000008104cbe        0x0 linker stubs
 *(.eh_frame)
 *fill*         0x0000000008104cbe        0x2 
 .eh_frame      0x0000000008104cc0        0x0 /Applications/STM32CubeIDE.app/Contents/Eclipse/plugins/com.st.stm32cube.ide.mcu.externaltools.gnu-tools-for-stm32.7-2018-q2-update.macos64_1.4.0.202007081208/tools/bin/../lib/gcc/arm-none-eabi/7.3.1/thumb/v7e-m/fpv4-sp/hard/crtbegin.o
 *(.init)
 .init          0x0000000008104cc0        0x4 /Applications/STM32CubeIDE.app/Contents/Eclipse/plugins/com.st.stm32cube.ide.mcu.externaltools.gnu-tools-for-stm32.7-2018-q2-update.macos64_1.4.0.202007081208/tools/bin/../lib/gcc/arm-none-eabi/7.3.1/thumb/v7e-m/fpv4-sp/hard/crti.o
                0x0000000008104cc0                _init
 .init          0x0000000008104cc4        0x8 /Applications/STM32CubeIDE.app/Contents/Eclipse/plugins/com.st.stm32cube.ide.mcu.externaltools.gnu-tools-for-stm32.7-2018-q2-update.macos64_1.4.0.202007081208/tools/bin/../lib/gcc/arm-none-eabi/7.3.1/thumb/v7e-m/fpv4-sp/hard/crtn.o
 *(.fini)
 .fini          0x0000000008104ccc        0x4 /Applications/STM32CubeIDE.app/Contents/Eclipse/plugins/com.st.stm32cube.ide.mcu.externaltools.gnu-tools-for-stm32.7-2018-q2-update.macos64_1.4.0.202007081208/tools/bin/../lib/gcc/arm-none-eabi/7.3.1/thumb/v7e-m/fpv4-sp/hard/crti.o
                0x0000000008104ccc                _fini
 .fini          0x0000000008104cd0        0x8 /Applications/STM32CubeIDE.app/Contents/Eclipse/plugins/com.st.stm32cube.ide.mcu.externaltools.gnu-tools-for-stm32.7-2018-q2-update.macos64_1.4.0.202007081208/tools/bin/../lib/gcc/arm-none-eabi/7.3.1/thumb/v7e-m/fpv4-sp/hard/crtn.o
                0x0000000008104cd8                . = ALIGN (0x4)
                0x0000000008104cd8                _etext = .

.vfp11_veneer   0x0000000008104cd8        0x0
 .vfp11_veneer  0x0000000008104cd8        0x0 linker stubs

.v4_bx          0x0000000008104cd8        0x0
 .v4_bx         0x0000000008104cd8        0x0 linker stubs

.iplt           0x0000000008104cd8        0x0
 .iplt          0x0000000008104cd8        0x0 /Applications/STM32CubeIDE.app/Contents/Eclipse/plugins/com.st.stm32cube.ide.mcu.externaltools.gnu-tools-for-stm32.7-2018-q2-update.macos64_1.4.0.202007081208/tools/bin/../lib/gcc/arm-none-eabi/7.3.1/thumb/v7e-m/fpv4-sp/hard/crtbegin.o

.rodata         0x0000000008104cd8       0xa4
                0x0000000008104cd8                . = ALIGN (0x4)
 *(.rodata)
 .rodata        0x0000000008104cd8        0xc Core/Src/freertos.o
 .rodata        0x0000000008104ce4       0x4c Drivers/STM32H7xx_HAL_Driver/stm32h7xx_hal_fdcan.o
 .rodata        0x0000000008104d30        0x5 Middlewares/Third_Party/FreeRTOS/tasks.o
 *fill*         0x0000000008104d35        0x3 
 .rodata        0x0000000008104d38        0xd Middlewares/Third_Party/FreeRTOS/timers.o
 *(.rodata*)
 *fill*         0x0000000008104d45        0x3 
 .rodata.D1CorePrescTable
                0x0000000008104d48       0x10 Common/Src/system_stm32h7xx_dualcore_boot_cm4_cm7.o
                0x0000000008104d48                D1CorePrescTable
 .rodata.defaultTask_attributes
                0x0000000008104d58       0x24 Core/Src/freertos.o
                0x0000000008104d58                defaultTask_attributes
                0x0000000008104d7c                . = ALIGN (0x4)

.rel.dyn        0x0000000008104d7c        0x0
 .rel.iplt      0x0000000008104d7c        0x0 /Applications/STM32CubeIDE.app/Contents/Eclipse/plugins/com.st.stm32cube.ide.mcu.externaltools.gnu-tools-for-stm32.7-2018-q2-update.macos64_1.4.0.202007081208/tools/bin/../lib/gcc/arm-none-eabi/7.3.1/thumb/v7e-m/fpv4-sp/hard/crtbegin.o

.ARM.extab
 *(.ARM.extab* .gnu.linkonce.armextab.*)

.ARM            0x0000000008104d7c        0x0
                0x0000000008104d7c                __exidx_start = .
 *(.ARM.exidx*)
                0x0000000008104d7c                __exidx_end = .

.preinit_array  0x0000000008104d7c        0x0
                0x0000000008104d7c                PROVIDE (__preinit_array_start = .)
 *(.preinit_array*)
                0x0000000008104d7c                PROVIDE (__preinit_array_end = .)

.init_array     0x0000000008104d7c        0x4
                0x0000000008104d7c                PROVIDE (__init_array_start = .)
 *(SORT_BY_NAME(.init_array.*))
 *(.init_array*)
 .init_array    0x0000000008104d7c        0x4 /Applications/STM32CubeIDE.app/Contents/Eclipse/plugins/com.st.stm32cube.ide.mcu.externaltools.gnu-tools-for-stm32.7-2018-q2-update.macos64_1.4.0.202007081208/tools/bin/../lib/gcc/arm-none-eabi/7.3.1/thumb/v7e-m/fpv4-sp/hard/crtbegin.o
                0x0000000008104d80                PROVIDE (__init_array_end = .)

.fini_array     0x0000000008104d80        0x4
                [!provide]                        PROVIDE (__fini_array_start = .)
 *(SORT_BY_NAME(.fini_array.*))
 *(.fini_array*)
 .fini_array    0x0000000008104d80        0x4 /Applications/STM32CubeIDE.app/Contents/Eclipse/plugins/com.st.stm32cube.ide.mcu.externaltools.gnu-tools-for-stm32.7-2018-q2-update.macos64_1.4.0.202007081208/tools/bin/../lib/gcc/arm-none-eabi/7.3.1/thumb/v7e-m/fpv4-sp/hard/crtbegin.o
                [!provide]                        PROVIDE (__fini_array_end = .)
                0x0000000008104d84                _sidata = LOADADDR (.data)

.data           0x0000000010000000       0x24 load address 0x0000000008104d84
                0x0000000010000000                . = ALIGN (0x4)
                0x0000000010000000                _sdata = .
 *(.data)
 *(.data*)
 .data.SystemCoreClock
                0x0000000010000000        0x4 Common/Src/system_stm32h7xx_dualcore_boot_cm4_cm7.o
                0x0000000010000000                SystemCoreClock
 .data.SystemD2Clock
                0x0000000010000004        0x4 Common/Src/system_stm32h7xx_dualcore_boot_cm4_cm7.o
                0x0000000010000004                SystemD2Clock
 .data.Stat     0x0000000010000008        0x1 FATFS/Target/user_diskio.o
 *fill*         0x0000000010000009        0x3 
 .data.USER_Driver
                0x000000001000000c       0x14 FATFS/Target/user_diskio.o
                0x000000001000000c                USER_Driver
 .data.uxCriticalNesting
                0x0000000010000020        0x4 Middlewares/Third_Party/FreeRTOS/port.o
                0x0000000010000024                . = ALIGN (0x4)
                0x0000000010000024                _edata = .

.igot.plt       0x0000000010000024        0x0 load address 0x0000000008104da8
 .igot.plt      0x0000000010000024        0x0 /Applications/STM32CubeIDE.app/Contents/Eclipse/plugins/com.st.stm32cube.ide.mcu.externaltools.gnu-tools-for-stm32.7-2018-q2-update.macos64_1.4.0.202007081208/tools/bin/../lib/gcc/arm-none-eabi/7.3.1/thumb/v7e-m/fpv4-sp/hard/crtbegin.o
                0x0000000010000024                . = ALIGN (0x4)

.bss            0x0000000010000024     0x4f68 load address 0x0000000008104da8
                0x0000000010000024                _sbss = .
                0x0000000010000024                __bss_start__ = _sbss
 *(.bss)
 .bss           0x0000000010000024       0x1c /Applications/STM32CubeIDE.app/Contents/Eclipse/plugins/com.st.stm32cube.ide.mcu.externaltools.gnu-tools-for-stm32.7-2018-q2-update.macos64_1.4.0.202007081208/tools/bin/../lib/gcc/arm-none-eabi/7.3.1/thumb/v7e-m/fpv4-sp/hard/crtbegin.o
 *(.bss*)
 .bss.disk      0x0000000010000040        0xc Middlewares/Third_Party/FatFs/ff_gen_drv.o
                0x0000000010000040                disk
 .bss.KernelState
                0x000000001000004c        0x4 Middlewares/Third_Party/FreeRTOS/cmsis_os2.o
 .bss.Idle_TCB  0x0000000010000050       0x5c Middlewares/Third_Party/FreeRTOS/cmsis_os2.o
 .bss.Idle_Stack
                0x00000000100000ac      0x200 Middlewares/Third_Party/FreeRTOS/cmsis_os2.o
 .bss.Timer_TCB
                0x00000000100002ac       0x5c Middlewares/Third_Party/FreeRTOS/cmsis_os2.o
 .bss.Timer_Stack
                0x0000000010000308      0x400 Middlewares/Third_Party/FreeRTOS/cmsis_os2.o
 .bss.ucHeap    0x0000000010000708     0x3c00 Middlewares/Third_Party/FreeRTOS/heap_4.o
 .bss.xStart    0x0000000010004308        0x8 Middlewares/Third_Party/FreeRTOS/heap_4.o
 .bss.pxEnd     0x0000000010004310        0x4 Middlewares/Third_Party/FreeRTOS/heap_4.o
 .bss.xFreeBytesRemaining
                0x0000000010004314        0x4 Middlewares/Third_Party/FreeRTOS/heap_4.o
 .bss.xMinimumEverFreeBytesRemaining
                0x0000000010004318        0x4 Middlewares/Third_Party/FreeRTOS/heap_4.o
 .bss.xBlockAllocatedBit
                0x000000001000431c        0x4 Middlewares/Third_Party/FreeRTOS/heap_4.o
 .bss.ucMaxSysCallPriority
                0x0000000010004320        0x1 Middlewares/Third_Party/FreeRTOS/port.o
 *fill*         0x0000000010004321        0x3 
 .bss.ulMaxPRIGROUPValue
                0x0000000010004324        0x4 Middlewares/Third_Party/FreeRTOS/port.o
 .bss.pxCurrentTCB
                0x0000000010004328        0x4 Middlewares/Third_Party/FreeRTOS/tasks.o
                0x0000000010004328                pxCurrentTCB
 .bss.pxReadyTasksLists
                0x000000001000432c      0x460 Middlewares/Third_Party/FreeRTOS/tasks.o
 .bss.xDelayedTaskList1
                0x000000001000478c       0x14 Middlewares/Third_Party/FreeRTOS/tasks.o
 .bss.xDelayedTaskList2
                0x00000000100047a0       0x14 Middlewares/Third_Party/FreeRTOS/tasks.o
 .bss.pxDelayedTaskList
                0x00000000100047b4        0x4 Middlewares/Third_Party/FreeRTOS/tasks.o
 .bss.pxOverflowDelayedTaskList
                0x00000000100047b8        0x4 Middlewares/Third_Party/FreeRTOS/tasks.o
 .bss.xPendingReadyList
                0x00000000100047bc       0x14 Middlewares/Third_Party/FreeRTOS/tasks.o
 .bss.xTasksWaitingTermination
                0x00000000100047d0       0x14 Middlewares/Third_Party/FreeRTOS/tasks.o
 .bss.uxDeletedTasksWaitingCleanUp
                0x00000000100047e4        0x4 Middlewares/Third_Party/FreeRTOS/tasks.o
 .bss.xSuspendedTaskList
                0x00000000100047e8       0x14 Middlewares/Third_Party/FreeRTOS/tasks.o
 .bss.uxCurrentNumberOfTasks
                0x00000000100047fc        0x4 Middlewares/Third_Party/FreeRTOS/tasks.o
 .bss.xTickCount
                0x0000000010004800        0x4 Middlewares/Third_Party/FreeRTOS/tasks.o
 .bss.uxTopReadyPriority
                0x0000000010004804        0x4 Middlewares/Third_Party/FreeRTOS/tasks.o
 .bss.xSchedulerRunning
                0x0000000010004808        0x4 Middlewares/Third_Party/FreeRTOS/tasks.o
 .bss.uxPendedTicks
                0x000000001000480c        0x4 Middlewares/Third_Party/FreeRTOS/tasks.o
 .bss.xYieldPending
                0x0000000010004810        0x4 Middlewares/Third_Party/FreeRTOS/tasks.o
 .bss.xNumOfOverflows
                0x0000000010004814        0x4 Middlewares/Third_Party/FreeRTOS/tasks.o
 .bss.uxTaskNumber
                0x0000000010004818        0x4 Middlewares/Third_Party/FreeRTOS/tasks.o
 .bss.xNextTaskUnblockTime
                0x000000001000481c        0x4 Middlewares/Third_Party/FreeRTOS/tasks.o
 .bss.xIdleTaskHandle
                0x0000000010004820        0x4 Middlewares/Third_Party/FreeRTOS/tasks.o
 .bss.uxSchedulerSuspended
                0x0000000010004824        0x4 Middlewares/Third_Party/FreeRTOS/tasks.o
 .bss.xActiveTimerList1
                0x0000000010004828       0x14 Middlewares/Third_Party/FreeRTOS/timers.o
 .bss.xActiveTimerList2
                0x000000001000483c       0x14 Middlewares/Third_Party/FreeRTOS/timers.o
 .bss.pxCurrentTimerList
                0x0000000010004850        0x4 Middlewares/Third_Party/FreeRTOS/timers.o
 .bss.pxOverflowTimerList
                0x0000000010004854        0x4 Middlewares/Third_Party/FreeRTOS/timers.o
 .bss.xTimerQueue
                0x0000000010004858        0x4 Middlewares/Third_Party/FreeRTOS/timers.o
 .bss.xTimerTaskHandle
                0x000000001000485c        0x4 Middlewares/Third_Party/FreeRTOS/timers.o
 .bss.xLastTime.6741
                0x0000000010004860        0x4 Middlewares/Third_Party/FreeRTOS/timers.o
 .bss.ucStaticTimerQueueStorage.6792
                0x0000000010004864       0xa0 Middlewares/Third_Party/FreeRTOS/timers.o
 .bss.xStaticTimerQueue.6791
                0x0000000010004904       0x50 Middlewares/Third_Party/FreeRTOS/timers.o
 *(COMMON)
 COMMON         0x0000000010004954       0xa0 Core/Src/fdcan.o
                0x0000000010004954                hfdcan1
 COMMON         0x00000000100049f4        0x4 Core/Src/freertos.o
                0x00000000100049f4                defaultTaskHandle
 COMMON         0x00000000100049f8       0x10 Core/Src/iwdg.o
                0x00000000100049f8                hiwdg2
 COMMON         0x0000000010004a08       0x88 Core/Src/spi.o
                0x0000000010004a08                hspi5
 COMMON         0x0000000010004a90       0x4c Core/Src/stm32h7xx_hal_timebase_tim.o
                0x0000000010004a90                htim8
 COMMON         0x0000000010004adc        0x4 Drivers/STM32H7xx_HAL_Driver/stm32h7xx_hal.o
                0x0000000010004adc                uwTick
 COMMON         0x0000000010004ae0      0x46c FATFS/App/fatfs.o
                0x0000000010004ae0                USERPath
                0x0000000010004ae4                retUSER
                0x0000000010004ae8                USERFile
                0x0000000010004d18                USERFatFS
 COMMON         0x0000000010004f4c       0x40 Middlewares/Third_Party/FreeRTOS/queue.o
                0x0000000010004f4c                xQueueRegistry
                0x0000000010004f8c                . = ALIGN (0x4)
                0x0000000010004f8c                _ebss = .
                0x0000000010004f8c                __bss_end__ = _ebss

._user_heap_stack
                0x0000000010004f8c      0x604 load address 0x0000000008104da8
                0x0000000010004f90                . = ALIGN (0x8)
 *fill*         0x0000000010004f8c        0x4 
                [!provide]                        PROVIDE (end = .)
                0x0000000010004f90                PROVIDE (_end = .)
                0x0000000010005190                . = (. + _Min_Heap_Size)
 *fill*         0x0000000010004f90      0x200 
                0x0000000010005590                . = (. + _Min_Stack_Size)
 *fill*         0x0000000010005190      0x400 
                0x0000000010005590                . = ALIGN (0x8)

/DISCARD/
 libc.a(*)
 libm.a(*)
 libgcc.a(*)

.ARM.attributes
                0x0000000000000000       0x30
 *(.ARM.attributes)
 .ARM.attributes
                0x0000000000000000       0x22 /Applications/STM32CubeIDE.app/Contents/Eclipse/plugins/com.st.stm32cube.ide.mcu.externaltools.gnu-tools-for-stm32.7-2018-q2-update.macos64_1.4.0.202007081208/tools/bin/../lib/gcc/arm-none-eabi/7.3.1/thumb/v7e-m/fpv4-sp/hard/crti.o
 .ARM.attributes
                0x0000000000000022       0x34 /Applications/STM32CubeIDE.app/Contents/Eclipse/plugins/com.st.stm32cube.ide.mcu.externaltools.gnu-tools-for-stm32.7-2018-q2-update.macos64_1.4.0.202007081208/tools/bin/../lib/gcc/arm-none-eabi/7.3.1/thumb/v7e-m/fpv4-sp/hard/crtbegin.o
 .ARM.attributes
                0x0000000000000056       0x39 Common/Src/system_stm32h7xx_dualcore_boot_cm4_cm7.o
 .ARM.attributes
                0x000000000000008f       0x39 Core/Src/dma.o
 .ARM.attributes
                0x00000000000000c8       0x39 Core/Src/fdcan.o
 .ARM.attributes
                0x0000000000000101       0x39 Core/Src/freertos.o
 .ARM.attributes
                0x000000000000013a       0x39 Core/Src/gpio.o
 .ARM.attributes
                0x0000000000000173       0x39 Core/Src/iwdg.o
 .ARM.attributes
                0x00000000000001ac       0x39 Core/Src/main.o
 .ARM.attributes
                0x00000000000001e5       0x39 Core/Src/spi.o
 .ARM.attributes
                0x000000000000021e       0x39 Core/Src/stm32h7xx_hal_msp.o
 .ARM.attributes
                0x0000000000000257       0x39 Core/Src/stm32h7xx_hal_timebase_tim.o
 .ARM.attributes
                0x0000000000000290       0x39 Core/Src/stm32h7xx_it.o
 .ARM.attributes
                0x00000000000002c9       0x21 Core/Startup/startup_stm32h745zitx.o
 .ARM.attributes
                0x00000000000002ea       0x39 Drivers/STM32H7xx_HAL_Driver/stm32h7xx_hal.o
 .ARM.attributes
                0x0000000000000323       0x39 Drivers/STM32H7xx_HAL_Driver/stm32h7xx_hal_cortex.o
 .ARM.attributes
                0x000000000000035c       0x39 Drivers/STM32H7xx_HAL_Driver/stm32h7xx_hal_fdcan.o
 .ARM.attributes
                0x0000000000000395       0x39 Drivers/STM32H7xx_HAL_Driver/stm32h7xx_hal_gpio.o
 .ARM.attributes
                0x00000000000003ce       0x39 Drivers/STM32H7xx_HAL_Driver/stm32h7xx_hal_hsem.o
 .ARM.attributes
                0x0000000000000407       0x39 Drivers/STM32H7xx_HAL_Driver/stm32h7xx_hal_iwdg.o
 .ARM.attributes
                0x0000000000000440       0x39 Drivers/STM32H7xx_HAL_Driver/stm32h7xx_hal_pwr_ex.o
 .ARM.attributes
                0x0000000000000479       0x39 Drivers/STM32H7xx_HAL_Driver/stm32h7xx_hal_rcc.o
 .ARM.attributes
                0x00000000000004b2       0x39 Drivers/STM32H7xx_HAL_Driver/stm32h7xx_hal_spi.o
 .ARM.attributes
                0x00000000000004eb       0x39 Drivers/STM32H7xx_HAL_Driver/stm32h7xx_hal_tim.o
 .ARM.attributes
                0x0000000000000524       0x39 FATFS/App/fatfs.o
 .ARM.attributes
                0x000000000000055d       0x39 FATFS/Target/user_diskio.o
 .ARM.attributes
                0x0000000000000596       0x39 Middlewares/Third_Party/FatFs/ff_gen_drv.o
 .ARM.attributes
                0x00000000000005cf       0x39 Middlewares/Third_Party/FreeRTOS/cmsis_os2.o
 .ARM.attributes
                0x0000000000000608       0x39 Middlewares/Third_Party/FreeRTOS/heap_4.o
 .ARM.attributes
                0x0000000000000641       0x39 Middlewares/Third_Party/FreeRTOS/list.o
 .ARM.attributes
                0x000000000000067a       0x39 Middlewares/Third_Party/FreeRTOS/port.o
 .ARM.attributes
                0x00000000000006b3       0x39 Middlewares/Third_Party/FreeRTOS/queue.o
 .ARM.attributes
                0x00000000000006ec       0x39 Middlewares/Third_Party/FreeRTOS/tasks.o
 .ARM.attributes
                0x0000000000000725       0x39 Middlewares/Third_Party/FreeRTOS/timers.o
 .ARM.attributes
                0x000000000000075e       0x34 /Applications/STM32CubeIDE.app/Contents/Eclipse/plugins/com.st.stm32cube.ide.mcu.externaltools.gnu-tools-for-stm32.7-2018-q2-update.macos64_1.4.0.202007081208/tools/bin/../lib/gcc/arm-none-eabi/7.3.1/../../../../arm-none-eabi/lib/thumb/v7e-m/fpv4-sp/hard/libc_nano.a(lib_a-init.o)
 .ARM.attributes
                0x0000000000000792       0x34 /Applications/STM32CubeIDE.app/Contents/Eclipse/plugins/com.st.stm32cube.ide.mcu.externaltools.gnu-tools-for-stm32.7-2018-q2-update.macos64_1.4.0.202007081208/tools/bin/../lib/gcc/arm-none-eabi/7.3.1/../../../../arm-none-eabi/lib/thumb/v7e-m/fpv4-sp/hard/libc_nano.a(lib_a-memcpy-stub.o)
 .ARM.attributes
                0x00000000000007c6       0x34 /Applications/STM32CubeIDE.app/Contents/Eclipse/plugins/com.st.stm32cube.ide.mcu.externaltools.gnu-tools-for-stm32.7-2018-q2-update.macos64_1.4.0.202007081208/tools/bin/../lib/gcc/arm-none-eabi/7.3.1/../../../../arm-none-eabi/lib/thumb/v7e-m/fpv4-sp/hard/libc_nano.a(lib_a-memset.o)
 .ARM.attributes
                0x00000000000007fa       0x22 /Applications/STM32CubeIDE.app/Contents/Eclipse/plugins/com.st.stm32cube.ide.mcu.externaltools.gnu-tools-for-stm32.7-2018-q2-update.macos64_1.4.0.202007081208/tools/bin/../lib/gcc/arm-none-eabi/7.3.1/thumb/v7e-m/fpv4-sp/hard/crtn.o
OUTPUT(XploreAvionics_CM4.elf elf32-littlearm)

.debug_info     0x0000000000000000    0x2ef74
 .debug_info    0x0000000000000000     0x10ae Common/Src/system_stm32h7xx_dualcore_boot_cm4_cm7.o
 .debug_info    0x00000000000010ae      0xe6f Core/Src/dma.o
 .debug_info    0x0000000000001f1d     0x16f7 Core/Src/fdcan.o
 .debug_info    0x0000000000003614      0xce9 Core/Src/freertos.o
 .debug_info    0x00000000000042fd      0xe6f Core/Src/gpio.o
 .debug_info    0x000000000000516c      0xbaa Core/Src/iwdg.o
 .debug_info    0x0000000000005d16     0x311b Core/Src/main.o
 .debug_info    0x0000000000008e31     0x163d Core/Src/spi.o
 .debug_info    0x000000000000a46e     0x11f7 Core/Src/stm32h7xx_hal_msp.o
 .debug_info    0x000000000000b665     0x195e Core/Src/stm32h7xx_hal_timebase_tim.o
 .debug_info    0x000000000000cfc3     0x1164 Core/Src/stm32h7xx_it.o
 .debug_info    0x000000000000e127       0x22 Core/Startup/startup_stm32h745zitx.o
 .debug_info    0x000000000000e149     0x206a Drivers/STM32H7xx_HAL_Driver/stm32h7xx_hal.o
 .debug_info    0x00000000000101b3     0x18d0 Drivers/STM32H7xx_HAL_Driver/stm32h7xx_hal_cortex.o
 .debug_info    0x0000000000011a83     0x33f5 Drivers/STM32H7xx_HAL_Driver/stm32h7xx_hal_fdcan.o
 .debug_info    0x0000000000014e78     0x16ec Drivers/STM32H7xx_HAL_Driver/stm32h7xx_hal_gpio.o
 .debug_info    0x0000000000016564      0xdc2 Drivers/STM32H7xx_HAL_Driver/stm32h7xx_hal_hsem.o
 .debug_info    0x0000000000017326      0xbec Drivers/STM32H7xx_HAL_Driver/stm32h7xx_hal_iwdg.o
 .debug_info    0x0000000000017f12     0x1939 Drivers/STM32H7xx_HAL_Driver/stm32h7xx_hal_pwr_ex.o
 .debug_info    0x000000000001984b     0x179e Drivers/STM32H7xx_HAL_Driver/stm32h7xx_hal_rcc.o
 .debug_info    0x000000000001afe9     0x1da0 Drivers/STM32H7xx_HAL_Driver/stm32h7xx_hal_spi.o
 .debug_info    0x000000000001cd89     0x3327 Drivers/STM32H7xx_HAL_Driver/stm32h7xx_hal_tim.o
 .debug_info    0x00000000000200b0      0xea7 FATFS/App/fatfs.o
 .debug_info    0x0000000000020f57      0xd46 FATFS/Target/user_diskio.o
 .debug_info    0x0000000000021c9d      0xd83 Middlewares/Third_Party/FatFs/ff_gen_drv.o
 .debug_info    0x0000000000022a20     0x401f Middlewares/Third_Party/FreeRTOS/cmsis_os2.o
 .debug_info    0x0000000000026a3f      0xbea Middlewares/Third_Party/FreeRTOS/heap_4.o
 .debug_info    0x0000000000027629      0xacb Middlewares/Third_Party/FreeRTOS/list.o
 .debug_info    0x00000000000280f4      0x533 Middlewares/Third_Party/FreeRTOS/port.o
 .debug_info    0x0000000000028627     0x239c Middlewares/Third_Party/FreeRTOS/queue.o
 .debug_info    0x000000000002a9c3     0x2af7 Middlewares/Third_Party/FreeRTOS/tasks.o
 .debug_info    0x000000000002d4ba     0x1aba Middlewares/Third_Party/FreeRTOS/timers.o

.debug_abbrev   0x0000000000000000     0x4d11
 .debug_abbrev  0x0000000000000000      0x21f Common/Src/system_stm32h7xx_dualcore_boot_cm4_cm7.o
 .debug_abbrev  0x000000000000021f      0x1f0 Core/Src/dma.o
 .debug_abbrev  0x000000000000040f      0x233 Core/Src/fdcan.o
 .debug_abbrev  0x0000000000000642      0x1f4 Core/Src/freertos.o
 .debug_abbrev  0x0000000000000836      0x1f0 Core/Src/gpio.o
 .debug_abbrev  0x0000000000000a26      0x1cb Core/Src/iwdg.o
 .debug_abbrev  0x0000000000000bf1      0x278 Core/Src/main.o
 .debug_abbrev  0x0000000000000e69      0x233 Core/Src/spi.o
 .debug_abbrev  0x000000000000109c      0x1e5 Core/Src/stm32h7xx_hal_msp.o
 .debug_abbrev  0x0000000000001281      0x23d Core/Src/stm32h7xx_hal_timebase_tim.o
 .debug_abbrev  0x00000000000014be      0x1cf Core/Src/stm32h7xx_it.o
 .debug_abbrev  0x000000000000168d       0x12 Core/Startup/startup_stm32h745zitx.o
 .debug_abbrev  0x000000000000169f      0x2e2 Drivers/STM32H7xx_HAL_Driver/stm32h7xx_hal.o
 .debug_abbrev  0x0000000000001981      0x3b5 Drivers/STM32H7xx_HAL_Driver/stm32h7xx_hal_cortex.o
 .debug_abbrev  0x0000000000001d36      0x2f3 Drivers/STM32H7xx_HAL_Driver/stm32h7xx_hal_fdcan.o
 .debug_abbrev  0x0000000000002029      0x28f Drivers/STM32H7xx_HAL_Driver/stm32h7xx_hal_gpio.o
 .debug_abbrev  0x00000000000022b8      0x2ab Drivers/STM32H7xx_HAL_Driver/stm32h7xx_hal_hsem.o
 .debug_abbrev  0x0000000000002563      0x1fa Drivers/STM32H7xx_HAL_Driver/stm32h7xx_hal_iwdg.o
 .debug_abbrev  0x000000000000275d      0x33a Drivers/STM32H7xx_HAL_Driver/stm32h7xx_hal_pwr_ex.o
 .debug_abbrev  0x0000000000002a97      0x2e2 Drivers/STM32H7xx_HAL_Driver/stm32h7xx_hal_rcc.o
 .debug_abbrev  0x0000000000002d79      0x2d5 Drivers/STM32H7xx_HAL_Driver/stm32h7xx_hal_spi.o
 .debug_abbrev  0x000000000000304e      0x2bd Drivers/STM32H7xx_HAL_Driver/stm32h7xx_hal_tim.o
 .debug_abbrev  0x000000000000330b      0x1fb FATFS/App/fatfs.o
 .debug_abbrev  0x0000000000003506      0x21c FATFS/Target/user_diskio.o
 .debug_abbrev  0x0000000000003722      0x252 Middlewares/Third_Party/FatFs/ff_gen_drv.o
 .debug_abbrev  0x0000000000003974      0x3c3 Middlewares/Third_Party/FreeRTOS/cmsis_os2.o
 .debug_abbrev  0x0000000000003d37      0x29e Middlewares/Third_Party/FreeRTOS/heap_4.o
 .debug_abbrev  0x0000000000003fd5      0x1cf Middlewares/Third_Party/FreeRTOS/list.o
 .debug_abbrev  0x00000000000041a4      0x210 Middlewares/Third_Party/FreeRTOS/port.o
 .debug_abbrev  0x00000000000043b4      0x336 Middlewares/Third_Party/FreeRTOS/queue.o
 .debug_abbrev  0x00000000000046ea      0x350 Middlewares/Third_Party/FreeRTOS/tasks.o
 .debug_abbrev  0x0000000000004a3a      0x2d7 Middlewares/Third_Party/FreeRTOS/timers.o

.debug_aranges  0x0000000000000000     0x1910
 .debug_aranges
                0x0000000000000000       0x28 Common/Src/system_stm32h7xx_dualcore_boot_cm4_cm7.o
 .debug_aranges
                0x0000000000000028       0x20 Core/Src/dma.o
 .debug_aranges
                0x0000000000000048       0x30 Core/Src/fdcan.o
 .debug_aranges
                0x0000000000000078       0x28 Core/Src/freertos.o
 .debug_aranges
                0x00000000000000a0       0x20 Core/Src/gpio.o
 .debug_aranges
                0x00000000000000c0       0x20 Core/Src/iwdg.o
 .debug_aranges
                0x00000000000000e0       0x30 Core/Src/main.o
 .debug_aranges
                0x0000000000000110       0x30 Core/Src/spi.o
 .debug_aranges
                0x0000000000000140       0x20 Core/Src/stm32h7xx_hal_msp.o
 .debug_aranges
                0x0000000000000160       0x30 Core/Src/stm32h7xx_hal_timebase_tim.o
 .debug_aranges
                0x0000000000000190       0x50 Core/Src/stm32h7xx_it.o
 .debug_aranges
                0x00000000000001e0       0x28 Core/Startup/startup_stm32h745zitx.o
 .debug_aranges
                0x0000000000000208      0x220 Drivers/STM32H7xx_HAL_Driver/stm32h7xx_hal.o
 .debug_aranges
                0x0000000000000428      0x120 Drivers/STM32H7xx_HAL_Driver/stm32h7xx_hal_cortex.o
 .debug_aranges
                0x0000000000000548      0x338 Drivers/STM32H7xx_HAL_Driver/stm32h7xx_hal_fdcan.o
 .debug_aranges
                0x0000000000000880       0x58 Drivers/STM32H7xx_HAL_Driver/stm32h7xx_hal_gpio.o
 .debug_aranges
                0x00000000000008d8       0x70 Drivers/STM32H7xx_HAL_Driver/stm32h7xx_hal_hsem.o
 .debug_aranges
                0x0000000000000948       0x28 Drivers/STM32H7xx_HAL_Driver/stm32h7xx_hal_iwdg.o
 .debug_aranges
                0x0000000000000970      0x170 Drivers/STM32H7xx_HAL_Driver/stm32h7xx_hal_pwr_ex.o
 .debug_aranges
                0x0000000000000ae0       0x88 Drivers/STM32H7xx_HAL_Driver/stm32h7xx_hal_rcc.o
 .debug_aranges
                0x0000000000000b68      0x1a0 Drivers/STM32H7xx_HAL_Driver/stm32h7xx_hal_spi.o
 .debug_aranges
                0x0000000000000d08      0x3e0 Drivers/STM32H7xx_HAL_Driver/stm32h7xx_hal_tim.o
 .debug_aranges
                0x00000000000010e8       0x28 FATFS/App/fatfs.o
 .debug_aranges
                0x0000000000001110       0x40 FATFS/Target/user_diskio.o
 .debug_aranges
                0x0000000000001150       0x40 Middlewares/Third_Party/FatFs/ff_gen_drv.o
 .debug_aranges
                0x0000000000001190      0x228 Middlewares/Third_Party/FreeRTOS/cmsis_os2.o
 .debug_aranges
                0x00000000000013b8       0x50 Middlewares/Third_Party/FreeRTOS/heap_4.o
 .debug_aranges
                0x0000000000001408       0x40 Middlewares/Third_Party/FreeRTOS/list.o
 .debug_aranges
                0x0000000000001448       0x80 Middlewares/Third_Party/FreeRTOS/port.o
 .debug_aranges
                0x00000000000014c8      0x158 Middlewares/Third_Party/FreeRTOS/queue.o
 .debug_aranges
                0x0000000000001620      0x208 Middlewares/Third_Party/FreeRTOS/tasks.o
 .debug_aranges
                0x0000000000001828       0xe8 Middlewares/Third_Party/FreeRTOS/timers.o

.debug_ranges   0x0000000000000000     0x1718
 .debug_ranges  0x0000000000000000       0x18 Common/Src/system_stm32h7xx_dualcore_boot_cm4_cm7.o
 .debug_ranges  0x0000000000000018       0x10 Core/Src/dma.o
 .debug_ranges  0x0000000000000028       0x20 Core/Src/fdcan.o
 .debug_ranges  0x0000000000000048       0x18 Core/Src/freertos.o
 .debug_ranges  0x0000000000000060       0x10 Core/Src/gpio.o
 .debug_ranges  0x0000000000000070       0x10 Core/Src/iwdg.o
 .debug_ranges  0x0000000000000080       0x20 Core/Src/main.o
 .debug_ranges  0x00000000000000a0       0x20 Core/Src/spi.o
 .debug_ranges  0x00000000000000c0       0x10 Core/Src/stm32h7xx_hal_msp.o
 .debug_ranges  0x00000000000000d0       0x20 Core/Src/stm32h7xx_hal_timebase_tim.o
 .debug_ranges  0x00000000000000f0       0x40 Core/Src/stm32h7xx_it.o
 .debug_ranges  0x0000000000000130       0x20 Core/Startup/startup_stm32h745zitx.o
 .debug_ranges  0x0000000000000150      0x210 Drivers/STM32H7xx_HAL_Driver/stm32h7xx_hal.o
 .debug_ranges  0x0000000000000360      0x110 Drivers/STM32H7xx_HAL_Driver/stm32h7xx_hal_cortex.o
 .debug_ranges  0x0000000000000470      0x328 Drivers/STM32H7xx_HAL_Driver/stm32h7xx_hal_fdcan.o
 .debug_ranges  0x0000000000000798       0x48 Drivers/STM32H7xx_HAL_Driver/stm32h7xx_hal_gpio.o
 .debug_ranges  0x00000000000007e0       0x60 Drivers/STM32H7xx_HAL_Driver/stm32h7xx_hal_hsem.o
 .debug_ranges  0x0000000000000840       0x18 Drivers/STM32H7xx_HAL_Driver/stm32h7xx_hal_iwdg.o
 .debug_ranges  0x0000000000000858      0x160 Drivers/STM32H7xx_HAL_Driver/stm32h7xx_hal_pwr_ex.o
 .debug_ranges  0x00000000000009b8       0x78 Drivers/STM32H7xx_HAL_Driver/stm32h7xx_hal_rcc.o
 .debug_ranges  0x0000000000000a30      0x190 Drivers/STM32H7xx_HAL_Driver/stm32h7xx_hal_spi.o
 .debug_ranges  0x0000000000000bc0      0x3d0 Drivers/STM32H7xx_HAL_Driver/stm32h7xx_hal_tim.o
 .debug_ranges  0x0000000000000f90       0x18 FATFS/App/fatfs.o
 .debug_ranges  0x0000000000000fa8       0x30 FATFS/Target/user_diskio.o
 .debug_ranges  0x0000000000000fd8       0x30 Middlewares/Third_Party/FatFs/ff_gen_drv.o
 .debug_ranges  0x0000000000001008      0x218 Middlewares/Third_Party/FreeRTOS/cmsis_os2.o
 .debug_ranges  0x0000000000001220       0x40 Middlewares/Third_Party/FreeRTOS/heap_4.o
 .debug_ranges  0x0000000000001260       0x30 Middlewares/Third_Party/FreeRTOS/list.o
 .debug_ranges  0x0000000000001290       0x70 Middlewares/Third_Party/FreeRTOS/port.o
 .debug_ranges  0x0000000000001300      0x148 Middlewares/Third_Party/FreeRTOS/queue.o
 .debug_ranges  0x0000000000001448      0x1f8 Middlewares/Third_Party/FreeRTOS/tasks.o
 .debug_ranges  0x0000000000001640       0xd8 Middlewares/Third_Party/FreeRTOS/timers.o

.debug_macro    0x0000000000000000    0x3f350
 .debug_macro   0x0000000000000000      0x2f4 Common/Src/system_stm32h7xx_dualcore_boot_cm4_cm7.o
 .debug_macro   0x00000000000002f4      0xa60 Common/Src/system_stm32h7xx_dualcore_boot_cm4_cm7.o
 .debug_macro   0x0000000000000d54       0x2e Common/Src/system_stm32h7xx_dualcore_boot_cm4_cm7.o
 .debug_macro   0x0000000000000d82       0x3b Common/Src/system_stm32h7xx_dualcore_boot_cm4_cm7.o
 .debug_macro   0x0000000000000dbd       0x22 Common/Src/system_stm32h7xx_dualcore_boot_cm4_cm7.o
 .debug_macro   0x0000000000000ddf       0x8e Common/Src/system_stm32h7xx_dualcore_boot_cm4_cm7.o
 .debug_macro   0x0000000000000e6d       0x51 Common/Src/system_stm32h7xx_dualcore_boot_cm4_cm7.o
 .debug_macro   0x0000000000000ebe       0xef Common/Src/system_stm32h7xx_dualcore_boot_cm4_cm7.o
 .debug_macro   0x0000000000000fad       0x6a Common/Src/system_stm32h7xx_dualcore_boot_cm4_cm7.o
 .debug_macro   0x0000000000001017      0x1df Common/Src/system_stm32h7xx_dualcore_boot_cm4_cm7.o
 .debug_macro   0x00000000000011f6       0x1c Common/Src/system_stm32h7xx_dualcore_boot_cm4_cm7.o
 .debug_macro   0x0000000000001212       0x22 Common/Src/system_stm32h7xx_dualcore_boot_cm4_cm7.o
 .debug_macro   0x0000000000001234       0xdf Common/Src/system_stm32h7xx_dualcore_boot_cm4_cm7.o
 .debug_macro   0x0000000000001313     0x102d Common/Src/system_stm32h7xx_dualcore_boot_cm4_cm7.o
 .debug_macro   0x0000000000002340      0x11f Common/Src/system_stm32h7xx_dualcore_boot_cm4_cm7.o
 .debug_macro   0x000000000000245f    0x26850 Common/Src/system_stm32h7xx_dualcore_boot_cm4_cm7.o
 .debug_macro   0x0000000000028caf       0x43 Common/Src/system_stm32h7xx_dualcore_boot_cm4_cm7.o
 .debug_macro   0x0000000000028cf2      0x256 Common/Src/system_stm32h7xx_dualcore_boot_cm4_cm7.o
 .debug_macro   0x0000000000028f48     0x3cd3 Common/Src/system_stm32h7xx_dualcore_boot_cm4_cm7.o
 .debug_macro   0x000000000002cc1b      0x174 Common/Src/system_stm32h7xx_dualcore_boot_cm4_cm7.o
 .debug_macro   0x000000000002cd8f       0x46 Common/Src/system_stm32h7xx_dualcore_boot_cm4_cm7.o
 .debug_macro   0x000000000002cdd5       0x18 Common/Src/system_stm32h7xx_dualcore_boot_cm4_cm7.o
 .debug_macro   0x000000000002cded       0x3c Common/Src/system_stm32h7xx_dualcore_boot_cm4_cm7.o
 .debug_macro   0x000000000002ce29       0x34 Common/Src/system_stm32h7xx_dualcore_boot_cm4_cm7.o
 .debug_macro   0x000000000002ce5d       0x52 Common/Src/system_stm32h7xx_dualcore_boot_cm4_cm7.o
 .debug_macro   0x000000000002ceaf       0x1f Common/Src/system_stm32h7xx_dualcore_boot_cm4_cm7.o
 .debug_macro   0x000000000002cece       0x43 Common/Src/system_stm32h7xx_dualcore_boot_cm4_cm7.o
 .debug_macro   0x000000000002cf11       0x20 Common/Src/system_stm32h7xx_dualcore_boot_cm4_cm7.o
 .debug_macro   0x000000000002cf31      0x1a3 Common/Src/system_stm32h7xx_dualcore_boot_cm4_cm7.o
 .debug_macro   0x000000000002d0d4      0x32a Common/Src/system_stm32h7xx_dualcore_boot_cm4_cm7.o
 .debug_macro   0x000000000002d3fe      0x1e1 Common/Src/system_stm32h7xx_dualcore_boot_cm4_cm7.o
 .debug_macro   0x000000000002d5df       0x54 Common/Src/system_stm32h7xx_dualcore_boot_cm4_cm7.o
 .debug_macro   0x000000000002d633     0x3a9d Common/Src/system_stm32h7xx_dualcore_boot_cm4_cm7.o
 .debug_macro   0x00000000000310d0     0x104f Common/Src/system_stm32h7xx_dualcore_boot_cm4_cm7.o
 .debug_macro   0x000000000003211f      0x138 Common/Src/system_stm32h7xx_dualcore_boot_cm4_cm7.o
 .debug_macro   0x0000000000032257      0x133 Common/Src/system_stm32h7xx_dualcore_boot_cm4_cm7.o
 .debug_macro   0x000000000003238a      0x3be Common/Src/system_stm32h7xx_dualcore_boot_cm4_cm7.o
 .debug_macro   0x0000000000032748       0x27 Common/Src/system_stm32h7xx_dualcore_boot_cm4_cm7.o
 .debug_macro   0x000000000003276f      0x72d Common/Src/system_stm32h7xx_dualcore_boot_cm4_cm7.o
 .debug_macro   0x0000000000032e9c      0x229 Common/Src/system_stm32h7xx_dualcore_boot_cm4_cm7.o
 .debug_macro   0x00000000000330c5       0x66 Common/Src/system_stm32h7xx_dualcore_boot_cm4_cm7.o
 .debug_macro   0x000000000003312b      0x3bb Common/Src/system_stm32h7xx_dualcore_boot_cm4_cm7.o
 .debug_macro   0x00000000000334e6      0x408 Common/Src/system_stm32h7xx_dualcore_boot_cm4_cm7.o
 .debug_macro   0x00000000000338ee      0x244 Common/Src/system_stm32h7xx_dualcore_boot_cm4_cm7.o
 .debug_macro   0x0000000000033b32      0xe34 Common/Src/system_stm32h7xx_dualcore_boot_cm4_cm7.o
 .debug_macro   0x0000000000034966       0xd5 Common/Src/system_stm32h7xx_dualcore_boot_cm4_cm7.o
 .debug_macro   0x0000000000034a3b       0x4c Common/Src/system_stm32h7xx_dualcore_boot_cm4_cm7.o
 .debug_macro   0x0000000000034a87      0x3cb Common/Src/system_stm32h7xx_dualcore_boot_cm4_cm7.o
 .debug_macro   0x0000000000034e52      0x4b7 Common/Src/system_stm32h7xx_dualcore_boot_cm4_cm7.o
 .debug_macro   0x0000000000035309       0x51 Common/Src/system_stm32h7xx_dualcore_boot_cm4_cm7.o
 .debug_macro   0x000000000003535a       0x4a Common/Src/system_stm32h7xx_dualcore_boot_cm4_cm7.o
 .debug_macro   0x00000000000353a4      0x22c Common/Src/system_stm32h7xx_dualcore_boot_cm4_cm7.o
 .debug_macro   0x00000000000355d0       0x64 Common/Src/system_stm32h7xx_dualcore_boot_cm4_cm7.o
 .debug_macro   0x0000000000035634       0xa5 Common/Src/system_stm32h7xx_dualcore_boot_cm4_cm7.o
 .debug_macro   0x00000000000356d9       0x85 Common/Src/system_stm32h7xx_dualcore_boot_cm4_cm7.o
 .debug_macro   0x000000000003575e      0x219 Common/Src/system_stm32h7xx_dualcore_boot_cm4_cm7.o
 .debug_macro   0x0000000000035977      0x2eb Common/Src/system_stm32h7xx_dualcore_boot_cm4_cm7.o
 .debug_macro   0x0000000000035c62       0x35 Common/Src/system_stm32h7xx_dualcore_boot_cm4_cm7.o
 .debug_macro   0x0000000000035c97      0x2d4 Common/Src/system_stm32h7xx_dualcore_boot_cm4_cm7.o
 .debug_macro   0x0000000000035f6b      0x34b Common/Src/system_stm32h7xx_dualcore_boot_cm4_cm7.o
 .debug_macro   0x00000000000362b6      0x6b6 Common/Src/system_stm32h7xx_dualcore_boot_cm4_cm7.o
 .debug_macro   0x000000000003696c       0xe4 Common/Src/system_stm32h7xx_dualcore_boot_cm4_cm7.o
 .debug_macro   0x0000000000036a50      0x5dd Common/Src/system_stm32h7xx_dualcore_boot_cm4_cm7.o
 .debug_macro   0x000000000003702d       0x9e Common/Src/system_stm32h7xx_dualcore_boot_cm4_cm7.o
 .debug_macro   0x00000000000370cb      0xad7 Common/Src/system_stm32h7xx_dualcore_boot_cm4_cm7.o
 .debug_macro   0x0000000000037ba2      0x2a0 Common/Src/system_stm32h7xx_dualcore_boot_cm4_cm7.o
 .debug_macro   0x0000000000037e42      0x798 Common/Src/system_stm32h7xx_dualcore_boot_cm4_cm7.o
 .debug_macro   0x00000000000385da      0x302 Core/Src/dma.o
 .debug_macro   0x00000000000388dc      0x302 Core/Src/fdcan.o
 .debug_macro   0x0000000000038bde      0x382 Core/Src/freertos.o
 .debug_macro   0x0000000000038f60      0x149 Core/Src/freertos.o
 .debug_macro   0x00000000000390a9      0x15a Core/Src/freertos.o
 .debug_macro   0x0000000000039203       0xc9 Core/Src/freertos.o
 .debug_macro   0x00000000000392cc       0x1c Core/Src/freertos.o
 .debug_macro   0x00000000000392e8       0x26 Core/Src/freertos.o
 .debug_macro   0x000000000003930e      0x4a2 Core/Src/freertos.o
 .debug_macro   0x00000000000397b0       0xb5 Core/Src/freertos.o
 .debug_macro   0x0000000000039865       0xaa Core/Src/freertos.o
 .debug_macro   0x000000000003990f       0x6c Core/Src/freertos.o
 .debug_macro   0x000000000003997b       0x74 Core/Src/freertos.o
 .debug_macro   0x00000000000399ef       0xdd Core/Src/freertos.o
 .debug_macro   0x0000000000039acc      0x302 Core/Src/gpio.o
 .debug_macro   0x0000000000039dce      0x302 Core/Src/iwdg.o
 .debug_macro   0x000000000003a0d0      0x42f Core/Src/main.o
 .debug_macro   0x000000000003a4ff      0x149 Core/Src/main.o
 .debug_macro   0x000000000003a648       0x66 Core/Src/main.o
 .debug_macro   0x000000000003a6ae      0x100 Core/Src/main.o
 .debug_macro   0x000000000003a7ae       0xe2 Core/Src/main.o
 .debug_macro   0x000000000003a890       0x8e Core/Src/main.o
 .debug_macro   0x000000000003a91e      0x302 Core/Src/spi.o
 .debug_macro   0x000000000003ac20      0x2f8 Core/Src/stm32h7xx_hal_msp.o
 .debug_macro   0x000000000003af18      0x2ee Core/Src/stm32h7xx_hal_timebase_tim.o
 .debug_macro   0x000000000003b206      0x302 Core/Src/stm32h7xx_it.o
 .debug_macro   0x000000000003b508      0x318 Drivers/STM32H7xx_HAL_Driver/stm32h7xx_hal.o
 .debug_macro   0x000000000003b820      0x2ee Drivers/STM32H7xx_HAL_Driver/stm32h7xx_hal_cortex.o
 .debug_macro   0x000000000003bb0e      0x3b3 Drivers/STM32H7xx_HAL_Driver/stm32h7xx_hal_fdcan.o
 .debug_macro   0x000000000003bec1      0x338 Drivers/STM32H7xx_HAL_Driver/stm32h7xx_hal_gpio.o
 .debug_macro   0x000000000003c1f9      0x300 Drivers/STM32H7xx_HAL_Driver/stm32h7xx_hal_hsem.o
 .debug_macro   0x000000000003c4f9      0x2f5 Drivers/STM32H7xx_HAL_Driver/stm32h7xx_hal_iwdg.o
 .debug_macro   0x000000000003c7ee      0x327 Drivers/STM32H7xx_HAL_Driver/stm32h7xx_hal_pwr_ex.o
 .debug_macro   0x000000000003cb15      0x312 Drivers/STM32H7xx_HAL_Driver/stm32h7xx_hal_rcc.o
 .debug_macro   0x000000000003ce27      0x2f6 Drivers/STM32H7xx_HAL_Driver/stm32h7xx_hal_spi.o
 .debug_macro   0x000000000003d11d      0x2ef Drivers/STM32H7xx_HAL_Driver/stm32h7xx_hal_tim.o
 .debug_macro   0x000000000003d40c      0x3db FATFS/App/fatfs.o
 .debug_macro   0x000000000003d7e7       0xfa FATFS/App/fatfs.o
 .debug_macro   0x000000000003d8e1      0x3f8 FATFS/Target/user_diskio.o
 .debug_macro   0x000000000003dcd9       0x10 FATFS/Target/user_diskio.o
 .debug_macro   0x000000000003dce9       0x20 FATFS/Target/user_diskio.o
 .debug_macro   0x000000000003dd09       0x16 FATFS/Target/user_diskio.o
 .debug_macro   0x000000000003dd1f       0x7c FATFS/Target/user_diskio.o
 .debug_macro   0x000000000003dd9b       0xd9 FATFS/Target/user_diskio.o
 .debug_macro   0x000000000003de74      0x3c8 Middlewares/Third_Party/FatFs/ff_gen_drv.o
 .debug_macro   0x000000000003e23c      0x23a Middlewares/Third_Party/FreeRTOS/cmsis_os2.o
 .debug_macro   0x000000000003e476       0x10 Middlewares/Third_Party/FreeRTOS/cmsis_os2.o
 .debug_macro   0x000000000003e486       0xd3 Middlewares/Third_Party/FreeRTOS/cmsis_os2.o
 .debug_macro   0x000000000003e559       0x91 Middlewares/Third_Party/FreeRTOS/cmsis_os2.o
 .debug_macro   0x000000000003e5ea       0x8d Middlewares/Third_Party/FreeRTOS/cmsis_os2.o
 .debug_macro   0x000000000003e677       0x9a Middlewares/Third_Party/FreeRTOS/cmsis_os2.o
 .debug_macro   0x000000000003e711      0x1a1 Middlewares/Third_Party/FreeRTOS/heap_4.o
 .debug_macro   0x000000000003e8b2      0x17a Middlewares/Third_Party/FreeRTOS/list.o
 .debug_macro   0x000000000003ea2c      0x196 Middlewares/Third_Party/FreeRTOS/port.o
 .debug_macro   0x000000000003ebc2      0x209 Middlewares/Third_Party/FreeRTOS/queue.o
 .debug_macro   0x000000000003edcb       0x16 Middlewares/Third_Party/FreeRTOS/queue.o
 .debug_macro   0x000000000003ede1       0x87 Middlewares/Third_Party/FreeRTOS/queue.o
 .debug_macro   0x000000000003ee68      0x272 Middlewares/Third_Party/FreeRTOS/tasks.o
 .debug_macro   0x000000000003f0da       0x10 Middlewares/Third_Party/FreeRTOS/tasks.o
 .debug_macro   0x000000000003f0ea      0x1cf Middlewares/Third_Party/FreeRTOS/timers.o
 .debug_macro   0x000000000003f2b9       0x97 Middlewares/Third_Party/FreeRTOS/timers.o

.debug_line     0x0000000000000000    0x19b75
 .debug_line    0x0000000000000000      0x9b1 Common/Src/system_stm32h7xx_dualcore_boot_cm4_cm7.o
 .debug_line    0x00000000000009b1      0x933 Core/Src/dma.o
 .debug_line    0x00000000000012e4      0x982 Core/Src/fdcan.o
 .debug_line    0x0000000000001c66      0xaa8 Core/Src/freertos.o
 .debug_line    0x000000000000270e      0x935 Core/Src/gpio.o
 .debug_line    0x0000000000003043      0x939 Core/Src/iwdg.o
 .debug_line    0x000000000000397c      0xbbf Core/Src/main.o
 .debug_line    0x000000000000453b      0x977 Core/Src/spi.o
 .debug_line    0x0000000000004eb2      0x939 Core/Src/stm32h7xx_hal_msp.o
 .debug_line    0x00000000000057eb      0x96d Core/Src/stm32h7xx_hal_timebase_tim.o
 .debug_line    0x0000000000006158      0x9ba Core/Src/stm32h7xx_it.o
 .debug_line    0x0000000000006b12       0x87 Core/Startup/startup_stm32h745zitx.o
 .debug_line    0x0000000000006b99      0xe5c Drivers/STM32H7xx_HAL_Driver/stm32h7xx_hal.o
 .debug_line    0x00000000000079f5      0xca3 Drivers/STM32H7xx_HAL_Driver/stm32h7xx_hal_cortex.o
 .debug_line    0x0000000000008698     0x1664 Drivers/STM32H7xx_HAL_Driver/stm32h7xx_hal_fdcan.o
 .debug_line    0x0000000000009cfc      0xb5e Drivers/STM32H7xx_HAL_Driver/stm32h7xx_hal_gpio.o
 .debug_line    0x000000000000a85a      0xa4a Drivers/STM32H7xx_HAL_Driver/stm32h7xx_hal_hsem.o
 .debug_line    0x000000000000b2a4      0x998 Drivers/STM32H7xx_HAL_Driver/stm32h7xx_hal_iwdg.o
 .debug_line    0x000000000000bc3c      0xdc7 Drivers/STM32H7xx_HAL_Driver/stm32h7xx_hal_pwr_ex.o
 .debug_line    0x000000000000ca03      0xd44 Drivers/STM32H7xx_HAL_Driver/stm32h7xx_hal_rcc.o
 .debug_line    0x000000000000d747     0x13c9 Drivers/STM32H7xx_HAL_Driver/stm32h7xx_hal_spi.o
 .debug_line    0x000000000000eb10     0x286a Drivers/STM32H7xx_HAL_Driver/stm32h7xx_hal_tim.o
 .debug_line    0x000000000001137a      0xb30 FATFS/App/fatfs.o
 .debug_line    0x0000000000011eaa      0xb7a FATFS/Target/user_diskio.o
 .debug_line    0x0000000000012a24      0xb81 Middlewares/Third_Party/FatFs/ff_gen_drv.o
 .debug_line    0x00000000000135a5     0x1e91 Middlewares/Third_Party/FreeRTOS/cmsis_os2.o
 .debug_line    0x0000000000015436      0x7c0 Middlewares/Third_Party/FreeRTOS/heap_4.o
 .debug_line    0x0000000000015bf6      0x6da Middlewares/Third_Party/FreeRTOS/list.o
 .debug_line    0x00000000000162d0      0x746 Middlewares/Third_Party/FreeRTOS/port.o
 .debug_line    0x0000000000016a16     0x116f Middlewares/Third_Party/FreeRTOS/queue.o
 .debug_line    0x0000000000017b85     0x1503 Middlewares/Third_Party/FreeRTOS/tasks.o
 .debug_line    0x0000000000019088      0xaed Middlewares/Third_Party/FreeRTOS/timers.o

.debug_str      0x0000000000000000   0x19b075
 .debug_str     0x0000000000000000   0x189334 Common/Src/system_stm32h7xx_dualcore_boot_cm4_cm7.o
                                     0x189874 (size before relaxing)
 .debug_str     0x0000000000189334       0x38 Core/Src/dma.o
                                     0x18975c (size before relaxing)
 .debug_str     0x000000000018936c      0x55b Core/Src/fdcan.o
                                     0x189cbd (size before relaxing)
 .debug_str     0x00000000001898c7     0x4c9a Core/Src/freertos.o
                                     0x18e1c4 (size before relaxing)
 .debug_str     0x000000000018e561       0x2a Core/Src/gpio.o
                                     0x18975f (size before relaxing)
 .debug_str     0x000000000018e58b       0x68 Core/Src/iwdg.o
                                     0x1895bf (size before relaxing)
 .debug_str     0x000000000018e5f3     0x179a Core/Src/main.o
                                     0x18fd88 (size before relaxing)
 .debug_str     0x000000000018fd8d       0x4b Core/Src/spi.o
                                     0x189dcc (size before relaxing)
 .debug_str     0x000000000018fdd8      0x820 Core/Src/stm32h7xx_hal_msp.o
                                     0x189fc0 (size before relaxing)
 .debug_str     0x00000000001905f8      0x12c Core/Src/stm32h7xx_hal_timebase_tim.o
                                     0x18a6d9 (size before relaxing)
 .debug_str     0x0000000000190724       0xab Core/Src/stm32h7xx_it.o
                                     0x189bc3 (size before relaxing)
 .debug_str     0x00000000001907cf       0x36 Core/Startup/startup_stm32h745zitx.o
                                         0x6f (size before relaxing)
 .debug_str     0x0000000000190805      0xa26 Drivers/STM32H7xx_HAL_Driver/stm32h7xx_hal.o
                                     0x18ab52 (size before relaxing)
 .debug_str     0x000000000019122b      0x3c4 Drivers/STM32H7xx_HAL_Driver/stm32h7xx_hal_cortex.o
                                     0x18a328 (size before relaxing)
 .debug_str     0x00000000001915ef     0x1be2 Drivers/STM32H7xx_HAL_Driver/stm32h7xx_hal_fdcan.o
                                     0x18b721 (size before relaxing)
 .debug_str     0x00000000001931d1      0x27c Drivers/STM32H7xx_HAL_Driver/stm32h7xx_hal_gpio.o
                                     0x189bc2 (size before relaxing)
 .debug_str     0x000000000019344d      0x1ed Drivers/STM32H7xx_HAL_Driver/stm32h7xx_hal_hsem.o
                                     0x189778 (size before relaxing)
 .debug_str     0x000000000019363a       0xc8 Drivers/STM32H7xx_HAL_Driver/stm32h7xx_hal_iwdg.o
                                     0x189667 (size before relaxing)
 .debug_str     0x0000000000193702      0x6da Drivers/STM32H7xx_HAL_Driver/stm32h7xx_hal_pwr_ex.o
                                     0x189ef7 (size before relaxing)
 .debug_str     0x0000000000193ddc      0x4be Drivers/STM32H7xx_HAL_Driver/stm32h7xx_hal_rcc.o
                                     0x189dee (size before relaxing)
 .debug_str     0x000000000019429a      0x52e Drivers/STM32H7xx_HAL_Driver/stm32h7xx_hal_spi.o
                                     0x18a096 (size before relaxing)
 .debug_str     0x00000000001947c8      0xe81 Drivers/STM32H7xx_HAL_Driver/stm32h7xx_hal_tim.o
                                     0x18ab11 (size before relaxing)
 .debug_str     0x0000000000195649       0x2f FATFS/App/fatfs.o
                                     0x18e530 (size before relaxing)
 .debug_str     0x0000000000195678      0x114 FATFS/Target/user_diskio.o
                                     0x18e4d2 (size before relaxing)
 .debug_str     0x000000000019578c       0xf7 Middlewares/Third_Party/FatFs/ff_gen_drv.o
                                     0x18e4b8 (size before relaxing)
 .debug_str     0x0000000000195883     0x28a8 Middlewares/Third_Party/FreeRTOS/cmsis_os2.o
                                       0xe3a1 (size before relaxing)
 .debug_str     0x000000000019812b      0x3c1 Middlewares/Third_Party/FreeRTOS/heap_4.o
                                       0xaeb5 (size before relaxing)
 .debug_str     0x00000000001984ec      0x14e Middlewares/Third_Party/FreeRTOS/list.o
                                       0xa6c2 (size before relaxing)
 .debug_str     0x000000000019863a      0x849 Middlewares/Third_Party/FreeRTOS/port.o
                                       0x848b (size before relaxing)
 .debug_str     0x0000000000198e83      0x8ff Middlewares/Third_Party/FreeRTOS/queue.o
                                       0xc021 (size before relaxing)
 .debug_str     0x0000000000199782     0x12ce Middlewares/Third_Party/FreeRTOS/tasks.o
                                       0xcbb4 (size before relaxing)
 .debug_str     0x000000000019aa50      0x625 Middlewares/Third_Party/FreeRTOS/timers.o
                                       0xc59e (size before relaxing)

.comment        0x0000000000000000       0x7b
 .comment       0x0000000000000000       0x7b Common/Src/system_stm32h7xx_dualcore_boot_cm4_cm7.o
                                         0x7c (size before relaxing)
 .comment       0x000000000000007b       0x7c Core/Src/dma.o
 .comment       0x000000000000007b       0x7c Core/Src/fdcan.o
 .comment       0x000000000000007b       0x7c Core/Src/freertos.o
 .comment       0x000000000000007b       0x7c Core/Src/gpio.o
 .comment       0x000000000000007b       0x7c Core/Src/iwdg.o
 .comment       0x000000000000007b       0x7c Core/Src/main.o
 .comment       0x000000000000007b       0x7c Core/Src/spi.o
 .comment       0x000000000000007b       0x7c Core/Src/stm32h7xx_hal_msp.o
 .comment       0x000000000000007b       0x7c Core/Src/stm32h7xx_hal_timebase_tim.o
 .comment       0x000000000000007b       0x7c Core/Src/stm32h7xx_it.o
 .comment       0x000000000000007b       0x7c Drivers/STM32H7xx_HAL_Driver/stm32h7xx_hal.o
 .comment       0x000000000000007b       0x7c Drivers/STM32H7xx_HAL_Driver/stm32h7xx_hal_cortex.o
 .comment       0x000000000000007b       0x7c Drivers/STM32H7xx_HAL_Driver/stm32h7xx_hal_fdcan.o
 .comment       0x000000000000007b       0x7c Drivers/STM32H7xx_HAL_Driver/stm32h7xx_hal_gpio.o
 .comment       0x000000000000007b       0x7c Drivers/STM32H7xx_HAL_Driver/stm32h7xx_hal_hsem.o
 .comment       0x000000000000007b       0x7c Drivers/STM32H7xx_HAL_Driver/stm32h7xx_hal_iwdg.o
 .comment       0x000000000000007b       0x7c Drivers/STM32H7xx_HAL_Driver/stm32h7xx_hal_pwr_ex.o
 .comment       0x000000000000007b       0x7c Drivers/STM32H7xx_HAL_Driver/stm32h7xx_hal_rcc.o
 .comment       0x000000000000007b       0x7c Drivers/STM32H7xx_HAL_Driver/stm32h7xx_hal_spi.o
 .comment       0x000000000000007b       0x7c Drivers/STM32H7xx_HAL_Driver/stm32h7xx_hal_tim.o
 .comment       0x000000000000007b       0x7c FATFS/App/fatfs.o
 .comment       0x000000000000007b       0x7c FATFS/Target/user_diskio.o
 .comment       0x000000000000007b       0x7c Middlewares/Third_Party/FatFs/ff_gen_drv.o
 .comment       0x000000000000007b       0x7c Middlewares/Third_Party/FreeRTOS/cmsis_os2.o
 .comment       0x000000000000007b       0x7c Middlewares/Third_Party/FreeRTOS/heap_4.o
 .comment       0x000000000000007b       0x7c Middlewares/Third_Party/FreeRTOS/list.o
 .comment       0x000000000000007b       0x7c Middlewares/Third_Party/FreeRTOS/port.o
 .comment       0x000000000000007b       0x7c Middlewares/Third_Party/FreeRTOS/queue.o
 .comment       0x000000000000007b       0x7c Middlewares/Third_Party/FreeRTOS/tasks.o
 .comment       0x000000000000007b       0x7c Middlewares/Third_Party/FreeRTOS/timers.o

.debug_frame    0x0000000000000000     0x6824
 .debug_frame   0x0000000000000000       0x58 Common/Src/system_stm32h7xx_dualcore_boot_cm4_cm7.o
 .debug_frame   0x0000000000000058       0x38 Core/Src/dma.o
 .debug_frame   0x0000000000000090       0x74 Core/Src/fdcan.o
 .debug_frame   0x0000000000000104       0x4c Core/Src/freertos.o
 .debug_frame   0x0000000000000150       0x38 Core/Src/gpio.o
 .debug_frame   0x0000000000000188       0x2c Core/Src/iwdg.o
 .debug_frame   0x00000000000001b4       0x74 Core/Src/main.o
 .debug_frame   0x0000000000000228       0x74 Core/Src/spi.o
 .debug_frame   0x000000000000029c       0x34 Core/Src/stm32h7xx_hal_msp.o
 .debug_frame   0x00000000000002d0       0x74 Core/Src/stm32h7xx_hal_timebase_tim.o
 .debug_frame   0x0000000000000344       0xd0 Core/Src/stm32h7xx_it.o
 .debug_frame   0x0000000000000414      0x8c8 Drivers/STM32H7xx_HAL_Driver/stm32h7xx_hal.o