../Drivers/ADC1115/Core/Src/ADS1113.c:7:6:ads_delay	8	static
../Drivers/ADC1115/Core/Src/ADS1113.c:20:6:writeRegister	40	static
../Drivers/ADC1115/Core/Src/ADS1113.c:35:10:readRegister	40	static
../Drivers/ADC1115/Core/Src/ADS1113.c:43:6:ADSbegin	8	static
../Drivers/ADC1115/Core/Src/ADS1113.c:54:6:ADS1113_init	8	static
../Drivers/ADC1115/Core/Src/ADS1113.c:127:6:ADSsetGain	0	static
../Drivers/ADC1115/Core/Src/ADS1113.c:152:11:ADSgetGain	0	static
../Drivers/ADC1115/Core/Src/ADS1113.c:157:10:ADSreadADC_SingleEnded	8	static
../Drivers/ADC1115/Core/Src/ADS1113.c:203:9:ADSreadADC_Differential_0_1	8	static
../Drivers/ADC1115/Core/Src/ADS1113.c:244:7:ADSreadADC_Voltage	8	static
../Drivers/ADC1115/Core/Src/ADS1113.c:257:6:ADSstartComparator_SingleEnded	16	static
../Drivers/ADC1115/Core/Src/ADS1113.c:299:9:ADSgetLastConversionResults	8	static
