../Drivers/STM32H7xx_HAL_Driver/Src/stm32h7xx_hal_usart.c:2543:13:USART_EndTransfer	0	static
../Drivers/STM32H7xx_HAL_Driver/Src/stm32h7xx_hal_usart.c:3056:13:USART_TxISR_8BIT	0	static
../Drivers/STM32H7xx_HAL_Driver/Src/stm32h7xx_hal_usart.c:3091:13:USART_TxISR_16BIT	0	static
../Drivers/STM32H7xx_HAL_Driver/Src/stm32h7xx_hal_usart.c:3127:13:USART_TxISR_8BIT_FIFOEN	8	static
../Drivers/STM32H7xx_HAL_Driver/Src/stm32h7xx_hal_usart.c:3172:13:USART_TxISR_16BIT_FIFOEN	8	static
../Drivers/STM32H7xx_HAL_Driver/Src/stm32h7xx_hal_usart.c:2856:26:USART_WaitOnFlagUntilTimeout.constprop	24	static
../Drivers/STM32H7xx_HAL_Driver/Src/stm32h7xx_hal_usart.c:381:13:HAL_USART_MspInit	0	static
../Drivers/STM32H7xx_HAL_Driver/Src/stm32h7xx_hal_usart.c:276:19:HAL_USART_Init	48	static
../Drivers/STM32H7xx_HAL_Driver/Src/stm32h7xx_hal_usart.c:396:13:HAL_USART_MspDeInit	0	static
../Drivers/STM32H7xx_HAL_Driver/Src/stm32h7xx_hal_usart.c:338:19:HAL_USART_DeInit	16	static
../Drivers/STM32H7xx_HAL_Driver/Src/stm32h7xx_hal_usart.c:751:19:HAL_USART_Transmit	32	static
../Drivers/STM32H7xx_HAL_Driver/Src/stm32h7xx_hal_usart.c:849:19:HAL_USART_Receive	32	static
../Drivers/STM32H7xx_HAL_Driver/Src/stm32h7xx_hal_usart.c:961:19:HAL_USART_TransmitReceive	40	static
../Drivers/STM32H7xx_HAL_Driver/Src/stm32h7xx_hal_usart.c:1108:19:HAL_USART_Transmit_IT	8	static
../Drivers/STM32H7xx_HAL_Driver/Src/stm32h7xx_hal_usart.c:1191:19:HAL_USART_Receive_IT	16	static
../Drivers/STM32H7xx_HAL_Driver/Src/stm32h7xx_hal_usart.c:1305:19:HAL_USART_TransmitReceive_IT	12	static
../Drivers/STM32H7xx_HAL_Driver/Src/stm32h7xx_hal_usart.c:1413:19:HAL_USART_Transmit_DMA	24	static
../Drivers/STM32H7xx_HAL_Driver/Src/stm32h7xx_hal_usart.c:1498:19:HAL_USART_Receive_DMA	24	static
../Drivers/STM32H7xx_HAL_Driver/Src/stm32h7xx_hal_usart.c:1618:19:HAL_USART_TransmitReceive_DMA	24	static
../Drivers/STM32H7xx_HAL_Driver/Src/stm32h7xx_hal_usart.c:1738:19:HAL_USART_DMAPause	0	static
../Drivers/STM32H7xx_HAL_Driver/Src/stm32h7xx_hal_usart.c:1785:19:HAL_USART_DMAResume	0	static
../Drivers/STM32H7xx_HAL_Driver/Src/stm32h7xx_hal_usart.c:1832:19:HAL_USART_DMAStop	8	static
../Drivers/STM32H7xx_HAL_Driver/Src/stm32h7xx_hal_usart.c:1892:19:HAL_USART_Abort	8	static
../Drivers/STM32H7xx_HAL_Driver/Src/stm32h7xx_hal_usart.c:2362:13:HAL_USART_TxCpltCallback	0	static
../Drivers/STM32H7xx_HAL_Driver/Src/stm32h7xx_hal_usart.c:2559:13:USART_DMATransmitCplt	8	static
../Drivers/STM32H7xx_HAL_Driver/Src/stm32h7xx_hal_usart.c:2377:13:HAL_USART_TxHalfCpltCallback	0	static
../Drivers/STM32H7xx_HAL_Driver/Src/stm32h7xx_hal_usart.c:2599:13:USART_DMATxHalfCplt	8	static
../Drivers/STM32H7xx_HAL_Driver/Src/stm32h7xx_hal_usart.c:2392:13:HAL_USART_RxCpltCallback	0	static
../Drivers/STM32H7xx_HAL_Driver/Src/stm32h7xx_hal_usart.c:2407:13:HAL_USART_RxHalfCpltCallback	0	static
../Drivers/STM32H7xx_HAL_Driver/Src/stm32h7xx_hal_usart.c:2692:13:USART_DMARxHalfCplt	8	static
../Drivers/STM32H7xx_HAL_Driver/Src/stm32h7xx_hal_usart.c:2422:13:HAL_USART_TxRxCpltCallback	0	static
../Drivers/STM32H7xx_HAL_Driver/Src/stm32h7xx_hal_usart.c:3272:13:USART_RxISR_8BIT	16	static
../Drivers/STM32H7xx_HAL_Driver/Src/stm32h7xx_hal_usart.c:3363:13:USART_RxISR_16BIT	16	static
../Drivers/STM32H7xx_HAL_Driver/Src/stm32h7xx_hal_usart.c:3456:13:USART_RxISR_8BIT_FIFOEN	24	static
../Drivers/STM32H7xx_HAL_Driver/Src/stm32h7xx_hal_usart.c:3589:13:USART_RxISR_16BIT_FIFOEN	24	static
../Drivers/STM32H7xx_HAL_Driver/Src/stm32h7xx_hal_usart.c:2617:13:USART_DMAReceiveCplt	8	static
../Drivers/STM32H7xx_HAL_Driver/Src/stm32h7xx_hal_usart.c:2437:13:HAL_USART_ErrorCallback	0	static
../Drivers/STM32H7xx_HAL_Driver/Src/stm32h7xx_hal_usart.c:2710:13:USART_DMAError	8	static
../Drivers/STM32H7xx_HAL_Driver/Src/stm32h7xx_hal_usart.c:2122:6:HAL_USART_IRQHandler	24	static
../Drivers/STM32H7xx_HAL_Driver/Src/stm32h7xx_hal_usart.c:2736:13:USART_DMAAbortOnError	8	static
../Drivers/STM32H7xx_HAL_Driver/Src/stm32h7xx_hal_usart.c:2452:13:HAL_USART_AbortCpltCallback	0	static
../Drivers/STM32H7xx_HAL_Driver/Src/stm32h7xx_hal_usart.c:1990:19:HAL_USART_Abort_IT	8	static
../Drivers/STM32H7xx_HAL_Driver/Src/stm32h7xx_hal_usart.c:2807:13:USART_DMARxAbortCallback	8	static
../Drivers/STM32H7xx_HAL_Driver/Src/stm32h7xx_hal_usart.c:2759:13:USART_DMATxAbortCallback	8	static
../Drivers/STM32H7xx_HAL_Driver/Src/stm32h7xx_hal_usart.c:2489:24:HAL_USART_GetState	0	static
../Drivers/STM32H7xx_HAL_Driver/Src/stm32h7xx_hal_usart.c:2500:10:HAL_USART_GetError	0	static
