../Drivers/STM32H7xx_HAL_Driver/Src/stm32h7xx_hal_usart.c:276:19:HAL_USART_Init	16	static
../Drivers/STM32H7xx_HAL_Driver/Src/stm32h7xx_hal_usart.c:338:19:HAL_USART_DeInit	16	static
../Drivers/STM32H7xx_HAL_Driver/Src/stm32h7xx_hal_usart.c:381:13:HAL_USART_MspInit	16	static
../Drivers/STM32H7xx_HAL_Driver/Src/stm32h7xx_hal_usart.c:396:13:HAL_USART_MspDeInit	16	static
../Drivers/STM32H7xx_HAL_Driver/Src/stm32h7xx_hal_usart.c:751:19:HAL_USART_Transmit	48	static
../Drivers/STM32H7xx_HAL_Driver/Src/stm32h7xx_hal_usart.c:848:19:HAL_USART_Receive	48	static
../Drivers/STM32H7xx_HAL_Driver/Src/stm32h7xx_hal_usart.c:960:19:HAL_USART_TransmitReceive	64	static
../Drivers/STM32H7xx_HAL_Driver/Src/stm32h7xx_hal_usart.c:1107:19:HAL_USART_Transmit_IT	24	static
../Drivers/STM32H7xx_HAL_Driver/Src/stm32h7xx_hal_usart.c:1190:19:HAL_USART_Receive_IT	32	static
../Drivers/STM32H7xx_HAL_Driver/Src/stm32h7xx_hal_usart.c:1294:19:HAL_USART_TransmitReceive_IT	24	static
../Drivers/STM32H7xx_HAL_Driver/Src/stm32h7xx_hal_usart.c:1392:19:HAL_USART_Transmit_DMA	32	static
../Drivers/STM32H7xx_HAL_Driver/Src/stm32h7xx_hal_usart.c:1477:19:HAL_USART_Receive_DMA	32	static
../Drivers/STM32H7xx_HAL_Driver/Src/stm32h7xx_hal_usart.c:1594:19:HAL_USART_TransmitReceive_DMA	32	static
../Drivers/STM32H7xx_HAL_Driver/Src/stm32h7xx_hal_usart.c:1711:19:HAL_USART_DMAPause	24	static
../Drivers/STM32H7xx_HAL_Driver/Src/stm32h7xx_hal_usart.c:1758:19:HAL_USART_DMAResume	24	static
../Drivers/STM32H7xx_HAL_Driver/Src/stm32h7xx_hal_usart.c:1802:19:HAL_USART_DMAStop	16	static
../Drivers/STM32H7xx_HAL_Driver/Src/stm32h7xx_hal_usart.c:1862:19:HAL_USART_Abort	16	static
../Drivers/STM32H7xx_HAL_Driver/Src/stm32h7xx_hal_usart.c:1958:19:HAL_USART_Abort_IT	24	static
../Drivers/STM32H7xx_HAL_Driver/Src/stm32h7xx_hal_usart.c:2089:6:HAL_USART_IRQHandler	40	static
../Drivers/STM32H7xx_HAL_Driver/Src/stm32h7xx_hal_usart.c:2328:13:HAL_USART_TxCpltCallback	16	static
../Drivers/STM32H7xx_HAL_Driver/Src/stm32h7xx_hal_usart.c:2343:13:HAL_USART_TxHalfCpltCallback	16	static
../Drivers/STM32H7xx_HAL_Driver/Src/stm32h7xx_hal_usart.c:2358:13:HAL_USART_RxCpltCallback	16	static
../Drivers/STM32H7xx_HAL_Driver/Src/stm32h7xx_hal_usart.c:2373:13:HAL_USART_RxHalfCpltCallback	16	static
../Drivers/STM32H7xx_HAL_Driver/Src/stm32h7xx_hal_usart.c:2388:13:HAL_USART_TxRxCpltCallback	16	static
../Drivers/STM32H7xx_HAL_Driver/Src/stm32h7xx_hal_usart.c:2403:13:HAL_USART_ErrorCallback	16	static
../Drivers/STM32H7xx_HAL_Driver/Src/stm32h7xx_hal_usart.c:2418:13:HAL_USART_AbortCpltCallback	16	static
../Drivers/STM32H7xx_HAL_Driver/Src/stm32h7xx_hal_usart.c:2455:24:HAL_USART_GetState	16	static
../Drivers/STM32H7xx_HAL_Driver/Src/stm32h7xx_hal_usart.c:2466:10:HAL_USART_GetError	16	static
../Drivers/STM32H7xx_HAL_Driver/Src/stm32h7xx_hal_usart.c:2509:13:USART_EndTransfer	16	static
../Drivers/STM32H7xx_HAL_Driver/Src/stm32h7xx_hal_usart.c:2525:13:USART_DMATransmitCplt	24	static
../Drivers/STM32H7xx_HAL_Driver/Src/stm32h7xx_hal_usart.c:2565:13:USART_DMATxHalfCplt	24	static
../Drivers/STM32H7xx_HAL_Driver/Src/stm32h7xx_hal_usart.c:2583:13:USART_DMAReceiveCplt	24	static
../Drivers/STM32H7xx_HAL_Driver/Src/stm32h7xx_hal_usart.c:2658:13:USART_DMARxHalfCplt	24	static
../Drivers/STM32H7xx_HAL_Driver/Src/stm32h7xx_hal_usart.c:2676:13:USART_DMAError	24	static
../Drivers/STM32H7xx_HAL_Driver/Src/stm32h7xx_hal_usart.c:2702:13:USART_DMAAbortOnError	24	static
../Drivers/STM32H7xx_HAL_Driver/Src/stm32h7xx_hal_usart.c:2725:13:USART_DMATxAbortCallback	24	static
../Drivers/STM32H7xx_HAL_Driver/Src/stm32h7xx_hal_usart.c:2773:13:USART_DMARxAbortCallback	24	static
../Drivers/STM32H7xx_HAL_Driver/Src/stm32h7xx_hal_usart.c:2821:26:USART_WaitOnFlagUntilTimeout	24	static
../Drivers/STM32H7xx_HAL_Driver/Src/stm32h7xx_hal_usart.c:2849:26:USART_SetConfig	64	static
../Drivers/STM32H7xx_HAL_Driver/Src/stm32h7xx_hal_usart.c:2971:26:USART_CheckIdleState	32	static
../Drivers/STM32H7xx_HAL_Driver/Src/stm32h7xx_hal_usart.c:3021:13:USART_TxISR_8BIT	24	static
../Drivers/STM32H7xx_HAL_Driver/Src/stm32h7xx_hal_usart.c:3056:13:USART_TxISR_16BIT	24	static
../Drivers/STM32H7xx_HAL_Driver/Src/stm32h7xx_hal_usart.c:3092:13:USART_TxISR_8BIT_FIFOEN	24	static
../Drivers/STM32H7xx_HAL_Driver/Src/stm32h7xx_hal_usart.c:3137:13:USART_TxISR_16BIT_FIFOEN	24	static
../Drivers/STM32H7xx_HAL_Driver/Src/stm32h7xx_hal_usart.c:3180:13:USART_EndTransmit_IT	16	static
../Drivers/STM32H7xx_HAL_Driver/Src/stm32h7xx_hal_usart.c:3237:13:USART_RxISR_8BIT	32	static
../Drivers/STM32H7xx_HAL_Driver/Src/stm32h7xx_hal_usart.c:3328:13:USART_RxISR_16BIT	32	static
../Drivers/STM32H7xx_HAL_Driver/Src/stm32h7xx_hal_usart.c:3421:13:USART_RxISR_8BIT_FIFOEN	32	static
../Drivers/STM32H7xx_HAL_Driver/Src/stm32h7xx_hal_usart.c:3554:13:USART_RxISR_16BIT_FIFOEN	40	static
