../Drivers/STM32H7xx_HAL_Driver/Src/stm32h7xx_hal_usart_ex.c:109:13:HAL_USARTEx_RxFifoFullCallback	16	static
../Drivers/STM32H7xx_HAL_Driver/Src/stm32h7xx_hal_usart_ex.c:124:13:HAL_USARTEx_TxFifoEmptyCallback	16	static
../Drivers/STM32H7xx_HAL_Driver/Src/stm32h7xx_hal_usart_ex.c:174:19:HAL_USARTEx_EnableSlaveMode	24	static
../Drivers/STM32H7xx_HAL_Driver/Src/stm32h7xx_hal_usart_ex.c:222:19:HAL_USARTEx_DisableSlaveMode	24	static
../Drivers/STM32H7xx_HAL_Driver/Src/stm32h7xx_hal_usart_ex.c:270:19:HAL_USARTEx_ConfigNSS	24	static
../Drivers/STM32H7xx_HAL_Driver/Src/stm32h7xx_hal_usart_ex.c:308:19:HAL_USARTEx_EnableFifoMode	24	static
../Drivers/STM32H7xx_HAL_Driver/Src/stm32h7xx_hal_usart_ex.c:349:19:HAL_USARTEx_DisableFifoMode	24	static
../Drivers/STM32H7xx_HAL_Driver/Src/stm32h7xx_hal_usart_ex.c:395:19:HAL_USARTEx_SetTxFifoThreshold	24	static
../Drivers/STM32H7xx_HAL_Driver/Src/stm32h7xx_hal_usart_ex.c:444:19:HAL_USARTEx_SetRxFifoThreshold	24	static
../Drivers/STM32H7xx_HAL_Driver/Src/stm32h7xx_hal_usart_ex.c:499:13:USARTEx_SetNbDataToProcess	24	static
