../Core/Src/main.c:132:13:ADC1115_test	152	static
../Core/Src/main.c:156:13:stemma_test	128	static
../Core/Src/main.c:190:13:bno_test	192	static
../Core/Src/main.c:212:13:hx711_test	144	static
../Core/Src/main.c:242:13:VL53l1_test	1040	static
../Core/Src/main.c:281:5:main	192	static
../Core/Src/main.c:397:6:SystemClock_Config	120	static
../Core/Src/main.c:460:6:PeriphCommonClock_Config	200	static
../Core/Src/main.c:487:13:MX_ADC1_Init	48	static
../Core/Src/main.c:555:13:MX_ADC2_Init	40	static
../Core/Src/main.c:614:13:MX_ADC3_Init	40	static
../Core/Src/main.c:672:13:MX_DAC1_Init	48	static
../Core/Src/main.c:722:13:MX_FDCAN1_Init	8	static
../Core/Src/main.c:775:13:MX_FDCAN2_Init	8	static
../Core/Src/main.c:828:13:MX_I2C1_Init	8	static
../Core/Src/main.c:876:13:MX_I2C2_Init	8	static
../Core/Src/main.c:924:13:MX_I2C4_Init	8	static
../Core/Src/main.c:972:13:MX_LPUART1_UART_Init	8	static
../Core/Src/main.c:1020:13:MX_UART4_Init	8	static
../Core/Src/main.c:1068:13:MX_UART8_Init	8	static
../Core/Src/main.c:1116:13:MX_USART1_Init	8	static
../Core/Src/main.c:1164:13:MX_USART2_UART_Init	8	static
../Core/Src/main.c:1212:13:MX_USART3_Init	8	static
../Core/Src/main.c:1260:13:MX_USART6_Init	8	static
../Core/Src/main.c:1308:13:MX_QUADSPI_Init	8	static
../Core/Src/main.c:1343:13:MX_SPI1_Init	8	static
../Core/Src/main.c:1391:13:MX_SPI2_Init	8	static
../Core/Src/main.c:1439:13:MX_SPI4_Init	8	static
../Core/Src/main.c:1487:13:MX_TIM1_Init	96	static
../Core/Src/main.c:1557:13:MX_TIM4_Init	64	static
../Core/Src/main.c:1616:13:MX_TIM5_Init	48	static
../Core/Src/main.c:1665:13:MX_TIM15_Init	112	static
../Core/Src/main.c:1739:13:MX_DMA_Init	16	static
../Core/Src/main.c:1757:13:MX_GPIO_Init	56	static
../Core/Src/main.c:1859:6:GetAcceleration	16	static
../Core/Src/main.c:1878:6:HAL_TIM_PeriodElapsedCallback	16	static
../Core/Src/main.c:1895:6:Error_Handler	4	static,ignoring_inline_asm
