main.c:120:13:stemma_test	128	static
main.c:154:13:bno_test	192	static
main.c:176:13:hx711_test	144	static
main.c:205:13:VL53l1_test	1040	static
main.c:257:5:main	112	static
main.c:331:6:SystemClock_Config	120	static
main.c:390:6:PeriphCommonClock_Config	200	static
main.c:417:13:MX_ADC1_Init	48	static
main.c:482:13:MX_ADC2_Init	40	static
main.c:539:13:MX_ADC3_Init	40	static
main.c:596:13:MX_DAC1_Init	48	static
main.c:643:13:MX_FDCAN1_Init	8	static
main.c:696:13:MX_FDCAN2_Init	8	static
main.c:749:13:MX_I2C1_Init	8	static
main.c:795:13:MX_I2C2_Init	8	static
main.c:841:13:MX_I2C4_Init	8	static
main.c:887:13:MX_LPUART1_UART_Init	8	static
main.c:935:13:MX_UART4_Init	8	static
main.c:983:13:MX_UART8_Init	8	static
main.c:1031:13:MX_USART1_Init	8	static
main.c:1079:13:MX_USART2_UART_Init	8	static
main.c:1127:13:MX_USART3_Init	8	static
main.c:1175:13:MX_USART6_Init	8	static
main.c:1223:13:MX_QUADSPI_Init	8	static
main.c:1258:13:MX_SPI1_Init	8	static
main.c:1306:13:MX_SPI2_Init	8	static
main.c:1354:13:MX_SPI4_Init	8	static
main.c:1402:13:MX_TIM1_Init	96	static
main.c:1472:13:MX_TIM4_Init	64	static
main.c:1531:13:MX_TIM5_Init	48	static
main.c:1580:13:MX_TIM15_Init	112	static
main.c:1654:13:MX_DMA_Init	16	static
main.c:1672:13:MX_GPIO_Init	56	static
main.c:1774:6:Error_Handler	4	static,ignoring_inline_asm
