../Core/Src/stm32h7xx_it.c:79:6:NMI_Handler	0	static
../Core/Src/stm32h7xx_it.c:94:6:HardFault_Handler	0	static
../Core/Src/stm32h7xx_it.c:109:6:MemManage_Handler	0	static
../Core/Src/stm32h7xx_it.c:124:6:BusFault_Handler	0	static
../Core/Src/stm32h7xx_it.c:139:6:UsageFault_Handler	0	static
../Core/Src/stm32h7xx_it.c:154:6:DebugMon_Handler	0	static
../Core/Src/stm32h7xx_it.c:174:6:DMA1_Stream0_IRQHandler	8	static
../Core/Src/stm32h7xx_it.c:188:6:DMA1_Stream1_IRQHandler	8	static
../Core/Src/stm32h7xx_it.c:202:6:DMA1_Stream2_IRQHandler	8	static
../Core/Src/stm32h7xx_it.c:216:6:DMA1_Stream3_IRQHandler	8	static
../Core/Src/stm32h7xx_it.c:230:6:USART1_IRQHandler	8	static
../Core/Src/stm32h7xx_it.c:244:6:USART2_IRQHandler	8	static
../Core/Src/stm32h7xx_it.c:258:6:USART3_IRQHandler	8	static
../Core/Src/stm32h7xx_it.c:272:6:TIM6_DAC_IRQHandler	8	static
../Core/Src/stm32h7xx_it.c:286:6:USART6_IRQHandler	8	static
