../Core/Src/stm32h7xx_hal_msp.c:67:6:HAL_MspInit	16	static
../Core/Src/stm32h7xx_hal_msp.c:92:6:HAL_ADC_MspInit	72	static
../Core/Src/stm32h7xx_hal_msp.c:203:6:HAL_ADC_MspDeInit	16	static
../Core/Src/stm32h7xx_hal_msp.c:289:6:HAL_DAC_MspInit	48	static
../Core/Src/stm32h7xx_hal_msp.c:326:6:HAL_DAC_MspDeInit	16	static
../Core/Src/stm32h7xx_hal_msp.c:359:6:HAL_FDCAN_MspInit	240	static
../Core/Src/stm32h7xx_hal_msp.c:445:6:HAL_FDCAN_MspDeInit	16	static
../Core/Src/stm32h7xx_hal_msp.c:498:6:HAL_I2C_MspInit	248	static
../Core/Src/stm32h7xx_hal_msp.c:609:6:HAL_I2C_MspDeInit	16	static
../Core/Src/stm32h7xx_hal_msp.c:680:6:HAL_UART_MspInit	256	static
../Core/Src/stm32h7xx_hal_msp.c:828:6:HAL_USART_MspInit	256	static
../Core/Src/stm32h7xx_hal_msp.c:973:6:HAL_UART_MspDeInit	16	static
../Core/Src/stm32h7xx_hal_msp.c:1056:6:HAL_USART_MspDeInit	16	static
../Core/Src/stm32h7xx_hal_msp.c:1128:6:HAL_QSPI_MspInit	240	static
../Core/Src/stm32h7xx_hal_msp.c:1194:6:HAL_QSPI_MspDeInit	16	static
../Core/Src/stm32h7xx_hal_msp.c:1231:6:HAL_SPI_MspInit	256	static
../Core/Src/stm32h7xx_hal_msp.c:1364:6:HAL_SPI_MspDeInit	16	static
../Core/Src/stm32h7xx_hal_msp.c:1436:6:HAL_TIM_PWM_MspInit	24	static
../Core/Src/stm32h7xx_hal_msp.c:1469:6:HAL_TIM_Base_MspInit	24	static
../Core/Src/stm32h7xx_hal_msp.c:1496:6:HAL_TIM_MspPostInit	56	static
../Core/Src/stm32h7xx_hal_msp.c:1590:6:HAL_TIM_PWM_MspDeInit	16	static
../Core/Src/stm32h7xx_hal_msp.c:1623:6:HAL_TIM_Base_MspDeInit	16	static
