../Core/Src/usart.c:38:6:MX_LPUART1_UART_Init	8	static
../Core/Src/usart.c:81:6:MX_UART4_Init	8	static
../Core/Src/usart.c:124:6:MX_UART8_Init	8	static
../Core/Src/usart.c:167:6:MX_USART1_Init	8	static
../Core/Src/usart.c:211:6:MX_USART2_UART_Init	8	static
../Core/Src/usart.c:254:6:MX_USART3_Init	8	static
../Core/Src/usart.c:297:6:MX_USART6_Init	8	static
../Core/Src/usart.c:340:6:HAL_UART_MspInit	248	static
../Core/Src/usart.c:483:6:HAL_USART_MspInit	256	static
../Core/Src/usart.c:622:6:HAL_UART_MspDeInit	0	static
../Core/Src/usart.c:699:6:HAL_USART_MspDeInit	8	static
