../Drivers/HX711/Core/Src/hx711.c:51:22:hx711_delay_ns.constprop	16	static
../Drivers/HX711/Core/Src/hx711.c:65:9:hx711_value	16	static
../Drivers/HX711/Core/Src/hx711.c:107:16:hx711_value_ave	24	static
../Drivers/HX711/Core/Src/hx711.c:128:6:hx711_init	56	static
../Drivers/HX711/Core/Src/hx711.c:177:6:hx711_is_online	16	static
../Drivers/HX711/Core/Src/hx711.c:196:6:hx711_tare	8	static
../Drivers/HX711/Core/Src/hx711.c:209:7:hx711_weight_ave	8	static
../Drivers/HX711/Core/Src/hx711.c:221:7:hx711_weight	8	static
../Drivers/HX711/Core/Src/hx711.c:234:6:hx711_coef_set	0	static
../Drivers/HX711/Core/Src/hx711.c:245:6:hx711_power_down	8	static
../Drivers/HX711/Core/Src/hx711.c:258:6:hx711_power_up	0	static
../Drivers/HX711/Core/Src/hx711.c:271:6:hx711_calibration	24	static
