c:\st\stm32cubeide_1.7.0\stm32cubeide\plugins\com.st.stm32cube.ide.mcu.externaltools.gnu-tools-for-stm32.10.3-2021.10.win32_1.0.0.202111181127\tools\arm-none-eabi\include\c++\10.3.1\bits\std_function.h:289:7:) [with _Res = void; _Functor = void (*)(unsigned char, sc_LED_packet*); _ArgTypes = {unsigned char, sc_LED_packet*}]	8	static
c:\st\stm32cubeide_1.7.0\stm32cubeide\plugins\com.st.stm32cube.ide.mcu.externaltools.gnu-tools-for-stm32.10.3-2021.10.win32_1.0.0.202111181127\tools\arm-none-eabi\include\c++\10.3.1\bits\std_function.h:268:7:), _Functor>::_M_manager(std::_Any_data&, const std::_Any_data&, std::_Manager_operation) [with _Res = void; _Functor = void (*)(unsigned char, sc_LED_packet*); _ArgTypes = {unsigned char, sc_LED_packet*}]	0	static
../System/Telemetry.cpp:116:6:void handle_led(uint8_t, sc_LED_packet*)	8	static
../System/Telemetry.cpp:69:16:STMUARTDriver* getInstance(UART_HandleTypeDef*)	16	static
../System/Telemetry.cpp:76:6:void HAL_UARTEx_RxEventCallback(UART_HandleTypeDef*, uint16_t)	8	static
../System/Telemetry.cpp:81:6:void HAL_UART_ErrorCallback(UART_HandleTypeDef*)	16	static
c:\st\stm32cubeide_1.7.0\stm32cubeide\plugins\com.st.stm32cube.ide.mcu.externaltools.gnu-tools-for-stm32.10.3-2021.10.win32_1.0.0.202111181127\tools\arm-none-eabi\include\c++\10.3.1\bits\vector.tcc:426:7:) [with _Args = {STMUARTDriver*}; _Tp = STMUARTDriver*; _Alloc = std::allocator<STMUARTDriver*>]	40	static
../System/Telemetry.cpp:91:6:void setupTelemetry()	32	static
../System/Telemetry.cpp:121:1:cpp)	8	static
../System/Telemetry.cpp:121:1:cpp)	8	static
