../Drivers/VL53L1x/Core/src/vl53l1_api.c:864:21:SetPresetMode	72	static
../Drivers/VL53L1x/Core/src/vl53l1_api.c:1364:21:SetLimitValue	8	static
../Drivers/VL53L1x/Core/src/vl53l1_api.c:271:21:VL53L1_read_nvm_raw_data	24	static
../Drivers/VL53L1x/Core/src/vl53l1_api.c:2806:21:VL53L1_LoadPatch.isra	280	static
../Drivers/VL53L1x/Core/src/vl53l1_api.c:557:14:VL53L1_GetVersion	0	static
../Drivers/VL53L1x/Core/src/vl53l1_api.c:573:14:VL53L1_GetProductRevision	0	static
../Drivers/VL53L1x/Core/src/vl53l1_api.c:592:14:VL53L1_GetDeviceInfo	16	static
../Drivers/VL53L1x/Core/src/vl53l1_api.c:638:14:VL53L1_GetUID	16	static
../Drivers/VL53L1x/Core/src/vl53l1_api.c:655:14:VL53L1_GetRangeStatusString	0	static
../Drivers/VL53L1x/Core/src/vl53l1_api.c:669:14:VL53L1_GetPalErrorString	0	static
../Drivers/VL53L1x/Core/src/vl53l1_api.c:682:14:VL53L1_GetPalStateString	0	static
../Drivers/VL53L1x/Core/src/vl53l1_api.c:695:14:VL53L1_GetPalState	0	static
../Drivers/VL53L1x/Core/src/vl53l1_api.c:710:14:VL53L1_SetDeviceAddress	16	static
../Drivers/VL53L1x/Core/src/vl53l1_api.c:789:14:VL53L1_WaitDeviceBooted	0	static
../Drivers/VL53L1x/Core/src/vl53l1_api.c:918:14:VL53L1_SetInterruptPolarity	0	static
../Drivers/VL53L1x/Core/src/vl53l1_api.c:931:14:VL53L1_GetInterruptPolarity	0	static
../Drivers/VL53L1x/Core/src/vl53l1_api.c:983:14:VL53L1_GetPresetMode	0	static
../Drivers/VL53L1x/Core/src/vl53l1_api.c:996:14:VL53L1_SetDistanceMode	40	static
../Drivers/VL53L1x/Core/src/vl53l1_api.c:1058:14:VL53L1_GetDistanceMode	0	static
../Drivers/VL53L1x/Core/src/vl53l1_api.c:1074:14:VL53L1_SetMeasurementTimingBudgetMicroSeconds	40	static
../Drivers/VL53L1x/Core/src/vl53l1_api.c:945:14:VL53L1_SetPresetMode	16	static
../Drivers/VL53L1x/Core/src/vl53l1_api.c:766:14:VL53L1_StaticInit	8	static
../Drivers/VL53L1x/Core/src/vl53l1_api.c:1192:14:VL53L1_GetMeasurementTimingBudgetMicroSeconds	40	static
../Drivers/VL53L1x/Core/src/vl53l1_api.c:1275:14:VL53L1_SetInterMeasurementPeriodMilliSeconds	0	static
../Drivers/VL53L1x/Core/src/vl53l1_api.c:1294:14:VL53L1_GetInterMeasurementPeriodMilliSeconds	16	static
../Drivers/VL53L1x/Core/src/vl53l1_api.c:1318:14:VL53L1_GetNumberOfLimitCheck	0	static
../Drivers/VL53L1x/Core/src/vl53l1_api.c:1330:14:VL53L1_GetLimitCheckInfo	0	static
../Drivers/VL53L1x/Core/src/vl53l1_api.c:1344:14:VL53L1_GetLimitCheckStatus	0	static
../Drivers/VL53L1x/Core/src/vl53l1_api.c:1390:14:VL53L1_SetLimitCheckEnable	16	static
../Drivers/VL53L1x/Core/src/vl53l1_api.c:727:14:VL53L1_DataInit	16	static
../Drivers/VL53L1x/Core/src/vl53l1_api.c:1424:14:VL53L1_GetLimitCheckEnable	0	static
../Drivers/VL53L1x/Core/src/vl53l1_api.c:1446:14:VL53L1_SetLimitCheckValue	16	static
../Drivers/VL53L1x/Core/src/vl53l1_api.c:1483:14:VL53L1_GetLimitCheckValue	24	static
../Drivers/VL53L1x/Core/src/vl53l1_api.c:1530:14:VL53L1_GetLimitCheckCurrent	0	static
../Drivers/VL53L1x/Core/src/vl53l1_api.c:1557:14:VL53L1_SetUserROI	24	static
../Drivers/VL53L1x/Core/src/vl53l1_api.c:1580:14:VL53L1_GetUserROI	24	static
../Drivers/VL53L1x/Core/src/vl53l1_api.c:1604:14:VL53L1_GetNumberOfSequenceSteps	0	static
../Drivers/VL53L1x/Core/src/vl53l1_api.c:1619:14:VL53L1_GetSequenceStepsInfo	0	static
../Drivers/VL53L1x/Core/src/vl53l1_api.c:1635:14:VL53L1_SetSequenceStepEnable	16	static
../Drivers/VL53L1x/Core/src/vl53l1_api.c:1668:14:VL53L1_GetSequenceStepEnable	0	static
../Drivers/VL53L1x/Core/src/vl53l1_api.c:1692:14:VL53L1_StartMeasurement	24	static
../Drivers/VL53L1x/Core/src/vl53l1_api.c:1756:14:VL53L1_StopMeasurement	16	static
../Drivers/VL53L1x/Core/src/vl53l1_api.c:1776:14:VL53L1_ClearInterruptAndStartMeasurement	0	static
../Drivers/VL53L1x/Core/src/vl53l1_api.c:1793:14:VL53L1_GetMeasurementDataReady	0	static
../Drivers/VL53L1x/Core/src/vl53l1_api.c:1806:14:VL53L1_WaitMeasurementDataReady	0	static
../Drivers/VL53L1x/Core/src/vl53l1_api.c:2042:14:VL53L1_GetRangingMeasurementData	160	static
../Drivers/VL53L1x/Core/src/vl53l1_api.c:2088:14:VL53L1_SetTuningParameter	4	static
../Drivers/VL53L1x/Core/src/vl53l1_api.c:2109:14:VL53L1_GetTuningParameter	4	static
../Drivers/VL53L1x/Core/src/vl53l1_api.c:2132:14:VL53L1_PerformRefSpadManagement	48	static
../Drivers/VL53L1x/Core/src/vl53l1_api.c:2212:14:VL53L1_SetXTalkCompensationEnable	0	static
../Drivers/VL53L1x/Core/src/vl53l1_api.c:2229:14:VL53L1_GetXTalkCompensationEnable	8	static
../Drivers/VL53L1x/Core/src/vl53l1_api.c:2266:14:VL53L1_PerformOffsetSimpleCalibration	88	static
../Drivers/VL53L1x/Core/src/vl53l1_api.c:2357:14:VL53L1_PerformOffsetZeroDistanceCalibration	88	static
../Drivers/VL53L1x/Core/src/vl53l1_api.c:2440:14:VL53L1_SetCalibrationData	128	static
../Drivers/VL53L1x/Core/src/vl53l1_api.c:2532:14:VL53L1_GetCalibrationData	128	static
../Drivers/VL53L1x/Core/src/vl53l1_api.c:2244:14:VL53L1_PerformSingleTargetXTalkCalibration	176	static
../Drivers/VL53L1x/Core/src/vl53l1_api.c:2616:14:VL53L1_GetOpticalCenter	120	static
../Drivers/VL53L1x/Core/src/vl53l1_api.c:2644:14:VL53L1_SetThresholdConfig	56	static
../Drivers/VL53L1x/Core/src/vl53l1_api.c:2745:14:VL53L1_GetThresholdConfig	32	static
