vl53l1_api.c:91:21:VL53L1_nvm_enable	32	static
vl53l1_api.c:165:21:VL53L1_nvm_read	32	static
vl53l1_api.c:230:21:VL53L1_nvm_disable	24	static
vl53l1_api.c:271:21:VL53L1_read_nvm_raw_data	32	static
vl53l1_api.c:321:21:SingleTargetXTalkCalibration	208	static
vl53l1_api.c:485:21:CheckValidRectRoi	24	static
vl53l1_api.c:503:35:ConvertModeToLLD	24	static
vl53l1_api.c:529:29:ConvertModeFromLLD	24	static
vl53l1_api.c:557:14:VL53L1_GetVersion	24	static
vl53l1_api.c:573:14:VL53L1_GetProductRevision	40	static
vl53l1_api.c:592:14:VL53L1_GetDeviceInfo	32	static
vl53l1_api.c:638:14:VL53L1_GetUID	32	static
vl53l1_api.c:655:14:VL53L1_GetRangeStatusString	24	static
vl53l1_api.c:669:14:VL53L1_GetPalErrorString	24	static
vl53l1_api.c:682:14:VL53L1_GetPalStateString	24	static
vl53l1_api.c:695:14:VL53L1_GetPalState	24	static
vl53l1_api.c:710:14:VL53L1_SetDeviceAddress	32	static
vl53l1_api.c:727:14:VL53L1_DataInit	24	static
vl53l1_api.c:766:14:VL53L1_StaticInit	24	static
vl53l1_api.c:789:14:VL53L1_WaitDeviceBooted	24	static
vl53l1_api.c:805:21:ComputeDevicePresetMode	32	static
vl53l1_api.c:864:21:SetPresetMode	72	static
vl53l1_api.c:918:14:VL53L1_SetInterruptPolarity	24	static
vl53l1_api.c:931:14:VL53L1_GetInterruptPolarity	24	static
vl53l1_api.c:945:14:VL53L1_SetPresetMode	24	static
vl53l1_api.c:983:14:VL53L1_GetPresetMode	24	static
vl53l1_api.c:996:14:VL53L1_SetDistanceMode	40	static
vl53l1_api.c:1058:14:VL53L1_GetDistanceMode	24	static
vl53l1_api.c:1074:14:VL53L1_SetMeasurementTimingBudgetMicroSeconds	56	static
vl53l1_api.c:1192:14:VL53L1_GetMeasurementTimingBudgetMicroSeconds	56	static
vl53l1_api.c:1275:14:VL53L1_SetInterMeasurementPeriodMilliSeconds	24	static
vl53l1_api.c:1294:14:VL53L1_GetInterMeasurementPeriodMilliSeconds	24	static
vl53l1_api.c:1318:14:VL53L1_GetNumberOfLimitCheck	24	static
vl53l1_api.c:1330:14:VL53L1_GetLimitCheckInfo	24	static
vl53l1_api.c:1344:14:VL53L1_GetLimitCheckStatus	32	static
vl53l1_api.c:1364:21:SetLimitValue	32	static
vl53l1_api.c:1390:14:VL53L1_SetLimitCheckEnable	24	static
vl53l1_api.c:1424:14:VL53L1_GetLimitCheckEnable	32	static
vl53l1_api.c:1446:14:VL53L1_SetLimitCheckValue	32	static
vl53l1_api.c:1483:14:VL53L1_GetLimitCheckValue	40	static
vl53l1_api.c:1530:14:VL53L1_GetLimitCheckCurrent	32	static
vl53l1_api.c:1557:14:VL53L1_SetUserROI	24	static
vl53l1_api.c:1580:14:VL53L1_GetUserROI	24	static
vl53l1_api.c:1604:14:VL53L1_GetNumberOfSequenceSteps	24	static
vl53l1_api.c:1619:14:VL53L1_GetSequenceStepsInfo	24	static
vl53l1_api.c:1635:14:VL53L1_SetSequenceStepEnable	24	static
vl53l1_api.c:1668:14:VL53L1_GetSequenceStepEnable	32	static
vl53l1_api.c:1692:14:VL53L1_StartMeasurement	32	static
vl53l1_api.c:1756:14:VL53L1_StopMeasurement	24	static
vl53l1_api.c:1776:14:VL53L1_ClearInterruptAndStartMeasurement	24	static
vl53l1_api.c:1793:14:VL53L1_GetMeasurementDataReady	24	static
vl53l1_api.c:1806:14:VL53L1_WaitMeasurementDataReady	24	static
vl53l1_api.c:1825:16:ComputeRQL	56	static
vl53l1_api.c:1871:16:ConvertStatusLite	24	static
vl53l1_api.c:1912:21:SetSimpleData	56	static
vl53l1_api.c:2042:14:VL53L1_GetRangingMeasurementData	168	static
vl53l1_api.c:2088:14:VL53L1_SetTuningParameter	32	static
vl53l1_api.c:2109:14:VL53L1_GetTuningParameter	32	static
vl53l1_api.c:2132:14:VL53L1_PerformRefSpadManagement	72	static
vl53l1_api.c:2212:14:VL53L1_SetXTalkCompensationEnable	24	static
vl53l1_api.c:2229:14:VL53L1_GetXTalkCompensationEnable	24	static
vl53l1_api.c:2244:14:VL53L1_PerformSingleTargetXTalkCalibration	24	static
vl53l1_api.c:2266:14:VL53L1_PerformOffsetSimpleCalibration	88	static
vl53l1_api.c:2357:14:VL53L1_PerformOffsetZeroDistanceCalibration	88	static
vl53l1_api.c:2440:14:VL53L1_SetCalibrationData	136	static
vl53l1_api.c:2532:14:VL53L1_GetCalibrationData	128	static
vl53l1_api.c:2616:14:VL53L1_GetOpticalCenter	128	static
vl53l1_api.c:2644:14:VL53L1_SetThresholdConfig	64	static
vl53l1_api.c:2745:14:VL53L1_GetThresholdConfig	32	static
vl53l1_api.c:2806:21:VL53L1_LoadPatch	288	static
vl53l1_api.c:2909:21:VL53L1_UnloadPatch	24	static
