main.c:123:13:ADC1115_test	152	static
main.c:147:13:stemma_test	128	static
main.c:181:13:bno_test	192	static
main.c:203:13:hx711_test	144	static
main.c:233:13:VL53l1_test	1040	static
main.c:285:5:main	192	static
main.c:361:6:SystemClock_Config	120	static
main.c:420:6:PeriphCommonClock_Config	200	static
main.c:447:13:MX_ADC1_Init	48	static
main.c:512:13:MX_ADC2_Init	40	static
main.c:569:13:MX_ADC3_Init	40	static
main.c:626:13:MX_DAC1_Init	48	static
main.c:673:13:MX_FDCAN1_Init	8	static
main.c:726:13:MX_FDCAN2_Init	8	static
main.c:779:13:MX_I2C1_Init	8	static
main.c:825:13:MX_I2C2_Init	8	static
main.c:871:13:MX_I2C4_Init	8	static
main.c:917:13:MX_LPUART1_UART_Init	8	static
main.c:965:13:MX_UART4_Init	8	static
main.c:1013:13:MX_UART8_Init	8	static
main.c:1061:13:MX_USART1_Init	8	static
main.c:1109:13:MX_USART2_UART_Init	8	static
main.c:1157:13:MX_USART3_Init	8	static
main.c:1205:13:MX_USART6_Init	8	static
main.c:1253:13:MX_QUADSPI_Init	8	static
main.c:1288:13:MX_SPI1_Init	8	static
main.c:1337:13:MX_SPI2_Init	8	static
main.c:1385:13:MX_SPI4_Init	8	static
main.c:1433:13:MX_TIM1_Init	96	static
main.c:1503:13:MX_TIM4_Init	64	static
main.c:1562:13:MX_TIM5_Init	48	static
main.c:1611:13:MX_TIM15_Init	112	static
main.c:1685:13:MX_DMA_Init	16	static
main.c:1703:13:MX_GPIO_Init	56	static
main.c:1805:6:Error_Handler	4	static,ignoring_inline_asm
