main.c:125:5:main	192	static
main.c:281:6:SystemClock_Config	120	static
main.c:340:6:PeriphCommonClock_Config	200	static
main.c:367:13:MX_ADC1_Init	48	static
main.c:432:13:MX_ADC2_Init	40	static
main.c:489:13:MX_ADC3_Init	40	static
main.c:546:13:MX_DAC1_Init	48	static
main.c:593:13:MX_FDCAN1_Init	8	static
main.c:646:13:MX_FDCAN2_Init	8	static
main.c:699:13:MX_I2C1_Init	8	static
main.c:745:13:MX_I2C2_Init	8	static
main.c:791:13:MX_I2C4_Init	8	static
main.c:837:13:MX_LPUART1_UART_Init	8	static
main.c:885:13:MX_UART4_Init	8	static
main.c:933:13:MX_UART8_Init	8	static
main.c:981:13:MX_USART1_Init	8	static
main.c:1029:13:MX_USART2_Init	8	static
main.c:1077:13:MX_USART3_Init	8	static
main.c:1125:13:MX_USART6_Init	8	static
main.c:1173:13:MX_QUADSPI_Init	8	static
main.c:1208:13:MX_SPI1_Init	8	static
main.c:1256:13:MX_SPI2_Init	8	static
main.c:1304:13:MX_SPI4_Init	8	static
main.c:1352:13:MX_TIM1_Init	96	static
main.c:1422:13:MX_TIM4_Init	64	static
main.c:1481:13:MX_TIM5_Init	48	static
main.c:1530:13:MX_TIM15_Init	112	static
main.c:1606:13:MX_GPIO_Init	56	static
main.c:1708:6:Error_Handler	4	static,ignoring_inline_asm
