stm32h7xx_hal_msp.c:67:6:HAL_MspInit	16	static
stm32h7xx_hal_msp.c:90:6:HAL_ADC_MspInit	72	static
stm32h7xx_hal_msp.c:201:6:HAL_ADC_MspDeInit	16	static
stm32h7xx_hal_msp.c:287:6:HAL_DAC_MspInit	48	static
stm32h7xx_hal_msp.c:321:6:HAL_DAC_MspDeInit	16	static
stm32h7xx_hal_msp.c:352:6:HAL_FDCAN_MspInit	240	static
stm32h7xx_hal_msp.c:438:6:HAL_FDCAN_MspDeInit	16	static
stm32h7xx_hal_msp.c:491:6:HAL_I2C_MspInit	248	static
stm32h7xx_hal_msp.c:602:6:HAL_I2C_MspDeInit	16	static
stm32h7xx_hal_msp.c:673:6:HAL_UART_MspInit	256	static
stm32h7xx_hal_msp.c:821:6:HAL_USART_MspInit	256	static
stm32h7xx_hal_msp.c:966:6:HAL_UART_MspDeInit	16	static
stm32h7xx_hal_msp.c:1049:6:HAL_USART_MspDeInit	16	static
stm32h7xx_hal_msp.c:1121:6:HAL_QSPI_MspInit	240	static
stm32h7xx_hal_msp.c:1187:6:HAL_QSPI_MspDeInit	16	static
stm32h7xx_hal_msp.c:1224:6:HAL_SPI_MspInit	256	static
stm32h7xx_hal_msp.c:1357:6:HAL_SPI_MspDeInit	16	static
stm32h7xx_hal_msp.c:1429:6:HAL_TIM_PWM_MspInit	24	static
stm32h7xx_hal_msp.c:1462:6:HAL_TIM_Base_MspInit	24	static
stm32h7xx_hal_msp.c:1489:6:HAL_TIM_MspPostInit	56	static
stm32h7xx_hal_msp.c:1583:6:HAL_TIM_PWM_MspDeInit	16	static
stm32h7xx_hal_msp.c:1616:6:HAL_TIM_Base_MspDeInit	16	static
