bno055.c:11:6:bno055_setPage	16	static
bno055.c:13:17:bno055_getOperationMode	16	static
bno055.c:19:6:bno055_setOperationMode	16	static
bno055.c:28:6:bno055_setOperationModeConfig	8	static
bno055.c:32:6:bno055_setOperationModeNDOF	8	static
bno055.c:36:6:bno055_setExternalCrystalUse	24	static
bno055.c:45:6:bno055_enableExternalCrystal	8	static
bno055.c:46:6:bno055_disableExternalCrystal	8	static
bno055.c:48:6:bno055_reset	8	static
bno055.c:53:8:bno055_getTemp	16	static
bno055.c:60:6:bno055_setup	280	static
bno055.c:78:9:bno055_getSWRevision	16	static
bno055.c:85:9:bno055_getBootloaderRevision	16	static
bno055.c:92:9:bno055_getSystemStatus	16	static
bno055.c:99:27:bno055_getSelfTestResult	24	static
bno055.c:112:9:bno055_getSystemError	16	static
bno055.c:119:28:bno055_getCalibrationState	24	static
bno055.c:132:27:bno055_getCalibrationData	72	static
bno055.c:153:6:bno055_setCalibrationData	32	static
bno055.c:174:17:bno055_getVector	152	static
bno055.c:213:17:bno055_getVectorAccelerometer	96	static
bno055.c:216:17:bno055_getVectorMagnetometer	96	static
bno055.c:219:17:bno055_getVectorGyroscope	96	static
bno055.c:222:17:bno055_getVectorEuler	96	static
bno055.c:225:17:bno055_getVectorLinearAccel	96	static
bno055.c:228:17:bno055_getVectorGravity	96	static
bno055.c:231:17:bno055_getVectorQuaternion	96	static
bno055.c:235:6:bno055_setAxisMap	24	static
