../System/Sensors/Prober.h:16:7:ProberThread::~ProberThread()	0	static
../System/Sensors/Prober.h:16:7:virtual ProberThread::~ProberThread()	8	static
../System/Sensors/Prober.cpp:29:6:bool ProberThread::probeI2C(uint8_t)	8	static
../System/Sensors/Prober.cpp:62:6:virtual void ProberThread::loop()	16	static
../System/Sensors/Prober.cpp:33:6:bool ProberThread::probeDB()	0	static
../System/Sensors/Prober.cpp:94:6:void ProberThread::resetProber()	8	static
../System/Sensors/Prober.cpp:98:9:Thread* ProberThread::instantiateHX711()	40	static
../System/Sensors/Prober.cpp:117:9:uint8_t ProberThread::checkI2CPort(I2C_HandleTypeDef*)	0	static
../System/Sensors/Prober.cpp:23:6:virtual void ProberThread::init()	8	static
