C:/Users/ybakk/OneDrive/Documents/Xplore/AV_SW_workspace/Orion_FW/Drivers/BMP280/Core/Inc/BMP280.hpp:25:9:constexpr BMP280::Measurement::Measurement()	16	static
../Drivers/BMP280/Core/Src/BMP280.cpp:9:1:BMP280::BMP280(SPI_HandleTypeDef*)	16	static
../Drivers/BMP280/Core/Src/BMP280.cpp:17:9:uint8_t BMP280::initialize()	24	static
../Drivers/BMP280/Core/Src/BMP280.cpp:45:6:void BMP280::reset()	16	static
../Drivers/BMP280/Core/Src/BMP280.cpp:54:9:uint8_t BMP280::getID()	16	static
../Drivers/BMP280/Core/Src/BMP280.cpp:60:6:void BMP280::readCompensationParameters()	40	static
../Drivers/BMP280/Core/Src/BMP280.cpp:83:6:void BMP280::setReferencePressure(uint16_t, uint8_t)	24	static
../Drivers/BMP280/Core/Src/BMP280.cpp:98:6:void BMP280::setPressureOversampling(Oversampling)	24	static
../Drivers/BMP280/Core/Src/BMP280.cpp:106:6:void BMP280::setTemperatureOversampling(Oversampling)	24	static
../Drivers/BMP280/Core/Src/BMP280.cpp:114:6:void BMP280::setPowerMode(PowerMode)	24	static
../Drivers/BMP280/Core/Src/BMP280.cpp:122:6:void BMP280::setStandbyTime(StandbyTime)	24	static
../Drivers/BMP280/Core/Src/BMP280.cpp:130:6:void BMP280::setFilterCoefficient(FilterSetting)	24	static
../Drivers/BMP280/Core/Src/BMP280.cpp:145:6:void BMP280::measure()	32	static
c:\st\stm32cubeide_1.12.0\stm32cubeide\plugins\com.st.stm32cube.ide.mcu.externaltools.gnu-tools-for-stm32.10.3-2021.10.win32_1.0.200.202301161003\tools\arm-none-eabi\include\c++\10.3.1\cmath:415:5:constexpr typename __gnu_cxx::__promote_2<_Tp, _Up>::__type std::pow(_Tp, _Up) [with _Tp = float; _Up = double]	24	static
