../System/RoCo/Src/IOBus.cpp:22:1:IOBus::~IOBus()	0	static
../System/RoCo/Src/IOBus.cpp:49:6:virtual void IOBus::transmit()	8	static
../System/RoCo/Src/IOBus.cpp:22:1:virtual IOBus::~IOBus()	8	static
../System/RoCo/Src/IOBus.cpp:24:6:void IOBus::receive(uint8_t, uint8_t*, uint32_t)	24	static
../System/RoCo/Src/IOBus.cpp:34:9:virtual uint8_t IOBus::append(uint8_t*, uint32_t)	16	static
/home/avm/st/stm32cubeide_1.10.1_4/plugins/com.st.stm32cube.ide.mcu.externaltools.gnu-tools-for-stm32.10.3-2021.10.linux64_1.0.0.202111181127/tools/arm-none-eabi/include/c++/10.3.1/bits/std_function.h:289:7:) [with _Res = void; _Functor = std::_Bind<void (IOBus::*(IOBus*, std::_Placeholder<1>, std::_Placeholder<2>, std::_Placeholder<3>))(unsigned char, unsigned char*, long unsigned int)>; _ArgTypes = {unsigned char, unsigned char*, long unsigned int}]	16	static
/home/avm/st/stm32cubeide_1.10.1_4/plugins/com.st.stm32cube.ide.mcu.externaltools.gnu-tools-for-stm32.10.3-2021.10.linux64_1.0.0.202111181127/tools/arm-none-eabi/include/c++/10.3.1/bits/std_function.h:268:7:), _Functor>::_M_manager(std::_Any_data&, const std::_Any_data&, std::_Manager_operation) [with _Res = void; _Functor = std::_Bind<void (IOBus::*(IOBus*, std::_Placeholder<1>, std::_Placeholder<2>, std::_Placeholder<3>))(unsigned char, unsigned char*, long unsigned int)>; _ArgTypes = {unsigned char, unsigned char*, long unsigned int}]	16	static
../System/RoCo/Src/IOBus.cpp:12:1:IOBus::IOBus(IODriver*, uint8_t*, uint32_t)	40	static
