/home/avm/st/stm32cubeide_1.10.1_4/plugins/com.st.stm32cube.ide.mcu.externaltools.gnu-tools-for-stm32.10.3-2021.10.linux64_1.0.0.202111181127/tools/arm-none-eabi/include/c++/10.3.1/typeinfo:143:12:std::size_t std::type_info::hash_code() const	8	static
../System/RoCo/Src/MessageBus.cpp:48:27:bool MessageBus::define(uint8_t) [with T = avionics_IMU_packet]	24	static
../System/RoCo/Src/MessageBus.cpp:151:6:bool MessageBus::send(PacketDefinition*, uint8_t*)	24	static
../System/RoCo/Src/MessageBus.cpp:182:6:void MessageBus::receive(uint8_t, uint8_t*, uint32_t)	32	static
../System/RoCo/Src/MessageBus.cpp:219:19:PacketDefinition* MessageBus::retrieve(size_t)	12	static
../System/RoCo/Src/MessageBus.cpp:93:27:bool MessageBus::handle(void (*)(uint8_t, T*)) [with T = avionics_IMU_packet]	16	static
../System/RoCo/Src/MessageBus.cpp:120:27:bool MessageBus::forward(MessageBus*) [with T = avionics_IMU_packet]	16	static
../System/RoCo/Src/MessageBus.cpp:143:27:bool MessageBus::send(T*) [with T = avionics_IMU_packet]	16	static
