../System/RoCo/Src/MessageBus.cpp:155:6:virtual bool MessageBus::send(PacketDefinition*, uint8_t*)	24	static
../System/RoCo/Src/MessageBus.cpp:250:19:virtual PacketDefinition* MessageBus::retrieve(size_t)	4	static
c:\st\stm32cubeide_1.7.0\stm32cubeide\plugins\com.st.stm32cube.ide.mcu.externaltools.gnu-tools-for-stm32.10.3-2021.10.win32_1.0.0.202111181127\tools\arm-none-eabi\include\c++\10.3.1\bits\std_function.h:268:7:), _Functor>::_M_manager(std::_Any_data&, const std::_Any_data&, std::_Manager_operation) [with _Res = void; _Functor = MessageBus::handle<avionics_ToF_packet>::<lambda(uint8_t, void*)>; _ArgTypes = {unsigned char, void*}]	16	static
c:\st\stm32cubeide_1.7.0\stm32cubeide\plugins\com.st.stm32cube.ide.mcu.externaltools.gnu-tools-for-stm32.10.3-2021.10.win32_1.0.0.202111181127\tools\arm-none-eabi\include\c++\10.3.1\bits\std_function.h:268:7:), _Functor>::_M_manager(std::_Any_data&, const std::_Any_data&, std::_Manager_operation) [with _Res = void; _Functor = MessageBus::handle<avionics_IMU_packet>::<lambda(uint8_t, void*)>; _ArgTypes = {unsigned char, void*}]	16	static
c:\st\stm32cubeide_1.7.0\stm32cubeide\plugins\com.st.stm32cube.ide.mcu.externaltools.gnu-tools-for-stm32.10.3-2021.10.win32_1.0.0.202111181127\tools\arm-none-eabi\include\c++\10.3.1\bits\std_function.h:268:7:), _Functor>::_M_manager(std::_Any_data&, const std::_Any_data&, std::_Manager_operation) [with _Res = void; _Functor = MessageBus::handle<avionics_massload_packet>::<lambda(uint8_t, void*)>; _ArgTypes = {unsigned char, void*}]	16	static
c:\st\stm32cubeide_1.7.0\stm32cubeide\plugins\com.st.stm32cube.ide.mcu.externaltools.gnu-tools-for-stm32.10.3-2021.10.win32_1.0.0.202111181127\tools\arm-none-eabi\include\c++\10.3.1\bits\std_function.h:268:7:), _Functor>::_M_manager(std::_Any_data&, const std::_Any_data&, std::_Manager_operation) [with _Res = void; _Functor = MessageBus::handle<avionics_moisture_packet>::<lambda(uint8_t, void*)>; _ArgTypes = {unsigned char, void*}]	16	static
c:\st\stm32cubeide_1.7.0\stm32cubeide\plugins\com.st.stm32cube.ide.mcu.externaltools.gnu-tools-for-stm32.10.3-2021.10.win32_1.0.0.202111181127\tools\arm-none-eabi\include\c++\10.3.1\bits\std_function.h:268:7:), _Functor>::_M_manager(std::_Any_data&, const std::_Any_data&, std::_Manager_operation) [with _Res = void; _Functor = MessageBus::handle<avionics_potentiometer_packet>::<lambda(uint8_t, void*)>; _ArgTypes = {unsigned char, void*}]	16	static
c:\st\stm32cubeide_1.7.0\stm32cubeide\plugins\com.st.stm32cube.ide.mcu.externaltools.gnu-tools-for-stm32.10.3-2021.10.win32_1.0.0.202111181127\tools\arm-none-eabi\include\c++\10.3.1\bits\std_function.h:268:7:), _Functor>::_M_manager(std::_Any_data&, const std::_Any_data&, std::_Manager_operation) [with _Res = void; _Functor = MessageBus::handle<avionics_voltmeter_packet>::<lambda(uint8_t, void*)>; _ArgTypes = {unsigned char, void*}]	16	static
c:\st\stm32cubeide_1.7.0\stm32cubeide\plugins\com.st.stm32cube.ide.mcu.externaltools.gnu-tools-for-stm32.10.3-2021.10.win32_1.0.0.202111181127\tools\arm-none-eabi\include\c++\10.3.1\bits\std_function.h:268:7:), _Functor>::_M_manager(std::_Any_data&, const std::_Any_data&, std::_Manager_operation) [with _Res = void; _Functor = MessageBus::handle<sc_caching_packet>::<lambda(uint8_t, void*)>; _ArgTypes = {unsigned char, void*}]	16	static
c:\st\stm32cubeide_1.7.0\stm32cubeide\plugins\com.st.stm32cube.ide.mcu.externaltools.gnu-tools-for-stm32.10.3-2021.10.win32_1.0.0.202111181127\tools\arm-none-eabi\include\c++\10.3.1\bits\std_function.h:268:7:), _Functor>::_M_manager(std::_Any_data&, const std::_Any_data&, std::_Manager_operation) [with _Res = void; _Functor = MessageBus::handle<sc_caching_success_packet>::<lambda(uint8_t, void*)>; _ArgTypes = {unsigned char, void*}]	16	static
c:\st\stm32cubeide_1.7.0\stm32cubeide\plugins\com.st.stm32cube.ide.mcu.externaltools.gnu-tools-for-stm32.10.3-2021.10.win32_1.0.0.202111181127\tools\arm-none-eabi\include\c++\10.3.1\bits\std_function.h:268:7:), _Functor>::_M_manager(std::_Any_data&, const std::_Any_data&, std::_Manager_operation) [with _Res = void; _Functor = MessageBus::handle<sc_trap_packet>::<lambda(uint8_t, void*)>; _ArgTypes = {unsigned char, void*}]	16	static
c:\st\stm32cubeide_1.7.0\stm32cubeide\plugins\com.st.stm32cube.ide.mcu.externaltools.gnu-tools-for-stm32.10.3-2021.10.win32_1.0.0.202111181127\tools\arm-none-eabi\include\c++\10.3.1\bits\std_function.h:268:7:), _Functor>::_M_manager(std::_Any_data&, const std::_Any_data&, std::_Manager_operation) [with _Res = void; _Functor = MessageBus::handle<sc_trap_success_packet>::<lambda(uint8_t, void*)>; _ArgTypes = {unsigned char, void*}]	16	static
c:\st\stm32cubeide_1.7.0\stm32cubeide\plugins\com.st.stm32cube.ide.mcu.externaltools.gnu-tools-for-stm32.10.3-2021.10.win32_1.0.0.202111181127\tools\arm-none-eabi\include\c++\10.3.1\bits\std_function.h:268:7:), _Functor>::_M_manager(std::_Any_data&, const std::_Any_data&, std::_Manager_operation) [with _Res = void; _Functor = MessageBus::handle<sc_LED_packet>::<lambda(uint8_t, void*)>; _ArgTypes = {unsigned char, void*}]	16	static
c:\st\stm32cubeide_1.7.0\stm32cubeide\plugins\com.st.stm32cube.ide.mcu.externaltools.gnu-tools-for-stm32.10.3-2021.10.win32_1.0.0.202111181127\tools\arm-none-eabi\include\c++\10.3.1\bits\std_function.h:268:7:), _Functor>::_M_manager(std::_Any_data&, const std::_Any_data&, std::_Manager_operation) [with _Res = void; _Functor = MessageBus::handle<Power_SystemPacket>::<lambda(uint8_t, void*)>; _ArgTypes = {unsigned char, void*}]	16	static
c:\st\stm32cubeide_1.7.0\stm32cubeide\plugins\com.st.stm32cube.ide.mcu.externaltools.gnu-tools-for-stm32.10.3-2021.10.win32_1.0.0.202111181127\tools\arm-none-eabi\include\c++\10.3.1\bits\std_function.h:268:7:), _Functor>::_M_manager(std::_Any_data&, const std::_Any_data&, std::_Manager_operation) [with _Res = void; _Functor = MessageBus::handle<Power_VoltagePacket>::<lambda(uint8_t, void*)>; _ArgTypes = {unsigned char, void*}]	16	static
c:\st\stm32cubeide_1.7.0\stm32cubeide\plugins\com.st.stm32cube.ide.mcu.externaltools.gnu-tools-for-stm32.10.3-2021.10.win32_1.0.0.202111181127\tools\arm-none-eabi\include\c++\10.3.1\bits\std_function.h:268:7:), _Functor>::_M_manager(std::_Any_data&, const std::_Any_data&, std::_Manager_operation) [with _Res = void; _Functor = MessageBus::handle<Power_CurrentPacket>::<lambda(uint8_t, void*)>; _ArgTypes = {unsigned char, void*}]	16	static
c:\st\stm32cubeide_1.7.0\stm32cubeide\plugins\com.st.stm32cube.ide.mcu.externaltools.gnu-tools-for-stm32.10.3-2021.10.win32_1.0.0.202111181127\tools\arm-none-eabi\include\c++\10.3.1\bits\std_function.h:268:7:), _Functor>::_M_manager(std::_Any_data&, const std::_Any_data&, std::_Manager_operation) [with _Res = void; _Functor = MessageBus::handle<Reset_PowerSupplyPacket>::<lambda(uint8_t, void*)>; _ArgTypes = {unsigned char, void*}]	16	static
c:\st\stm32cubeide_1.7.0\stm32cubeide\plugins\com.st.stm32cube.ide.mcu.externaltools.gnu-tools-for-stm32.10.3-2021.10.win32_1.0.0.202111181127\tools\arm-none-eabi\include\c++\10.3.1\bits\std_function.h:268:7:), _Functor>::_M_manager(std::_Any_data&, const std::_Any_data&, std::_Manager_operation) [with _Res = void; _Functor = MessageBus::handle<Switch_AvionicsPacket>::<lambda(uint8_t, void*)>; _ArgTypes = {unsigned char, void*}]	16	static
c:\st\stm32cubeide_1.7.0\stm32cubeide\plugins\com.st.stm32cube.ide.mcu.externaltools.gnu-tools-for-stm32.10.3-2021.10.win32_1.0.0.202111181127\tools\arm-none-eabi\include\c++\10.3.1\bits\std_function.h:268:7:), _Functor>::_M_manager(std::_Any_data&, const std::_Any_data&, std::_Manager_operation) [with _Res = void; _Functor = MessageBus::handle<Switch_RamanPacket>::<lambda(uint8_t, void*)>; _ArgTypes = {unsigned char, void*}]	16	static
c:\st\stm32cubeide_1.7.0\stm32cubeide\plugins\com.st.stm32cube.ide.mcu.externaltools.gnu-tools-for-stm32.10.3-2021.10.win32_1.0.0.202111181127\tools\arm-none-eabi\include\c++\10.3.1\bits\std_function.h:268:7:), _Functor>::_M_manager(std::_Any_data&, const std::_Any_data&, std::_Manager_operation) [with _Res = void; _Functor = MessageBus::handle<Switch_JetsonPacket>::<lambda(uint8_t, void*)>; _ArgTypes = {unsigned char, void*}]	16	static
c:\st\stm32cubeide_1.7.0\stm32cubeide\plugins\com.st.stm32cube.ide.mcu.externaltools.gnu-tools-for-stm32.10.3-2021.10.win32_1.0.0.202111181127\tools\arm-none-eabi\include\c++\10.3.1\bits\std_function.h:268:7:), _Functor>::_M_manager(std::_Any_data&, const std::_Any_data&, std::_Manager_operation) [with _Res = void; _Functor = MessageBus::handle<Switch_LidarPacket>::<lambda(uint8_t, void*)>; _ArgTypes = {unsigned char, void*}]	16	static
c:\st\stm32cubeide_1.7.0\stm32cubeide\plugins\com.st.stm32cube.ide.mcu.externaltools.gnu-tools-for-stm32.10.3-2021.10.win32_1.0.0.202111181127\tools\arm-none-eabi\include\c++\10.3.1\bits\std_function.h:268:7:), _Functor>::_M_manager(std::_Any_data&, const std::_Any_data&, std::_Manager_operation) [with _Res = void; _Functor = MessageBus::handle<Switch_EthernetPacket>::<lambda(uint8_t, void*)>; _ArgTypes = {unsigned char, void*}]	16	static
c:\st\stm32cubeide_1.7.0\stm32cubeide\plugins\com.st.stm32cube.ide.mcu.externaltools.gnu-tools-for-stm32.10.3-2021.10.win32_1.0.0.202111181127\tools\arm-none-eabi\include\c++\10.3.1\bits\std_function.h:268:7:), _Functor>::_M_manager(std::_Any_data&, const std::_Any_data&, std::_Manager_operation) [with _Res = void; _Functor = MessageBus::handle<FsmPacket>::<lambda(uint8_t, void*)>; _ArgTypes = {unsigned char, void*}]	16	static
c:\st\stm32cubeide_1.7.0\stm32cubeide\plugins\com.st.stm32cube.ide.mcu.externaltools.gnu-tools-for-stm32.10.3-2021.10.win32_1.0.0.202111181127\tools\arm-none-eabi\include\c++\10.3.1\bits\std_function.h:268:7:), _Functor>::_M_manager(std::_Any_data&, const std::_Any_data&, std::_Manager_operation) [with _Res = void; _Functor = MessageBus::handle<DataPacket>::<lambda(uint8_t, void*)>; _ArgTypes = {unsigned char, void*}]	16	static
c:\st\stm32cubeide_1.7.0\stm32cubeide\plugins\com.st.stm32cube.ide.mcu.externaltools.gnu-tools-for-stm32.10.3-2021.10.win32_1.0.0.202111181127\tools\arm-none-eabi\include\c++\10.3.1\bits\std_function.h:268:7:), _Functor>::_M_manager(std::_Any_data&, const std::_Any_data&, std::_Manager_operation) [with _Res = void; _Functor = MessageBus::handle<PingPacket>::<lambda(uint8_t, void*)>; _ArgTypes = {unsigned char, void*}]	16	static
c:\st\stm32cubeide_1.7.0\stm32cubeide\plugins\com.st.stm32cube.ide.mcu.externaltools.gnu-tools-for-stm32.10.3-2021.10.win32_1.0.0.202111181127\tools\arm-none-eabi\include\c++\10.3.1\bits\std_function.h:268:7:), _Functor>::_M_manager(std::_Any_data&, const std::_Any_data&, std::_Manager_operation) [with _Res = void; _Functor = MessageBus::handle<ErrorPacket>::<lambda(uint8_t, void*)>; _ArgTypes = {unsigned char, void*}]	16	static
c:\st\stm32cubeide_1.7.0\stm32cubeide\plugins\com.st.stm32cube.ide.mcu.externaltools.gnu-tools-for-stm32.10.3-2021.10.win32_1.0.0.202111181127\tools\arm-none-eabi\include\c++\10.3.1\bits\std_function.h:268:7:), _Functor>::_M_manager(std::_Any_data&, const std::_Any_data&, std::_Manager_operation) [with _Res = void; _Functor = MessageBus::handle<RequestPacket>::<lambda(uint8_t, void*)>; _ArgTypes = {unsigned char, void*}]	16	static
c:\st\stm32cubeide_1.7.0\stm32cubeide\plugins\com.st.stm32cube.ide.mcu.externaltools.gnu-tools-for-stm32.10.3-2021.10.win32_1.0.0.202111181127\tools\arm-none-eabi\include\c++\10.3.1\bits\std_function.h:268:7:), _Functor>::_M_manager(std::_Any_data&, const std::_Any_data&, std::_Manager_operation) [with _Res = void; _Functor = MessageBus::handle<ResponsePacket>::<lambda(uint8_t, void*)>; _ArgTypes = {unsigned char, void*}]	16	static
c:\st\stm32cubeide_1.7.0\stm32cubeide\plugins\com.st.stm32cube.ide.mcu.externaltools.gnu-tools-for-stm32.10.3-2021.10.win32_1.0.0.202111181127\tools\arm-none-eabi\include\c++\10.3.1\bits\std_function.h:268:7:), _Functor>::_M_manager(std::_Any_data&, const std::_Any_data&, std::_Manager_operation) [with _Res = void; _Functor = MessageBus::handle<ProgressPacket>::<lambda(uint8_t, void*)>; _ArgTypes = {unsigned char, void*}]	16	static
../System/RoCo/Src/MessageBus.cpp:49:27:bool MessageBus::define(uint8_t) [with T = avionics_ToF_packet]	16	static
../System/RoCo/Src/MessageBus.cpp:124:27:bool MessageBus::forward(MessageBus*) [with T = avionics_ToF_packet]	16	static
../System/RoCo/Src/MessageBus.cpp:147:27:bool MessageBus::send(T*) [with T = avionics_ToF_packet]	16	static
../System/RoCo/Src/MessageBus.cpp:49:27:bool MessageBus::define(uint8_t) [with T = avionics_IMU_packet]	16	static
../System/RoCo/Src/MessageBus.cpp:124:27:bool MessageBus::forward(MessageBus*) [with T = avionics_IMU_packet]	16	static
../System/RoCo/Src/MessageBus.cpp:147:27:bool MessageBus::send(T*) [with T = avionics_IMU_packet]	16	static
../System/RoCo/Src/MessageBus.cpp:49:27:bool MessageBus::define(uint8_t) [with T = avionics_massload_packet]	16	static
../System/RoCo/Src/MessageBus.cpp:124:27:bool MessageBus::forward(MessageBus*) [with T = avionics_massload_packet]	16	static
../System/RoCo/Src/MessageBus.cpp:147:27:bool MessageBus::send(T*) [with T = avionics_massload_packet]	16	static
../System/RoCo/Src/MessageBus.cpp:49:27:bool MessageBus::define(uint8_t) [with T = avionics_moisture_packet]	16	static
../System/RoCo/Src/MessageBus.cpp:124:27:bool MessageBus::forward(MessageBus*) [with T = avionics_moisture_packet]	16	static
../System/RoCo/Src/MessageBus.cpp:147:27:bool MessageBus::send(T*) [with T = avionics_moisture_packet]	16	static
../System/RoCo/Src/MessageBus.cpp:49:27:bool MessageBus::define(uint8_t) [with T = avionics_potentiometer_packet]	16	static
../System/RoCo/Src/MessageBus.cpp:124:27:bool MessageBus::forward(MessageBus*) [with T = avionics_potentiometer_packet]	16	static
../System/RoCo/Src/MessageBus.cpp:147:27:bool MessageBus::send(T*) [with T = avionics_potentiometer_packet]	16	static
../System/RoCo/Src/MessageBus.cpp:49:27:bool MessageBus::define(uint8_t) [with T = avionics_voltmeter_packet]	16	static
../System/RoCo/Src/MessageBus.cpp:124:27:bool MessageBus::forward(MessageBus*) [with T = avionics_voltmeter_packet]	16	static
../System/RoCo/Src/MessageBus.cpp:147:27:bool MessageBus::send(T*) [with T = avionics_voltmeter_packet]	16	static
../System/RoCo/Src/MessageBus.cpp:49:27:bool MessageBus::define(uint8_t) [with T = sc_caching_packet]	16	static
../System/RoCo/Src/MessageBus.cpp:124:27:bool MessageBus::forward(MessageBus*) [with T = sc_caching_packet]	16	static
../System/RoCo/Src/MessageBus.cpp:147:27:bool MessageBus::send(T*) [with T = sc_caching_packet]	16	static
../System/RoCo/Src/MessageBus.cpp:49:27:bool MessageBus::define(uint8_t) [with T = sc_caching_success_packet]	16	static
../System/RoCo/Src/MessageBus.cpp:124:27:bool MessageBus::forward(MessageBus*) [with T = sc_caching_success_packet]	16	static
../System/RoCo/Src/MessageBus.cpp:147:27:bool MessageBus::send(T*) [with T = sc_caching_success_packet]	16	static
../System/RoCo/Src/MessageBus.cpp:49:27:bool MessageBus::define(uint8_t) [with T = sc_trap_packet]	16	static
../System/RoCo/Src/MessageBus.cpp:124:27:bool MessageBus::forward(MessageBus*) [with T = sc_trap_packet]	16	static
../System/RoCo/Src/MessageBus.cpp:147:27:bool MessageBus::send(T*) [with T = sc_trap_packet]	16	static
../System/RoCo/Src/MessageBus.cpp:49:27:bool MessageBus::define(uint8_t) [with T = sc_trap_success_packet]	16	static
../System/RoCo/Src/MessageBus.cpp:124:27:bool MessageBus::forward(MessageBus*) [with T = sc_trap_success_packet]	16	static
../System/RoCo/Src/MessageBus.cpp:147:27:bool MessageBus::send(T*) [with T = sc_trap_success_packet]	16	static
../System/RoCo/Src/MessageBus.cpp:49:27:bool MessageBus::define(uint8_t) [with T = sc_LED_packet]	16	static
../System/RoCo/Src/MessageBus.cpp:124:27:bool MessageBus::forward(MessageBus*) [with T = sc_LED_packet]	16	static
../System/RoCo/Src/MessageBus.cpp:147:27:bool MessageBus::send(T*) [with T = sc_LED_packet]	16	static
../System/RoCo/Src/MessageBus.cpp:49:27:bool MessageBus::define(uint8_t) [with T = Power_SystemPacket]	16	static
../System/RoCo/Src/MessageBus.cpp:124:27:bool MessageBus::forward(MessageBus*) [with T = Power_SystemPacket]	16	static
../System/RoCo/Src/MessageBus.cpp:147:27:bool MessageBus::send(T*) [with T = Power_SystemPacket]	16	static
../System/RoCo/Src/MessageBus.cpp:49:27:bool MessageBus::define(uint8_t) [with T = Power_VoltagePacket]	16	static
../System/RoCo/Src/MessageBus.cpp:124:27:bool MessageBus::forward(MessageBus*) [with T = Power_VoltagePacket]	16	static
../System/RoCo/Src/MessageBus.cpp:147:27:bool MessageBus::send(T*) [with T = Power_VoltagePacket]	16	static
../System/RoCo/Src/MessageBus.cpp:49:27:bool MessageBus::define(uint8_t) [with T = Power_CurrentPacket]	16	static
../System/RoCo/Src/MessageBus.cpp:124:27:bool MessageBus::forward(MessageBus*) [with T = Power_CurrentPacket]	16	static
../System/RoCo/Src/MessageBus.cpp:147:27:bool MessageBus::send(T*) [with T = Power_CurrentPacket]	16	static
../System/RoCo/Src/MessageBus.cpp:49:27:bool MessageBus::define(uint8_t) [with T = Reset_PowerSupplyPacket]	16	static
../System/RoCo/Src/MessageBus.cpp:124:27:bool MessageBus::forward(MessageBus*) [with T = Reset_PowerSupplyPacket]	16	static
../System/RoCo/Src/MessageBus.cpp:147:27:bool MessageBus::send(T*) [with T = Reset_PowerSupplyPacket]	16	static
../System/RoCo/Src/MessageBus.cpp:49:27:bool MessageBus::define(uint8_t) [with T = Switch_AvionicsPacket]	16	static
../System/RoCo/Src/MessageBus.cpp:124:27:bool MessageBus::forward(MessageBus*) [with T = Switch_AvionicsPacket]	16	static
../System/RoCo/Src/MessageBus.cpp:147:27:bool MessageBus::send(T*) [with T = Switch_AvionicsPacket]	16	static
../System/RoCo/Src/MessageBus.cpp:49:27:bool MessageBus::define(uint8_t) [with T = Switch_RamanPacket]	16	static
../System/RoCo/Src/MessageBus.cpp:124:27:bool MessageBus::forward(MessageBus*) [with T = Switch_RamanPacket]	16	static
../System/RoCo/Src/MessageBus.cpp:147:27:bool MessageBus::send(T*) [with T = Switch_RamanPacket]	16	static
../System/RoCo/Src/MessageBus.cpp:49:27:bool MessageBus::define(uint8_t) [with T = Switch_JetsonPacket]	16	static
../System/RoCo/Src/MessageBus.cpp:124:27:bool MessageBus::forward(MessageBus*) [with T = Switch_JetsonPacket]	16	static
../System/RoCo/Src/MessageBus.cpp:147:27:bool MessageBus::send(T*) [with T = Switch_JetsonPacket]	16	static
../System/RoCo/Src/MessageBus.cpp:49:27:bool MessageBus::define(uint8_t) [with T = Switch_LidarPacket]	16	static
../System/RoCo/Src/MessageBus.cpp:124:27:bool MessageBus::forward(MessageBus*) [with T = Switch_LidarPacket]	16	static
../System/RoCo/Src/MessageBus.cpp:147:27:bool MessageBus::send(T*) [with T = Switch_LidarPacket]	16	static
../System/RoCo/Src/MessageBus.cpp:49:27:bool MessageBus::define(uint8_t) [with T = Switch_EthernetPacket]	16	static
../System/RoCo/Src/MessageBus.cpp:124:27:bool MessageBus::forward(MessageBus*) [with T = Switch_EthernetPacket]	16	static
../System/RoCo/Src/MessageBus.cpp:147:27:bool MessageBus::send(T*) [with T = Switch_EthernetPacket]	16	static
../System/RoCo/Src/MessageBus.cpp:49:27:bool MessageBus::define(uint8_t) [with T = FsmPacket]	16	static
../System/RoCo/Src/MessageBus.cpp:124:27:bool MessageBus::forward(MessageBus*) [with T = FsmPacket]	16	static
../System/RoCo/Src/MessageBus.cpp:147:27:bool MessageBus::send(T*) [with T = FsmPacket]	16	static
../System/RoCo/Src/MessageBus.cpp:49:27:bool MessageBus::define(uint8_t) [with T = DataPacket]	16	static
../System/RoCo/Src/MessageBus.cpp:124:27:bool MessageBus::forward(MessageBus*) [with T = DataPacket]	16	static
../System/RoCo/Src/MessageBus.cpp:147:27:bool MessageBus::send(T*) [with T = DataPacket]	16	static
../System/RoCo/Src/MessageBus.cpp:49:27:bool MessageBus::define(uint8_t) [with T = PingPacket]	16	static
../System/RoCo/Src/MessageBus.cpp:124:27:bool MessageBus::forward(MessageBus*) [with T = PingPacket]	16	static
../System/RoCo/Src/MessageBus.cpp:147:27:bool MessageBus::send(T*) [with T = PingPacket]	16	static
../System/RoCo/Src/MessageBus.cpp:49:27:bool MessageBus::define(uint8_t) [with T = ErrorPacket]	16	static
../System/RoCo/Src/MessageBus.cpp:124:27:bool MessageBus::forward(MessageBus*) [with T = ErrorPacket]	16	static
../System/RoCo/Src/MessageBus.cpp:147:27:bool MessageBus::send(T*) [with T = ErrorPacket]	16	static
../System/RoCo/Src/MessageBus.cpp:49:27:bool MessageBus::define(uint8_t) [with T = RequestPacket]	16	static
../System/RoCo/Src/MessageBus.cpp:124:27:bool MessageBus::forward(MessageBus*) [with T = RequestPacket]	16	static
../System/RoCo/Src/MessageBus.cpp:147:27:bool MessageBus::send(T*) [with T = RequestPacket]	16	static
../System/RoCo/Src/MessageBus.cpp:49:27:bool MessageBus::define(uint8_t) [with T = ResponsePacket]	16	static
../System/RoCo/Src/MessageBus.cpp:124:27:bool MessageBus::forward(MessageBus*) [with T = ResponsePacket]	16	static
../System/RoCo/Src/MessageBus.cpp:147:27:bool MessageBus::send(T*) [with T = ResponsePacket]	16	static
../System/RoCo/Src/MessageBus.cpp:49:27:bool MessageBus::define(uint8_t) [with T = ProgressPacket]	16	static
../System/RoCo/Src/MessageBus.cpp:124:27:bool MessageBus::forward(MessageBus*) [with T = ProgressPacket]	16	static
../System/RoCo/Src/MessageBus.cpp:147:27:bool MessageBus::send(T*) [with T = ProgressPacket]	16	static
c:\st\stm32cubeide_1.7.0\stm32cubeide\plugins\com.st.stm32cube.ide.mcu.externaltools.gnu-tools-for-stm32.10.3-2021.10.win32_1.0.0.202111181127\tools\arm-none-eabi\include\c++\10.3.1\bits\std_function.h:617:5:) const [with _Res = void; _ArgTypes = {unsigned char, void*}]	16	static
../System/RoCo/Src/MessageBus.cpp:186:6:void MessageBus::receive(uint8_t, uint8_t*, uint32_t)	32	static
c:\st\stm32cubeide_1.7.0\stm32cubeide\plugins\com.st.stm32cube.ide.mcu.externaltools.gnu-tools-for-stm32.10.3-2021.10.win32_1.0.0.202111181127\tools\arm-none-eabi\include\c++\10.3.1\bits\std_function.h:617:5:) const [with _Res = void; _ArgTypes = {unsigned char, avionics_ToF_packet*}]	16	static
c:\st\stm32cubeide_1.7.0\stm32cubeide\plugins\com.st.stm32cube.ide.mcu.externaltools.gnu-tools-for-stm32.10.3-2021.10.win32_1.0.0.202111181127\tools\arm-none-eabi\include\c++\10.3.1\bits\std_function.h:289:7:) [with _Res = void; _Functor = MessageBus::handle<avionics_ToF_packet>::<lambda(uint8_t, void*)>; _ArgTypes = {unsigned char, void*}]	16	static
c:\st\stm32cubeide_1.7.0\stm32cubeide\plugins\com.st.stm32cube.ide.mcu.externaltools.gnu-tools-for-stm32.10.3-2021.10.win32_1.0.0.202111181127\tools\arm-none-eabi\include\c++\10.3.1\bits\std_function.h:289:7:) [with _Res = void; _Functor = MessageBus::handle<avionics_ToF_packet>::<lambda(uint8_t, void*)>; _ArgTypes = {unsigned char, void*}]	8	static
c:\st\stm32cubeide_1.7.0\stm32cubeide\plugins\com.st.stm32cube.ide.mcu.externaltools.gnu-tools-for-stm32.10.3-2021.10.win32_1.0.0.202111181127\tools\arm-none-eabi\include\c++\10.3.1\bits\std_function.h:587:5:)>&) [with _Res = void; _ArgTypes = {unsigned char, avionics_ToF_packet*}]	16	static
../System/RoCo/Src/MessageBus.cpp:94:27:bool MessageBus::handle(std::function<void(unsigned char, T*)>) [with T = avionics_ToF_packet]	104	static
c:\st\stm32cubeide_1.7.0\stm32cubeide\plugins\com.st.stm32cube.ide.mcu.externaltools.gnu-tools-for-stm32.10.3-2021.10.win32_1.0.0.202111181127\tools\arm-none-eabi\include\c++\10.3.1\bits\std_function.h:268:7:), _Functor>::_M_manager(std::_Any_data&, const std::_Any_data&, std::_Manager_operation) [with _Res = void; _Functor = MessageBus::handle<avionics_ToF_packet>::<lambda(uint8_t, void*)>; _ArgTypes = {unsigned char, void*}]	16	static
c:\st\stm32cubeide_1.7.0\stm32cubeide\plugins\com.st.stm32cube.ide.mcu.externaltools.gnu-tools-for-stm32.10.3-2021.10.win32_1.0.0.202111181127\tools\arm-none-eabi\include\c++\10.3.1\bits\std_function.h:617:5:) const [with _Res = void; _ArgTypes = {unsigned char, avionics_IMU_packet*}]	16	static
c:\st\stm32cubeide_1.7.0\stm32cubeide\plugins\com.st.stm32cube.ide.mcu.externaltools.gnu-tools-for-stm32.10.3-2021.10.win32_1.0.0.202111181127\tools\arm-none-eabi\include\c++\10.3.1\bits\std_function.h:289:7:) [with _Res = void; _Functor = MessageBus::handle<avionics_IMU_packet>::<lambda(uint8_t, void*)>; _ArgTypes = {unsigned char, void*}]	16	static
c:\st\stm32cubeide_1.7.0\stm32cubeide\plugins\com.st.stm32cube.ide.mcu.externaltools.gnu-tools-for-stm32.10.3-2021.10.win32_1.0.0.202111181127\tools\arm-none-eabi\include\c++\10.3.1\bits\std_function.h:289:7:) [with _Res = void; _Functor = MessageBus::handle<avionics_IMU_packet>::<lambda(uint8_t, void*)>; _ArgTypes = {unsigned char, void*}]	8	static
c:\st\stm32cubeide_1.7.0\stm32cubeide\plugins\com.st.stm32cube.ide.mcu.externaltools.gnu-tools-for-stm32.10.3-2021.10.win32_1.0.0.202111181127\tools\arm-none-eabi\include\c++\10.3.1\bits\std_function.h:587:5:)>&) [with _Res = void; _ArgTypes = {unsigned char, avionics_IMU_packet*}]	16	static
../System/RoCo/Src/MessageBus.cpp:94:27:bool MessageBus::handle(std::function<void(unsigned char, T*)>) [with T = avionics_IMU_packet]	104	static
c:\st\stm32cubeide_1.7.0\stm32cubeide\plugins\com.st.stm32cube.ide.mcu.externaltools.gnu-tools-for-stm32.10.3-2021.10.win32_1.0.0.202111181127\tools\arm-none-eabi\include\c++\10.3.1\bits\std_function.h:268:7:), _Functor>::_M_manager(std::_Any_data&, const std::_Any_data&, std::_Manager_operation) [with _Res = void; _Functor = MessageBus::handle<avionics_IMU_packet>::<lambda(uint8_t, void*)>; _ArgTypes = {unsigned char, void*}]	16	static
c:\st\stm32cubeide_1.7.0\stm32cubeide\plugins\com.st.stm32cube.ide.mcu.externaltools.gnu-tools-for-stm32.10.3-2021.10.win32_1.0.0.202111181127\tools\arm-none-eabi\include\c++\10.3.1\bits\std_function.h:617:5:) const [with _Res = void; _ArgTypes = {unsigned char, avionics_massload_packet*}]	16	static
c:\st\stm32cubeide_1.7.0\stm32cubeide\plugins\com.st.stm32cube.ide.mcu.externaltools.gnu-tools-for-stm32.10.3-2021.10.win32_1.0.0.202111181127\tools\arm-none-eabi\include\c++\10.3.1\bits\std_function.h:289:7:) [with _Res = void; _Functor = MessageBus::handle<avionics_massload_packet>::<lambda(uint8_t, void*)>; _ArgTypes = {unsigned char, void*}]	16	static
c:\st\stm32cubeide_1.7.0\stm32cubeide\plugins\com.st.stm32cube.ide.mcu.externaltools.gnu-tools-for-stm32.10.3-2021.10.win32_1.0.0.202111181127\tools\arm-none-eabi\include\c++\10.3.1\bits\std_function.h:289:7:) [with _Res = void; _Functor = MessageBus::handle<avionics_massload_packet>::<lambda(uint8_t, void*)>; _ArgTypes = {unsigned char, void*}]	8	static
c:\st\stm32cubeide_1.7.0\stm32cubeide\plugins\com.st.stm32cube.ide.mcu.externaltools.gnu-tools-for-stm32.10.3-2021.10.win32_1.0.0.202111181127\tools\arm-none-eabi\include\c++\10.3.1\bits\std_function.h:587:5:)>&) [with _Res = void; _ArgTypes = {unsigned char, avionics_massload_packet*}]	16	static
../System/RoCo/Src/MessageBus.cpp:94:27:bool MessageBus::handle(std::function<void(unsigned char, T*)>) [with T = avionics_massload_packet]	104	static
c:\st\stm32cubeide_1.7.0\stm32cubeide\plugins\com.st.stm32cube.ide.mcu.externaltools.gnu-tools-for-stm32.10.3-2021.10.win32_1.0.0.202111181127\tools\arm-none-eabi\include\c++\10.3.1\bits\std_function.h:268:7:), _Functor>::_M_manager(std::_Any_data&, const std::_Any_data&, std::_Manager_operation) [with _Res = void; _Functor = MessageBus::handle<avionics_massload_packet>::<lambda(uint8_t, void*)>; _ArgTypes = {unsigned char, void*}]	16	static
c:\st\stm32cubeide_1.7.0\stm32cubeide\plugins\com.st.stm32cube.ide.mcu.externaltools.gnu-tools-for-stm32.10.3-2021.10.win32_1.0.0.202111181127\tools\arm-none-eabi\include\c++\10.3.1\bits\std_function.h:617:5:) const [with _Res = void; _ArgTypes = {unsigned char, avionics_moisture_packet*}]	16	static
c:\st\stm32cubeide_1.7.0\stm32cubeide\plugins\com.st.stm32cube.ide.mcu.externaltools.gnu-tools-for-stm32.10.3-2021.10.win32_1.0.0.202111181127\tools\arm-none-eabi\include\c++\10.3.1\bits\std_function.h:289:7:) [with _Res = void; _Functor = MessageBus::handle<avionics_moisture_packet>::<lambda(uint8_t, void*)>; _ArgTypes = {unsigned char, void*}]	16	static
c:\st\stm32cubeide_1.7.0\stm32cubeide\plugins\com.st.stm32cube.ide.mcu.externaltools.gnu-tools-for-stm32.10.3-2021.10.win32_1.0.0.202111181127\tools\arm-none-eabi\include\c++\10.3.1\bits\std_function.h:289:7:) [with _Res = void; _Functor = MessageBus::handle<avionics_moisture_packet>::<lambda(uint8_t, void*)>; _ArgTypes = {unsigned char, void*}]	8	static
c:\st\stm32cubeide_1.7.0\stm32cubeide\plugins\com.st.stm32cube.ide.mcu.externaltools.gnu-tools-for-stm32.10.3-2021.10.win32_1.0.0.202111181127\tools\arm-none-eabi\include\c++\10.3.1\bits\std_function.h:587:5:)>&) [with _Res = void; _ArgTypes = {unsigned char, avionics_moisture_packet*}]	16	static
../System/RoCo/Src/MessageBus.cpp:94:27:bool MessageBus::handle(std::function<void(unsigned char, T*)>) [with T = avionics_moisture_packet]	104	static
c:\st\stm32cubeide_1.7.0\stm32cubeide\plugins\com.st.stm32cube.ide.mcu.externaltools.gnu-tools-for-stm32.10.3-2021.10.win32_1.0.0.202111181127\tools\arm-none-eabi\include\c++\10.3.1\bits\std_function.h:268:7:), _Functor>::_M_manager(std::_Any_data&, const std::_Any_data&, std::_Manager_operation) [with _Res = void; _Functor = MessageBus::handle<avionics_moisture_packet>::<lambda(uint8_t, void*)>; _ArgTypes = {unsigned char, void*}]	16	static
c:\st\stm32cubeide_1.7.0\stm32cubeide\plugins\com.st.stm32cube.ide.mcu.externaltools.gnu-tools-for-stm32.10.3-2021.10.win32_1.0.0.202111181127\tools\arm-none-eabi\include\c++\10.3.1\bits\std_function.h:617:5:) const [with _Res = void; _ArgTypes = {unsigned char, avionics_potentiometer_packet*}]	16	static
c:\st\stm32cubeide_1.7.0\stm32cubeide\plugins\com.st.stm32cube.ide.mcu.externaltools.gnu-tools-for-stm32.10.3-2021.10.win32_1.0.0.202111181127\tools\arm-none-eabi\include\c++\10.3.1\bits\std_function.h:289:7:) [with _Res = void; _Functor = MessageBus::handle<avionics_potentiometer_packet>::<lambda(uint8_t, void*)>; _ArgTypes = {unsigned char, void*}]	16	static
c:\st\stm32cubeide_1.7.0\stm32cubeide\plugins\com.st.stm32cube.ide.mcu.externaltools.gnu-tools-for-stm32.10.3-2021.10.win32_1.0.0.202111181127\tools\arm-none-eabi\include\c++\10.3.1\bits\std_function.h:289:7:) [with _Res = void; _Functor = MessageBus::handle<avionics_potentiometer_packet>::<lambda(uint8_t, void*)>; _ArgTypes = {unsigned char, void*}]	8	static
c:\st\stm32cubeide_1.7.0\stm32cubeide\plugins\com.st.stm32cube.ide.mcu.externaltools.gnu-tools-for-stm32.10.3-2021.10.win32_1.0.0.202111181127\tools\arm-none-eabi\include\c++\10.3.1\bits\std_function.h:587:5:)>&) [with _Res = void; _ArgTypes = {unsigned char, avionics_potentiometer_packet*}]	16	static
../System/RoCo/Src/MessageBus.cpp:94:27:bool MessageBus::handle(std::function<void(unsigned char, T*)>) [with T = avionics_potentiometer_packet]	104	static
c:\st\stm32cubeide_1.7.0\stm32cubeide\plugins\com.st.stm32cube.ide.mcu.externaltools.gnu-tools-for-stm32.10.3-2021.10.win32_1.0.0.202111181127\tools\arm-none-eabi\include\c++\10.3.1\bits\std_function.h:268:7:), _Functor>::_M_manager(std::_Any_data&, const std::_Any_data&, std::_Manager_operation) [with _Res = void; _Functor = MessageBus::handle<avionics_potentiometer_packet>::<lambda(uint8_t, void*)>; _ArgTypes = {unsigned char, void*}]	16	static
c:\st\stm32cubeide_1.7.0\stm32cubeide\plugins\com.st.stm32cube.ide.mcu.externaltools.gnu-tools-for-stm32.10.3-2021.10.win32_1.0.0.202111181127\tools\arm-none-eabi\include\c++\10.3.1\bits\std_function.h:617:5:) const [with _Res = void; _ArgTypes = {unsigned char, avionics_voltmeter_packet*}]	16	static
c:\st\stm32cubeide_1.7.0\stm32cubeide\plugins\com.st.stm32cube.ide.mcu.externaltools.gnu-tools-for-stm32.10.3-2021.10.win32_1.0.0.202111181127\tools\arm-none-eabi\include\c++\10.3.1\bits\std_function.h:289:7:) [with _Res = void; _Functor = MessageBus::handle<avionics_voltmeter_packet>::<lambda(uint8_t, void*)>; _ArgTypes = {unsigned char, void*}]	16	static
c:\st\stm32cubeide_1.7.0\stm32cubeide\plugins\com.st.stm32cube.ide.mcu.externaltools.gnu-tools-for-stm32.10.3-2021.10.win32_1.0.0.202111181127\tools\arm-none-eabi\include\c++\10.3.1\bits\std_function.h:289:7:) [with _Res = void; _Functor = MessageBus::handle<avionics_voltmeter_packet>::<lambda(uint8_t, void*)>; _ArgTypes = {unsigned char, void*}]	8	static
c:\st\stm32cubeide_1.7.0\stm32cubeide\plugins\com.st.stm32cube.ide.mcu.externaltools.gnu-tools-for-stm32.10.3-2021.10.win32_1.0.0.202111181127\tools\arm-none-eabi\include\c++\10.3.1\bits\std_function.h:587:5:)>&) [with _Res = void; _ArgTypes = {unsigned char, avionics_voltmeter_packet*}]	16	static
../System/RoCo/Src/MessageBus.cpp:94:27:bool MessageBus::handle(std::function<void(unsigned char, T*)>) [with T = avionics_voltmeter_packet]	104	static
c:\st\stm32cubeide_1.7.0\stm32cubeide\plugins\com.st.stm32cube.ide.mcu.externaltools.gnu-tools-for-stm32.10.3-2021.10.win32_1.0.0.202111181127\tools\arm-none-eabi\include\c++\10.3.1\bits\std_function.h:268:7:), _Functor>::_M_manager(std::_Any_data&, const std::_Any_data&, std::_Manager_operation) [with _Res = void; _Functor = MessageBus::handle<avionics_voltmeter_packet>::<lambda(uint8_t, void*)>; _ArgTypes = {unsigned char, void*}]	16	static
c:\st\stm32cubeide_1.7.0\stm32cubeide\plugins\com.st.stm32cube.ide.mcu.externaltools.gnu-tools-for-stm32.10.3-2021.10.win32_1.0.0.202111181127\tools\arm-none-eabi\include\c++\10.3.1\bits\std_function.h:617:5:) const [with _Res = void; _ArgTypes = {unsigned char, sc_caching_packet*}]	16	static
c:\st\stm32cubeide_1.7.0\stm32cubeide\plugins\com.st.stm32cube.ide.mcu.externaltools.gnu-tools-for-stm32.10.3-2021.10.win32_1.0.0.202111181127\tools\arm-none-eabi\include\c++\10.3.1\bits\std_function.h:289:7:) [with _Res = void; _Functor = MessageBus::handle<sc_caching_packet>::<lambda(uint8_t, void*)>; _ArgTypes = {unsigned char, void*}]	16	static
c:\st\stm32cubeide_1.7.0\stm32cubeide\plugins\com.st.stm32cube.ide.mcu.externaltools.gnu-tools-for-stm32.10.3-2021.10.win32_1.0.0.202111181127\tools\arm-none-eabi\include\c++\10.3.1\bits\std_function.h:289:7:) [with _Res = void; _Functor = MessageBus::handle<sc_caching_packet>::<lambda(uint8_t, void*)>; _ArgTypes = {unsigned char, void*}]	8	static
c:\st\stm32cubeide_1.7.0\stm32cubeide\plugins\com.st.stm32cube.ide.mcu.externaltools.gnu-tools-for-stm32.10.3-2021.10.win32_1.0.0.202111181127\tools\arm-none-eabi\include\c++\10.3.1\bits\std_function.h:587:5:)>&) [with _Res = void; _ArgTypes = {unsigned char, sc_caching_packet*}]	16	static
../System/RoCo/Src/MessageBus.cpp:94:27:bool MessageBus::handle(std::function<void(unsigned char, T*)>) [with T = sc_caching_packet]	104	static
c:\st\stm32cubeide_1.7.0\stm32cubeide\plugins\com.st.stm32cube.ide.mcu.externaltools.gnu-tools-for-stm32.10.3-2021.10.win32_1.0.0.202111181127\tools\arm-none-eabi\include\c++\10.3.1\bits\std_function.h:268:7:), _Functor>::_M_manager(std::_Any_data&, const std::_Any_data&, std::_Manager_operation) [with _Res = void; _Functor = MessageBus::handle<sc_caching_packet>::<lambda(uint8_t, void*)>; _ArgTypes = {unsigned char, void*}]	16	static
c:\st\stm32cubeide_1.7.0\stm32cubeide\plugins\com.st.stm32cube.ide.mcu.externaltools.gnu-tools-for-stm32.10.3-2021.10.win32_1.0.0.202111181127\tools\arm-none-eabi\include\c++\10.3.1\bits\std_function.h:617:5:) const [with _Res = void; _ArgTypes = {unsigned char, sc_caching_success_packet*}]	16	static
c:\st\stm32cubeide_1.7.0\stm32cubeide\plugins\com.st.stm32cube.ide.mcu.externaltools.gnu-tools-for-stm32.10.3-2021.10.win32_1.0.0.202111181127\tools\arm-none-eabi\include\c++\10.3.1\bits\std_function.h:289:7:) [with _Res = void; _Functor = MessageBus::handle<sc_caching_success_packet>::<lambda(uint8_t, void*)>; _ArgTypes = {unsigned char, void*}]	16	static
c:\st\stm32cubeide_1.7.0\stm32cubeide\plugins\com.st.stm32cube.ide.mcu.externaltools.gnu-tools-for-stm32.10.3-2021.10.win32_1.0.0.202111181127\tools\arm-none-eabi\include\c++\10.3.1\bits\std_function.h:289:7:) [with _Res = void; _Functor = MessageBus::handle<sc_caching_success_packet>::<lambda(uint8_t, void*)>; _ArgTypes = {unsigned char, void*}]	8	static
c:\st\stm32cubeide_1.7.0\stm32cubeide\plugins\com.st.stm32cube.ide.mcu.externaltools.gnu-tools-for-stm32.10.3-2021.10.win32_1.0.0.202111181127\tools\arm-none-eabi\include\c++\10.3.1\bits\std_function.h:587:5:)>&) [with _Res = void; _ArgTypes = {unsigned char, sc_caching_success_packet*}]	16	static
../System/RoCo/Src/MessageBus.cpp:94:27:bool MessageBus::handle(std::function<void(unsigned char, T*)>) [with T = sc_caching_success_packet]	104	static
c:\st\stm32cubeide_1.7.0\stm32cubeide\plugins\com.st.stm32cube.ide.mcu.externaltools.gnu-tools-for-stm32.10.3-2021.10.win32_1.0.0.202111181127\tools\arm-none-eabi\include\c++\10.3.1\bits\std_function.h:268:7:), _Functor>::_M_manager(std::_Any_data&, const std::_Any_data&, std::_Manager_operation) [with _Res = void; _Functor = MessageBus::handle<sc_caching_success_packet>::<lambda(uint8_t, void*)>; _ArgTypes = {unsigned char, void*}]	16	static
c:\st\stm32cubeide_1.7.0\stm32cubeide\plugins\com.st.stm32cube.ide.mcu.externaltools.gnu-tools-for-stm32.10.3-2021.10.win32_1.0.0.202111181127\tools\arm-none-eabi\include\c++\10.3.1\bits\std_function.h:617:5:) const [with _Res = void; _ArgTypes = {unsigned char, sc_trap_packet*}]	16	static
c:\st\stm32cubeide_1.7.0\stm32cubeide\plugins\com.st.stm32cube.ide.mcu.externaltools.gnu-tools-for-stm32.10.3-2021.10.win32_1.0.0.202111181127\tools\arm-none-eabi\include\c++\10.3.1\bits\std_function.h:289:7:) [with _Res = void; _Functor = MessageBus::handle<sc_trap_packet>::<lambda(uint8_t, void*)>; _ArgTypes = {unsigned char, void*}]	16	static
c:\st\stm32cubeide_1.7.0\stm32cubeide\plugins\com.st.stm32cube.ide.mcu.externaltools.gnu-tools-for-stm32.10.3-2021.10.win32_1.0.0.202111181127\tools\arm-none-eabi\include\c++\10.3.1\bits\std_function.h:289:7:) [with _Res = void; _Functor = MessageBus::handle<sc_trap_packet>::<lambda(uint8_t, void*)>; _ArgTypes = {unsigned char, void*}]	8	static
c:\st\stm32cubeide_1.7.0\stm32cubeide\plugins\com.st.stm32cube.ide.mcu.externaltools.gnu-tools-for-stm32.10.3-2021.10.win32_1.0.0.202111181127\tools\arm-none-eabi\include\c++\10.3.1\bits\std_function.h:587:5:)>&) [with _Res = void; _ArgTypes = {unsigned char, sc_trap_packet*}]	16	static
../System/RoCo/Src/MessageBus.cpp:94:27:bool MessageBus::handle(std::function<void(unsigned char, T*)>) [with T = sc_trap_packet]	104	static
c:\st\stm32cubeide_1.7.0\stm32cubeide\plugins\com.st.stm32cube.ide.mcu.externaltools.gnu-tools-for-stm32.10.3-2021.10.win32_1.0.0.202111181127\tools\arm-none-eabi\include\c++\10.3.1\bits\std_function.h:268:7:), _Functor>::_M_manager(std::_Any_data&, const std::_Any_data&, std::_Manager_operation) [with _Res = void; _Functor = MessageBus::handle<sc_trap_packet>::<lambda(uint8_t, void*)>; _ArgTypes = {unsigned char, void*}]	16	static
c:\st\stm32cubeide_1.7.0\stm32cubeide\plugins\com.st.stm32cube.ide.mcu.externaltools.gnu-tools-for-stm32.10.3-2021.10.win32_1.0.0.202111181127\tools\arm-none-eabi\include\c++\10.3.1\bits\std_function.h:617:5:) const [with _Res = void; _ArgTypes = {unsigned char, sc_trap_success_packet*}]	16	static
c:\st\stm32cubeide_1.7.0\stm32cubeide\plugins\com.st.stm32cube.ide.mcu.externaltools.gnu-tools-for-stm32.10.3-2021.10.win32_1.0.0.202111181127\tools\arm-none-eabi\include\c++\10.3.1\bits\std_function.h:289:7:) [with _Res = void; _Functor = MessageBus::handle<sc_trap_success_packet>::<lambda(uint8_t, void*)>; _ArgTypes = {unsigned char, void*}]	16	static
c:\st\stm32cubeide_1.7.0\stm32cubeide\plugins\com.st.stm32cube.ide.mcu.externaltools.gnu-tools-for-stm32.10.3-2021.10.win32_1.0.0.202111181127\tools\arm-none-eabi\include\c++\10.3.1\bits\std_function.h:289:7:) [with _Res = void; _Functor = MessageBus::handle<sc_trap_success_packet>::<lambda(uint8_t, void*)>; _ArgTypes = {unsigned char, void*}]	8	static
c:\st\stm32cubeide_1.7.0\stm32cubeide\plugins\com.st.stm32cube.ide.mcu.externaltools.gnu-tools-for-stm32.10.3-2021.10.win32_1.0.0.202111181127\tools\arm-none-eabi\include\c++\10.3.1\bits\std_function.h:587:5:)>&) [with _Res = void; _ArgTypes = {unsigned char, sc_trap_success_packet*}]	16	static
../System/RoCo/Src/MessageBus.cpp:94:27:bool MessageBus::handle(std::function<void(unsigned char, T*)>) [with T = sc_trap_success_packet]	104	static
c:\st\stm32cubeide_1.7.0\stm32cubeide\plugins\com.st.stm32cube.ide.mcu.externaltools.gnu-tools-for-stm32.10.3-2021.10.win32_1.0.0.202111181127\tools\arm-none-eabi\include\c++\10.3.1\bits\std_function.h:268:7:), _Functor>::_M_manager(std::_Any_data&, const std::_Any_data&, std::_Manager_operation) [with _Res = void; _Functor = MessageBus::handle<sc_trap_success_packet>::<lambda(uint8_t, void*)>; _ArgTypes = {unsigned char, void*}]	16	static
c:\st\stm32cubeide_1.7.0\stm32cubeide\plugins\com.st.stm32cube.ide.mcu.externaltools.gnu-tools-for-stm32.10.3-2021.10.win32_1.0.0.202111181127\tools\arm-none-eabi\include\c++\10.3.1\bits\std_function.h:617:5:) const [with _Res = void; _ArgTypes = {unsigned char, sc_LED_packet*}]	16	static
c:\st\stm32cubeide_1.7.0\stm32cubeide\plugins\com.st.stm32cube.ide.mcu.externaltools.gnu-tools-for-stm32.10.3-2021.10.win32_1.0.0.202111181127\tools\arm-none-eabi\include\c++\10.3.1\bits\std_function.h:289:7:) [with _Res = void; _Functor = MessageBus::handle<sc_LED_packet>::<lambda(uint8_t, void*)>; _ArgTypes = {unsigned char, void*}]	16	static
c:\st\stm32cubeide_1.7.0\stm32cubeide\plugins\com.st.stm32cube.ide.mcu.externaltools.gnu-tools-for-stm32.10.3-2021.10.win32_1.0.0.202111181127\tools\arm-none-eabi\include\c++\10.3.1\bits\std_function.h:289:7:) [with _Res = void; _Functor = MessageBus::handle<sc_LED_packet>::<lambda(uint8_t, void*)>; _ArgTypes = {unsigned char, void*}]	8	static
c:\st\stm32cubeide_1.7.0\stm32cubeide\plugins\com.st.stm32cube.ide.mcu.externaltools.gnu-tools-for-stm32.10.3-2021.10.win32_1.0.0.202111181127\tools\arm-none-eabi\include\c++\10.3.1\bits\std_function.h:587:5:)>&) [with _Res = void; _ArgTypes = {unsigned char, sc_LED_packet*}]	16	static
../System/RoCo/Src/MessageBus.cpp:94:27:bool MessageBus::handle(std::function<void(unsigned char, T*)>) [with T = sc_LED_packet]	104	static
c:\st\stm32cubeide_1.7.0\stm32cubeide\plugins\com.st.stm32cube.ide.mcu.externaltools.gnu-tools-for-stm32.10.3-2021.10.win32_1.0.0.202111181127\tools\arm-none-eabi\include\c++\10.3.1\bits\std_function.h:268:7:), _Functor>::_M_manager(std::_Any_data&, const std::_Any_data&, std::_Manager_operation) [with _Res = void; _Functor = MessageBus::handle<sc_LED_packet>::<lambda(uint8_t, void*)>; _ArgTypes = {unsigned char, void*}]	16	static
c:\st\stm32cubeide_1.7.0\stm32cubeide\plugins\com.st.stm32cube.ide.mcu.externaltools.gnu-tools-for-stm32.10.3-2021.10.win32_1.0.0.202111181127\tools\arm-none-eabi\include\c++\10.3.1\bits\std_function.h:617:5:) const [with _Res = void; _ArgTypes = {unsigned char, Power_SystemPacket*}]	16	static
c:\st\stm32cubeide_1.7.0\stm32cubeide\plugins\com.st.stm32cube.ide.mcu.externaltools.gnu-tools-for-stm32.10.3-2021.10.win32_1.0.0.202111181127\tools\arm-none-eabi\include\c++\10.3.1\bits\std_function.h:289:7:) [with _Res = void; _Functor = MessageBus::handle<Power_SystemPacket>::<lambda(uint8_t, void*)>; _ArgTypes = {unsigned char, void*}]	16	static
c:\st\stm32cubeide_1.7.0\stm32cubeide\plugins\com.st.stm32cube.ide.mcu.externaltools.gnu-tools-for-stm32.10.3-2021.10.win32_1.0.0.202111181127\tools\arm-none-eabi\include\c++\10.3.1\bits\std_function.h:289:7:) [with _Res = void; _Functor = MessageBus::handle<Power_SystemPacket>::<lambda(uint8_t, void*)>; _ArgTypes = {unsigned char, void*}]	8	static
c:\st\stm32cubeide_1.7.0\stm32cubeide\plugins\com.st.stm32cube.ide.mcu.externaltools.gnu-tools-for-stm32.10.3-2021.10.win32_1.0.0.202111181127\tools\arm-none-eabi\include\c++\10.3.1\bits\std_function.h:587:5:)>&) [with _Res = void; _ArgTypes = {unsigned char, Power_SystemPacket*}]	16	static
../System/RoCo/Src/MessageBus.cpp:94:27:bool MessageBus::handle(std::function<void(unsigned char, T*)>) [with T = Power_SystemPacket]	104	static
c:\st\stm32cubeide_1.7.0\stm32cubeide\plugins\com.st.stm32cube.ide.mcu.externaltools.gnu-tools-for-stm32.10.3-2021.10.win32_1.0.0.202111181127\tools\arm-none-eabi\include\c++\10.3.1\bits\std_function.h:268:7:), _Functor>::_M_manager(std::_Any_data&, const std::_Any_data&, std::_Manager_operation) [with _Res = void; _Functor = MessageBus::handle<Power_SystemPacket>::<lambda(uint8_t, void*)>; _ArgTypes = {unsigned char, void*}]	16	static
c:\st\stm32cubeide_1.7.0\stm32cubeide\plugins\com.st.stm32cube.ide.mcu.externaltools.gnu-tools-for-stm32.10.3-2021.10.win32_1.0.0.202111181127\tools\arm-none-eabi\include\c++\10.3.1\bits\std_function.h:617:5:) const [with _Res = void; _ArgTypes = {unsigned char, Power_VoltagePacket*}]	16	static
c:\st\stm32cubeide_1.7.0\stm32cubeide\plugins\com.st.stm32cube.ide.mcu.externaltools.gnu-tools-for-stm32.10.3-2021.10.win32_1.0.0.202111181127\tools\arm-none-eabi\include\c++\10.3.1\bits\std_function.h:289:7:) [with _Res = void; _Functor = MessageBus::handle<Power_VoltagePacket>::<lambda(uint8_t, void*)>; _ArgTypes = {unsigned char, void*}]	16	static
c:\st\stm32cubeide_1.7.0\stm32cubeide\plugins\com.st.stm32cube.ide.mcu.externaltools.gnu-tools-for-stm32.10.3-2021.10.win32_1.0.0.202111181127\tools\arm-none-eabi\include\c++\10.3.1\bits\std_function.h:289:7:) [with _Res = void; _Functor = MessageBus::handle<Power_VoltagePacket>::<lambda(uint8_t, void*)>; _ArgTypes = {unsigned char, void*}]	8	static
c:\st\stm32cubeide_1.7.0\stm32cubeide\plugins\com.st.stm32cube.ide.mcu.externaltools.gnu-tools-for-stm32.10.3-2021.10.win32_1.0.0.202111181127\tools\arm-none-eabi\include\c++\10.3.1\bits\std_function.h:587:5:)>&) [with _Res = void; _ArgTypes = {unsigned char, Power_VoltagePacket*}]	16	static
../System/RoCo/Src/MessageBus.cpp:94:27:bool MessageBus::handle(std::function<void(unsigned char, T*)>) [with T = Power_VoltagePacket]	104	static
c:\st\stm32cubeide_1.7.0\stm32cubeide\plugins\com.st.stm32cube.ide.mcu.externaltools.gnu-tools-for-stm32.10.3-2021.10.win32_1.0.0.202111181127\tools\arm-none-eabi\include\c++\10.3.1\bits\std_function.h:268:7:), _Functor>::_M_manager(std::_Any_data&, const std::_Any_data&, std::_Manager_operation) [with _Res = void; _Functor = MessageBus::handle<Power_VoltagePacket>::<lambda(uint8_t, void*)>; _ArgTypes = {unsigned char, void*}]	16	static
c:\st\stm32cubeide_1.7.0\stm32cubeide\plugins\com.st.stm32cube.ide.mcu.externaltools.gnu-tools-for-stm32.10.3-2021.10.win32_1.0.0.202111181127\tools\arm-none-eabi\include\c++\10.3.1\bits\std_function.h:617:5:) const [with _Res = void; _ArgTypes = {unsigned char, Power_CurrentPacket*}]	16	static
c:\st\stm32cubeide_1.7.0\stm32cubeide\plugins\com.st.stm32cube.ide.mcu.externaltools.gnu-tools-for-stm32.10.3-2021.10.win32_1.0.0.202111181127\tools\arm-none-eabi\include\c++\10.3.1\bits\std_function.h:289:7:) [with _Res = void; _Functor = MessageBus::handle<Power_CurrentPacket>::<lambda(uint8_t, void*)>; _ArgTypes = {unsigned char, void*}]	16	static
c:\st\stm32cubeide_1.7.0\stm32cubeide\plugins\com.st.stm32cube.ide.mcu.externaltools.gnu-tools-for-stm32.10.3-2021.10.win32_1.0.0.202111181127\tools\arm-none-eabi\include\c++\10.3.1\bits\std_function.h:289:7:) [with _Res = void; _Functor = MessageBus::handle<Power_CurrentPacket>::<lambda(uint8_t, void*)>; _ArgTypes = {unsigned char, void*}]	8	static
c:\st\stm32cubeide_1.7.0\stm32cubeide\plugins\com.st.stm32cube.ide.mcu.externaltools.gnu-tools-for-stm32.10.3-2021.10.win32_1.0.0.202111181127\tools\arm-none-eabi\include\c++\10.3.1\bits\std_function.h:587:5:)>&) [with _Res = void; _ArgTypes = {unsigned char, Power_CurrentPacket*}]	16	static
../System/RoCo/Src/MessageBus.cpp:94:27:bool MessageBus::handle(std::function<void(unsigned char, T*)>) [with T = Power_CurrentPacket]	104	static
c:\st\stm32cubeide_1.7.0\stm32cubeide\plugins\com.st.stm32cube.ide.mcu.externaltools.gnu-tools-for-stm32.10.3-2021.10.win32_1.0.0.202111181127\tools\arm-none-eabi\include\c++\10.3.1\bits\std_function.h:268:7:), _Functor>::_M_manager(std::_Any_data&, const std::_Any_data&, std::_Manager_operation) [with _Res = void; _Functor = MessageBus::handle<Power_CurrentPacket>::<lambda(uint8_t, void*)>; _ArgTypes = {unsigned char, void*}]	16	static
c:\st\stm32cubeide_1.7.0\stm32cubeide\plugins\com.st.stm32cube.ide.mcu.externaltools.gnu-tools-for-stm32.10.3-2021.10.win32_1.0.0.202111181127\tools\arm-none-eabi\include\c++\10.3.1\bits\std_function.h:617:5:) const [with _Res = void; _ArgTypes = {unsigned char, Reset_PowerSupplyPacket*}]	16	static
c:\st\stm32cubeide_1.7.0\stm32cubeide\plugins\com.st.stm32cube.ide.mcu.externaltools.gnu-tools-for-stm32.10.3-2021.10.win32_1.0.0.202111181127\tools\arm-none-eabi\include\c++\10.3.1\bits\std_function.h:289:7:) [with _Res = void; _Functor = MessageBus::handle<Reset_PowerSupplyPacket>::<lambda(uint8_t, void*)>; _ArgTypes = {unsigned char, void*}]	16	static
c:\st\stm32cubeide_1.7.0\stm32cubeide\plugins\com.st.stm32cube.ide.mcu.externaltools.gnu-tools-for-stm32.10.3-2021.10.win32_1.0.0.202111181127\tools\arm-none-eabi\include\c++\10.3.1\bits\std_function.h:289:7:) [with _Res = void; _Functor = MessageBus::handle<Reset_PowerSupplyPacket>::<lambda(uint8_t, void*)>; _ArgTypes = {unsigned char, void*}]	8	static
c:\st\stm32cubeide_1.7.0\stm32cubeide\plugins\com.st.stm32cube.ide.mcu.externaltools.gnu-tools-for-stm32.10.3-2021.10.win32_1.0.0.202111181127\tools\arm-none-eabi\include\c++\10.3.1\bits\std_function.h:587:5:)>&) [with _Res = void; _ArgTypes = {unsigned char, Reset_PowerSupplyPacket*}]	16	static
../System/RoCo/Src/MessageBus.cpp:94:27:bool MessageBus::handle(std::function<void(unsigned char, T*)>) [with T = Reset_PowerSupplyPacket]	104	static
c:\st\stm32cubeide_1.7.0\stm32cubeide\plugins\com.st.stm32cube.ide.mcu.externaltools.gnu-tools-for-stm32.10.3-2021.10.win32_1.0.0.202111181127\tools\arm-none-eabi\include\c++\10.3.1\bits\std_function.h:268:7:), _Functor>::_M_manager(std::_Any_data&, const std::_Any_data&, std::_Manager_operation) [with _Res = void; _Functor = MessageBus::handle<Reset_PowerSupplyPacket>::<lambda(uint8_t, void*)>; _ArgTypes = {unsigned char, void*}]	16	static
c:\st\stm32cubeide_1.7.0\stm32cubeide\plugins\com.st.stm32cube.ide.mcu.externaltools.gnu-tools-for-stm32.10.3-2021.10.win32_1.0.0.202111181127\tools\arm-none-eabi\include\c++\10.3.1\bits\std_function.h:617:5:) const [with _Res = void; _ArgTypes = {unsigned char, Switch_AvionicsPacket*}]	16	static
c:\st\stm32cubeide_1.7.0\stm32cubeide\plugins\com.st.stm32cube.ide.mcu.externaltools.gnu-tools-for-stm32.10.3-2021.10.win32_1.0.0.202111181127\tools\arm-none-eabi\include\c++\10.3.1\bits\std_function.h:289:7:) [with _Res = void; _Functor = MessageBus::handle<Switch_AvionicsPacket>::<lambda(uint8_t, void*)>; _ArgTypes = {unsigned char, void*}]	16	static
c:\st\stm32cubeide_1.7.0\stm32cubeide\plugins\com.st.stm32cube.ide.mcu.externaltools.gnu-tools-for-stm32.10.3-2021.10.win32_1.0.0.202111181127\tools\arm-none-eabi\include\c++\10.3.1\bits\std_function.h:289:7:) [with _Res = void; _Functor = MessageBus::handle<Switch_AvionicsPacket>::<lambda(uint8_t, void*)>; _ArgTypes = {unsigned char, void*}]	8	static
c:\st\stm32cubeide_1.7.0\stm32cubeide\plugins\com.st.stm32cube.ide.mcu.externaltools.gnu-tools-for-stm32.10.3-2021.10.win32_1.0.0.202111181127\tools\arm-none-eabi\include\c++\10.3.1\bits\std_function.h:587:5:)>&) [with _Res = void; _ArgTypes = {unsigned char, Switch_AvionicsPacket*}]	16	static
../System/RoCo/Src/MessageBus.cpp:94:27:bool MessageBus::handle(std::function<void(unsigned char, T*)>) [with T = Switch_AvionicsPacket]	104	static
c:\st\stm32cubeide_1.7.0\stm32cubeide\plugins\com.st.stm32cube.ide.mcu.externaltools.gnu-tools-for-stm32.10.3-2021.10.win32_1.0.0.202111181127\tools\arm-none-eabi\include\c++\10.3.1\bits\std_function.h:268:7:), _Functor>::_M_manager(std::_Any_data&, const std::_Any_data&, std::_Manager_operation) [with _Res = void; _Functor = MessageBus::handle<Switch_AvionicsPacket>::<lambda(uint8_t, void*)>; _ArgTypes = {unsigned char, void*}]	16	static
c:\st\stm32cubeide_1.7.0\stm32cubeide\plugins\com.st.stm32cube.ide.mcu.externaltools.gnu-tools-for-stm32.10.3-2021.10.win32_1.0.0.202111181127\tools\arm-none-eabi\include\c++\10.3.1\bits\std_function.h:617:5:) const [with _Res = void; _ArgTypes = {unsigned char, Switch_RamanPacket*}]	16	static
c:\st\stm32cubeide_1.7.0\stm32cubeide\plugins\com.st.stm32cube.ide.mcu.externaltools.gnu-tools-for-stm32.10.3-2021.10.win32_1.0.0.202111181127\tools\arm-none-eabi\include\c++\10.3.1\bits\std_function.h:289:7:) [with _Res = void; _Functor = MessageBus::handle<Switch_RamanPacket>::<lambda(uint8_t, void*)>; _ArgTypes = {unsigned char, void*}]	16	static
c:\st\stm32cubeide_1.7.0\stm32cubeide\plugins\com.st.stm32cube.ide.mcu.externaltools.gnu-tools-for-stm32.10.3-2021.10.win32_1.0.0.202111181127\tools\arm-none-eabi\include\c++\10.3.1\bits\std_function.h:289:7:) [with _Res = void; _Functor = MessageBus::handle<Switch_RamanPacket>::<lambda(uint8_t, void*)>; _ArgTypes = {unsigned char, void*}]	8	static
c:\st\stm32cubeide_1.7.0\stm32cubeide\plugins\com.st.stm32cube.ide.mcu.externaltools.gnu-tools-for-stm32.10.3-2021.10.win32_1.0.0.202111181127\tools\arm-none-eabi\include\c++\10.3.1\bits\std_function.h:587:5:)>&) [with _Res = void; _ArgTypes = {unsigned char, Switch_RamanPacket*}]	16	static
../System/RoCo/Src/MessageBus.cpp:94:27:bool MessageBus::handle(std::function<void(unsigned char, T*)>) [with T = Switch_RamanPacket]	104	static
c:\st\stm32cubeide_1.7.0\stm32cubeide\plugins\com.st.stm32cube.ide.mcu.externaltools.gnu-tools-for-stm32.10.3-2021.10.win32_1.0.0.202111181127\tools\arm-none-eabi\include\c++\10.3.1\bits\std_function.h:268:7:), _Functor>::_M_manager(std::_Any_data&, const std::_Any_data&, std::_Manager_operation) [with _Res = void; _Functor = MessageBus::handle<Switch_RamanPacket>::<lambda(uint8_t, void*)>; _ArgTypes = {unsigned char, void*}]	16	static
c:\st\stm32cubeide_1.7.0\stm32cubeide\plugins\com.st.stm32cube.ide.mcu.externaltools.gnu-tools-for-stm32.10.3-2021.10.win32_1.0.0.202111181127\tools\arm-none-eabi\include\c++\10.3.1\bits\std_function.h:617:5:) const [with _Res = void; _ArgTypes = {unsigned char, Switch_JetsonPacket*}]	16	static
c:\st\stm32cubeide_1.7.0\stm32cubeide\plugins\com.st.stm32cube.ide.mcu.externaltools.gnu-tools-for-stm32.10.3-2021.10.win32_1.0.0.202111181127\tools\arm-none-eabi\include\c++\10.3.1\bits\std_function.h:289:7:) [with _Res = void; _Functor = MessageBus::handle<Switch_JetsonPacket>::<lambda(uint8_t, void*)>; _ArgTypes = {unsigned char, void*}]	16	static
c:\st\stm32cubeide_1.7.0\stm32cubeide\plugins\com.st.stm32cube.ide.mcu.externaltools.gnu-tools-for-stm32.10.3-2021.10.win32_1.0.0.202111181127\tools\arm-none-eabi\include\c++\10.3.1\bits\std_function.h:289:7:) [with _Res = void; _Functor = MessageBus::handle<Switch_JetsonPacket>::<lambda(uint8_t, void*)>; _ArgTypes = {unsigned char, void*}]	8	static
c:\st\stm32cubeide_1.7.0\stm32cubeide\plugins\com.st.stm32cube.ide.mcu.externaltools.gnu-tools-for-stm32.10.3-2021.10.win32_1.0.0.202111181127\tools\arm-none-eabi\include\c++\10.3.1\bits\std_function.h:587:5:)>&) [with _Res = void; _ArgTypes = {unsigned char, Switch_JetsonPacket*}]	16	static
../System/RoCo/Src/MessageBus.cpp:94:27:bool MessageBus::handle(std::function<void(unsigned char, T*)>) [with T = Switch_JetsonPacket]	104	static
c:\st\stm32cubeide_1.7.0\stm32cubeide\plugins\com.st.stm32cube.ide.mcu.externaltools.gnu-tools-for-stm32.10.3-2021.10.win32_1.0.0.202111181127\tools\arm-none-eabi\include\c++\10.3.1\bits\std_function.h:268:7:), _Functor>::_M_manager(std::_Any_data&, const std::_Any_data&, std::_Manager_operation) [with _Res = void; _Functor = MessageBus::handle<Switch_JetsonPacket>::<lambda(uint8_t, void*)>; _ArgTypes = {unsigned char, void*}]	16	static
c:\st\stm32cubeide_1.7.0\stm32cubeide\plugins\com.st.stm32cube.ide.mcu.externaltools.gnu-tools-for-stm32.10.3-2021.10.win32_1.0.0.202111181127\tools\arm-none-eabi\include\c++\10.3.1\bits\std_function.h:617:5:) const [with _Res = void; _ArgTypes = {unsigned char, Switch_LidarPacket*}]	16	static
c:\st\stm32cubeide_1.7.0\stm32cubeide\plugins\com.st.stm32cube.ide.mcu.externaltools.gnu-tools-for-stm32.10.3-2021.10.win32_1.0.0.202111181127\tools\arm-none-eabi\include\c++\10.3.1\bits\std_function.h:289:7:) [with _Res = void; _Functor = MessageBus::handle<Switch_LidarPacket>::<lambda(uint8_t, void*)>; _ArgTypes = {unsigned char, void*}]	16	static
c:\st\stm32cubeide_1.7.0\stm32cubeide\plugins\com.st.stm32cube.ide.mcu.externaltools.gnu-tools-for-stm32.10.3-2021.10.win32_1.0.0.202111181127\tools\arm-none-eabi\include\c++\10.3.1\bits\std_function.h:289:7:) [with _Res = void; _Functor = MessageBus::handle<Switch_LidarPacket>::<lambda(uint8_t, void*)>; _ArgTypes = {unsigned char, void*}]	8	static
c:\st\stm32cubeide_1.7.0\stm32cubeide\plugins\com.st.stm32cube.ide.mcu.externaltools.gnu-tools-for-stm32.10.3-2021.10.win32_1.0.0.202111181127\tools\arm-none-eabi\include\c++\10.3.1\bits\std_function.h:587:5:)>&) [with _Res = void; _ArgTypes = {unsigned char, Switch_LidarPacket*}]	16	static
../System/RoCo/Src/MessageBus.cpp:94:27:bool MessageBus::handle(std::function<void(unsigned char, T*)>) [with T = Switch_LidarPacket]	104	static
c:\st\stm32cubeide_1.7.0\stm32cubeide\plugins\com.st.stm32cube.ide.mcu.externaltools.gnu-tools-for-stm32.10.3-2021.10.win32_1.0.0.202111181127\tools\arm-none-eabi\include\c++\10.3.1\bits\std_function.h:268:7:), _Functor>::_M_manager(std::_Any_data&, const std::_Any_data&, std::_Manager_operation) [with _Res = void; _Functor = MessageBus::handle<Switch_LidarPacket>::<lambda(uint8_t, void*)>; _ArgTypes = {unsigned char, void*}]	16	static
c:\st\stm32cubeide_1.7.0\stm32cubeide\plugins\com.st.stm32cube.ide.mcu.externaltools.gnu-tools-for-stm32.10.3-2021.10.win32_1.0.0.202111181127\tools\arm-none-eabi\include\c++\10.3.1\bits\std_function.h:617:5:) const [with _Res = void; _ArgTypes = {unsigned char, Switch_EthernetPacket*}]	16	static
c:\st\stm32cubeide_1.7.0\stm32cubeide\plugins\com.st.stm32cube.ide.mcu.externaltools.gnu-tools-for-stm32.10.3-2021.10.win32_1.0.0.202111181127\tools\arm-none-eabi\include\c++\10.3.1\bits\std_function.h:289:7:) [with _Res = void; _Functor = MessageBus::handle<Switch_EthernetPacket>::<lambda(uint8_t, void*)>; _ArgTypes = {unsigned char, void*}]	16	static
c:\st\stm32cubeide_1.7.0\stm32cubeide\plugins\com.st.stm32cube.ide.mcu.externaltools.gnu-tools-for-stm32.10.3-2021.10.win32_1.0.0.202111181127\tools\arm-none-eabi\include\c++\10.3.1\bits\std_function.h:289:7:) [with _Res = void; _Functor = MessageBus::handle<Switch_EthernetPacket>::<lambda(uint8_t, void*)>; _ArgTypes = {unsigned char, void*}]	8	static
c:\st\stm32cubeide_1.7.0\stm32cubeide\plugins\com.st.stm32cube.ide.mcu.externaltools.gnu-tools-for-stm32.10.3-2021.10.win32_1.0.0.202111181127\tools\arm-none-eabi\include\c++\10.3.1\bits\std_function.h:587:5:)>&) [with _Res = void; _ArgTypes = {unsigned char, Switch_EthernetPacket*}]	16	static
../System/RoCo/Src/MessageBus.cpp:94:27:bool MessageBus::handle(std::function<void(unsigned char, T*)>) [with T = Switch_EthernetPacket]	104	static
c:\st\stm32cubeide_1.7.0\stm32cubeide\plugins\com.st.stm32cube.ide.mcu.externaltools.gnu-tools-for-stm32.10.3-2021.10.win32_1.0.0.202111181127\tools\arm-none-eabi\include\c++\10.3.1\bits\std_function.h:268:7:), _Functor>::_M_manager(std::_Any_data&, const std::_Any_data&, std::_Manager_operation) [with _Res = void; _Functor = MessageBus::handle<Switch_EthernetPacket>::<lambda(uint8_t, void*)>; _ArgTypes = {unsigned char, void*}]	16	static
c:\st\stm32cubeide_1.7.0\stm32cubeide\plugins\com.st.stm32cube.ide.mcu.externaltools.gnu-tools-for-stm32.10.3-2021.10.win32_1.0.0.202111181127\tools\arm-none-eabi\include\c++\10.3.1\bits\std_function.h:617:5:) const [with _Res = void; _ArgTypes = {unsigned char, FsmPacket*}]	16	static
c:\st\stm32cubeide_1.7.0\stm32cubeide\plugins\com.st.stm32cube.ide.mcu.externaltools.gnu-tools-for-stm32.10.3-2021.10.win32_1.0.0.202111181127\tools\arm-none-eabi\include\c++\10.3.1\bits\std_function.h:289:7:) [with _Res = void; _Functor = MessageBus::handle<FsmPacket>::<lambda(uint8_t, void*)>; _ArgTypes = {unsigned char, void*}]	16	static
c:\st\stm32cubeide_1.7.0\stm32cubeide\plugins\com.st.stm32cube.ide.mcu.externaltools.gnu-tools-for-stm32.10.3-2021.10.win32_1.0.0.202111181127\tools\arm-none-eabi\include\c++\10.3.1\bits\std_function.h:289:7:) [with _Res = void; _Functor = MessageBus::handle<FsmPacket>::<lambda(uint8_t, void*)>; _ArgTypes = {unsigned char, void*}]	8	static
c:\st\stm32cubeide_1.7.0\stm32cubeide\plugins\com.st.stm32cube.ide.mcu.externaltools.gnu-tools-for-stm32.10.3-2021.10.win32_1.0.0.202111181127\tools\arm-none-eabi\include\c++\10.3.1\bits\std_function.h:587:5:)>&) [with _Res = void; _ArgTypes = {unsigned char, FsmPacket*}]	16	static
../System/RoCo/Src/MessageBus.cpp:94:27:bool MessageBus::handle(std::function<void(unsigned char, T*)>) [with T = FsmPacket]	104	static
c:\st\stm32cubeide_1.7.0\stm32cubeide\plugins\com.st.stm32cube.ide.mcu.externaltools.gnu-tools-for-stm32.10.3-2021.10.win32_1.0.0.202111181127\tools\arm-none-eabi\include\c++\10.3.1\bits\std_function.h:268:7:), _Functor>::_M_manager(std::_Any_data&, const std::_Any_data&, std::_Manager_operation) [with _Res = void; _Functor = MessageBus::handle<FsmPacket>::<lambda(uint8_t, void*)>; _ArgTypes = {unsigned char, void*}]	16	static
c:\st\stm32cubeide_1.7.0\stm32cubeide\plugins\com.st.stm32cube.ide.mcu.externaltools.gnu-tools-for-stm32.10.3-2021.10.win32_1.0.0.202111181127\tools\arm-none-eabi\include\c++\10.3.1\bits\std_function.h:617:5:) const [with _Res = void; _ArgTypes = {unsigned char, DataPacket*}]	16	static
c:\st\stm32cubeide_1.7.0\stm32cubeide\plugins\com.st.stm32cube.ide.mcu.externaltools.gnu-tools-for-stm32.10.3-2021.10.win32_1.0.0.202111181127\tools\arm-none-eabi\include\c++\10.3.1\bits\std_function.h:289:7:) [with _Res = void; _Functor = MessageBus::handle<DataPacket>::<lambda(uint8_t, void*)>; _ArgTypes = {unsigned char, void*}]	16	static
c:\st\stm32cubeide_1.7.0\stm32cubeide\plugins\com.st.stm32cube.ide.mcu.externaltools.gnu-tools-for-stm32.10.3-2021.10.win32_1.0.0.202111181127\tools\arm-none-eabi\include\c++\10.3.1\bits\std_function.h:289:7:) [with _Res = void; _Functor = MessageBus::handle<DataPacket>::<lambda(uint8_t, void*)>; _ArgTypes = {unsigned char, void*}]	8	static
c:\st\stm32cubeide_1.7.0\stm32cubeide\plugins\com.st.stm32cube.ide.mcu.externaltools.gnu-tools-for-stm32.10.3-2021.10.win32_1.0.0.202111181127\tools\arm-none-eabi\include\c++\10.3.1\bits\std_function.h:587:5:)>&) [with _Res = void; _ArgTypes = {unsigned char, DataPacket*}]	16	static
../System/RoCo/Src/MessageBus.cpp:94:27:bool MessageBus::handle(std::function<void(unsigned char, T*)>) [with T = DataPacket]	104	static
c:\st\stm32cubeide_1.7.0\stm32cubeide\plugins\com.st.stm32cube.ide.mcu.externaltools.gnu-tools-for-stm32.10.3-2021.10.win32_1.0.0.202111181127\tools\arm-none-eabi\include\c++\10.3.1\bits\std_function.h:268:7:), _Functor>::_M_manager(std::_Any_data&, const std::_Any_data&, std::_Manager_operation) [with _Res = void; _Functor = MessageBus::handle<DataPacket>::<lambda(uint8_t, void*)>; _ArgTypes = {unsigned char, void*}]	16	static
c:\st\stm32cubeide_1.7.0\stm32cubeide\plugins\com.st.stm32cube.ide.mcu.externaltools.gnu-tools-for-stm32.10.3-2021.10.win32_1.0.0.202111181127\tools\arm-none-eabi\include\c++\10.3.1\bits\std_function.h:617:5:) const [with _Res = void; _ArgTypes = {unsigned char, PingPacket*}]	16	static
c:\st\stm32cubeide_1.7.0\stm32cubeide\plugins\com.st.stm32cube.ide.mcu.externaltools.gnu-tools-for-stm32.10.3-2021.10.win32_1.0.0.202111181127\tools\arm-none-eabi\include\c++\10.3.1\bits\std_function.h:289:7:) [with _Res = void; _Functor = MessageBus::handle<PingPacket>::<lambda(uint8_t, void*)>; _ArgTypes = {unsigned char, void*}]	16	static
c:\st\stm32cubeide_1.7.0\stm32cubeide\plugins\com.st.stm32cube.ide.mcu.externaltools.gnu-tools-for-stm32.10.3-2021.10.win32_1.0.0.202111181127\tools\arm-none-eabi\include\c++\10.3.1\bits\std_function.h:289:7:) [with _Res = void; _Functor = MessageBus::handle<PingPacket>::<lambda(uint8_t, void*)>; _ArgTypes = {unsigned char, void*}]	8	static
c:\st\stm32cubeide_1.7.0\stm32cubeide\plugins\com.st.stm32cube.ide.mcu.externaltools.gnu-tools-for-stm32.10.3-2021.10.win32_1.0.0.202111181127\tools\arm-none-eabi\include\c++\10.3.1\bits\std_function.h:587:5:)>&) [with _Res = void; _ArgTypes = {unsigned char, PingPacket*}]	16	static
../System/RoCo/Src/MessageBus.cpp:94:27:bool MessageBus::handle(std::function<void(unsigned char, T*)>) [with T = PingPacket]	104	static
c:\st\stm32cubeide_1.7.0\stm32cubeide\plugins\com.st.stm32cube.ide.mcu.externaltools.gnu-tools-for-stm32.10.3-2021.10.win32_1.0.0.202111181127\tools\arm-none-eabi\include\c++\10.3.1\bits\std_function.h:268:7:), _Functor>::_M_manager(std::_Any_data&, const std::_Any_data&, std::_Manager_operation) [with _Res = void; _Functor = MessageBus::handle<PingPacket>::<lambda(uint8_t, void*)>; _ArgTypes = {unsigned char, void*}]	16	static
c:\st\stm32cubeide_1.7.0\stm32cubeide\plugins\com.st.stm32cube.ide.mcu.externaltools.gnu-tools-for-stm32.10.3-2021.10.win32_1.0.0.202111181127\tools\arm-none-eabi\include\c++\10.3.1\bits\std_function.h:617:5:) const [with _Res = void; _ArgTypes = {unsigned char, ErrorPacket*}]	16	static
c:\st\stm32cubeide_1.7.0\stm32cubeide\plugins\com.st.stm32cube.ide.mcu.externaltools.gnu-tools-for-stm32.10.3-2021.10.win32_1.0.0.202111181127\tools\arm-none-eabi\include\c++\10.3.1\bits\std_function.h:289:7:) [with _Res = void; _Functor = MessageBus::handle<ErrorPacket>::<lambda(uint8_t, void*)>; _ArgTypes = {unsigned char, void*}]	16	static
c:\st\stm32cubeide_1.7.0\stm32cubeide\plugins\com.st.stm32cube.ide.mcu.externaltools.gnu-tools-for-stm32.10.3-2021.10.win32_1.0.0.202111181127\tools\arm-none-eabi\include\c++\10.3.1\bits\std_function.h:289:7:) [with _Res = void; _Functor = MessageBus::handle<ErrorPacket>::<lambda(uint8_t, void*)>; _ArgTypes = {unsigned char, void*}]	8	static
c:\st\stm32cubeide_1.7.0\stm32cubeide\plugins\com.st.stm32cube.ide.mcu.externaltools.gnu-tools-for-stm32.10.3-2021.10.win32_1.0.0.202111181127\tools\arm-none-eabi\include\c++\10.3.1\bits\std_function.h:587:5:)>&) [with _Res = void; _ArgTypes = {unsigned char, ErrorPacket*}]	16	static
../System/RoCo/Src/MessageBus.cpp:94:27:bool MessageBus::handle(std::function<void(unsigned char, T*)>) [with T = ErrorPacket]	104	static
c:\st\stm32cubeide_1.7.0\stm32cubeide\plugins\com.st.stm32cube.ide.mcu.externaltools.gnu-tools-for-stm32.10.3-2021.10.win32_1.0.0.202111181127\tools\arm-none-eabi\include\c++\10.3.1\bits\std_function.h:268:7:), _Functor>::_M_manager(std::_Any_data&, const std::_Any_data&, std::_Manager_operation) [with _Res = void; _Functor = MessageBus::handle<ErrorPacket>::<lambda(uint8_t, void*)>; _ArgTypes = {unsigned char, void*}]	16	static
c:\st\stm32cubeide_1.7.0\stm32cubeide\plugins\com.st.stm32cube.ide.mcu.externaltools.gnu-tools-for-stm32.10.3-2021.10.win32_1.0.0.202111181127\tools\arm-none-eabi\include\c++\10.3.1\bits\std_function.h:617:5:) const [with _Res = void; _ArgTypes = {unsigned char, RequestPacket*}]	16	static
c:\st\stm32cubeide_1.7.0\stm32cubeide\plugins\com.st.stm32cube.ide.mcu.externaltools.gnu-tools-for-stm32.10.3-2021.10.win32_1.0.0.202111181127\tools\arm-none-eabi\include\c++\10.3.1\bits\std_function.h:289:7:) [with _Res = void; _Functor = MessageBus::handle<RequestPacket>::<lambda(uint8_t, void*)>; _ArgTypes = {unsigned char, void*}]	16	static
c:\st\stm32cubeide_1.7.0\stm32cubeide\plugins\com.st.stm32cube.ide.mcu.externaltools.gnu-tools-for-stm32.10.3-2021.10.win32_1.0.0.202111181127\tools\arm-none-eabi\include\c++\10.3.1\bits\std_function.h:289:7:) [with _Res = void; _Functor = MessageBus::handle<RequestPacket>::<lambda(uint8_t, void*)>; _ArgTypes = {unsigned char, void*}]	8	static
c:\st\stm32cubeide_1.7.0\stm32cubeide\plugins\com.st.stm32cube.ide.mcu.externaltools.gnu-tools-for-stm32.10.3-2021.10.win32_1.0.0.202111181127\tools\arm-none-eabi\include\c++\10.3.1\bits\std_function.h:587:5:)>&) [with _Res = void; _ArgTypes = {unsigned char, RequestPacket*}]	16	static
../System/RoCo/Src/MessageBus.cpp:94:27:bool MessageBus::handle(std::function<void(unsigned char, T*)>) [with T = RequestPacket]	104	static
c:\st\stm32cubeide_1.7.0\stm32cubeide\plugins\com.st.stm32cube.ide.mcu.externaltools.gnu-tools-for-stm32.10.3-2021.10.win32_1.0.0.202111181127\tools\arm-none-eabi\include\c++\10.3.1\bits\std_function.h:268:7:), _Functor>::_M_manager(std::_Any_data&, const std::_Any_data&, std::_Manager_operation) [with _Res = void; _Functor = MessageBus::handle<RequestPacket>::<lambda(uint8_t, void*)>; _ArgTypes = {unsigned char, void*}]	16	static
c:\st\stm32cubeide_1.7.0\stm32cubeide\plugins\com.st.stm32cube.ide.mcu.externaltools.gnu-tools-for-stm32.10.3-2021.10.win32_1.0.0.202111181127\tools\arm-none-eabi\include\c++\10.3.1\bits\std_function.h:617:5:) const [with _Res = void; _ArgTypes = {unsigned char, ResponsePacket*}]	16	static
c:\st\stm32cubeide_1.7.0\stm32cubeide\plugins\com.st.stm32cube.ide.mcu.externaltools.gnu-tools-for-stm32.10.3-2021.10.win32_1.0.0.202111181127\tools\arm-none-eabi\include\c++\10.3.1\bits\std_function.h:289:7:) [with _Res = void; _Functor = MessageBus::handle<ResponsePacket>::<lambda(uint8_t, void*)>; _ArgTypes = {unsigned char, void*}]	16	static
c:\st\stm32cubeide_1.7.0\stm32cubeide\plugins\com.st.stm32cube.ide.mcu.externaltools.gnu-tools-for-stm32.10.3-2021.10.win32_1.0.0.202111181127\tools\arm-none-eabi\include\c++\10.3.1\bits\std_function.h:289:7:) [with _Res = void; _Functor = MessageBus::handle<ResponsePacket>::<lambda(uint8_t, void*)>; _ArgTypes = {unsigned char, void*}]	8	static
c:\st\stm32cubeide_1.7.0\stm32cubeide\plugins\com.st.stm32cube.ide.mcu.externaltools.gnu-tools-for-stm32.10.3-2021.10.win32_1.0.0.202111181127\tools\arm-none-eabi\include\c++\10.3.1\bits\std_function.h:587:5:)>&) [with _Res = void; _ArgTypes = {unsigned char, ResponsePacket*}]	16	static
../System/RoCo/Src/MessageBus.cpp:94:27:bool MessageBus::handle(std::function<void(unsigned char, T*)>) [with T = ResponsePacket]	104	static
c:\st\stm32cubeide_1.7.0\stm32cubeide\plugins\com.st.stm32cube.ide.mcu.externaltools.gnu-tools-for-stm32.10.3-2021.10.win32_1.0.0.202111181127\tools\arm-none-eabi\include\c++\10.3.1\bits\std_function.h:268:7:), _Functor>::_M_manager(std::_Any_data&, const std::_Any_data&, std::_Manager_operation) [with _Res = void; _Functor = MessageBus::handle<ResponsePacket>::<lambda(uint8_t, void*)>; _ArgTypes = {unsigned char, void*}]	16	static
c:\st\stm32cubeide_1.7.0\stm32cubeide\plugins\com.st.stm32cube.ide.mcu.externaltools.gnu-tools-for-stm32.10.3-2021.10.win32_1.0.0.202111181127\tools\arm-none-eabi\include\c++\10.3.1\bits\std_function.h:617:5:) const [with _Res = void; _ArgTypes = {unsigned char, ProgressPacket*}]	16	static
c:\st\stm32cubeide_1.7.0\stm32cubeide\plugins\com.st.stm32cube.ide.mcu.externaltools.gnu-tools-for-stm32.10.3-2021.10.win32_1.0.0.202111181127\tools\arm-none-eabi\include\c++\10.3.1\bits\std_function.h:289:7:) [with _Res = void; _Functor = MessageBus::handle<ProgressPacket>::<lambda(uint8_t, void*)>; _ArgTypes = {unsigned char, void*}]	16	static
c:\st\stm32cubeide_1.7.0\stm32cubeide\plugins\com.st.stm32cube.ide.mcu.externaltools.gnu-tools-for-stm32.10.3-2021.10.win32_1.0.0.202111181127\tools\arm-none-eabi\include\c++\10.3.1\bits\std_function.h:289:7:) [with _Res = void; _Functor = MessageBus::handle<ProgressPacket>::<lambda(uint8_t, void*)>; _ArgTypes = {unsigned char, void*}]	8	static
c:\st\stm32cubeide_1.7.0\stm32cubeide\plugins\com.st.stm32cube.ide.mcu.externaltools.gnu-tools-for-stm32.10.3-2021.10.win32_1.0.0.202111181127\tools\arm-none-eabi\include\c++\10.3.1\bits\std_function.h:587:5:)>&) [with _Res = void; _ArgTypes = {unsigned char, ProgressPacket*}]	16	static
../System/RoCo/Src/MessageBus.cpp:94:27:bool MessageBus::handle(std::function<void(unsigned char, T*)>) [with T = ProgressPacket]	104	static
c:\st\stm32cubeide_1.7.0\stm32cubeide\plugins\com.st.stm32cube.ide.mcu.externaltools.gnu-tools-for-stm32.10.3-2021.10.win32_1.0.0.202111181127\tools\arm-none-eabi\include\c++\10.3.1\bits\std_function.h:268:7:), _Functor>::_M_manager(std::_Any_data&, const std::_Any_data&, std::_Manager_operation) [with _Res = void; _Functor = MessageBus::handle<ProgressPacket>::<lambda(uint8_t, void*)>; _ArgTypes = {unsigned char, void*}]	16	static
