../System/RoCo/Src/STMUARTDriver.cpp:59:6:virtual void STMUARTDriver::transmit(uint8_t*, uint32_t)	0	static
/home/avm/st/stm32cubeide_1.10.1_4/plugins/com.st.stm32cube.ide.mcu.externaltools.gnu-tools-for-stm32.10.3-2021.10.linux64_1.0.0.202111181127/tools/arm-none-eabi/include/c++/10.3.1/bits/std_function.h:242:5:std::_Function_base::~_Function_base()	8	static
../System/RoCo/Src/STMUARTDriver.cpp:71:1:STMUARTDriver::~STMUARTDriver()	8	static
../System/RoCo/Src/STMUARTDriver.cpp:71:1:virtual STMUARTDriver::~STMUARTDriver()	8	static
../System/RoCo/Src/STMUARTDriver.cpp:54:6:virtual void STMUARTDriver::receive(const std::function<void(unsigned char, unsigned char*, long unsigned int)>&)	40	static
../System/RoCo/Src/STMUARTDriver.cpp:26:1:STMUARTDriver::STMUARTDriver(UART_HandleTypeDef*)	24	static
../System/RoCo/Src/STMUARTDriver.cpp:40:1:STMUARTDriver::STMUARTDriver(USART_HandleTypeDef*)	24	static
../System/RoCo/Src/STMUARTDriver.cpp:81:10:uint8_t* STMUARTDriver::getBuffer()	0	static
../System/RoCo/Src/STMUARTDriver.cpp:127:9:uint8_t STMUARTDriver::get_sender_id(UART_HandleTypeDef*)	0	static
../System/RoCo/Src/STMUARTDriver.cpp:138:9:uint8_t STMUARTDriver::get_sender_id(USART_HandleTypeDef*)	0	static
/home/avm/st/stm32cubeide_1.10.1_4/plugins/com.st.stm32cube.ide.mcu.externaltools.gnu-tools-for-stm32.10.3-2021.10.linux64_1.0.0.202111181127/tools/arm-none-eabi/include/c++/10.3.1/bits/std_function.h:617:5:) const [with _Res = void; _ArgTypes = {unsigned char, unsigned char*, long unsigned int}]	24	static
../System/RoCo/Src/STMUARTDriver.cpp:94:6:void STMUARTDriver::receiveUART(uint8_t, uint8_t*, uint32_t)	8	static
../System/RoCo/Src/STMUARTDriver.cpp:101:6:void STMUARTDriver::HAL_UART_RxCpltCallback(UART_HandleTypeDef*)	16	static
../System/RoCo/Src/STMUARTDriver.cpp:111:6:void STMUARTDriver::HAL_USART_RxCpltCallback(USART_HandleTypeDef*)	16	static
