../System/RoCo/Src/STMUARTDriver.cpp:80:6:virtual void STMUARTDriver::receive(const std::function<void(unsigned char, unsigned char*, long unsigned int)>&)	40	static
../System/RoCo/Src/STMUARTDriver.cpp:51:6:virtual void STMUARTDriver::init()	8	static
../System/RoCo/Src/STMUARTDriver.cpp:84:6:virtual void STMUARTDriver::transmit(uint8_t*, uint32_t)	8	static
../System/RoCo/Src/STMUARTDriver.cpp:47:1:STMUARTDriver::~STMUARTDriver()	8	static
../System/RoCo/Src/STMUARTDriver.cpp:47:1:virtual STMUARTDriver::~STMUARTDriver()	8	static
../System/RoCo/Src/STMUARTDriver.cpp:30:1:STMUARTDriver::STMUARTDriver(UART_HandleTypeDef*)	16	static
../System/RoCo/Src/STMUARTDriver.cpp:96:10:uint8_t* STMUARTDriver::getBuffer()	0	static
../System/RoCo/Src/STMUARTDriver.cpp:101:18:QueueDefinition* STMUARTDriver::getSemaphore()	0	static
../System/RoCo/Src/STMUARTDriver.cpp:105:21:UART_HandleTypeDef* STMUARTDriver::getHuart()	0	static
../System/RoCo/Src/STMUARTDriver.cpp:116:6:void STMUARTDriver::receiveUART(uint8_t, uint8_t*, uint32_t)	24	static
../System/RoCo/Src/STMUARTDriver.cpp:138:9:uint8_t STMUARTDriver::getSenderID(UART_HandleTypeDef*)	0	static
../System/RoCo/Src/STMUARTDriver.cpp:62:6:virtual void STMUARTDriver::loop()	16	static
