core_cm7.h:2464:22:SCB_InvalidateDCache_by_Addr	32	static,ignoring_inline_asm
ethernetif.c:138:6:HAL_ETH_MspInit	64	static
ethernetif.c:203:6:HAL_ETH_MspDeInit	16	static
ethernetif.c:248:6:HAL_ETH_RxCpltCallback	16	static
ethernetif.c:267:13:low_level_init	184	static
ethernetif.c:437:14:low_level_output	80	static
ethernetif.c:483:22:low_level_input	88	static
ethernetif.c:529:6:ethernetif_input	24	static
ethernetif.c:587:7:ethernetif_init	16	static
ethernetif.c:631:6:pbuf_free_custom	24	static
ethernetif.c:646:7:sys_jiffies	8	static
ethernetif.c:657:7:sys_now	8	static
ethernetif.c:672:9:ETH_PHY_IO_Init	8	static
ethernetif.c:689:9:ETH_PHY_IO_DeInit	4	static
ethernetif.c:701:9:ETH_PHY_IO_ReadReg	24	static
ethernetif.c:718:9:ETH_PHY_IO_WriteReg	24	static
ethernetif.c:732:9:ETH_PHY_IO_GetTick	8	static
ethernetif.c:742:6:ethernet_link_thread	136	static
