stm32h7xx_it.c:92:6:NMI_Handler	4	static
stm32h7xx_it.c:105:6:HardFault_Handler	4	static
stm32h7xx_it.c:120:6:MemManage_Handler	4	static
stm32h7xx_it.c:135:6:BusFault_Handler	4	static
stm32h7xx_it.c:150:6:UsageFault_Handler	4	static
stm32h7xx_it.c:165:6:DebugMon_Handler	4	static
stm32h7xx_it.c:185:6:DMA1_Stream0_IRQHandler	8	static
stm32h7xx_it.c:199:6:DMA1_Stream1_IRQHandler	8	static
stm32h7xx_it.c:213:6:DMA1_Stream2_IRQHandler	8	static
stm32h7xx_it.c:227:6:DMA1_Stream3_IRQHandler	8	static
stm32h7xx_it.c:241:6:DMA1_Stream4_IRQHandler	8	static
stm32h7xx_it.c:255:6:DMA1_Stream5_IRQHandler	8	static
stm32h7xx_it.c:269:6:DMA1_Stream6_IRQHandler	8	static
stm32h7xx_it.c:283:6:SPI1_IRQHandler	8	static
stm32h7xx_it.c:297:6:SPI2_IRQHandler	8	static
stm32h7xx_it.c:311:6:DMA1_Stream7_IRQHandler	8	static
stm32h7xx_it.c:325:6:SPI3_IRQHandler	8	static
stm32h7xx_it.c:339:6:TIM7_IRQHandler	8	static
stm32h7xx_it.c:353:6:DMA2_Stream0_IRQHandler	8	static
stm32h7xx_it.c:367:6:DMA2_Stream1_IRQHandler	8	static
stm32h7xx_it.c:381:6:DMA2_Stream2_IRQHandler	8	static
stm32h7xx_it.c:395:6:DMA2_Stream3_IRQHandler	8	static
stm32h7xx_it.c:409:6:DMA2_Stream4_IRQHandler	8	static
stm32h7xx_it.c:423:6:ETH_IRQHandler	8	static
stm32h7xx_it.c:437:6:DMA2_Stream5_IRQHandler	8	static
stm32h7xx_it.c:451:6:DMA2_Stream6_IRQHandler	8	static
stm32h7xx_it.c:465:6:DMA2_Stream7_IRQHandler	8	static
stm32h7xx_it.c:479:6:SPI4_IRQHandler	8	static
