../Drivers/BNO055/Core/Src/bno055.c:13:6:bno055_setPage	0	static
../Drivers/BNO055/Core/Src/bno055.c:15:17:bno055_getOperationMode	16	static
../Drivers/BNO055/Core/Src/bno055.c:21:6:bno055_setOperationMode	8	static
../Drivers/BNO055/Core/Src/bno055.c:30:6:bno055_setOperationModeConfig	0	static
../Drivers/BNO055/Core/Src/bno055.c:34:6:bno055_setOperationModeNDOF	0	static
../Drivers/BNO055/Core/Src/bno055.c:38:6:bno055_setExternalCrystalUse	16	static
../Drivers/BNO055/Core/Src/bno055.c:47:6:bno055_enableExternalCrystal	0	static
../Drivers/BNO055/Core/Src/bno055.c:48:6:bno055_disableExternalCrystal	0	static
../Drivers/BNO055/Core/Src/bno055.c:50:6:bno055_reset	8	static
../Drivers/BNO055/Core/Src/bno055.c:55:8:bno055_getTemp	16	static
../Drivers/BNO055/Core/Src/bno055.c:62:6:bno055_setup	16	static
../Drivers/BNO055/Core/Src/bno055.c:79:9:bno055_getSWRevision	16	static
../Drivers/BNO055/Core/Src/bno055.c:86:9:bno055_getBootloaderRevision	16	static
../Drivers/BNO055/Core/Src/bno055.c:93:9:bno055_getSystemStatus	16	static
../Drivers/BNO055/Core/Src/bno055.c:100:27:bno055_getSelfTestResult	16	static
../Drivers/BNO055/Core/Src/bno055.c:113:9:bno055_getSystemError	16	static
../Drivers/BNO055/Core/Src/bno055.c:120:28:bno055_getCalibrationState	16	static
../Drivers/BNO055/Core/Src/bno055.c:133:27:bno055_getCalibrationData	64	static
../Drivers/BNO055/Core/Src/bno055.c:154:6:bno055_setCalibrationData	40	static
../Drivers/BNO055/Core/Src/bno055.c:175:17:bno055_getVector	80	static
../Drivers/BNO055/Core/Src/bno055.c:214:17:bno055_getVectorAccelerometer	32	static
../Drivers/BNO055/Core/Src/bno055.c:217:17:bno055_getVectorMagnetometer	32	static
../Drivers/BNO055/Core/Src/bno055.c:220:17:bno055_getVectorGyroscope	32	static
../Drivers/BNO055/Core/Src/bno055.c:223:17:bno055_getVectorEuler	32	static
../Drivers/BNO055/Core/Src/bno055.c:226:17:bno055_getVectorLinearAccel	32	static
../Drivers/BNO055/Core/Src/bno055.c:229:17:bno055_getVectorGravity	32	static
../Drivers/BNO055/Core/Src/bno055.c:232:17:bno055_getVectorQuaternion	32	static
../Drivers/BNO055/Core/Src/bno055.c:236:6:bno055_setAxisMap	16	static
